This is XeTeX, Version 3.141592653-2.6-0.999998 (MiKTeX 26.5) (preloaded format=xelatex 2026.8.18)  19 AUG 2026 03:16
entering extended mode
 restricted \write18 enabled.
 %&-line parsing enabled.
**./main.tex
(main.tex
LaTeX2e <2026-06-01>
L3 programming layer <2026-06-18>

(C:\Users\aned.esquerra\AppData\Local\Programs\MiKTeX\tex/latex/base\article.cl
s
Document Class: article 2025/01/22 v1.4n Standard LaTeX document class

(C:\Users\aned.esquerra\AppData\Local\Programs\MiKTeX\tex/latex/base\size11.clo
File: size11.clo 2025/01/22 v1.4n Standard LaTeX file (size option)
)
\c@part=\count273
\c@section=\count274
\c@subsection=\count275
\c@subsubsection=\count276
\c@paragraph=\count277
\c@subparagraph=\count278
\c@figure=\count279
\c@table=\count280
\abovecaptionskip=\skip49
\belowcaptionskip=\skip50
\bibindent=\dimen150
)
(C:\Users\aned.esquerra\AppData\Local\Programs\MiKTeX\tex/latex/geometry\geomet
ry.sty
Package: geometry 2026/03/07 v6.0 Page Geometry

(C:\Users\aned.esquerra\AppData\Local\Programs\MiKTeX\tex/latex/graphics\keyval
.sty
Package: keyval 2026-05-17 v1.15 key=value parser (DPC)
\KV@toks@=\toks17
)
(C:\Users\aned.esquerra\AppData\Local\Programs\MiKTeX\tex/generic/iftex\ifvtex.
sty
Package: ifvtex 2019/10/25 v1.7 ifvtex legacy package. Use iftex instead.

(C:\Users\aned.esquerra\AppData\Local\Programs\MiKTeX\tex/generic/iftex\iftex.s
ty
Package: iftex 2024/12/12 v1.0g TeX engine tests
))
\Gm@cnth=\count281
\Gm@cntv=\count282
\c@Gm@tempcnt=\count283
\Gm@bindingoffset=\dimen151
\Gm@wd@mp=\dimen152
\Gm@odd@mp=\dimen153
\Gm@even@mp=\dimen154
\Gm@layoutwidth=\dimen155
\Gm@layoutheight=\dimen156
\Gm@layouthoffset=\dimen157
\Gm@layoutvoffset=\dimen158
\Gm@dimlist=\toks18

(C:\Users\aned.esquerra\AppData\Local\Programs\MiKTeX\tex/latex/geometry\geomet
ry.cfg))
(C:\Users\aned.esquerra\AppData\Local\Programs\MiKTeX\tex/latex/fontspec\fontsp
ec.sty
(C:\Users\aned.esquerra\AppData\Local\Programs\MiKTeX\tex/latex/l3packages/xpar
se\xparse.sty
(C:\Users\aned.esquerra\AppData\Local\Programs\MiKTeX\tex/latex/l3kernel\expl3.
sty
Package: expl3 2026-06-18 L3 programming layer (loader) 

(C:\Users\aned.esquerra\AppData\Local\Programs\MiKTeX\tex/latex/l3backend\l3bac
kend-xetex.def
File: l3backend-xetex.def 2026-02-18 L3 backend support: XeTeX
\g__graphics_track_int=\count284
\g__pdfannot_backend_int=\count285
\g__pdfannot_backend_link_int=\count286
))
Package: xparse 2025-10-09 L3 Experimental document command parser
)
Package: fontspec 2025/09/29 v2.9g Font selection for XeLaTeX and LuaLaTeX

(C:\Users\aned.esquerra\AppData\Local\Programs\MiKTeX\tex/latex/fontspec\fontsp
ec-xetex.sty
Package: fontspec-xetex 2025/09/29 v2.9g Font selection for XeLaTeX and LuaLaTe
X
\l__fontspec_script_int=\count287
\l__fontspec_language_int=\count288
\l__fontspec_strnum_int=\count289
\l__fontspec_tmp_int=\count290
\l__fontspec_tmpa_int=\count291
\l__fontspec_tmpb_int=\count292
\l__fontspec_tmpc_int=\count293
\l__fontspec_em_int=\count294
\l__fontspec_emdef_int=\count295
\l__fontspec_strong_int=\count296
\l__fontspec_strongdef_int=\count297
\l__fontspec_tmpa_dim=\dimen159
\l__fontspec_tmpb_dim=\dimen160
\l__fontspec_tmpc_dim=\dimen161

(C:\Users\aned.esquerra\AppData\Local\Programs\MiKTeX\tex/latex/base\fontenc.st
y
Package: fontenc 2025/07/18 v2.1d Standard LaTeX package
)
(C:\Users\aned.esquerra\AppData\Local\Programs\MiKTeX\tex/latex/fontspec\fontsp
ec.cfg)))
(C:\Users\aned.esquerra\AppData\Local\Programs\MiKTeX\tex/generic/babel\babel.s
ty
Package: babel 2026/06/14 v26.9 The multilingual framework for LuaLaTeX, pdfLaT
eX and XeLaTeX
\babel@savecnt=\count298
LaTeX Encoding Info:    Redeclaring text command \ij (encoding OT1) on input li
ne 2084.
LaTeX Encoding Info:    Redeclaring text command \IJ (encoding OT1) on input li
ne 2086.
LaTeX Encoding Info:    Redeclaring text command \ij (encoding T1) on input lin
e 2088.
LaTeX Encoding Info:    Redeclaring text command \IJ (encoding T1) on input lin
e 2089.
LaTeX Encoding Info:    Ignoring declaration for text command \ij (encoding ?) 
on input line 2090.
LaTeX Encoding Info:    Ignoring declaration for text command \IJ (encoding ?) 
on input line 2092.
LaTeX Encoding Info:    Ignoring declaration for text command \SS (encoding ?) 
on input line 2117.
\U@D=\dimen162
\l@unhyphenated=\language79

(C:\Users\aned.esquerra\AppData\Local\Programs\MiKTeX\tex/generic/babel\xebabel
.def)
\bbl@readstream=\read2

(C:\Users\aned.esquerra\AppData\Local\Programs\MiKTeX\tex/generic/babel\errbabe
l.def)

! Package babel Error: The bidi method 'basic' is available only in
(babel)                luatex. I'll continue with 'bidi=default', so
(babel)                expect wrong results.
(babel)                Suggested actions:
(babel)                * If possible, switch to luatex, as xetex is not
(babel)                recommend anymore.
(babel)                 * If you can’t, try 'bidi=bidi' with xetex.
(babel)                * With pdftex, only 'bidi=default' is available..

See the babel package documentation for explanation.
Type  H <return>  for immediate help.
 ...                                              
                                                  
l.4006     \bbl@error{bidi-only-lua}{}{}{}
                                          %
See the manual for further details.

\bbl@dirlevel=\count299
Package babel Info: Configuration files are deprecated, as
(babel)             they can break document portability.
(babel)             Reported on input line 4252.
*************************************
* Local config file bblopts.cfg used
*

(C:\Users\aned.esquerra\AppData\Local\Programs\MiKTeX\tex/latex/arabi\bblopts.c
fg
File: bblopts.cfg 2005/09/08 v0.1 add Arabic and Farsi to "declared" options of
 babel
)
(C:\Users\aned.esquerra\AppData\Local\Programs\MiKTeX\tex/generic/babel/locale/
en\babel-english.tex)
Package babel Info: Importing data for 'english'
(babel)             from babel-en.ini. Reported on input line 4380.
)
(C:\Users\aned.esquerra\AppData\Local\Programs\MiKTeX\tex/generic/babel/locale/
en\babel-english.tex)
Package babel Info: Importing data for 'english'
(babel)             from babel-en.ini. Reported on input line 9.

Package fontspec Info: 
(fontspec)             Language 'English' not explicitly supported within font
(fontspec)             'Noto Sans' with script 'Latin'. Check the typeset
(fontspec)             output, and if it is okay then ignore this warning.
(fontspec)             Otherwise a different font should be chosen.


Package fontspec Info: 
(fontspec)             Font family 'NotoSans(0)' created for font 'Noto Sans'
(fontspec)             with options
(fontspec)             [Ligatures=TeX,Script=Latin,Language=English].
(fontspec)              
(fontspec)              This font family consists of the following NFSS
(fontspec)             series/shapes:
(fontspec)              
(fontspec)             - 'normal' (m/n) with NFSS spec.: <->"Noto
(fontspec)             Sans/OT:script=latn;language=ENG;mapping=tex-text;"
(fontspec)             - 'small caps'  (m/sc) with NFSS spec.: <->"Noto
(fontspec)             Sans/OT:script=latn;language=ENG;+smcp;mapping=tex-text;
"
(fontspec)             - 'bold' (b/n) with NFSS spec.: <->"Noto
(fontspec)             Sans/B/OT:script=latn;language=ENG;mapping=tex-text;"
(fontspec)             - 'bold small caps'  (b/sc) with NFSS spec.: <->"Noto
(fontspec)             Sans/B/OT:script=latn;language=ENG;+smcp;mapping=tex-tex
t;"
(fontspec)             - 'italic' (m/it) with NFSS spec.: <->"Noto
(fontspec)             Sans/I/OT:script=latn;language=ENG;mapping=tex-text;"
(fontspec)             - 'italic small caps'  (m/scit) with NFSS spec.:
(fontspec)             <->"Noto
(fontspec)             Sans/I/OT:script=latn;language=ENG;+smcp;mapping=tex-tex
t;"
(fontspec)             - 'bold italic' (b/it) with NFSS spec.: <->"Noto
(fontspec)             Sans/BI/OT:script=latn;language=ENG;mapping=tex-text;"
(fontspec)             - 'bold italic small caps'  (b/scit) with NFSS spec.:
(fontspec)             <->"Noto
(fontspec)             Sans/BI/OT:script=latn;language=ENG;+smcp;mapping=tex-te
xt;"


(C:\Users\aned.esquerra\AppData\Local\Programs\MiKTeX\tex/latex/amsfonts\amssym
b.sty
Package: amssymb 2013/01/14 v3.01 AMS font symbols

(C:\Users\aned.esquerra\AppData\Local\Programs\MiKTeX\tex/latex/amsfonts\amsfon
ts.sty
Package: amsfonts 2013/01/14 v3.01 Basic AMSFonts support
\@emptytoks=\toks19
\symAMSa=\mathgroup4
\symAMSb=\mathgroup5
LaTeX Font Info:    Redeclaring math symbol \hbar on input line 98.
LaTeX Font Info:    Overwriting math alphabet `\mathfrak' in version `bold'
(Font)                  U/euf/m/n --> U/euf/b/n on input line 106.
))
(C:\Users\aned.esquerra\AppData\Local\Programs\MiKTeX\tex/latex/booktabs\bookta
bs.sty
Package: booktabs 2020/01/12 v1.61803398 Publication quality tables
\heavyrulewidth=\dimen163
\lightrulewidth=\dimen164
\cmidrulewidth=\dimen165
\belowrulesep=\dimen166
\belowbottomsep=\dimen167
\aboverulesep=\dimen168
\abovetopsep=\dimen169
\cmidrulesep=\dimen170
\cmidrulekern=\dimen171
\defaultaddspace=\dimen172
\@cmidla=\count300
\@cmidlb=\count301
\@aboverulesep=\dimen173
\@belowrulesep=\dimen174
\@thisruleclass=\count302
\@lastruleclass=\count303
\@thisrulewidth=\dimen175
)
(C:\Users\aned.esquerra\AppData\Local\Programs\MiKTeX\tex/latex/tools\longtable
.sty
Package: longtable 2026-01-28 v4.27 Multi-page Table package (DPC)
\LTleft=\skip51
\LTright=\skip52
\LTpre=\skip53
\LTpost=\skip54
\LTchunksize=\count304
\LTcapwidth=\dimen176
\LT@head=\box53
\LT@firsthead=\box54
\LT@foot=\box55
\LT@lastfoot=\box56
\LT@gbox=\box57
\LT@cols=\count305
\LT@rows=\count306
\c@LT@tables=\count307
\c@LT@chunks=\count308
\LT@p@ftn=\toks20
)
(C:\Users\aned.esquerra\AppData\Local\Programs\MiKTeX\tex/latex/enumitem\enumit
em.sty
Package: enumitem 2025/02/06 v3.11 Customized lists
\labelindent=\skip55
\enit@outerparindent=\dimen177
\enit@toks=\toks21
\enit@inbox=\box58
\enit@count@id=\count309
\enitdp@description=\count310
)
(C:\Users\aned.esquerra\AppData\Local\Programs\MiKTeX\tex/latex/xcolor\xcolor.s
ty
Package: xcolor 2024/09/29 v3.02 LaTeX color extensions (UK)

(C:\Users\aned.esquerra\AppData\Local\Programs\MiKTeX\tex/latex/graphics-cfg\co
lor.cfg
File: color.cfg 2016/01/02 v1.6 sample color configuration
)
Package xcolor Info: Driver file: xetex.def on input line 274.

(C:\Users\aned.esquerra\AppData\Local\Programs\MiKTeX\tex/latex/graphics-def\xe
tex.def
File: xetex.def 2025/11/01 v5.0p Graphics/color driver for xetex
)
(C:\Users\aned.esquerra\AppData\Local\Programs\MiKTeX\tex/latex/graphics\mathco
lor.ltx)
Package xcolor Info: Model `cmy' substituted by `cmy0' on input line 1349.
Package xcolor Info: Model `RGB' extended on input line 1365.
Package xcolor Info: Model `HTML' substituted by `rgb' on input line 1367.
Package xcolor Info: Model `Hsb' substituted by `hsb' on input line 1368.
Package xcolor Info: Model `tHsb' substituted by `hsb' on input line 1369.
Package xcolor Info: Model `HSB' substituted by `hsb' on input line 1370.
Package xcolor Info: Model `Gray' substituted by `gray' on input line 1371.
Package xcolor Info: Model `wave' substituted by `hsb' on input line 1372.
)
(C:\Users\aned.esquerra\AppData\Local\Programs\MiKTeX\tex/latex/hyperref\hyperr
ef.sty
Package: hyperref 2026-06-17 v7.01r Hypertext links for LaTeX

(C:\Users\aned.esquerra\AppData\Local\Programs\MiKTeX\tex/latex/kvsetkeys\kvset
keys.sty
Package: kvsetkeys 2022-10-05 v1.19 Key value parser (HO)
)
(C:\Users\aned.esquerra\AppData\Local\Programs\MiKTeX\tex/generic/kvdefinekeys\
kvdefinekeys.sty
Package: kvdefinekeys 2019-12-19 v1.6 Define keys (HO)
)
(C:\Users\aned.esquerra\AppData\Local\Programs\MiKTeX\tex/generic/pdfescape\pdf
escape.sty
Package: pdfescape 2019/12/09 v1.15 Implements pdfTeX's escape features (HO)

(C:\Users\aned.esquerra\AppData\Local\Programs\MiKTeX\tex/generic/ltxcmds\ltxcm
ds.sty
Package: ltxcmds 2023-12-04 v1.26 LaTeX kernel commands for general use (HO)
)
(C:\Users\aned.esquerra\AppData\Local\Programs\MiKTeX\tex/generic/pdftexcmds\pd
ftexcmds.sty
Package: pdftexcmds 2020-06-27 v0.33 Utility functions of pdfTeX for LuaTeX (HO
)

(C:\Users\aned.esquerra\AppData\Local\Programs\MiKTeX\tex/generic/infwarerr\inf
warerr.sty
Package: infwarerr 2019/12/03 v1.5 Providing info/warning/error messages (HO)
)
Package pdftexcmds Info: \pdf@primitive is available.
Package pdftexcmds Info: \pdf@ifprimitive is available.
Package pdftexcmds Info: \pdfdraftmode not found.
))
(C:\Users\aned.esquerra\AppData\Local\Programs\MiKTeX\tex/latex/hycolor\hycolor
.sty
Package: hycolor 2020-01-27 v1.10 Color options for hyperref/bookmark (HO)
)
(C:\Users\aned.esquerra\AppData\Local\Programs\MiKTeX\tex/latex/hyperref\namere
f.sty
Package: nameref 2026-01-29 v2.58 Cross-referencing by name of section

(C:\Users\aned.esquerra\AppData\Local\Programs\MiKTeX\tex/latex/refcount\refcou
nt.sty
Package: refcount 2019/12/15 v3.6 Data extraction from label references (HO)
)
(C:\Users\aned.esquerra\AppData\Local\Programs\MiKTeX\tex/generic/gettitlestrin
g\gettitlestring.sty
Package: gettitlestring 2019/12/15 v1.6 Cleanup title references (HO)

(C:\Users\aned.esquerra\AppData\Local\Programs\MiKTeX\tex/latex/kvoptions\kvopt
ions.sty
Package: kvoptions 2022-06-15 v3.15 Key value format for package options (HO)
))
\c@section@level=\count311
)
(C:\Users\aned.esquerra\AppData\Local\Programs\MiKTeX\tex/latex/etoolbox\etoolb
ox.sty
Package: etoolbox 2025/10/02 v2.5m e-TeX tools for LaTeX (JAW)
\etb@tempcnta=\count312
)
(C:\Users\aned.esquerra\AppData\Local\Programs\MiKTeX\tex/generic/stringenc\str
ingenc.sty
Package: stringenc 2019/11/29 v1.12 Convert strings between diff. encodings (HO
)
)
\@linkdim=\dimen178
\Hy@linkcounter=\count313
\Hy@pagecounter=\count314

(C:\Users\aned.esquerra\AppData\Local\Programs\MiKTeX\tex/latex/hyperref\pd1enc
.def
File: pd1enc.def 2026-06-17 v7.01r Hyperref: PDFDocEncoding definition (HO)
)
(C:\Users\aned.esquerra\AppData\Local\Programs\MiKTeX\tex/generic/intcalc\intca
lc.sty
Package: intcalc 2019/12/15 v1.3 Expandable calculations with integers (HO)
)
\Hy@SavedSpaceFactor=\count315

(C:\Users\aned.esquerra\AppData\Local\Programs\MiKTeX\tex/latex/hyperref\puenc.
def
File: puenc.def 2026-06-17 v7.01r Hyperref: PDF Unicode definition (HO)
)
Package hyperref Info: Option `colorlinks' set `true' on input line 4070.
Package hyperref Info: Hyper figures OFF on input line 4199.
Package hyperref Info: Link nesting OFF on input line 4204.
Package hyperref Info: Hyper index ON on input line 4207.
Package hyperref Info: Plain pages OFF on input line 4214.
Package hyperref Info: Backreferencing OFF on input line 4219.
Package hyperref Info: Implicit mode ON; LaTeX internals redefined.
Package hyperref Info: Bookmarks ON on input line 4466.
\c@Hy@tempcnt=\count316

(C:\Users\aned.esquerra\AppData\Local\Programs\MiKTeX\tex/latex/url\url.sty
\Urlmuskip=\muskip17
Package: url 2013/09/16  ver 3.4  Verb mode for urls, etc.
)
LaTeX Info: Redefining \url on input line 4805.
\XeTeXLinkMargin=\dimen179

(C:\Users\aned.esquerra\AppData\Local\Programs\MiKTeX\tex/generic/bitset\bitset
.sty
Package: bitset 2019/12/09 v1.3 Handle bit-vector datatype (HO)

(C:\Users\aned.esquerra\AppData\Local\Programs\MiKTeX\tex/generic/bigintcalc\bi
gintcalc.sty
Package: bigintcalc 2019/12/15 v1.5 Expandable calculations on big integers (HO
)
))
\Fld@menulength=\count317
\Field@Width=\dimen180
\Fld@charsize=\dimen181
Package hyperref Info: Hyper figures OFF on input line 6091.
Package hyperref Info: Link nesting OFF on input line 6096.
Package hyperref Info: Hyper index ON on input line 6099.
Package hyperref Info: backreferencing OFF on input line 6106.
Package hyperref Info: Link coloring ON on input line 6109.
Package hyperref Info: Link coloring with OCG OFF on input line 6116.
Package hyperref Info: PDF/A mode OFF on input line 6121.
\Hy@abspage=\count318
\c@Item=\count319
\c@Hfootnote=\count320
)
Package hyperref Info: Driver (autodetected): hxetex.

(C:\Users\aned.esquerra\AppData\Local\Programs\MiKTeX\tex/latex/hyperref\hxetex
.def
File: hxetex.def 2026-06-17 v7.01r Hyperref driver for XeTeX
\pdfm@box=\box59
\c@Hy@AnnotLevel=\count321
\HyField@AnnotCount=\count322
\Fld@listcount=\count323
\c@bookmark@seq@number=\count324

(C:\Users\aned.esquerra\AppData\Local\Programs\MiKTeX\tex/latex/rerunfilecheck\
rerunfilecheck.sty
Package: rerunfilecheck 2025-06-21 v1.11 Rerun checks for auxiliary files (HO)

(C:\Users\aned.esquerra\AppData\Local\Programs\MiKTeX\tex/generic/uniquecounter
\uniquecounter.sty
Package: uniquecounter 2019/12/15 v1.4 Provide unlimited unique counter (HO)
)
Package uniquecounter Info: New unique counter `rerunfilecheck' on input line 2
84.
)
\Hy@SectionHShift=\skip56
)
(C:\Users\aned.esquerra\AppData\Local\Programs\MiKTeX\tex/latex/pgf/frontendlay
er\tikz.sty
(C:\Users\aned.esquerra\AppData\Local\Programs\MiKTeX\tex/latex/pgf/basiclayer\
pgf.sty
(C:\Users\aned.esquerra\AppData\Local\Programs\MiKTeX\tex/latex/pgf/utilities\p
gfrcs.sty
(C:\Users\aned.esquerra\AppData\Local\Programs\MiKTeX\tex/generic/pgf/utilities
\pgfutil-common.tex
\pgfutil@everybye=\toks22
\pgfutil@tempdima=\dimen182
\pgfutil@tempdimb=\dimen183
)
(C:\Users\aned.esquerra\AppData\Local\Programs\MiKTeX\tex/generic/pgf/utilities
\pgfutil-latex.def
\pgfutil@abb=\box60
)
(C:\Users\aned.esquerra\AppData\Local\Programs\MiKTeX\tex/generic/pgf/utilities
\pgfrcs.code.tex
(C:\Users\aned.esquerra\AppData\Local\Programs\MiKTeX\tex/generic/pgf\pgf.revis
ion.tex)
Package: pgfrcs 2025-08-29 v3.1.11a (3.1.11a)
))
Package: pgf 2025-08-29 v3.1.11a (3.1.11a)

(C:\Users\aned.esquerra\AppData\Local\Programs\MiKTeX\tex/latex/pgf/basiclayer\
pgfcore.sty
(C:\Users\aned.esquerra\AppData\Local\Programs\MiKTeX\tex/latex/graphics\graphi
cx.sty
Package: graphicx 2026-05-17 v1.2e Enhanced LaTeX Graphics (DPC,SPQR)

(C:\Users\aned.esquerra\AppData\Local\Programs\MiKTeX\tex/latex/graphics\graphi
cs.sty
Package: graphics 2026-05-17 v1.4h Standard LaTeX Graphics (DPC,SPQR)

(C:\Users\aned.esquerra\AppData\Local\Programs\MiKTeX\tex/latex/graphics\trig.s
ty
Package: trig 2023/12/02 v1.11 sin cos tan (DPC)
)
(C:\Users\aned.esquerra\AppData\Local\Programs\MiKTeX\tex/latex/graphics-cfg\gr
aphics.cfg
File: graphics.cfg 2016/06/04 v1.11 sample graphics configuration
)
Package graphics Info: Driver file: xetex.def on input line 106.
)
\Gin@req@height=\dimen184
\Gin@req@width=\dimen185
)
(C:\Users\aned.esquerra\AppData\Local\Programs\MiKTeX\tex/latex/pgf/systemlayer
\pgfsys.sty
(C:\Users\aned.esquerra\AppData\Local\Programs\MiKTeX\tex/generic/pgf/systemlay
er\pgfsys.code.tex
Package: pgfsys 2025-08-29 v3.1.11a (3.1.11a)

(C:\Users\aned.esquerra\AppData\Local\Programs\MiKTeX\tex/generic/pgf/utilities
\pgfkeys.code.tex
\pgfkeys@pathtoks=\toks23
\pgfkeys@temptoks=\toks24

(C:\Users\aned.esquerra\AppData\Local\Programs\MiKTeX\tex/generic/pgf/utilities
\pgfkeyslibraryfiltered.code.tex
\pgfkeys@tmptoks=\toks25
))
\pgf@x=\dimen186
\pgf@y=\dimen187
\pgf@xa=\dimen188
\pgf@ya=\dimen189
\pgf@xb=\dimen190
\pgf@yb=\dimen191
\pgf@xc=\dimen192
\pgf@yc=\dimen193
\pgf@xd=\dimen194
\pgf@yd=\dimen195
\w@pgf@writea=\write3
\r@pgf@reada=\read3
\c@pgf@counta=\count325
\c@pgf@countb=\count326
\c@pgf@countc=\count327
\c@pgf@countd=\count328
\t@pgf@toka=\toks26
\t@pgf@tokb=\toks27
\t@pgf@tokc=\toks28
\pgf@sys@id@count=\count329

(C:\Users\aned.esquerra\AppData\Local\Programs\MiKTeX\tex/generic/pgf/systemlay
er\pgf.cfg
File: pgf.cfg 2025-08-29 v3.1.11a (3.1.11a)
)
Driver file for pgf: pgfsys-xetex.def

(C:\Users\aned.esquerra\AppData\Local\Programs\MiKTeX\tex/generic/pgf/systemlay
er\pgfsys-xetex.def
File: pgfsys-xetex.def 2025-08-29 v3.1.11a (3.1.11a)

(C:\Users\aned.esquerra\AppData\Local\Programs\MiKTeX\tex/generic/pgf/systemlay
er\pgfsys-dvipdfmx.def
File: pgfsys-dvipdfmx.def 2025-08-29 v3.1.11a (3.1.11a)

(C:\Users\aned.esquerra\AppData\Local\Programs\MiKTeX\tex/generic/pgf/systemlay
er\pgfsys-common-pdf.def
File: pgfsys-common-pdf.def 2025-08-29 v3.1.11a (3.1.11a)
)
\pgfsys@objnum=\count330
)))
(C:\Users\aned.esquerra\AppData\Local\Programs\MiKTeX\tex/generic/pgf/systemlay
er\pgfsyssoftpath.code.tex
File: pgfsyssoftpath.code.tex 2025-08-29 v3.1.11a (3.1.11a)
\pgfsyssoftpath@smallbuffer@items=\count331
\pgfsyssoftpath@bigbuffer@items=\count332
)
(C:\Users\aned.esquerra\AppData\Local\Programs\MiKTeX\tex/generic/pgf/systemlay
er\pgfsysprotocol.code.tex
File: pgfsysprotocol.code.tex 2025-08-29 v3.1.11a (3.1.11a)
))
(C:\Users\aned.esquerra\AppData\Local\Programs\MiKTeX\tex/generic/pgf/basiclaye
r\pgfcore.code.tex
Package: pgfcore 2025-08-29 v3.1.11a (3.1.11a)

(C:\Users\aned.esquerra\AppData\Local\Programs\MiKTeX\tex/generic/pgf/math\pgfm
ath.code.tex
(C:\Users\aned.esquerra\AppData\Local\Programs\MiKTeX\tex/generic/pgf/math\pgfm
athutil.code.tex)
(C:\Users\aned.esquerra\AppData\Local\Programs\MiKTeX\tex/generic/pgf/math\pgfm
athparser.code.tex
\pgfmath@dimen=\dimen196
\pgfmath@count=\count333
\pgfmath@box=\box61
\pgfmath@toks=\toks29
\pgfmath@stack@operand=\toks30
\pgfmath@stack@operation=\toks31
)
(C:\Users\aned.esquerra\AppData\Local\Programs\MiKTeX\tex/generic/pgf/math\pgfm
athfunctions.code.tex)
(C:\Users\aned.esquerra\AppData\Local\Programs\MiKTeX\tex/generic/pgf/math\pgfm
athfunctions.basic.code.tex)
(C:\Users\aned.esquerra\AppData\Local\Programs\MiKTeX\tex/generic/pgf/math\pgfm
athfunctions.trigonometric.code.tex)
(C:\Users\aned.esquerra\AppData\Local\Programs\MiKTeX\tex/generic/pgf/math\pgfm
athfunctions.random.code.tex)
(C:\Users\aned.esquerra\AppData\Local\Programs\MiKTeX\tex/generic/pgf/math\pgfm
athfunctions.comparison.code.tex)
(C:\Users\aned.esquerra\AppData\Local\Programs\MiKTeX\tex/generic/pgf/math\pgfm
athfunctions.base.code.tex)
(C:\Users\aned.esquerra\AppData\Local\Programs\MiKTeX\tex/generic/pgf/math\pgfm
athfunctions.round.code.tex)
(C:\Users\aned.esquerra\AppData\Local\Programs\MiKTeX\tex/generic/pgf/math\pgfm
athfunctions.misc.code.tex)
(C:\Users\aned.esquerra\AppData\Local\Programs\MiKTeX\tex/generic/pgf/math\pgfm
athfunctions.integerarithmetics.code.tex)
(C:\Users\aned.esquerra\AppData\Local\Programs\MiKTeX\tex/generic/pgf/math\pgfm
athcalc.code.tex)
(C:\Users\aned.esquerra\AppData\Local\Programs\MiKTeX\tex/generic/pgf/math\pgfm
athfloat.code.tex
\c@pgfmathroundto@lastzeros=\count334
))
(C:\Users\aned.esquerra\AppData\Local\Programs\MiKTeX\tex/generic/pgf/math\pgfi
nt.code.tex)
(C:\Users\aned.esquerra\AppData\Local\Programs\MiKTeX\tex/generic/pgf/basiclaye
r\pgfcorepoints.code.tex
File: pgfcorepoints.code.tex 2025-08-29 v3.1.11a (3.1.11a)
\pgf@picminx=\dimen197
\pgf@picmaxx=\dimen198
\pgf@picminy=\dimen199
\pgf@picmaxy=\dimen256
\pgf@pathminx=\dimen257
\pgf@pathmaxx=\dimen258
\pgf@pathminy=\dimen259
\pgf@pathmaxy=\dimen260
\pgf@xx=\dimen261
\pgf@xy=\dimen262
\pgf@yx=\dimen263
\pgf@yy=\dimen264
\pgf@zx=\dimen265
\pgf@zy=\dimen266
)
(C:\Users\aned.esquerra\AppData\Local\Programs\MiKTeX\tex/generic/pgf/basiclaye
r\pgfcorepathconstruct.code.tex
File: pgfcorepathconstruct.code.tex 2025-08-29 v3.1.11a (3.1.11a)
\pgf@path@lastx=\dimen267
\pgf@path@lasty=\dimen268
)
(C:\Users\aned.esquerra\AppData\Local\Programs\MiKTeX\tex/generic/pgf/basiclaye
r\pgfcorepathusage.code.tex
File: pgfcorepathusage.code.tex 2025-08-29 v3.1.11a (3.1.11a)
\pgf@shorten@end@additional=\dimen269
\pgf@shorten@start@additional=\dimen270
)
(C:\Users\aned.esquerra\AppData\Local\Programs\MiKTeX\tex/generic/pgf/basiclaye
r\pgfcorescopes.code.tex
File: pgfcorescopes.code.tex 2025-08-29 v3.1.11a (3.1.11a)
\pgfpic=\box62
\pgf@hbox=\box63
\pgf@layerbox@main=\box64
\pgf@picture@serial@count=\count335
)
(C:\Users\aned.esquerra\AppData\Local\Programs\MiKTeX\tex/generic/pgf/basiclaye
r\pgfcoregraphicstate.code.tex
File: pgfcoregraphicstate.code.tex 2025-08-29 v3.1.11a (3.1.11a)
\pgflinewidth=\dimen271
)
(C:\Users\aned.esquerra\AppData\Local\Programs\MiKTeX\tex/generic/pgf/basiclaye
r\pgfcoretransformations.code.tex
File: pgfcoretransformations.code.tex 2025-08-29 v3.1.11a (3.1.11a)
\pgf@pt@x=\dimen272
\pgf@pt@y=\dimen273
\pgf@pt@temp=\dimen274
)
(C:\Users\aned.esquerra\AppData\Local\Programs\MiKTeX\tex/generic/pgf/basiclaye
r\pgfcorequick.code.tex
File: pgfcorequick.code.tex 2025-08-29 v3.1.11a (3.1.11a)
)
(C:\Users\aned.esquerra\AppData\Local\Programs\MiKTeX\tex/generic/pgf/basiclaye
r\pgfcoreobjects.code.tex
File: pgfcoreobjects.code.tex 2025-08-29 v3.1.11a (3.1.11a)
)
(C:\Users\aned.esquerra\AppData\Local\Programs\MiKTeX\tex/generic/pgf/basiclaye
r\pgfcorepathprocessing.code.tex
File: pgfcorepathprocessing.code.tex 2025-08-29 v3.1.11a (3.1.11a)
)
(C:\Users\aned.esquerra\AppData\Local\Programs\MiKTeX\tex/generic/pgf/basiclaye
r\pgfcorearrows.code.tex
File: pgfcorearrows.code.tex 2025-08-29 v3.1.11a (3.1.11a)
\pgfarrowsep=\dimen275
)
(C:\Users\aned.esquerra\AppData\Local\Programs\MiKTeX\tex/generic/pgf/basiclaye
r\pgfcoreshade.code.tex
File: pgfcoreshade.code.tex 2025-08-29 v3.1.11a (3.1.11a)
\pgf@max=\dimen276
\pgf@sys@shading@range@num=\count336
\pgf@shadingcount=\count337
)
(C:\Users\aned.esquerra\AppData\Local\Programs\MiKTeX\tex/generic/pgf/basiclaye
r\pgfcoreimage.code.tex
File: pgfcoreimage.code.tex 2025-08-29 v3.1.11a (3.1.11a)
)
(C:\Users\aned.esquerra\AppData\Local\Programs\MiKTeX\tex/generic/pgf/basiclaye
r\pgfcoreexternal.code.tex
File: pgfcoreexternal.code.tex 2025-08-29 v3.1.11a (3.1.11a)
\pgfexternal@startupbox=\box65
)
(C:\Users\aned.esquerra\AppData\Local\Programs\MiKTeX\tex/generic/pgf/basiclaye
r\pgfcorelayers.code.tex
File: pgfcorelayers.code.tex 2025-08-29 v3.1.11a (3.1.11a)
)
(C:\Users\aned.esquerra\AppData\Local\Programs\MiKTeX\tex/generic/pgf/basiclaye
r\pgfcoretransparency.code.tex
File: pgfcoretransparency.code.tex 2025-08-29 v3.1.11a (3.1.11a)
)
(C:\Users\aned.esquerra\AppData\Local\Programs\MiKTeX\tex/generic/pgf/basiclaye
r\pgfcorepatterns.code.tex
File: pgfcorepatterns.code.tex 2025-08-29 v3.1.11a (3.1.11a)
)
(C:\Users\aned.esquerra\AppData\Local\Programs\MiKTeX\tex/generic/pgf/basiclaye
r\pgfcorerdf.code.tex
File: pgfcorerdf.code.tex 2025-08-29 v3.1.11a (3.1.11a)
)))
(C:\Users\aned.esquerra\AppData\Local\Programs\MiKTeX\tex/generic/pgf/modules\p
gfmoduleshapes.code.tex
File: pgfmoduleshapes.code.tex 2025-08-29 v3.1.11a (3.1.11a)
\pgfnodeparttextbox=\box66
)
(C:\Users\aned.esquerra\AppData\Local\Programs\MiKTeX\tex/generic/pgf/modules\p
gfmoduleplot.code.tex
File: pgfmoduleplot.code.tex 2025-08-29 v3.1.11a (3.1.11a)
)
(C:\Users\aned.esquerra\AppData\Local\Programs\MiKTeX\tex/latex/pgf/compatibili
ty\pgfcomp-version-0-65.sty
Package: pgfcomp-version-0-65 2025-08-29 v3.1.11a (3.1.11a)
\pgf@nodesepstart=\dimen277
\pgf@nodesepend=\dimen278
)
(C:\Users\aned.esquerra\AppData\Local\Programs\MiKTeX\tex/latex/pgf/compatibili
ty\pgfcomp-version-1-18.sty
Package: pgfcomp-version-1-18 2025-08-29 v3.1.11a (3.1.11a)
))
(C:\Users\aned.esquerra\AppData\Local\Programs\MiKTeX\tex/latex/pgf/utilities\p
gffor.sty
(C:\Users\aned.esquerra\AppData\Local\Programs\MiKTeX\tex/latex/pgf/utilities\p
gfkeys.sty
(C:\Users\aned.esquerra\AppData\Local\Programs\MiKTeX\tex/generic/pgf/utilities
\pgfkeys.code.tex))
(C:\Users\aned.esquerra\AppData\Local\Programs\MiKTeX\tex/latex/pgf/math\pgfmat
h.sty
(C:\Users\aned.esquerra\AppData\Local\Programs\MiKTeX\tex/generic/pgf/math\pgfm
ath.code.tex))
(C:\Users\aned.esquerra\AppData\Local\Programs\MiKTeX\tex/generic/pgf/utilities
\pgffor.code.tex
Package: pgffor 2025-08-29 v3.1.11a (3.1.11a)
\pgffor@iter=\dimen279
\pgffor@skip=\dimen280
\pgffor@stack=\toks32
\pgffor@toks=\toks33
))
(C:\Users\aned.esquerra\AppData\Local\Programs\MiKTeX\tex/generic/pgf/frontendl
ayer/tikz\tikz.code.tex
Package: tikz 2025-08-29 v3.1.11a (3.1.11a)

(C:\Users\aned.esquerra\AppData\Local\Programs\MiKTeX\tex/generic/pgf/libraries
\pgflibraryplothandlers.code.tex
File: pgflibraryplothandlers.code.tex 2025-08-29 v3.1.11a (3.1.11a)
\pgf@plot@mark@count=\count338
\pgfplotmarksize=\dimen281
)
\tikz@lastx=\dimen282
\tikz@lasty=\dimen283
\tikz@lastxsaved=\dimen284
\tikz@lastysaved=\dimen285
\tikz@lastmovetox=\dimen286
\tikz@lastmovetoy=\dimen287
\tikzleveldistance=\dimen288
\tikzsiblingdistance=\dimen289
\tikz@figbox=\box67
\tikz@figbox@bg=\box68
\tikz@tempbox=\box69
\tikz@tempbox@bg=\box70
\tikztreelevel=\count339
\tikznumberofchildren=\count340
\tikznumberofcurrentchild=\count341
\tikz@fig@count=\count342

(C:\Users\aned.esquerra\AppData\Local\Programs\MiKTeX\tex/generic/pgf/modules\p
gfmodulematrix.code.tex
File: pgfmodulematrix.code.tex 2025-08-29 v3.1.11a (3.1.11a)
\pgfmatrixcurrentrow=\count343
\pgfmatrixcurrentcolumn=\count344
\pgf@matrix@numberofcolumns=\count345
)
\tikz@expandcount=\count346

(C:\Users\aned.esquerra\AppData\Local\Programs\MiKTeX\tex/generic/pgf/frontendl
ayer/tikz/libraries\tikzlibrarytopaths.code.tex
File: tikzlibrarytopaths.code.tex 2025-08-29 v3.1.11a (3.1.11a)
)))
(C:\Users\aned.esquerra\AppData\Local\Programs\MiKTeX\tex/generic/pgf/libraries
\pgflibraryarrows.meta.code.tex
File: pgflibraryarrows.meta.code.tex 2025-08-29 v3.1.11a (3.1.11a)
\pgfarrowinset=\dimen290
\pgfarrowlength=\dimen291
\pgfarrowwidth=\dimen292
\pgfarrowlinewidth=\dimen293
)
(C:\Users\aned.esquerra\AppData\Local\Programs\MiKTeX\tex/generic/pgf/frontendl
ayer/tikz/libraries\tikzlibrarypositioning.code.tex
File: tikzlibrarypositioning.code.tex 2025-08-29 v3.1.11a (3.1.11a)
)
(C:\Users\aned.esquerra\AppData\Local\Programs\MiKTeX\tex/generic/pgf/frontendl
ayer/tikz/libraries\tikzlibraryshapes.geometric.code.tex
File: tikzlibraryshapes.geometric.code.tex 2025-08-29 v3.1.11a (3.1.11a)

(C:\Users\aned.esquerra\AppData\Local\Programs\MiKTeX\tex/generic/pgf/libraries
/shapes\pgflibraryshapes.geometric.code.tex
File: pgflibraryshapes.geometric.code.tex 2025-08-29 v3.1.11a (3.1.11a)
))
(C:\Users\aned.esquerra\AppData\Local\Programs\MiKTeX\tex/generic/pgf/frontendl
ayer/tikz/libraries\tikzlibrarybackgrounds.code.tex
File: tikzlibrarybackgrounds.code.tex 2025-08-29 v3.1.11a (3.1.11a)
\pgf@layerbox@background=\box71
\pgf@layerboxsaved@background=\box72
)
(C:\Users\aned.esquerra\AppData\Local\Programs\MiKTeX\tex/generic/pgf/frontendl
ayer/tikz/libraries\tikzlibraryfit.code.tex
File: tikzlibraryfit.code.tex 2025-08-29 v3.1.11a (3.1.11a)
)
(C:\Users\aned.esquerra\AppData\Local\Programs\MiKTeX\tex/latex/listings\listin
gs.sty
\lst@mode=\count347
\lst@gtempboxa=\box73
\lst@token=\toks34
\lst@length=\count348
\lst@currlwidth=\dimen294
\lst@column=\count349
\lst@pos=\count350
\lst@lostspace=\dimen295
\lst@width=\dimen296
\lst@newlines=\count351
\lst@lineno=\count352
\lst@maxwidth=\dimen297

(C:\Users\aned.esquerra\AppData\Local\Programs\MiKTeX\tex/latex/listings\lstpat
ch.sty
File: lstpatch.sty 2025/11/14 1.11b (Carsten Heinz)
)
(C:\Users\aned.esquerra\AppData\Local\Programs\MiKTeX\tex/latex/listings\lstmis
c.sty
File: lstmisc.sty 2025/11/14 1.11b (Carsten Heinz)
\c@lstnumber=\count353
\lst@skipnumbers=\count354
\lst@framebox=\box74
)
(C:\Users\aned.esquerra\AppData\Local\Programs\MiKTeX\tex/latex/listings\listin
gs.cfg
File: listings.cfg 2025/11/14 1.11b listings configuration
))
Package: listings 2025/11/14 1.11b (Carsten Heinz)
 (main.aux

Package babel Info: The following font families will use the default
(babel)             settings for all or some languages:
(babel)             * \sffamily = lmss
(babel)               "[lmsans10-regular]:mapping=tex-text;" at 10.95pt
(babel)             * \ttfamily = lmtt
(babel)               "[lmmono10-regular]:" at 10.95pt
(babel)             There is nothing intrinsically wrong with it, but
(babel)             'babel' will no set Script and Language, which could
(babel)             be relevant in some languages. If your document uses
(babel)             these families, consider redefining them with \babelfont.
(babel)             Reported on input line 3.

)
\openout1 = `main.aux'.

LaTeX Font Info:    Checking defaults for OML/cmm/m/it on input line 78.
LaTeX Font Info:    ... okay on input line 78.
LaTeX Font Info:    Checking defaults for OMS/cmsy/m/n on input line 78.
LaTeX Font Info:    ... okay on input line 78.
LaTeX Font Info:    Checking defaults for OT1/cmr/m/n on input line 78.
LaTeX Font Info:    ... okay on input line 78.
LaTeX Font Info:    Checking defaults for T1/cmr/m/n on input line 78.
LaTeX Font Info:    ... okay on input line 78.
LaTeX Font Info:    Checking defaults for TS1/cmr/m/n on input line 78.
LaTeX Font Info:    ... okay on input line 78.
LaTeX Font Info:    Checking defaults for TU/lmr/m/n on input line 78.
LaTeX Font Info:    ... okay on input line 78.
LaTeX Font Info:    Checking defaults for OMX/cmex/m/n on input line 78.
LaTeX Font Info:    ... okay on input line 78.
LaTeX Font Info:    Checking defaults for U/cmr/m/n on input line 78.
LaTeX Font Info:    ... okay on input line 78.
LaTeX Font Info:    Checking defaults for PD1/pdf/m/n on input line 78.
LaTeX Font Info:    ... okay on input line 78.
LaTeX Font Info:    Checking defaults for PU/pdf/m/n on input line 78.
LaTeX Font Info:    ... okay on input line 78.

*geometry* driver: auto-detecting
*geometry* detected driver: xetex
*geometry* verbose mode - [ preamble ] result:
* driver: xetex
* paper: a4paper
* layout: <same size as paper>
* layoutoffset:(h,v)=(0.0pt,0.0pt)
* modes: 
* h-part:(L,W,R)=(56.9055pt, 483.69687pt, 56.9055pt)
* v-part:(T,H,B)=(71.13188pt, 702.78308pt, 71.13188pt)
* \paperwidth=597.50787pt
* \paperheight=845.04684pt
* \textwidth=483.69687pt
* \textheight=702.78308pt
* \oddsidemargin=-15.36449pt
* \evensidemargin=-15.36449pt
* \topmargin=-38.1381pt
* \headheight=12.0pt
* \headsep=25.0pt
* \topskip=11.0pt
* \footskip=30.0pt
* \marginparwidth=50.0pt
* \marginparsep=10.0pt
* \columnsep=10.0pt
* \skip\footins=10.0pt plus 4.0pt minus 2.0pt
* \hoffset=0.0pt
* \voffset=0.0pt
* \mag=1000
* \@twocolumnfalse
* \@twosidefalse
* \@mparswitchfalse
* \@reversemarginfalse
* (1in=72.27pt=25.4mm, 1cm=28.453pt)


Package fontspec Info: 
(fontspec)             Adjusting the maths setup (use [no-math] to avoid
(fontspec)             this).

\symlegacymaths=\mathgroup6
LaTeX Font Info:    Overwriting symbol font `legacymaths' in version `bold'
(Font)                  OT1/cmr/m/n --> OT1/cmr/bx/n on input line 78.
LaTeX Font Info:    Redeclaring math accent \acute on input line 78.
LaTeX Font Info:    Redeclaring math accent \grave on input line 78.
LaTeX Font Info:    Redeclaring math accent \ddot on input line 78.
LaTeX Font Info:    Redeclaring math accent \tilde on input line 78.
LaTeX Font Info:    Redeclaring math accent \bar on input line 78.
LaTeX Font Info:    Redeclaring math accent \breve on input line 78.
LaTeX Font Info:    Redeclaring math accent \check on input line 78.
LaTeX Font Info:    Redeclaring math accent \hat on input line 78.
LaTeX Font Info:    Redeclaring math accent \dot on input line 78.
LaTeX Font Info:    Redeclaring math accent \mathring on input line 78.
LaTeX Font Info:    Redeclaring math symbol \colon on input line 78.
LaTeX Font Info:    Redeclaring math symbol \Gamma on input line 78.
LaTeX Font Info:    Redeclaring math symbol \Delta on input line 78.
LaTeX Font Info:    Redeclaring math symbol \Theta on input line 78.
LaTeX Font Info:    Redeclaring math symbol \Lambda on input line 78.
LaTeX Font Info:    Redeclaring math symbol \Xi on input line 78.
LaTeX Font Info:    Redeclaring math symbol \Pi on input line 78.
LaTeX Font Info:    Redeclaring math symbol \Sigma on input line 78.
LaTeX Font Info:    Redeclaring math symbol \Upsilon on input line 78.
LaTeX Font Info:    Redeclaring math symbol \Phi on input line 78.
LaTeX Font Info:    Redeclaring math symbol \Psi on input line 78.
LaTeX Font Info:    Redeclaring math symbol \Omega on input line 78.
LaTeX Font Info:    Redeclaring math symbol \mathdollar on input line 78.
LaTeX Font Info:    Redeclaring symbol font `operators' on input line 78.
LaTeX Font Info:    Encoding `OT1' has changed to `TU' for symbol font
(Font)              `operators' in the math version `normal' on input line 78.
LaTeX Font Info:    Overwriting symbol font `operators' in version `normal'
(Font)                  OT1/cmr/m/n --> TU/NotoSans(0)/m/n on input line 78.
LaTeX Font Info:    Encoding `OT1' has changed to `TU' for symbol font
(Font)              `operators' in the math version `bold' on input line 78.
LaTeX Font Info:    Overwriting symbol font `operators' in version `bold'
(Font)                  OT1/cmr/bx/n --> TU/NotoSans(0)/m/n on input line 78.
LaTeX Font Info:    Overwriting symbol font `operators' in version `normal'
(Font)                  TU/NotoSans(0)/m/n --> TU/NotoSans(0)/m/n on input line
 78.
LaTeX Font Info:    Overwriting math alphabet `\mathit' in version `normal'
(Font)                  OT1/cmr/m/it --> TU/NotoSans(0)/m/it on input line 78.
LaTeX Font Info:    Overwriting math alphabet `\mathbf' in version `normal'
(Font)                  OT1/cmr/bx/n --> TU/NotoSans(0)/b/n on input line 78.
LaTeX Font Info:    Overwriting math alphabet `\mathsf' in version `normal'
(Font)                  OT1/cmss/m/n --> TU/lmss/m/n on input line 78.
LaTeX Font Info:    Overwriting math alphabet `\mathtt' in version `normal'
(Font)                  OT1/cmtt/m/n --> TU/lmtt/m/n on input line 78.
LaTeX Font Info:    Overwriting symbol font `operators' in version `bold'
(Font)                  TU/NotoSans(0)/m/n --> TU/NotoSans(0)/b/n on input line
 78.
LaTeX Font Info:    Overwriting math alphabet `\mathit' in version `bold'
(Font)                  OT1/cmr/bx/it --> TU/NotoSans(0)/b/it on input line 78.

LaTeX Font Info:    Overwriting math alphabet `\mathsf' in version `bold'
(Font)                  OT1/cmss/bx/n --> TU/lmss/b/n on input line 78.
LaTeX Font Info:    Overwriting math alphabet `\mathtt' in version `bold'
(Font)                  OT1/cmtt/m/n --> TU/lmtt/b/n on input line 78.
Package hyperref Info: Link coloring ON on input line 78.
(main.out) (main.out)
\@outlinefile=\write4
\openout4 = `main.out'.

\c@lstlisting=\count355
Package babel Info: Main language set to 'english'.
 (main.toc)
\tf@toc=\write5
\openout5 = `main.toc'.

 [1

]
Overfull \hbox (73.3223pt too wide) in paragraph at lines 91--92
[]\TU/NotoSans(0)/b/n/10.95 Prerequisite skills: \TU/NotoSans(0)/m/n/10.95 work
ing knowledge of Python and SQL, Git fundamentals (clone/branch/commit/PR),
 []


Overfull \hbox (7.73181pt too wide) in paragraph at lines 91--92
\TU/NotoSans(0)/m/n/10.95 Windows/Linux command-line basics, Docker fundamental
s (images, containers, registries),
 []

LaTeX Font Info:    Trying to load font information for U+msa on input line 92.


(C:\Users\aned.esquerra\AppData\Local\Programs\MiKTeX\tex/latex/amsfonts\umsa.f
d
File: umsa.fd 2013/01/14 v3.01 AMS symbols A
)
LaTeX Font Info:    Trying to load font information for U+msb on input line 92.


(C:\Users\aned.esquerra\AppData\Local\Programs\MiKTeX\tex/latex/amsfonts\umsb.f
d
File: umsb.fd 2013/01/14 v3.01 AMS symbols B
) [2]
Overfull \hbox (2.03047pt too wide) in paragraph at lines 122--129
[]\TU/NotoSans(0)/b/n/10.95 Resources:[] \TU/NotoSans(0)/m/n/10.95 Azure Blob S
torage documentation ([][]$[][][][][] [] [] [] [][][][][] [] [][][][][][][][][]
 [] [][][] [] [][][][][] [] [][][][][][][] []$
 []


Overfull \hbox (53.59271pt too wide) in paragraph at lines 122--129
$[][][][][][]$[][]\TU/NotoSans(0)/m/n/10.95 ); Data Engineering Zoomcamp ([][]$
[][][][][] [] [] [] [][][][][][] [] [][][] [] [][][][][][][][][][][][][] [] [][
][][][][][][][][][][][][][][][][][][][][][][][][][]$[][]).
 []


Overfull \hbox (25.83115pt too wide) in paragraph at lines 141--148
[]\TU/NotoSans(0)/b/n/10.95 Resources:[] \TU/NotoSans(0)/m/n/10.95 Azure SQL Da
tabase documentation ([][]$[][][][][] [] [] [] [][][][][] [] [][][][][][][][][]
 [] [][][] [] [][][][][] [] [][][][][][][][][][][]$[][]);
 []


Overfull \hbox (0.1153pt too wide) in paragraph at lines 141--148
\TU/NotoSans(0)/m/n/10.95 Data Engineer Handbook ([][]$[][][][][] [] [] [] [][]
[][][][] [] [][][] [] [][][][][][][][][][][][][][] [] [][][][][][][][][][][][][
][][][][][][][][][][][]$[][]).   []\TU/NotoSans(0)/b/n/10.95 Self-
 []

[3]
Overfull \hbox (13.00868pt too wide) in paragraph at lines 159--166
[]\TU/NotoSans(0)/b/n/10.95 Resources:[] \TU/NotoSans(0)/m/n/10.95 Azure Cosmos
 DB documentation ([][]$[][][][][] [] [] [] [][][][][] [] [][][][][][][][][] []
 [][][] [] [][][][][] [] [][][][][][][][][][][]$[][]);
 []


Overfull \hbox (145.61667pt too wide) in paragraph at lines 159--166
\TU/NotoSans(0)/m/n/10.95 Cosmos DB Change Feed design patterns ([][]$[][][][][
] [] [] [] [][][][][] [] [][][][][][][][][] [] [][][] [] [][][][][] [] [][][][]
[][][][][][] [] [][][][][][][][][][][][][][][][][][][][][][][][][][][][][][]$[]
[]).
 []


Overfull \hbox (102.85062pt too wide) in paragraph at lines 177--184
[]\TU/NotoSans(0)/b/n/10.95 Resources:[] \TU/NotoSans(0)/m/n/10.95 Azure Cache 
for Redis documentation ([][]$[][][][][] [] [] [] [][][][][] [] [][][][][][][][
][] [] [][][] [] [][][][][] [] [][][][][][][][][][][][][][][][][][][][][][][][]
[]$[][]);
 []


Overfull \hbox (10.16898pt too wide) in paragraph at lines 177--184
\TU/NotoSans(0)/m/n/10.95 Azure API Management documentation ([][]$[][][][][] [
] [] [] [][][][][] [] [][][][][][][][][] [] [][][] [] [][][][][] [] [][][][][][
][][][][][][][][][][]$[][]).
 []

[4]
Overfull \hbox (481.5622pt too wide) in paragraph at lines 186--195
[]     []
 []


(C:\Users\aned.esquerra\AppData\Local\Programs\MiKTeX\tex/latex/listings\lstlan
g1.sty
File: lstlang1.sty 2025/11/14 1.11b listings language file
)
LaTeX Font Info:    Font shape `TU/lmtt/bx/n' in size <9> not available
(Font)              Font shape `TU/lmtt/b/n' tried instead on input line 202.
 [5]
Overfull \hbox (15.05006pt too wide) in paragraph at lines 268--269
\TU/NotoSans(0)/b/n/10.95 Learning outcomes: \TU/NotoSans(0)/m/n/10.95 choose a
nd tune Synapse distribution keys, benchmark columnstore queries,
 []


(C:\Users\aned.esquerra\AppData\Local\Programs\MiKTeX\tex/latex/listings\lstlan
g1.sty
File: lstlang1.sty 2025/11/14 1.11b listings language file
) [6]
Overfull \hbox (91.24738pt too wide) in paragraph at lines 300--307
[]\TU/NotoSans(0)/b/n/10.95 Resources:[] \TU/NotoSans(0)/m/n/10.95 Azure Synaps
e Analytics documentation ([][]$[][][][][] [] [] [] [][][][][] [] [][][][][][][
][][] [] [][][] [] [][][][][] [] [][][][][][][][][][][][][][][][][][][]$[][]);
 []


Overfull \hbox (36.06209pt too wide) in paragraph at lines 300--307
\TU/NotoSans(0)/m/n/10.95 Synapse Dedicated SQL Pool best practices ([][]$[][][
][][] [] [] [] [][][][][] [] [][][][][][][][][] [] [][][] [] [][][][][] [] [][]
[][][][][][][][][][][][][][][][] []$
 []


Underfull \hbox (badness 7168) in paragraph at lines 319--319
[]\TU/NotoSans(0)/m/n/10.95 cDWU per hour;
 []


Underfull \hbox (badness 10000) in paragraph at lines 319--319
[]\TU/NotoSans(0)/m/n/10.95 Predictable, high-
 []


Underfull \hbox (badness 10000) in paragraph at lines 319--319
\TU/NotoSans(0)/m/n/10.95 concurrency ware-
 []


Underfull \hbox (badness 10000) in paragraph at lines 319--320
[]\TU/NotoSans(0)/m/n/10.95 Idle pools still bill;
 []


Underfull \hbox (badness 10000) in paragraph at lines 320--320
[]\TU/NotoSans(0)/m/n/10.95 Synapse Server-
 []


Underfull \hbox (badness 10000) in paragraph at lines 320--320
[]\TU/NotoSans(0)/m/n/10.95 Per TB of data
 []


Underfull \hbox (badness 4429) in paragraph at lines 320--320
[]\TU/NotoSans(0)/m/n/10.95 Ad-hoc exploration,
 []


Underfull \hbox (badness 1502) in paragraph at lines 320--321
[]\TU/NotoSans(0)/m/n/10.95 Cost scales with bytes
 []


Underfull \hbox (badness 3792) in paragraph at lines 320--321
\TU/NotoSans(0)/m/n/10.95 scanned; prune parti-
 []


Underfull \hbox (badness 10000) in paragraph at lines 321--321
[]\TU/NotoSans(0)/m/n/10.95 Microsoft Fabric
 []


Underfull \hbox (badness 1953) in paragraph at lines 321--321
\TU/NotoSans(0)/m/n/10.95 units, per-second
 []


Underfull \hbox (badness 10000) in paragraph at lines 321--322
[]\TU/NotoSans(0)/m/n/10.95 Burst-then-throttle
 []


Underfull \hbox (badness 10000) in paragraph at lines 321--322
\TU/NotoSans(0)/m/n/10.95 when oversubscribed;
 []


Underfull \hbox (badness 10000) in paragraph at lines 322--322
[]\TU/NotoSans(0)/m/n/10.95 Azure SQL
 []


Underfull \hbox (badness 10000) in paragraph at lines 322--322
[]\TU/NotoSans(0)/m/n/10.95 vCore/hour or
 []


Underfull \hbox (badness 10000) in paragraph at lines 322--322
\TU/NotoSans(0)/m/n/10.95 DTU; serverless
 []


Underfull \hbox (badness 6526) in paragraph at lines 322--322
[]\TU/NotoSans(0)/m/n/10.95 OLTP systems and
 []


Underfull \hbox (badness 3792) in paragraph at lines 322--322
\TU/NotoSans(0)/m/n/10.95 small departmental
 []


Underfull \hbox (badness 1184) in paragraph at lines 322--323
[]\TU/NotoSans(0)/m/n/10.95 Not MPP; scale ceiling
 []

[7]
Overfull \hbox (18.11807pt too wide) in paragraph at lines 336--343
$[][][][][] [] [][][][][][][][][][][][][][][][][][] [] [][][][][][][][][][][][]
[][][][][][][][] [] [][][][][][][][][][][][][][][][][][][][][][][][][][][][][][
][][][][][][][][][][][][]$[][]\TU/NotoSans(0)/m/n/10.95 ); Data
 []


Overfull \hbox (8.80592pt too wide) in paragraph at lines 336--343
\TU/NotoSans(0)/m/n/10.95 Engineer Handbook ([][]$[][][][][] [] [] [] [][][][][
][] [] [][][] [] [][][][][][][][][][][][][][] [] [][][][][][][][][][][][][][][]
[][][][][][][][][]$[][]).   []\TU/NotoSans(0)/b/n/10.95 Self-check:[] 
 []


Overfull \hbox (82.80399pt too wide) in paragraph at lines 354--361
[]\TU/NotoSans(0)/b/n/10.95 Resources:[] \TU/NotoSans(0)/m/n/10.95 Synapse Serv
erless SQL documentation ([][]$[][][][][] [] [] [] [][][][][] [] [][][][][][][]
[][] [] [][][] [] [][][][][] [] [][][][][][][][][][][][][][][][][][] []$
 []


Overfull \hbox (2.47072pt too wide) in paragraph at lines 354--361
$[][][] [] [][][][][][][][][][][][][][][][][][][][][][][][][][][][][][][]$[][]\
TU/NotoSans(0)/m/n/10.95 ); Delta Lake project ([][]$[][][][][] [] [] [] [][][]
[][][] [] [][][] [] [][][][][][][][][] [] [][][][][]$[][]).
 []

[8]
Overfull \hbox (3.11089pt too wide) in paragraph at lines 372--379
[]\TU/NotoSans(0)/b/n/10.95 Resources:[] \TU/NotoSans(0)/m/n/10.95 Microsoft Pu
rview documentation ([][]$[][][][][] [] [] [] [][][][][] [] [][][][][][][][][] 
[] [][][] [] [][][][][] [] [][][][][][][][]$[][]);
 []


Overfull \hbox (16.32138pt too wide) in paragraph at lines 372--379
\TU/NotoSans(0)/m/n/10.95 Azure Data Share documentation ([][]$[][][][][] [] []
 [] [][][][][] [] [][][][][][][][][] [] [][][] [] [][][][][] [] [][][][][][][][
][][][][]$[][]).   []\TU/NotoSans(0)/b/n/10.95 Self-check:[] 
 []


Overfull \hbox (481.5622pt too wide) in paragraph at lines 381--390
[]     []
 []

[9] [10]
Overfull \hbox (15.01352pt too wide) in paragraph at lines 468--475
[]\TU/NotoSans(0)/b/n/10.95 Resources:[] \TU/NotoSans(0)/m/n/10.95 Azure Databr
icks documentation ([][]$[][][][][] [] [] [] [][][][][] [] [][][][][][][][][] [
] [][][] [] [][][][][] [] [][][][][][][][][][][]$[][]);
 []

[11]
Overfull \hbox (36.24553pt too wide) in paragraph at lines 511--518
[]\TU/NotoSans(0)/b/n/10.95 Resources:[] \TU/NotoSans(0)/m/n/10.95 Azure Data F
actory documentation ([][]$[][][][][] [] [] [] [][][][][] [] [][][][][][][][][]
 [] [][][] [] [][][][][] [] [][][][][][][][][][][][][][]$[][]);
 []


Overfull \hbox (0.58139pt too wide) in paragraph at lines 511--518
\TU/NotoSans(0)/m/n/10.95 Data Flow expression language reference ([][]$[][][][
][] [] [] [] [][][][][] [] [][][][][][][][][] [] [][][] [] [][][][][] [] [][][]
[][][][][][][][][][] []$
 []

[12]
Overfull \hbox (17.33368pt too wide) in paragraph at lines 529--536
$[][][][][] [] [][][][]$[][]\TU/NotoSans(0)/m/n/10.95 ); Azure Event Grid docum
entation ([][]$[][][][][] [] [] [] [][][][][] [] [][][][][][][][][] [] [][][] [
] [][][][][] [] [][][][][][][][][][][][]$[][]).
 []


Overfull \hbox (33.6969pt too wide) in paragraph at lines 548--555
[]\TU/NotoSans(0)/b/n/10.95 Resources:[] \TU/NotoSans(0)/m/n/10.95 ADF pipeline
 execution and triggers ([][]$[][][][][] [] [] [] [][][][][] [] [][][][][][][][
][] [] [][][] [] [][][][][] [] [][][][][][][][][][][][][] []$
 []


Overfull \hbox (1.5327pt too wide) in paragraph at lines 548--555
$[][][][][][][][][][][][][][][][][][][][][][][][][][][][][][][][][][][][][][][]
$[][]\TU/NotoSans(0)/m/n/10.95 ); Apache Airflow project ([][]$[][][][][] [] []
 [] [][][][][][] [] [][][] [] [][][][][][] []$
 []

[13]
Underfull \hbox (badness 1436) in paragraph at lines 566--566
[]\TU/NotoSans(0)/m/n/10.95 Architecture diagram committed (draw.io/TikZ/PNG) o
f the Event Grid $\OMS/cmsy/m/n/10.95 !$ \TU/NotoSans(0)/m/n/10.95 ADF $\OMS/cm
sy/m/n/10.95 !$
 []


Overfull \hbox (481.5622pt too wide) in paragraph at lines 558--567
[]     []
 []

[14]
Overfull \hbox (8.64432pt too wide) in paragraph at lines 587--588
[]\TU/NotoSans(0)/b/n/10.95 Pitfall: \TU/NotoSans(0)/m/n/10.95 re-running the p
ipeline double-loads rows — make the notebook idempotent (merge
 []


Overfull \hbox (35.19595pt too wide) in paragraph at lines 611--612
 [][] 
 []

[15]
Overfull \hbox (18.15613pt too wide) in paragraph at lines 678--685
[]\TU/NotoSans(0)/b/n/10.95 Resources:[] \TU/NotoSans(0)/m/n/10.95 Azure Event 
Hubs documentation ([][]$[][][][][] [] [] [] [][][][][] [] [][][][][][][][][] [
] [][][] [] [][][][][] [] [][][][][][][][][][][][]$[][]);
 []

[16]
Overfull \hbox (79.66228pt too wide) in paragraph at lines 697--704
[]\TU/NotoSans(0)/b/n/10.95 Resources:[] \TU/NotoSans(0)/m/n/10.95 Azure Stream
 Analytics documentation ([][]$[][][][][] [] [] [] [][][][][] [] [][][][][][][]
[][] [] [][][] [] [][][][][] [] [][][][][][][][][][][][][][][][][][]$[][]);
 []

[17]
Overfull \hbox (2.89189pt too wide) in paragraph at lines 734--735
[]\TU/NotoSans(0)/b/n/10.95 Thursday:   []Hands-on Project:[] \TU/NotoSans(0)/m
/n/10.95 Write a Databricks notebook using Spark Structured Stream-
 []

[18]
Overfull \hbox (13.95872pt too wide) in paragraph at lines 765--766
\TU/NotoSans(0)/m/n/10.95 HL7 messages in real-time using Databricks before str
eaming them into a Synapse workspace
 []


Overfull \hbox (1.21289pt too wide) in paragraph at lines 767--774
[]\TU/NotoSans(0)/b/n/10.95 Resources:[] \TU/NotoSans(0)/m/n/10.95 Spark Struct
ured Streaming programming guide ([][]$[][][][][] [] [] [] [][][][][] [] [][][]
[][][] [] [][][] [] [][][][] []$
 []


Overfull \hbox (12.0885pt too wide) in paragraph at lines 767--774
$[][][][][][] [] [][][][][][][][][][][][][][][][][][][][][][][][][][][][][][][]
[][][][][][][][][][] [] [][][][]$[][]\TU/NotoSans(0)/m/n/10.95 ); Apache Spark 
project ([][]$[][][][][] [] [] [] [][][][][][] []$
 []


Overfull \hbox (2.30629pt too wide) in paragraph at lines 782--783
[]\TU/NotoSans(0)/b/n/10.95 Wednesday: \TU/NotoSans(0)/m/n/10.95 Row-Level Secu
rity (RLS) and DAX basics. Reverse ETL: a Synapse/ADF pipeline
 []


Overfull \hbox (61.45224pt too wide) in paragraph at lines 786--793
\TU/NotoSans(0)/m/n/10.95 rectQuery guidance ([][]$[][][][][] [] [] [] [][][][]
[] [] [][][][][][][][][] [] [][][] [] [][][][][][][][][] [] [][][][][][][][][][
][][][] [] [][][][][][][][][][][][][][][][][][][][][][][][][][][]$[][]).
 []

[19]
Overfull \hbox (481.5622pt too wide) in paragraph at lines 795--804
[]     []
 []


Overfull \hbox (5.37634pt too wide) in paragraph at lines 819--820
[]\TU/NotoSans(0)/b/n/10.95 Pitfall: \TU/NotoSans(0)/m/n/10.95 partitioning by 
a low-cardinality key (e.g., merchant) skews load; partition by \TU/lmtt/m/n/10
.95 card_id
 []

[20] [21]
Overfull \hbox (52.38123pt too wide) in paragraph at lines 882--889
[]\TU/NotoSans(0)/b/n/10.95 Resources:[] \TU/NotoSans(0)/m/n/10.95 Synapse PRED
ICT documentation ([][]$[][][][][] [] [] [] [][][][][] [] [][][][][][][][][] []
 [][][] [] [][][][][] [] [][][][][][][][][][][][][][][][][][] []$
 []


Overfull \hbox (5.93507pt too wide) in paragraph at lines 897--898
[]\TU/NotoSans(0)/b/n/10.95 Thursday:   []Hands-on Project:[] \TU/NotoSans(0)/m
/n/10.95 Use Azure AutoML to train a classification model on a cleaned
 []


Overfull \hbox (86.77977pt too wide) in paragraph at lines 900--907
[]\TU/NotoSans(0)/b/n/10.95 Resources:[] \TU/NotoSans(0)/m/n/10.95 Azure Machin
e Learning documentation ([][]$[][][][][] [] [] [] [][][][][] [] [][][][][][][]
[][] [] [][][] [] [][][][][] [] [][][][][][][][][][][][][][][][][][]$[][]);
 []

[22]
Overfull \hbox (28.70732pt too wide) in paragraph at lines 918--925
[]\TU/NotoSans(0)/b/n/10.95 Resources:[] \TU/NotoSans(0)/m/n/10.95 AML pipeline
s documentation ([][]$[][][][][] [] [] [] [][][][][] [] [][][][][][][][][] [] [
][][] [] [][][][][] [] [][][][][][][][][][][][][][][][][] []$
 []


Overfull \hbox (40.76926pt too wide) in paragraph at lines 918--925
$[][][][][][][][][][][][][][][][][][][][][][]$[][]\TU/NotoSans(0)/m/n/10.95 ); 
Azure ML examples repository ([][]$[][][][][] [] [] [] [][][][][][] [] [][][] [
] [][][][][] [] [][][][][][][][][][][][][][][][][]$[][]).
 []

[23]
Overfull \hbox (8.12497pt too wide) in paragraph at lines 936--943
[]\TU/NotoSans(0)/b/n/10.95 Resources:[] \TU/NotoSans(0)/m/n/10.95 Azure AI Doc
ument Intelligence ([][]$[][][][][] [] [] [] [][][][][] [] [][][][][][][][][] [
] [][][] [] [][][][][] [] [][][][][][][][][][][][] []$
 []


Overfull \hbox (481.5622pt too wide) in paragraph at lines 945--954
[]     []
 []

[24] [25]
Overfull \hbox (7.60773pt too wide) in paragraph at lines 1030--1031
\TU/NotoSans(0)/b/n/10.95 Outcomes: \TU/NotoSans(0)/m/n/10.95 deploy a Private 
Endpoint and disable public access on ADLS, replace service-principal
 []


Overfull \hbox (8.85141pt too wide) in paragraph at lines 1038--1045
[]\TU/NotoSans(0)/b/n/10.95 Resources:[] \TU/NotoSans(0)/m/n/10.95 Microsoft En
tra ID documentation ([][]$[][][][][] [] [] [] [][][][][] [] [][][][][][][][][]
 [] [][][] [] [][][][][] [] [][][][][][][][][]$[][]);
 []


Overfull \hbox (38.8006pt too wide) in paragraph at lines 1053--1054
\TU/NotoSans(0)/m/n/10.95 automated data-quality testing with Great Expectation
s or dbt tests running inside Databricks/ADF
 []

[26]
Overfull \hbox (102.77402pt too wide) in paragraph at lines 1057--1064
[]\TU/NotoSans(0)/b/n/10.95 Resources:[] \TU/NotoSans(0)/m/n/10.95 Microsoft Pu
rview data lineage ([][]$[][][][][] [] [] [] [][][][][] [] [][][][][][][][][] [
] [][][] [] [][][][][] [] [][][][][][][] [] [][][][][][][][][][][][][][][][][][
][][][][]$[][]);
 []


Overfull \hbox (3.54396pt too wide) in paragraph at lines 1057--1064
\TU/NotoSans(0)/m/n/10.95 Great Expectations project ([][]$[][][][][] [] [] [] 
[][][][][][] [] [][][] [] [][][][][][][][][][][][][][][][][][][] [] [][][][][] 
[] [][][][][][][][][][][][]$[][]); dbt
 []


Overfull \hbox (1.6619pt too wide) in paragraph at lines 1068--1069
\TU/NotoSans(0)/b/n/10.95 Outcomes: \TU/NotoSans(0)/m/n/10.95 apply Dynamic Dat
a Masking and verify masked views, distinguish Always Encrypted
 []


Overfull \hbox (8.56673pt too wide) in paragraph at lines 1073--1074
[]\TU/NotoSans(0)/b/n/10.95 Thursday:   []Hands-on Project:[] \TU/NotoSans(0)/m
/n/10.95 Implement Dynamic Data Masking on an Azure SQL Database
 []

[27]
Overfull \hbox (6.68324pt too wide) in paragraph at lines 1076--1083
[]\TU/NotoSans(0)/b/n/10.95 Resources:[] \TU/NotoSans(0)/m/n/10.95 Azure SQL Dy
namic Data Masking ([][]$[][][][][] [] [] [] [][][][][] [] [][][][][][][][][] [
] [][][] [] [][][][][] [] [][][][][][][][][][] []$
 []


Overfull \hbox (35.16382pt too wide) in paragraph at lines 1076--1083
$[][][][][][][][] [] [][][][][][][][][][][][][][][][][][][][][][][][][][][][][]
[][][]$[][]\TU/NotoSans(0)/m/n/10.95 ); Microsoft Defender for Cloud ([][]$[][]
[][][] [] [] [] [][][][][] [] [][][][][][][][][] []$
 []


Overfull \hbox (3.9495pt too wide) in paragraph at lines 1089--1090
[]\TU/NotoSans(0)/b/n/10.95 Monday: \TU/NotoSans(0)/m/n/10.95 Infrastructure as
 Code with Terraform (\TU/lmtt/m/n/10.95 azurerm \TU/NotoSans(0)/m/n/10.95 prov
ider) for ADLS Gen2, Synapse,
 []

[28]
Overfull \hbox (46.84515pt too wide) in paragraph at lines 1119--1126
[]\TU/NotoSans(0)/b/n/10.95 Resources:[] \TU/NotoSans(0)/m/n/10.95 DP-700 certi
fication overview ([][]$[][][][][] [] [] [] [][][][][] [] [][][][][][][][][] []
 [][][] [] [][][][][][][][][][][] [] [][][][][][][][][][][][][][] []$
 []


Overfull \hbox (8.58463pt too wide) in paragraph at lines 1119--1126
$[][][][][][][][][][][][][][][]$[][]\TU/NotoSans(0)/m/n/10.95 ); Terraform azur
erm provider docs ([][]$[][][][][] [] [] [] [][][][][][][][] [] [][][][][][][][
][] [] [][] [] [][][][][][][][][] []$
 []


Overfull \hbox (16.0281pt too wide) in paragraph at lines 1119--1126
$[][][][][][][][][] [] [][][][][][][] [] [][][][][][] [] [][][][]$[][]\TU/NotoS
ans(0)/m/n/10.95 ); dbt Core ([][]$[][][][][] [] [] [] [][][][][][] [] [][][] [
] [][][][][][][][][] [] [][][][][][][][][]$[][]).   []\TU/NotoSans(0)/b/n/10.95
 Self-check:[] 
 []


Overfull \hbox (481.5622pt too wide) in paragraph at lines 1127--1129
[]     []
 []


Underfull \hbox (badness 10000) in paragraph at lines 1138--1138
[]\TU/NotoSans(0)/m/n/10.95 Architecture diagram committed (draw.io/TikZ/PNG) o
f the zero-trust multi-
 []


Overfull \hbox (481.5622pt too wide) in paragraph at lines 1130--1139
[]     []
 []

[29] [30] [31]
Overfull \hbox (6.87943pt too wide) in paragraph at lines 1221--1222
   [] \TU/NotoSans(0)/m/n/10.95 Implementing Data Engineering Solutions Using M
icrosoft Fabric — the Azure
 []


Overfull \hbox (1.19638pt too wide) in paragraph at lines 1234--1235
   [] \TU/NotoSans(0)/m/n/10.95 Stream-processing tolerance defining how long l
ate events are still accepted. 
 []

[32]
Overfull \hbox (8.62364pt too wide) in paragraph at lines 1268--1269
[]\TU/NotoSans(0)/m/n/10.95 Describe an MLOps lifecycle: drift detection, retra
ining, and gated model promotion. (Weeks
 []


Overfull \hbox (2.6486pt too wide) in paragraph at lines 1269--1270
[]\TU/NotoSans(0)/m/n/10.95 How would you build a zero-trust data perimeter so 
no service is publicly reachable? (Weeks
 []

[33] [34]
Overfull \hbox (8.89128pt too wide) in paragraph at lines 1374--1375
[]\TU/NotoSans(0)/m/n/10.95 Service Bus for per-message enterprise semantics; E
vent Hubs for high-throughput streams. 
 []

[35] [36]
Overfull \hbox (9.83401pt too wide) in paragraph at lines 1473--1474
$[][][][][] [] [][][][][][][][][] [] [][][] [] [][][][][] [] [][][][][][][][][]
[][][][][] [] [][][][][][][][][][][][][][][][][][][][][]$[][]\TU/NotoSans(0)/m/
n/10.95 ) — stable, Azure-hosted,
 []


Overfull \hbox (5.64409pt too wide) in paragraph at lines 1475--1476
[]\TU/NotoSans(0)/b/n/10.95 Olist Brazilian e-commerce dataset \TU/NotoSans(0)/
m/n/10.95 ($\OMS/cmsy/m/n/10.95 ^^X$\TU/NotoSans(0)/m/n/10.95 100k orders; Kagg
le and GitHub mirrors, e.g. [][]$[][][][][] []$
 []


Overfull \hbox (2.0048pt too wide) in paragraph at lines 1475--1476
$[] [] [][][][][][] [] [][][] [] [][][][][] [] [][][][][][][][][][][][][][][][]
[][][][][]$[][]\TU/NotoSans(0)/m/n/10.95 ) — realistic marketplace schema (cust
omers, or-
 []

[37]
Overfull \hbox (15.81099pt too wide) in paragraph at lines 1490--1491
[]\TU/NotoSans(0)/m/it/10.95 M5: \TU/NotoSans(0)/m/n/10.95 “Operationalized ML 
with an ADF-orchestrated Azure ML pipeline featuring drift-triggered
 []

[38]
Underfull \hbox (badness 10000) in paragraph at lines 1521--1521
[]|\TU/NotoSans(0)/m/n/10.95 Storage Lifecycle & Hierarchical
 []


Underfull \hbox (badness 10000) in paragraph at lines 1523--1523
[]|\TU/NotoSans(0)/m/n/10.95 Cosmos DB Partitioning & Global
 []


Underfull \hbox (badness 2293) in paragraph at lines 1528--1528
[]|\TU/NotoSans(0)/m/n/10.95 Querying ADLS via CETAS & Logical
 []

[39] [40] (main.aux)
 ***********
LaTeX2e <2026-06-01>
L3 programming layer <2026-06-18>
 ***********
Package rerunfilecheck Info: File `main.out' has not changed.
(rerunfilecheck)             Checksum: 44C89B8F08B1C20B92949A9566875470;3690.
 ) 
Here is how much of TeX's memory you used:
 26942 strings out of 402629
 539327 string characters out of 5437471
 1556279 words of memory out of 5000000
 55623 multiletter control sequences out of 15000+600000
 633009 words of font info for 94 fonts, out of 8000000 for 9000
 1348 hyphenation exceptions out of 8191
 102i,8n,107p,822b,2152s stack positions out of 10000i,1000n,20000p,200000b,200000s

Output written on main.pdf (40 pages).
