This is XeTeX, Version 3.141592653-2.6-0.999998 (MiKTeX 26.5) (preloaded format=xelatex 2026.8.18)  19 AUG 2026 03:19
entering extended mode
 restricted \write18 enabled.
 %&-line parsing enabled.
**./main.tex
(main.tex
LaTeX2e <2026-06-01>
L3 programming layer <2026-06-18>

(C:\Users\aned.esquerra\AppData\Local\Programs\MiKTeX\tex/latex/base\article.cl
s
Document Class: article 2025/01/22 v1.4n Standard LaTeX document class

(C:\Users\aned.esquerra\AppData\Local\Programs\MiKTeX\tex/latex/base\size11.clo
File: size11.clo 2025/01/22 v1.4n Standard LaTeX file (size option)
)
\c@part=\count273
\c@section=\count274
\c@subsection=\count275
\c@subsubsection=\count276
\c@paragraph=\count277
\c@subparagraph=\count278
\c@figure=\count279
\c@table=\count280
\abovecaptionskip=\skip49
\belowcaptionskip=\skip50
\bibindent=\dimen150
)
(C:\Users\aned.esquerra\AppData\Local\Programs\MiKTeX\tex/latex/geometry\geomet
ry.sty
Package: geometry 2026/03/07 v6.0 Page Geometry

(C:\Users\aned.esquerra\AppData\Local\Programs\MiKTeX\tex/latex/graphics\keyval
.sty
Package: keyval 2026-05-17 v1.15 key=value parser (DPC)
\KV@toks@=\toks17
)
(C:\Users\aned.esquerra\AppData\Local\Programs\MiKTeX\tex/generic/iftex\ifvtex.
sty
Package: ifvtex 2019/10/25 v1.7 ifvtex legacy package. Use iftex instead.

(C:\Users\aned.esquerra\AppData\Local\Programs\MiKTeX\tex/generic/iftex\iftex.s
ty
Package: iftex 2024/12/12 v1.0g TeX engine tests
))
\Gm@cnth=\count281
\Gm@cntv=\count282
\c@Gm@tempcnt=\count283
\Gm@bindingoffset=\dimen151
\Gm@wd@mp=\dimen152
\Gm@odd@mp=\dimen153
\Gm@even@mp=\dimen154
\Gm@layoutwidth=\dimen155
\Gm@layoutheight=\dimen156
\Gm@layouthoffset=\dimen157
\Gm@layoutvoffset=\dimen158
\Gm@dimlist=\toks18

(C:\Users\aned.esquerra\AppData\Local\Programs\MiKTeX\tex/latex/geometry\geomet
ry.cfg))
(C:\Users\aned.esquerra\AppData\Local\Programs\MiKTeX\tex/latex/fontspec\fontsp
ec.sty
(C:\Users\aned.esquerra\AppData\Local\Programs\MiKTeX\tex/latex/l3packages/xpar
se\xparse.sty
(C:\Users\aned.esquerra\AppData\Local\Programs\MiKTeX\tex/latex/l3kernel\expl3.
sty
Package: expl3 2026-06-18 L3 programming layer (loader) 

(C:\Users\aned.esquerra\AppData\Local\Programs\MiKTeX\tex/latex/l3backend\l3bac
kend-xetex.def
File: l3backend-xetex.def 2026-02-18 L3 backend support: XeTeX
\g__graphics_track_int=\count284
\g__pdfannot_backend_int=\count285
\g__pdfannot_backend_link_int=\count286
))
Package: xparse 2025-10-09 L3 Experimental document command parser
)
Package: fontspec 2025/09/29 v2.9g Font selection for XeLaTeX and LuaLaTeX

(C:\Users\aned.esquerra\AppData\Local\Programs\MiKTeX\tex/latex/fontspec\fontsp
ec-xetex.sty
Package: fontspec-xetex 2025/09/29 v2.9g Font selection for XeLaTeX and LuaLaTe
X
\l__fontspec_script_int=\count287
\l__fontspec_language_int=\count288
\l__fontspec_strnum_int=\count289
\l__fontspec_tmp_int=\count290
\l__fontspec_tmpa_int=\count291
\l__fontspec_tmpb_int=\count292
\l__fontspec_tmpc_int=\count293
\l__fontspec_em_int=\count294
\l__fontspec_emdef_int=\count295
\l__fontspec_strong_int=\count296
\l__fontspec_strongdef_int=\count297
\l__fontspec_tmpa_dim=\dimen159
\l__fontspec_tmpb_dim=\dimen160
\l__fontspec_tmpc_dim=\dimen161

(C:\Users\aned.esquerra\AppData\Local\Programs\MiKTeX\tex/latex/base\fontenc.st
y
Package: fontenc 2025/07/18 v2.1d Standard LaTeX package
)
(C:\Users\aned.esquerra\AppData\Local\Programs\MiKTeX\tex/latex/fontspec\fontsp
ec.cfg)))
(C:\Users\aned.esquerra\AppData\Local\Programs\MiKTeX\tex/generic/babel\babel.s
ty
Package: babel 2026/06/14 v26.9 The multilingual framework for LuaLaTeX, pdfLaT
eX and XeLaTeX
\babel@savecnt=\count298
LaTeX Encoding Info:    Redeclaring text command \ij (encoding OT1) on input li
ne 2084.
LaTeX Encoding Info:    Redeclaring text command \IJ (encoding OT1) on input li
ne 2086.
LaTeX Encoding Info:    Redeclaring text command \ij (encoding T1) on input lin
e 2088.
LaTeX Encoding Info:    Redeclaring text command \IJ (encoding T1) on input lin
e 2089.
LaTeX Encoding Info:    Ignoring declaration for text command \ij (encoding ?) 
on input line 2090.
LaTeX Encoding Info:    Ignoring declaration for text command \IJ (encoding ?) 
on input line 2092.
LaTeX Encoding Info:    Ignoring declaration for text command \SS (encoding ?) 
on input line 2117.
\U@D=\dimen162
\l@unhyphenated=\language79

(C:\Users\aned.esquerra\AppData\Local\Programs\MiKTeX\tex/generic/babel\xebabel
.def)
\bbl@readstream=\read2

(C:\Users\aned.esquerra\AppData\Local\Programs\MiKTeX\tex/generic/babel\errbabe
l.def)

! Package babel Error: The bidi method 'basic' is available only in
(babel)                luatex. I'll continue with 'bidi=default', so
(babel)                expect wrong results.
(babel)                Suggested actions:
(babel)                * If possible, switch to luatex, as xetex is not
(babel)                recommend anymore.
(babel)                 * If you can’t, try 'bidi=bidi' with xetex.
(babel)                * With pdftex, only 'bidi=default' is available..

See the babel package documentation for explanation.
Type  H <return>  for immediate help.
 ...                                              
                                                  
l.4006     \bbl@error{bidi-only-lua}{}{}{}
                                          %
See the manual for further details.

\bbl@dirlevel=\count299
Package babel Info: Configuration files are deprecated, as
(babel)             they can break document portability.
(babel)             Reported on input line 4252.
*************************************
* Local config file bblopts.cfg used
*

(C:\Users\aned.esquerra\AppData\Local\Programs\MiKTeX\tex/latex/arabi\bblopts.c
fg
File: bblopts.cfg 2005/09/08 v0.1 add Arabic and Farsi to "declared" options of
 babel
)
(C:\Users\aned.esquerra\AppData\Local\Programs\MiKTeX\tex/generic/babel/locale/
en\babel-english.tex)
Package babel Info: Importing data for 'english'
(babel)             from babel-en.ini. Reported on input line 4380.
)
(C:\Users\aned.esquerra\AppData\Local\Programs\MiKTeX\tex/generic/babel/locale/
en\babel-english.tex)
Package babel Info: Importing data for 'english'
(babel)             from babel-en.ini. Reported on input line 9.

Package fontspec Info: 
(fontspec)             Language 'English' not explicitly supported within font
(fontspec)             'Noto Sans' with script 'Latin'. Check the typeset
(fontspec)             output, and if it is okay then ignore this warning.
(fontspec)             Otherwise a different font should be chosen.


Package fontspec Info: 
(fontspec)             Font family 'NotoSans(0)' created for font 'Noto Sans'
(fontspec)             with options
(fontspec)             [Ligatures=TeX,Script=Latin,Language=English].
(fontspec)              
(fontspec)              This font family consists of the following NFSS
(fontspec)             series/shapes:
(fontspec)              
(fontspec)             - 'normal' (m/n) with NFSS spec.: <->"Noto
(fontspec)             Sans/OT:script=latn;language=ENG;mapping=tex-text;"
(fontspec)             - 'small caps'  (m/sc) with NFSS spec.: <->"Noto
(fontspec)             Sans/OT:script=latn;language=ENG;+smcp;mapping=tex-text;
"
(fontspec)             - 'bold' (b/n) with NFSS spec.: <->"Noto
(fontspec)             Sans/B/OT:script=latn;language=ENG;mapping=tex-text;"
(fontspec)             - 'bold small caps'  (b/sc) with NFSS spec.: <->"Noto
(fontspec)             Sans/B/OT:script=latn;language=ENG;+smcp;mapping=tex-tex
t;"
(fontspec)             - 'italic' (m/it) with NFSS spec.: <->"Noto
(fontspec)             Sans/I/OT:script=latn;language=ENG;mapping=tex-text;"
(fontspec)             - 'italic small caps'  (m/scit) with NFSS spec.:
(fontspec)             <->"Noto
(fontspec)             Sans/I/OT:script=latn;language=ENG;+smcp;mapping=tex-tex
t;"
(fontspec)             - 'bold italic' (b/it) with NFSS spec.: <->"Noto
(fontspec)             Sans/BI/OT:script=latn;language=ENG;mapping=tex-text;"
(fontspec)             - 'bold italic small caps'  (b/scit) with NFSS spec.:
(fontspec)             <->"Noto
(fontspec)             Sans/BI/OT:script=latn;language=ENG;+smcp;mapping=tex-te
xt;"


(C:\Users\aned.esquerra\AppData\Local\Programs\MiKTeX\tex/latex/amsfonts\amssym
b.sty
Package: amssymb 2013/01/14 v3.01 AMS font symbols

(C:\Users\aned.esquerra\AppData\Local\Programs\MiKTeX\tex/latex/amsfonts\amsfon
ts.sty
Package: amsfonts 2013/01/14 v3.01 Basic AMSFonts support
\@emptytoks=\toks19
\symAMSa=\mathgroup4
\symAMSb=\mathgroup5
LaTeX Font Info:    Redeclaring math symbol \hbar on input line 98.
LaTeX Font Info:    Overwriting math alphabet `\mathfrak' in version `bold'
(Font)                  U/euf/m/n --> U/euf/b/n on input line 106.
))
(C:\Users\aned.esquerra\AppData\Local\Programs\MiKTeX\tex/latex/booktabs\bookta
bs.sty
Package: booktabs 2020/01/12 v1.61803398 Publication quality tables
\heavyrulewidth=\dimen163
\lightrulewidth=\dimen164
\cmidrulewidth=\dimen165
\belowrulesep=\dimen166
\belowbottomsep=\dimen167
\aboverulesep=\dimen168
\abovetopsep=\dimen169
\cmidrulesep=\dimen170
\cmidrulekern=\dimen171
\defaultaddspace=\dimen172
\@cmidla=\count300
\@cmidlb=\count301
\@aboverulesep=\dimen173
\@belowrulesep=\dimen174
\@thisruleclass=\count302
\@lastruleclass=\count303
\@thisrulewidth=\dimen175
)
(C:\Users\aned.esquerra\AppData\Local\Programs\MiKTeX\tex/latex/tools\longtable
.sty
Package: longtable 2026-01-28 v4.27 Multi-page Table package (DPC)
\LTleft=\skip51
\LTright=\skip52
\LTpre=\skip53
\LTpost=\skip54
\LTchunksize=\count304
\LTcapwidth=\dimen176
\LT@head=\box53
\LT@firsthead=\box54
\LT@foot=\box55
\LT@lastfoot=\box56
\LT@gbox=\box57
\LT@cols=\count305
\LT@rows=\count306
\c@LT@tables=\count307
\c@LT@chunks=\count308
\LT@p@ftn=\toks20
)
(C:\Users\aned.esquerra\AppData\Local\Programs\MiKTeX\tex/latex/enumitem\enumit
em.sty
Package: enumitem 2025/02/06 v3.11 Customized lists
\labelindent=\skip55
\enit@outerparindent=\dimen177
\enit@toks=\toks21
\enit@inbox=\box58
\enit@count@id=\count309
\enitdp@description=\count310
)
(C:\Users\aned.esquerra\AppData\Local\Programs\MiKTeX\tex/latex/xcolor\xcolor.s
ty
Package: xcolor 2024/09/29 v3.02 LaTeX color extensions (UK)

(C:\Users\aned.esquerra\AppData\Local\Programs\MiKTeX\tex/latex/graphics-cfg\co
lor.cfg
File: color.cfg 2016/01/02 v1.6 sample color configuration
)
Package xcolor Info: Driver file: xetex.def on input line 274.

(C:\Users\aned.esquerra\AppData\Local\Programs\MiKTeX\tex/latex/graphics-def\xe
tex.def
File: xetex.def 2025/11/01 v5.0p Graphics/color driver for xetex
)
(C:\Users\aned.esquerra\AppData\Local\Programs\MiKTeX\tex/latex/graphics\mathco
lor.ltx)
Package xcolor Info: Model `cmy' substituted by `cmy0' on input line 1349.
Package xcolor Info: Model `RGB' extended on input line 1365.
Package xcolor Info: Model `HTML' substituted by `rgb' on input line 1367.
Package xcolor Info: Model `Hsb' substituted by `hsb' on input line 1368.
Package xcolor Info: Model `tHsb' substituted by `hsb' on input line 1369.
Package xcolor Info: Model `HSB' substituted by `hsb' on input line 1370.
Package xcolor Info: Model `Gray' substituted by `gray' on input line 1371.
Package xcolor Info: Model `wave' substituted by `hsb' on input line 1372.
)
(C:\Users\aned.esquerra\AppData\Local\Programs\MiKTeX\tex/latex/hyperref\hyperr
ef.sty
Package: hyperref 2026-06-17 v7.01r Hypertext links for LaTeX

(C:\Users\aned.esquerra\AppData\Local\Programs\MiKTeX\tex/latex/kvsetkeys\kvset
keys.sty
Package: kvsetkeys 2022-10-05 v1.19 Key value parser (HO)
)
(C:\Users\aned.esquerra\AppData\Local\Programs\MiKTeX\tex/generic/kvdefinekeys\
kvdefinekeys.sty
Package: kvdefinekeys 2019-12-19 v1.6 Define keys (HO)
)
(C:\Users\aned.esquerra\AppData\Local\Programs\MiKTeX\tex/generic/pdfescape\pdf
escape.sty
Package: pdfescape 2019/12/09 v1.15 Implements pdfTeX's escape features (HO)

(C:\Users\aned.esquerra\AppData\Local\Programs\MiKTeX\tex/generic/ltxcmds\ltxcm
ds.sty
Package: ltxcmds 2023-12-04 v1.26 LaTeX kernel commands for general use (HO)
)
(C:\Users\aned.esquerra\AppData\Local\Programs\MiKTeX\tex/generic/pdftexcmds\pd
ftexcmds.sty
Package: pdftexcmds 2020-06-27 v0.33 Utility functions of pdfTeX for LuaTeX (HO
)

(C:\Users\aned.esquerra\AppData\Local\Programs\MiKTeX\tex/generic/infwarerr\inf
warerr.sty
Package: infwarerr 2019/12/03 v1.5 Providing info/warning/error messages (HO)
)
Package pdftexcmds Info: \pdf@primitive is available.
Package pdftexcmds Info: \pdf@ifprimitive is available.
Package pdftexcmds Info: \pdfdraftmode not found.
))
(C:\Users\aned.esquerra\AppData\Local\Programs\MiKTeX\tex/latex/hycolor\hycolor
.sty
Package: hycolor 2020-01-27 v1.10 Color options for hyperref/bookmark (HO)
)
(C:\Users\aned.esquerra\AppData\Local\Programs\MiKTeX\tex/latex/hyperref\namere
f.sty
Package: nameref 2026-01-29 v2.58 Cross-referencing by name of section

(C:\Users\aned.esquerra\AppData\Local\Programs\MiKTeX\tex/latex/refcount\refcou
nt.sty
Package: refcount 2019/12/15 v3.6 Data extraction from label references (HO)
)
(C:\Users\aned.esquerra\AppData\Local\Programs\MiKTeX\tex/generic/gettitlestrin
g\gettitlestring.sty
Package: gettitlestring 2019/12/15 v1.6 Cleanup title references (HO)

(C:\Users\aned.esquerra\AppData\Local\Programs\MiKTeX\tex/latex/kvoptions\kvopt
ions.sty
Package: kvoptions 2022-06-15 v3.15 Key value format for package options (HO)
))
\c@section@level=\count311
)
(C:\Users\aned.esquerra\AppData\Local\Programs\MiKTeX\tex/latex/etoolbox\etoolb
ox.sty
Package: etoolbox 2025/10/02 v2.5m e-TeX tools for LaTeX (JAW)
\etb@tempcnta=\count312
)
(C:\Users\aned.esquerra\AppData\Local\Programs\MiKTeX\tex/generic/stringenc\str
ingenc.sty
Package: stringenc 2019/11/29 v1.12 Convert strings between diff. encodings (HO
)
)
\@linkdim=\dimen178
\Hy@linkcounter=\count313
\Hy@pagecounter=\count314

(C:\Users\aned.esquerra\AppData\Local\Programs\MiKTeX\tex/latex/hyperref\pd1enc
.def
File: pd1enc.def 2026-06-17 v7.01r Hyperref: PDFDocEncoding definition (HO)
)
(C:\Users\aned.esquerra\AppData\Local\Programs\MiKTeX\tex/generic/intcalc\intca
lc.sty
Package: intcalc 2019/12/15 v1.3 Expandable calculations with integers (HO)
)
\Hy@SavedSpaceFactor=\count315

(C:\Users\aned.esquerra\AppData\Local\Programs\MiKTeX\tex/latex/hyperref\puenc.
def
File: puenc.def 2026-06-17 v7.01r Hyperref: PDF Unicode definition (HO)
)
Package hyperref Info: Option `colorlinks' set `true' on input line 4070.
Package hyperref Info: Hyper figures OFF on input line 4199.
Package hyperref Info: Link nesting OFF on input line 4204.
Package hyperref Info: Hyper index ON on input line 4207.
Package hyperref Info: Plain pages OFF on input line 4214.
Package hyperref Info: Backreferencing OFF on input line 4219.
Package hyperref Info: Implicit mode ON; LaTeX internals redefined.
Package hyperref Info: Bookmarks ON on input line 4466.
\c@Hy@tempcnt=\count316

(C:\Users\aned.esquerra\AppData\Local\Programs\MiKTeX\tex/latex/url\url.sty
\Urlmuskip=\muskip17
Package: url 2013/09/16  ver 3.4  Verb mode for urls, etc.
)
LaTeX Info: Redefining \url on input line 4805.
\XeTeXLinkMargin=\dimen179

(C:\Users\aned.esquerra\AppData\Local\Programs\MiKTeX\tex/generic/bitset\bitset
.sty
Package: bitset 2019/12/09 v1.3 Handle bit-vector datatype (HO)

(C:\Users\aned.esquerra\AppData\Local\Programs\MiKTeX\tex/generic/bigintcalc\bi
gintcalc.sty
Package: bigintcalc 2019/12/15 v1.5 Expandable calculations on big integers (HO
)
))
\Fld@menulength=\count317
\Field@Width=\dimen180
\Fld@charsize=\dimen181
Package hyperref Info: Hyper figures OFF on input line 6091.
Package hyperref Info: Link nesting OFF on input line 6096.
Package hyperref Info: Hyper index ON on input line 6099.
Package hyperref Info: backreferencing OFF on input line 6106.
Package hyperref Info: Link coloring ON on input line 6109.
Package hyperref Info: Link coloring with OCG OFF on input line 6116.
Package hyperref Info: PDF/A mode OFF on input line 6121.
\Hy@abspage=\count318
\c@Item=\count319
\c@Hfootnote=\count320
)
Package hyperref Info: Driver (autodetected): hxetex.

(C:\Users\aned.esquerra\AppData\Local\Programs\MiKTeX\tex/latex/hyperref\hxetex
.def
File: hxetex.def 2026-06-17 v7.01r Hyperref driver for XeTeX
\pdfm@box=\box59
\c@Hy@AnnotLevel=\count321
\HyField@AnnotCount=\count322
\Fld@listcount=\count323
\c@bookmark@seq@number=\count324

(C:\Users\aned.esquerra\AppData\Local\Programs\MiKTeX\tex/latex/rerunfilecheck\
rerunfilecheck.sty
Package: rerunfilecheck 2025-06-21 v1.11 Rerun checks for auxiliary files (HO)

(C:\Users\aned.esquerra\AppData\Local\Programs\MiKTeX\tex/generic/uniquecounter
\uniquecounter.sty
Package: uniquecounter 2019/12/15 v1.4 Provide unlimited unique counter (HO)
)
Package uniquecounter Info: New unique counter `rerunfilecheck' on input line 2
84.
)
\Hy@SectionHShift=\skip56
)
(C:\Users\aned.esquerra\AppData\Local\Programs\MiKTeX\tex/latex/pgf/frontendlay
er\tikz.sty
(C:\Users\aned.esquerra\AppData\Local\Programs\MiKTeX\tex/latex/pgf/basiclayer\
pgf.sty
(C:\Users\aned.esquerra\AppData\Local\Programs\MiKTeX\tex/latex/pgf/utilities\p
gfrcs.sty
(C:\Users\aned.esquerra\AppData\Local\Programs\MiKTeX\tex/generic/pgf/utilities
\pgfutil-common.tex
\pgfutil@everybye=\toks22
\pgfutil@tempdima=\dimen182
\pgfutil@tempdimb=\dimen183
)
(C:\Users\aned.esquerra\AppData\Local\Programs\MiKTeX\tex/generic/pgf/utilities
\pgfutil-latex.def
\pgfutil@abb=\box60
)
(C:\Users\aned.esquerra\AppData\Local\Programs\MiKTeX\tex/generic/pgf/utilities
\pgfrcs.code.tex
(C:\Users\aned.esquerra\AppData\Local\Programs\MiKTeX\tex/generic/pgf\pgf.revis
ion.tex)
Package: pgfrcs 2025-08-29 v3.1.11a (3.1.11a)
))
Package: pgf 2025-08-29 v3.1.11a (3.1.11a)

(C:\Users\aned.esquerra\AppData\Local\Programs\MiKTeX\tex/latex/pgf/basiclayer\
pgfcore.sty
(C:\Users\aned.esquerra\AppData\Local\Programs\MiKTeX\tex/latex/graphics\graphi
cx.sty
Package: graphicx 2026-05-17 v1.2e Enhanced LaTeX Graphics (DPC,SPQR)

(C:\Users\aned.esquerra\AppData\Local\Programs\MiKTeX\tex/latex/graphics\graphi
cs.sty
Package: graphics 2026-05-17 v1.4h Standard LaTeX Graphics (DPC,SPQR)

(C:\Users\aned.esquerra\AppData\Local\Programs\MiKTeX\tex/latex/graphics\trig.s
ty
Package: trig 2023/12/02 v1.11 sin cos tan (DPC)
)
(C:\Users\aned.esquerra\AppData\Local\Programs\MiKTeX\tex/latex/graphics-cfg\gr
aphics.cfg
File: graphics.cfg 2016/06/04 v1.11 sample graphics configuration
)
Package graphics Info: Driver file: xetex.def on input line 106.
)
\Gin@req@height=\dimen184
\Gin@req@width=\dimen185
)
(C:\Users\aned.esquerra\AppData\Local\Programs\MiKTeX\tex/latex/pgf/systemlayer
\pgfsys.sty
(C:\Users\aned.esquerra\AppData\Local\Programs\MiKTeX\tex/generic/pgf/systemlay
er\pgfsys.code.tex
Package: pgfsys 2025-08-29 v3.1.11a (3.1.11a)

(C:\Users\aned.esquerra\AppData\Local\Programs\MiKTeX\tex/generic/pgf/utilities
\pgfkeys.code.tex
\pgfkeys@pathtoks=\toks23
\pgfkeys@temptoks=\toks24

(C:\Users\aned.esquerra\AppData\Local\Programs\MiKTeX\tex/generic/pgf/utilities
\pgfkeyslibraryfiltered.code.tex
\pgfkeys@tmptoks=\toks25
))
\pgf@x=\dimen186
\pgf@y=\dimen187
\pgf@xa=\dimen188
\pgf@ya=\dimen189
\pgf@xb=\dimen190
\pgf@yb=\dimen191
\pgf@xc=\dimen192
\pgf@yc=\dimen193
\pgf@xd=\dimen194
\pgf@yd=\dimen195
\w@pgf@writea=\write3
\r@pgf@reada=\read3
\c@pgf@counta=\count325
\c@pgf@countb=\count326
\c@pgf@countc=\count327
\c@pgf@countd=\count328
\t@pgf@toka=\toks26
\t@pgf@tokb=\toks27
\t@pgf@tokc=\toks28
\pgf@sys@id@count=\count329

(C:\Users\aned.esquerra\AppData\Local\Programs\MiKTeX\tex/generic/pgf/systemlay
er\pgf.cfg
File: pgf.cfg 2025-08-29 v3.1.11a (3.1.11a)
)
Driver file for pgf: pgfsys-xetex.def

(C:\Users\aned.esquerra\AppData\Local\Programs\MiKTeX\tex/generic/pgf/systemlay
er\pgfsys-xetex.def
File: pgfsys-xetex.def 2025-08-29 v3.1.11a (3.1.11a)

(C:\Users\aned.esquerra\AppData\Local\Programs\MiKTeX\tex/generic/pgf/systemlay
er\pgfsys-dvipdfmx.def
File: pgfsys-dvipdfmx.def 2025-08-29 v3.1.11a (3.1.11a)

(C:\Users\aned.esquerra\AppData\Local\Programs\MiKTeX\tex/generic/pgf/systemlay
er\pgfsys-common-pdf.def
File: pgfsys-common-pdf.def 2025-08-29 v3.1.11a (3.1.11a)
)
\pgfsys@objnum=\count330
)))
(C:\Users\aned.esquerra\AppData\Local\Programs\MiKTeX\tex/generic/pgf/systemlay
er\pgfsyssoftpath.code.tex
File: pgfsyssoftpath.code.tex 2025-08-29 v3.1.11a (3.1.11a)
\pgfsyssoftpath@smallbuffer@items=\count331
\pgfsyssoftpath@bigbuffer@items=\count332
)
(C:\Users\aned.esquerra\AppData\Local\Programs\MiKTeX\tex/generic/pgf/systemlay
er\pgfsysprotocol.code.tex
File: pgfsysprotocol.code.tex 2025-08-29 v3.1.11a (3.1.11a)
))
(C:\Users\aned.esquerra\AppData\Local\Programs\MiKTeX\tex/generic/pgf/basiclaye
r\pgfcore.code.tex
Package: pgfcore 2025-08-29 v3.1.11a (3.1.11a)

(C:\Users\aned.esquerra\AppData\Local\Programs\MiKTeX\tex/generic/pgf/math\pgfm
ath.code.tex
(C:\Users\aned.esquerra\AppData\Local\Programs\MiKTeX\tex/generic/pgf/math\pgfm
athutil.code.tex)
(C:\Users\aned.esquerra\AppData\Local\Programs\MiKTeX\tex/generic/pgf/math\pgfm
athparser.code.tex
\pgfmath@dimen=\dimen196
\pgfmath@count=\count333
\pgfmath@box=\box61
\pgfmath@toks=\toks29
\pgfmath@stack@operand=\toks30
\pgfmath@stack@operation=\toks31
)
(C:\Users\aned.esquerra\AppData\Local\Programs\MiKTeX\tex/generic/pgf/math\pgfm
athfunctions.code.tex)
(C:\Users\aned.esquerra\AppData\Local\Programs\MiKTeX\tex/generic/pgf/math\pgfm
athfunctions.basic.code.tex)
(C:\Users\aned.esquerra\AppData\Local\Programs\MiKTeX\tex/generic/pgf/math\pgfm
athfunctions.trigonometric.code.tex)
(C:\Users\aned.esquerra\AppData\Local\Programs\MiKTeX\tex/generic/pgf/math\pgfm
athfunctions.random.code.tex)
(C:\Users\aned.esquerra\AppData\Local\Programs\MiKTeX\tex/generic/pgf/math\pgfm
athfunctions.comparison.code.tex)
(C:\Users\aned.esquerra\AppData\Local\Programs\MiKTeX\tex/generic/pgf/math\pgfm
athfunctions.base.code.tex)
(C:\Users\aned.esquerra\AppData\Local\Programs\MiKTeX\tex/generic/pgf/math\pgfm
athfunctions.round.code.tex)
(C:\Users\aned.esquerra\AppData\Local\Programs\MiKTeX\tex/generic/pgf/math\pgfm
athfunctions.misc.code.tex)
(C:\Users\aned.esquerra\AppData\Local\Programs\MiKTeX\tex/generic/pgf/math\pgfm
athfunctions.integerarithmetics.code.tex)
(C:\Users\aned.esquerra\AppData\Local\Programs\MiKTeX\tex/generic/pgf/math\pgfm
athcalc.code.tex)
(C:\Users\aned.esquerra\AppData\Local\Programs\MiKTeX\tex/generic/pgf/math\pgfm
athfloat.code.tex
\c@pgfmathroundto@lastzeros=\count334
))
(C:\Users\aned.esquerra\AppData\Local\Programs\MiKTeX\tex/generic/pgf/math\pgfi
nt.code.tex)
(C:\Users\aned.esquerra\AppData\Local\Programs\MiKTeX\tex/generic/pgf/basiclaye
r\pgfcorepoints.code.tex
File: pgfcorepoints.code.tex 2025-08-29 v3.1.11a (3.1.11a)
\pgf@picminx=\dimen197
\pgf@picmaxx=\dimen198
\pgf@picminy=\dimen199
\pgf@picmaxy=\dimen256
\pgf@pathminx=\dimen257
\pgf@pathmaxx=\dimen258
\pgf@pathminy=\dimen259
\pgf@pathmaxy=\dimen260
\pgf@xx=\dimen261
\pgf@xy=\dimen262
\pgf@yx=\dimen263
\pgf@yy=\dimen264
\pgf@zx=\dimen265
\pgf@zy=\dimen266
)
(C:\Users\aned.esquerra\AppData\Local\Programs\MiKTeX\tex/generic/pgf/basiclaye
r\pgfcorepathconstruct.code.tex
File: pgfcorepathconstruct.code.tex 2025-08-29 v3.1.11a (3.1.11a)
\pgf@path@lastx=\dimen267
\pgf@path@lasty=\dimen268
)
(C:\Users\aned.esquerra\AppData\Local\Programs\MiKTeX\tex/generic/pgf/basiclaye
r\pgfcorepathusage.code.tex
File: pgfcorepathusage.code.tex 2025-08-29 v3.1.11a (3.1.11a)
\pgf@shorten@end@additional=\dimen269
\pgf@shorten@start@additional=\dimen270
)
(C:\Users\aned.esquerra\AppData\Local\Programs\MiKTeX\tex/generic/pgf/basiclaye
r\pgfcorescopes.code.tex
File: pgfcorescopes.code.tex 2025-08-29 v3.1.11a (3.1.11a)
\pgfpic=\box62
\pgf@hbox=\box63
\pgf@layerbox@main=\box64
\pgf@picture@serial@count=\count335
)
(C:\Users\aned.esquerra\AppData\Local\Programs\MiKTeX\tex/generic/pgf/basiclaye
r\pgfcoregraphicstate.code.tex
File: pgfcoregraphicstate.code.tex 2025-08-29 v3.1.11a (3.1.11a)
\pgflinewidth=\dimen271
)
(C:\Users\aned.esquerra\AppData\Local\Programs\MiKTeX\tex/generic/pgf/basiclaye
r\pgfcoretransformations.code.tex
File: pgfcoretransformations.code.tex 2025-08-29 v3.1.11a (3.1.11a)
\pgf@pt@x=\dimen272
\pgf@pt@y=\dimen273
\pgf@pt@temp=\dimen274
)
(C:\Users\aned.esquerra\AppData\Local\Programs\MiKTeX\tex/generic/pgf/basiclaye
r\pgfcorequick.code.tex
File: pgfcorequick.code.tex 2025-08-29 v3.1.11a (3.1.11a)
)
(C:\Users\aned.esquerra\AppData\Local\Programs\MiKTeX\tex/generic/pgf/basiclaye
r\pgfcoreobjects.code.tex
File: pgfcoreobjects.code.tex 2025-08-29 v3.1.11a (3.1.11a)
)
(C:\Users\aned.esquerra\AppData\Local\Programs\MiKTeX\tex/generic/pgf/basiclaye
r\pgfcorepathprocessing.code.tex
File: pgfcorepathprocessing.code.tex 2025-08-29 v3.1.11a (3.1.11a)
)
(C:\Users\aned.esquerra\AppData\Local\Programs\MiKTeX\tex/generic/pgf/basiclaye
r\pgfcorearrows.code.tex
File: pgfcorearrows.code.tex 2025-08-29 v3.1.11a (3.1.11a)
\pgfarrowsep=\dimen275
)
(C:\Users\aned.esquerra\AppData\Local\Programs\MiKTeX\tex/generic/pgf/basiclaye
r\pgfcoreshade.code.tex
File: pgfcoreshade.code.tex 2025-08-29 v3.1.11a (3.1.11a)
\pgf@max=\dimen276
\pgf@sys@shading@range@num=\count336
\pgf@shadingcount=\count337
)
(C:\Users\aned.esquerra\AppData\Local\Programs\MiKTeX\tex/generic/pgf/basiclaye
r\pgfcoreimage.code.tex
File: pgfcoreimage.code.tex 2025-08-29 v3.1.11a (3.1.11a)
)
(C:\Users\aned.esquerra\AppData\Local\Programs\MiKTeX\tex/generic/pgf/basiclaye
r\pgfcoreexternal.code.tex
File: pgfcoreexternal.code.tex 2025-08-29 v3.1.11a (3.1.11a)
\pgfexternal@startupbox=\box65
)
(C:\Users\aned.esquerra\AppData\Local\Programs\MiKTeX\tex/generic/pgf/basiclaye
r\pgfcorelayers.code.tex
File: pgfcorelayers.code.tex 2025-08-29 v3.1.11a (3.1.11a)
)
(C:\Users\aned.esquerra\AppData\Local\Programs\MiKTeX\tex/generic/pgf/basiclaye
r\pgfcoretransparency.code.tex
File: pgfcoretransparency.code.tex 2025-08-29 v3.1.11a (3.1.11a)
)
(C:\Users\aned.esquerra\AppData\Local\Programs\MiKTeX\tex/generic/pgf/basiclaye
r\pgfcorepatterns.code.tex
File: pgfcorepatterns.code.tex 2025-08-29 v3.1.11a (3.1.11a)
)
(C:\Users\aned.esquerra\AppData\Local\Programs\MiKTeX\tex/generic/pgf/basiclaye
r\pgfcorerdf.code.tex
File: pgfcorerdf.code.tex 2025-08-29 v3.1.11a (3.1.11a)
)))
(C:\Users\aned.esquerra\AppData\Local\Programs\MiKTeX\tex/generic/pgf/modules\p
gfmoduleshapes.code.tex
File: pgfmoduleshapes.code.tex 2025-08-29 v3.1.11a (3.1.11a)
\pgfnodeparttextbox=\box66
)
(C:\Users\aned.esquerra\AppData\Local\Programs\MiKTeX\tex/generic/pgf/modules\p
gfmoduleplot.code.tex
File: pgfmoduleplot.code.tex 2025-08-29 v3.1.11a (3.1.11a)
)
(C:\Users\aned.esquerra\AppData\Local\Programs\MiKTeX\tex/latex/pgf/compatibili
ty\pgfcomp-version-0-65.sty
Package: pgfcomp-version-0-65 2025-08-29 v3.1.11a (3.1.11a)
\pgf@nodesepstart=\dimen277
\pgf@nodesepend=\dimen278
)
(C:\Users\aned.esquerra\AppData\Local\Programs\MiKTeX\tex/latex/pgf/compatibili
ty\pgfcomp-version-1-18.sty
Package: pgfcomp-version-1-18 2025-08-29 v3.1.11a (3.1.11a)
))
(C:\Users\aned.esquerra\AppData\Local\Programs\MiKTeX\tex/latex/pgf/utilities\p
gffor.sty
(C:\Users\aned.esquerra\AppData\Local\Programs\MiKTeX\tex/latex/pgf/utilities\p
gfkeys.sty
(C:\Users\aned.esquerra\AppData\Local\Programs\MiKTeX\tex/generic/pgf/utilities
\pgfkeys.code.tex))
(C:\Users\aned.esquerra\AppData\Local\Programs\MiKTeX\tex/latex/pgf/math\pgfmat
h.sty
(C:\Users\aned.esquerra\AppData\Local\Programs\MiKTeX\tex/generic/pgf/math\pgfm
ath.code.tex))
(C:\Users\aned.esquerra\AppData\Local\Programs\MiKTeX\tex/generic/pgf/utilities
\pgffor.code.tex
Package: pgffor 2025-08-29 v3.1.11a (3.1.11a)
\pgffor@iter=\dimen279
\pgffor@skip=\dimen280
\pgffor@stack=\toks32
\pgffor@toks=\toks33
))
(C:\Users\aned.esquerra\AppData\Local\Programs\MiKTeX\tex/generic/pgf/frontendl
ayer/tikz\tikz.code.tex
Package: tikz 2025-08-29 v3.1.11a (3.1.11a)

(C:\Users\aned.esquerra\AppData\Local\Programs\MiKTeX\tex/generic/pgf/libraries
\pgflibraryplothandlers.code.tex
File: pgflibraryplothandlers.code.tex 2025-08-29 v3.1.11a (3.1.11a)
\pgf@plot@mark@count=\count338
\pgfplotmarksize=\dimen281
)
\tikz@lastx=\dimen282
\tikz@lasty=\dimen283
\tikz@lastxsaved=\dimen284
\tikz@lastysaved=\dimen285
\tikz@lastmovetox=\dimen286
\tikz@lastmovetoy=\dimen287
\tikzleveldistance=\dimen288
\tikzsiblingdistance=\dimen289
\tikz@figbox=\box67
\tikz@figbox@bg=\box68
\tikz@tempbox=\box69
\tikz@tempbox@bg=\box70
\tikztreelevel=\count339
\tikznumberofchildren=\count340
\tikznumberofcurrentchild=\count341
\tikz@fig@count=\count342

(C:\Users\aned.esquerra\AppData\Local\Programs\MiKTeX\tex/generic/pgf/modules\p
gfmodulematrix.code.tex
File: pgfmodulematrix.code.tex 2025-08-29 v3.1.11a (3.1.11a)
\pgfmatrixcurrentrow=\count343
\pgfmatrixcurrentcolumn=\count344
\pgf@matrix@numberofcolumns=\count345
)
\tikz@expandcount=\count346

(C:\Users\aned.esquerra\AppData\Local\Programs\MiKTeX\tex/generic/pgf/frontendl
ayer/tikz/libraries\tikzlibrarytopaths.code.tex
File: tikzlibrarytopaths.code.tex 2025-08-29 v3.1.11a (3.1.11a)
)))
(C:\Users\aned.esquerra\AppData\Local\Programs\MiKTeX\tex/generic/pgf/libraries
\pgflibraryarrows.meta.code.tex
File: pgflibraryarrows.meta.code.tex 2025-08-29 v3.1.11a (3.1.11a)
\pgfarrowinset=\dimen290
\pgfarrowlength=\dimen291
\pgfarrowwidth=\dimen292
\pgfarrowlinewidth=\dimen293
)
(C:\Users\aned.esquerra\AppData\Local\Programs\MiKTeX\tex/generic/pgf/frontendl
ayer/tikz/libraries\tikzlibrarypositioning.code.tex
File: tikzlibrarypositioning.code.tex 2025-08-29 v3.1.11a (3.1.11a)
)
(C:\Users\aned.esquerra\AppData\Local\Programs\MiKTeX\tex/generic/pgf/frontendl
ayer/tikz/libraries\tikzlibraryshapes.geometric.code.tex
File: tikzlibraryshapes.geometric.code.tex 2025-08-29 v3.1.11a (3.1.11a)

(C:\Users\aned.esquerra\AppData\Local\Programs\MiKTeX\tex/generic/pgf/libraries
/shapes\pgflibraryshapes.geometric.code.tex
File: pgflibraryshapes.geometric.code.tex 2025-08-29 v3.1.11a (3.1.11a)
))
(C:\Users\aned.esquerra\AppData\Local\Programs\MiKTeX\tex/generic/pgf/frontendl
ayer/tikz/libraries\tikzlibraryshapes.multipart.code.tex
File: tikzlibraryshapes.multipart.code.tex 2025-08-29 v3.1.11a (3.1.11a)

(C:\Users\aned.esquerra\AppData\Local\Programs\MiKTeX\tex/generic/pgf/libraries
/shapes\pgflibraryshapes.multipart.code.tex
File: pgflibraryshapes.multipart.code.tex 2025-08-29 v3.1.11a (3.1.11a)
\pgfnodepartlowerbox=\box71
\pgfnodeparttwobox=\box72
\pgfnodepartthreebox=\box73
\pgfnodepartfourbox=\box74
\pgfnodeparttwentybox=\box75
\pgfnodepartnineteenbox=\box76
\pgfnodeparteighteenbox=\box77
\pgfnodepartseventeenbox=\box78
\pgfnodepartsixteenbox=\box79
\pgfnodepartfifteenbox=\box80
\pgfnodepartfourteenbox=\box81
\pgfnodepartthirteenbox=\box82
\pgfnodeparttwelvebox=\box83
\pgfnodepartelevenbox=\box84
\pgfnodeparttenbox=\box85
\pgfnodepartninebox=\box86
\pgfnodeparteightbox=\box87
\pgfnodepartsevenbox=\box88
\pgfnodepartsixbox=\box89
\pgfnodepartfivebox=\box90
))
(C:\Users\aned.esquerra\AppData\Local\Programs\MiKTeX\tex/generic/pgf/frontendl
ayer/tikz/libraries\tikzlibrarybackgrounds.code.tex
File: tikzlibrarybackgrounds.code.tex 2025-08-29 v3.1.11a (3.1.11a)
\pgf@layerbox@background=\box91
\pgf@layerboxsaved@background=\box92
)
(C:\Users\aned.esquerra\AppData\Local\Programs\MiKTeX\tex/generic/pgf/frontendl
ayer/tikz/libraries\tikzlibraryfit.code.tex
File: tikzlibraryfit.code.tex 2025-08-29 v3.1.11a (3.1.11a)
)
(C:\Users\aned.esquerra\AppData\Local\Programs\MiKTeX\tex/latex/listings\listin
gs.sty
\lst@mode=\count347
\lst@gtempboxa=\box93
\lst@token=\toks34
\lst@length=\count348
\lst@currlwidth=\dimen294
\lst@column=\count349
\lst@pos=\count350
\lst@lostspace=\dimen295
\lst@width=\dimen296
\lst@newlines=\count351
\lst@lineno=\count352
\lst@maxwidth=\dimen297

(C:\Users\aned.esquerra\AppData\Local\Programs\MiKTeX\tex/latex/listings\lstpat
ch.sty
File: lstpatch.sty 2025/11/14 1.11b (Carsten Heinz)
)
(C:\Users\aned.esquerra\AppData\Local\Programs\MiKTeX\tex/latex/listings\lstmis
c.sty
File: lstmisc.sty 2025/11/14 1.11b (Carsten Heinz)
\c@lstnumber=\count353
\lst@skipnumbers=\count354
\lst@framebox=\box94
)
(C:\Users\aned.esquerra\AppData\Local\Programs\MiKTeX\tex/latex/listings\listin
gs.cfg
File: listings.cfg 2025/11/14 1.11b listings configuration
))
Package: listings 2025/11/14 1.11b (Carsten Heinz)
 (main.aux

Package babel Info: The following font families will use the default
(babel)             settings for all or some languages:
(babel)             * \sffamily = lmss
(babel)               "[lmsans10-regular]:mapping=tex-text;" at 10.95pt
(babel)             * \ttfamily = lmtt
(babel)               "[lmmono10-regular]:" at 10.95pt
(babel)             There is nothing intrinsically wrong with it, but
(babel)             'babel' will no set Script and Language, which could
(babel)             be relevant in some languages. If your document uses
(babel)             these families, consider redefining them with \babelfont.
(babel)             Reported on input line 3.

)
\openout1 = `main.aux'.

LaTeX Font Info:    Checking defaults for OML/cmm/m/it on input line 78.
LaTeX Font Info:    ... okay on input line 78.
LaTeX Font Info:    Checking defaults for OMS/cmsy/m/n on input line 78.
LaTeX Font Info:    ... okay on input line 78.
LaTeX Font Info:    Checking defaults for OT1/cmr/m/n on input line 78.
LaTeX Font Info:    ... okay on input line 78.
LaTeX Font Info:    Checking defaults for T1/cmr/m/n on input line 78.
LaTeX Font Info:    ... okay on input line 78.
LaTeX Font Info:    Checking defaults for TS1/cmr/m/n on input line 78.
LaTeX Font Info:    ... okay on input line 78.
LaTeX Font Info:    Checking defaults for TU/lmr/m/n on input line 78.
LaTeX Font Info:    ... okay on input line 78.
LaTeX Font Info:    Checking defaults for OMX/cmex/m/n on input line 78.
LaTeX Font Info:    ... okay on input line 78.
LaTeX Font Info:    Checking defaults for U/cmr/m/n on input line 78.
LaTeX Font Info:    ... okay on input line 78.
LaTeX Font Info:    Checking defaults for PD1/pdf/m/n on input line 78.
LaTeX Font Info:    ... okay on input line 78.
LaTeX Font Info:    Checking defaults for PU/pdf/m/n on input line 78.
LaTeX Font Info:    ... okay on input line 78.

*geometry* driver: auto-detecting
*geometry* detected driver: xetex
*geometry* verbose mode - [ preamble ] result:
* driver: xetex
* paper: a4paper
* layout: <same size as paper>
* layoutoffset:(h,v)=(0.0pt,0.0pt)
* modes: 
* h-part:(L,W,R)=(56.9055pt, 483.69687pt, 56.9055pt)
* v-part:(T,H,B)=(71.13188pt, 702.78308pt, 71.13188pt)
* \paperwidth=597.50787pt
* \paperheight=845.04684pt
* \textwidth=483.69687pt
* \textheight=702.78308pt
* \oddsidemargin=-15.36449pt
* \evensidemargin=-15.36449pt
* \topmargin=-38.1381pt
* \headheight=12.0pt
* \headsep=25.0pt
* \topskip=11.0pt
* \footskip=30.0pt
* \marginparwidth=50.0pt
* \marginparsep=10.0pt
* \columnsep=10.0pt
* \skip\footins=10.0pt plus 4.0pt minus 2.0pt
* \hoffset=0.0pt
* \voffset=0.0pt
* \mag=1000
* \@twocolumnfalse
* \@twosidefalse
* \@mparswitchfalse
* \@reversemarginfalse
* (1in=72.27pt=25.4mm, 1cm=28.453pt)


Package fontspec Info: 
(fontspec)             Adjusting the maths setup (use [no-math] to avoid
(fontspec)             this).

\symlegacymaths=\mathgroup6
LaTeX Font Info:    Overwriting symbol font `legacymaths' in version `bold'
(Font)                  OT1/cmr/m/n --> OT1/cmr/bx/n on input line 78.
LaTeX Font Info:    Redeclaring math accent \acute on input line 78.
LaTeX Font Info:    Redeclaring math accent \grave on input line 78.
LaTeX Font Info:    Redeclaring math accent \ddot on input line 78.
LaTeX Font Info:    Redeclaring math accent \tilde on input line 78.
LaTeX Font Info:    Redeclaring math accent \bar on input line 78.
LaTeX Font Info:    Redeclaring math accent \breve on input line 78.
LaTeX Font Info:    Redeclaring math accent \check on input line 78.
LaTeX Font Info:    Redeclaring math accent \hat on input line 78.
LaTeX Font Info:    Redeclaring math accent \dot on input line 78.
LaTeX Font Info:    Redeclaring math accent \mathring on input line 78.
LaTeX Font Info:    Redeclaring math symbol \colon on input line 78.
LaTeX Font Info:    Redeclaring math symbol \Gamma on input line 78.
LaTeX Font Info:    Redeclaring math symbol \Delta on input line 78.
LaTeX Font Info:    Redeclaring math symbol \Theta on input line 78.
LaTeX Font Info:    Redeclaring math symbol \Lambda on input line 78.
LaTeX Font Info:    Redeclaring math symbol \Xi on input line 78.
LaTeX Font Info:    Redeclaring math symbol \Pi on input line 78.
LaTeX Font Info:    Redeclaring math symbol \Sigma on input line 78.
LaTeX Font Info:    Redeclaring math symbol \Upsilon on input line 78.
LaTeX Font Info:    Redeclaring math symbol \Phi on input line 78.
LaTeX Font Info:    Redeclaring math symbol \Psi on input line 78.
LaTeX Font Info:    Redeclaring math symbol \Omega on input line 78.
LaTeX Font Info:    Redeclaring math symbol \mathdollar on input line 78.
LaTeX Font Info:    Redeclaring symbol font `operators' on input line 78.
LaTeX Font Info:    Encoding `OT1' has changed to `TU' for symbol font
(Font)              `operators' in the math version `normal' on input line 78.
LaTeX Font Info:    Overwriting symbol font `operators' in version `normal'
(Font)                  OT1/cmr/m/n --> TU/NotoSans(0)/m/n on input line 78.
LaTeX Font Info:    Encoding `OT1' has changed to `TU' for symbol font
(Font)              `operators' in the math version `bold' on input line 78.
LaTeX Font Info:    Overwriting symbol font `operators' in version `bold'
(Font)                  OT1/cmr/bx/n --> TU/NotoSans(0)/m/n on input line 78.
LaTeX Font Info:    Overwriting symbol font `operators' in version `normal'
(Font)                  TU/NotoSans(0)/m/n --> TU/NotoSans(0)/m/n on input line
 78.
LaTeX Font Info:    Overwriting math alphabet `\mathit' in version `normal'
(Font)                  OT1/cmr/m/it --> TU/NotoSans(0)/m/it on input line 78.
LaTeX Font Info:    Overwriting math alphabet `\mathbf' in version `normal'
(Font)                  OT1/cmr/bx/n --> TU/NotoSans(0)/b/n on input line 78.
LaTeX Font Info:    Overwriting math alphabet `\mathsf' in version `normal'
(Font)                  OT1/cmss/m/n --> TU/lmss/m/n on input line 78.
LaTeX Font Info:    Overwriting math alphabet `\mathtt' in version `normal'
(Font)                  OT1/cmtt/m/n --> TU/lmtt/m/n on input line 78.
LaTeX Font Info:    Overwriting symbol font `operators' in version `bold'
(Font)                  TU/NotoSans(0)/m/n --> TU/NotoSans(0)/b/n on input line
 78.
LaTeX Font Info:    Overwriting math alphabet `\mathit' in version `bold'
(Font)                  OT1/cmr/bx/it --> TU/NotoSans(0)/b/it on input line 78.

LaTeX Font Info:    Overwriting math alphabet `\mathsf' in version `bold'
(Font)                  OT1/cmss/bx/n --> TU/lmss/b/n on input line 78.
LaTeX Font Info:    Overwriting math alphabet `\mathtt' in version `bold'
(Font)                  OT1/cmtt/m/n --> TU/lmtt/b/n on input line 78.
Package hyperref Info: Link coloring ON on input line 78.
(main.out) (main.out)
\@outlinefile=\write4
\openout4 = `main.out'.

\c@lstlisting=\count355
Package babel Info: Main language set to 'english'.
 (main.toc)
\tf@toc=\write5
\openout5 = `main.toc'.

 [1

]
LaTeX Font Info:    Trying to load font information for U+msa on input line 99.


(C:\Users\aned.esquerra\AppData\Local\Programs\MiKTeX\tex/latex/amsfonts\umsa.f
d
File: umsa.fd 2013/01/14 v3.01 AMS symbols A
)
LaTeX Font Info:    Trying to load font information for U+msb on input line 99.


(C:\Users\aned.esquerra\AppData\Local\Programs\MiKTeX\tex/latex/amsfonts\umsb.f
d
File: umsb.fd 2013/01/14 v3.01 AMS symbols B
)
Overfull \hbox (12.83818pt too wide) in paragraph at lines 111--112
\TU/NotoSans(0)/b/n/10.95 Learning outcomes: \TU/NotoSans(0)/m/n/10.95 provisio
n workspaces and Lakehouses, virtualize external data with OneLake
 []

[2]
Overfull \hbox (13.39294pt too wide) in paragraph at lines 122--131
[]\TU/NotoSans(0)/b/n/10.95 Resources:[] \TU/NotoSans(0)/m/n/10.95 Microsoft On
eLake documentation ([][]$[][][][][] [] [] [] [][][][][] [] [][][][][][][][][] 
[] [][][] [] [][][][][][] [] [][][][][][][][]$[][]);
 []


Overfull \hbox (10.66628pt too wide) in paragraph at lines 122--131
\TU/NotoSans(0)/m/n/10.95 Data Engineering Zoomcamp ([][]$[][][][][] [] [] [] [
][][][][][] [] [][][] [] [][][][][][][][][][][][][] [] [][][][][][][][][][][][]
[][][][][][][][][][][][][][][]$[][]).
 []


(C:\Users\aned.esquerra\AppData\Local\Programs\MiKTeX\tex/latex/listings\lstlan
g1.sty
File: lstlang1.sty 2025/11/14 1.11b listings language file
) [3]
LaTeX Font Info:    Font shape `TU/lmtt/bx/n' in size <9> not available
(Font)              Font shape `TU/lmtt/b/n' tried instead on input line 162.

Overfull \hbox (22.39743pt too wide) in paragraph at lines 181--190
[]\TU/NotoSans(0)/b/n/10.95 Resources:[] \TU/NotoSans(0)/m/n/10.95 Apache Spark
 in Fabric docs ([][]$[][][][][] [] [] [] [][][][][] [] [][][][][][][][][] [] [
][][] [] [][][][][][] [] [][][][][][][][][][][][][][][][][] []$
 []

[4]
Overfull \hbox (17.10602pt too wide) in paragraph at lines 219--229
[]     []\TU/NotoSans(0)/b/n/10.95 Re-
 []


Overfull \hbox (481.5622pt too wide) in paragraph at lines 231--242
[]     []
 []

[5]
Overfull \hbox (17.68173pt too wide) in paragraph at lines 261--262
[]\TU/NotoSans(0)/b/n/10.95 Pitfall: \TU/lmtt/m/n/10.95 inferSchema \TU/NotoSan
s(0)/m/n/10.95 on large CSVs scans everything and mis-infers — declare explicit
 schemas. 
 []


LaTeX Warning: `h' float specifier changed to `ht'.

[6]
Underfull \hbox (badness 10000) in paragraph at lines 330--330
\TU/NotoSans(0)/m/n/10 vation (F2–F64, CU-
 []


Underfull \hbox (badness 10000) in paragraph at lines 330--330
[]\TU/NotoSans(0)/m/n/10 Reserved CUs,
 []


Underfull \hbox (badness 10000) in paragraph at lines 330--330
\TU/NotoSans(0)/m/n/10 monthly/annual
 []


Underfull \hbox (badness 10000) in paragraph at lines 330--330
[]\TU/NotoSans(0)/m/n/10 Steady production
 []


Underfull \hbox (badness 10000) in paragraph at lines 330--330
\TU/NotoSans(0)/m/n/10 workloads with pre-
 []


Underfull \hbox (badness 4132) in paragraph at lines 330--331
[]\TU/NotoSans(0)/m/n/10 Paying for idle CUs off-
 []


Underfull \hbox (badness 5417) in paragraph at lines 331--331
[]\TU/NotoSans(0)/m/n/10 Fabric pay-as-you-go
 []


Underfull \hbox (badness 10000) in paragraph at lines 331--331
[]\TU/NotoSans(0)/m/n/10 Per-second
 []


Underfull \hbox (badness 10000) in paragraph at lines 331--331
\TU/NotoSans(0)/m/n/10 CU billing;
 []


Underfull \hbox (badness 10000) in paragraph at lines 331--331
\TU/NotoSans(0)/m/n/10 pause/resume
 []


Underfull \hbox (badness 10000) in paragraph at lines 331--331
[]\TU/NotoSans(0)/m/n/10 Dev/test, bursty or
 []


Underfull \hbox (badness 10000) in paragraph at lines 331--331
\TU/NotoSans(0)/m/n/10 business-hours-only
 []


Underfull \hbox (badness 3713) in paragraph at lines 332--332
\TU/NotoSans(0)/m/n/10 SKU / Premium Per
 []


Underfull \hbox (badness 10000) in paragraph at lines 332--332
[]\TU/NotoSans(0)/m/n/10 BI-heavy estates al-
 []


Underfull \hbox (badness 10000) in paragraph at lines 332--332
\TU/NotoSans(0)/m/n/10 ready on Premium
 []


Underfull \hbox (badness 1009) in paragraph at lines 333--333
[]\TU/NotoSans(0)/m/n/10 60-day trial capac-
 []


Underfull \hbox (badness 10000) in paragraph at lines 333--333
[]\TU/NotoSans(0)/m/n/10 Learning, proofs of
 []


Overfull \hbox (17.10602pt too wide) in paragraph at lines 338--348
[]     []\TU/NotoSans(0)/b/n/10.95 Re-
 []


Overfull \hbox (61.94518pt too wide) in paragraph at lines 338--348
\TU/NotoSans(0)/b/n/10.95 sources:[] \TU/NotoSans(0)/m/n/10.95 Fabric Data Ware
house documentation ([][]$[][][][][] [] [] [] [][][][][] [] [][][][][][][][][] 
[] [][][] [] [][][][][][] [] [][][][][][][][][][][][][][][][]$[][]);
 []


Overfull \hbox (10.66628pt too wide) in paragraph at lines 338--348
\TU/NotoSans(0)/m/n/10.95 Data Engineering Zoomcamp ([][]$[][][][][] [] [] [] [
][][][][][] [] [][][] [] [][][][][][][][][][][][][] [] [][][][][][][][][][][][]
[][][][][][][][][][][][][][][]$[][]).
 []

[7]
Overfull \hbox (79.00432pt too wide) in paragraph at lines 359--368
[]\TU/NotoSans(0)/b/n/10.95 Resources:[] \TU/NotoSans(0)/m/n/10.95 SQL analytic
s endpoint documentation ([][]$[][][][][] [] [] [] [][][][][] [] [][][][][][][]
[][] [] [][][] [] [][][][][][] [] [][][][][][][][][][][][][][][][][] []$
 []


Overfull \hbox (1.0244pt too wide) in paragraph at lines 359--368
$[][][][][][][][][][][][][][][][][][][][][][][][][][][][][][][][][][][]$[][]\TU
/NotoSans(0)/m/n/10.95 ); DuckDB repository ([][]$[][][][][] [] [] [] [][][][][
][] [] [][][] [] [][][][][][] [] [][][][][][]$[][]).
 []

[8]
Overfull \hbox (10.6581pt too wide) in paragraph at lines 404--413
[]\TU/NotoSans(0)/b/n/10.95 Resources:[] \TU/NotoSans(0)/m/n/10.95 Power BI sem
antic models documentation ([][]$[][][][][] [] [] [] [][][][][] [] [][][][][][]
[][][] [] [][][] [] [][][][][][][][][] []$
 []


Overfull \hbox (20.6696pt too wide) in paragraph at lines 404--413
$[][][][][][][][][][][][][] [] [][][][][][][][][][][][][][][][][][][][][][][][]
[][][][][]$[][]\TU/NotoSans(0)/m/n/10.95 ); dbt Core repository ([][]$[][][][][
] [] [] [] [][][][][][] [] [][][] [] [][][][][][][][][] []$
 []

[9]
Overfull \hbox (17.10602pt too wide) in paragraph at lines 424--434
[]     []\TU/NotoSans(0)/b/n/10.95 Re-
 []


Overfull \hbox (64.51465pt too wide) in paragraph at lines 424--434
\TU/NotoSans(0)/b/n/10.95 sources:[] \TU/NotoSans(0)/m/n/10.95 DirectLake overv
iew ([][]$[][][][][] [] [] [] [][][][][] [] [][][][][][][][][] [] [][][] [] [][
][][][][] [] [][][][][][][][][][][][] [] [][][][][][][][][][][][][][][][][][][]
[][][]$[][]);
 []


Overfull \hbox (0.1153pt too wide) in paragraph at lines 424--434
\TU/NotoSans(0)/m/n/10.95 Data Engineer Handbook ([][]$[][][][][] [] [] [] [][]
[][][][] [] [][][] [] [][][][][][][][][][][][][][] [] [][][][][][][][][][][][][
][][][][][][][][][][][]$[][]).   []\TU/NotoSans(0)/b/n/10.95 Self-
 []


Overfull \hbox (481.5622pt too wide) in paragraph at lines 436--447
[]     []
 []

[10]
(C:\Users\aned.esquerra\AppData\Local\Programs\MiKTeX\tex/latex/listings\lstlan
g1.sty
File: lstlang1.sty 2025/11/14 1.11b listings language file
)

LaTeX Warning: `h' float specifier changed to `ht'.


Overfull \hbox (19.89607pt too wide) in paragraph at lines 522--523
\TU/NotoSans(0)/m/n/10.95 ver; Delta schema enforcement (default) vs. schema ev
olution (\TU/lmtt/m/n/10.95 mergeSchema\TU/NotoSans(0)/m/n/10.95 , \TU/lmtt/m/n
/10.95 overwriteSchema\TU/NotoSans(0)/m/n/10.95 );
 []

[11]
Overfull \hbox (55.25839pt too wide) in paragraph at lines 550--559
[]\TU/NotoSans(0)/b/n/10.95 Resources:[] \TU/NotoSans(0)/m/n/10.95 Data Factory
 in Fabric documentation ([][]$[][][][][] [] [] [] [][][][][] [] [][][][][][][]
[][] [] [][][] [] [][][][][][] [] [][][][][][][][][][][][][][]$[][]);
 []

[12]
Overfull \hbox (17.10602pt too wide) in paragraph at lines 594--604
[]     []\TU/NotoSans(0)/b/n/10.95 Re-
 []


Overfull \hbox (113.25674pt too wide) in paragraph at lines 594--604
\TU/NotoSans(0)/b/n/10.95 sources:[] \TU/NotoSans(0)/m/n/10.95 Dataflows Gen2 o
verview ([][]$[][][][][] [] [] [] [][][][][] [] [][][][][][][][][] [] [][][] []
 [][][][][][] [] [][][][][][][][][][][][][] [] [][][][][][][][][][][][][][][][]
[][][][][][][][][]$[][]);
 []


Overfull \hbox (0.62881pt too wide) in paragraph at lines 594--604
\TU/NotoSans(0)/m/n/10.95 Great Expectations repository ([][]$[][][][][] [] [] 
[] [][][][][][] [] [][][] [] [][][][][][][][][][][][][][][][][][][] [] [][][][]
[] [] [][][][][][][][][][][][]$[][]).
 []

[13]
Overfull \hbox (17.10602pt too wide) in paragraph at lines 615--625
[]     []\TU/NotoSans(0)/b/n/10.95 Re-
 []


Overfull \hbox (45.30118pt too wide) in paragraph at lines 615--625
\TU/NotoSans(0)/b/n/10.95 sources:[] \TU/NotoSans(0)/m/n/10.95 On-premises data
 gateway documentation ([][]$[][][][][] [] [] [] [][][][][] [] [][][][][][][][]
[] [] [][][] [] [][][][][][][][][][][][][][][][][] []$
 []


Overfull \hbox (27.48422pt too wide) in paragraph at lines 615--625
$[][][][][][][][]$[][]\TU/NotoSans(0)/m/n/10.95 ); Data Engineer Handbook ([][]
$[][][][][] [] [] [] [][][][][][] [] [][][] [] [][][][][][][][][][][][][][] [] 
[][][][][][][][][][][][][][][][][][][][][][][][]$[][]).
 []


Overfull \hbox (14.29451pt too wide) in paragraph at lines 633--634
[]\TU/NotoSans(0)/b/n/10.95 Thursday:   []Hands-on Project:[] \TU/NotoSans(0)/m
/n/10.95 Create a master orchestration pipeline that triggers a Dataflow
 []


Overfull \hbox (4.39209pt too wide) in paragraph at lines 634--635
\TU/NotoSans(0)/m/n/10.95 daily banking reconciliation process spanning 15 depe
ndent systems using Fabric Pipelines. 
 []


Overfull \hbox (17.10602pt too wide) in paragraph at lines 636--646
[]     []\TU/NotoSans(0)/b/n/10.95 Re-
 []


Overfull \hbox (53.07202pt too wide) in paragraph at lines 636--646
\TU/NotoSans(0)/b/n/10.95 sources:[] \TU/NotoSans(0)/m/n/10.95 Monitoring hub d
ocumentation ([][]$[][][][][] [] [] [] [][][][][] [] [][][][][][][][][] [] [][]
[] [] [][][][][][] [] [][][][][] [] [][][][][][][][][][][][][][][]$[][]);
 []

[14]
Overfull \hbox (481.5622pt too wide) in paragraph at lines 648--659
[]     []
 []


Overfull \hbox (11.78333pt too wide) in paragraph at lines 662--663
[]\TU/NotoSans(0)/b/n/10.95 Architecture: \TU/NotoSans(0)/m/n/10.95 config-tabl
e-driven pipeline (Lookup $\OMS/cmsy/m/n/10.95 !$ \TU/NotoSans(0)/m/n/10.95 For
Each Copy) + Dataflow Gen2 cleans-
 []

[15] [16]
Overfull \hbox (17.10602pt too wide) in paragraph at lines 739--749
[]     []\TU/NotoSans(0)/b/n/10.95 Re-
 []


Overfull \hbox (87.76886pt too wide) in paragraph at lines 739--749
\TU/NotoSans(0)/b/n/10.95 sources:[] \TU/NotoSans(0)/m/n/10.95 Fabric Eventstre
ams documentation ([][]$[][][][][] [] [] [] [][][][][] [] [][][][][][][][][] []
 [][][] [] [][][][][][] [] [][][][][][][][][][][][][][][][][][][][][][][][] []$

 []


Overfull \hbox (14.79086pt too wide) in paragraph at lines 756--757
[]\TU/NotoSans(0)/b/n/10.95 Wednesday: \TU/NotoSans(0)/m/n/10.95 Advanced KQL: 
time series analysis, stream-to-stream and stream-to-dimension
 []

[17]
Overfull \hbox (17.10602pt too wide) in paragraph at lines 793--803
[]     []\TU/NotoSans(0)/b/n/10.95 Re-
 []


Overfull \hbox (18.12936pt too wide) in paragraph at lines 793--803
$[][][][][][][][][][][][][][] [] [][][][][] [] [][][][][][]$[][]\TU/NotoSans(0)
/m/n/10.95 ); Data Engineering Zoomcamp ([][]$[][][][][] [] [] [] [][][][][][] 
[] [][][] [] [][][][][][][][][][][][][] []$
 []

[18]
Overfull \hbox (110.34045pt too wide) in paragraph at lines 814--823
[]\TU/NotoSans(0)/b/n/10.95 Resources:[] \TU/NotoSans(0)/m/n/10.95 Data Activat
or (Reflex) documentation ([][]$[][][][][] [] [] [] [][][][][] [] [][][][][][][
][][] [] [][][] [] [][][][][][] [] [][][][][][][][][][][][][][][][][][][][][][]
[][] []$
 []


Overfull \hbox (61.50586pt too wide) in paragraph at lines 814--823
$[][][][][][][][][][][][][][][] [] [][][][][][][][][][][][][][][][][][][][][][]
[]$[][]\TU/NotoSans(0)/m/n/10.95 ); Data Engineer Handbook ([][]$[][][][][] [] 
[] [] [][][][][][] [] [][][] [] [][][][][][][][][][][][][][] []$
 []

[19]
Overfull \hbox (112.77864pt too wide) in paragraph at lines 834--843
[]\TU/NotoSans(0)/b/n/10.95 Resources:[] \TU/NotoSans(0)/m/n/10.95 Real-Time Da
shboards documentation ([][]$[][][][][] [] [] [] [][][][][] [] [][][][][][][][]
[] [] [][][] [] [][][][][][] [] [][][][][][][][][][][][][][][][][][][][][][][][
] []$
 []


Overfull \hbox (19.12936pt too wide) in paragraph at lines 834--843
$[][][][][][][][][][][][][][][][][][][][][][][][][][][][][]$[][]\TU/NotoSans(0)
/m/n/10.95 ); Data Engineering Zoomcamp ([][]$[][][][][] [] [] [] [][][][][][] 
[] [][][] [] [][][][][][][][][][][][][] []$
 []


Overfull \hbox (481.5622pt too wide) in paragraph at lines 845--856
[]     []
 []

[20]
Overfull \hbox (24.68924pt too wide) in paragraph at lines 897--898
 [][] 
 []

[21]
Overfull \hbox (44.469pt too wide) in paragraph at lines 935--944
[]\TU/NotoSans(0)/b/n/10.95 Resources:[] \TU/NotoSans(0)/m/n/10.95 Fabric Data 
Science documentation ([][]$[][][][][] [] [] [] [][][][][] [] [][][][][][][][][
] [] [][][] [] [][][][][][] [] [][][][][][][][][][][][][][]$[][]);
 []


Overfull \hbox (22.8586pt too wide) in paragraph at lines 952--953
[]\TU/NotoSans(0)/b/n/10.95 Thursday:   []Hands-on Project:[] \TU/NotoSans(0)/m
/n/10.95 Train a Scikit-Learn Random Forest model. Use ‘mlflow.autolog()‘
 []


Overfull \hbox (22.41568pt too wide) in paragraph at lines 955--964
[]\TU/NotoSans(0)/b/n/10.95 Resources:[] \TU/NotoSans(0)/m/n/10.95 MLflow in Fa
bric documentation ([][]$[][][][][] [] [] [] [][][][][] [] [][][][][][][][][] [
] [][][] [] [][][][][][] [] [][][][][][][][][][][][][] []$
 []


Overfull \hbox (68.22546pt too wide) in paragraph at lines 955--964
$[][][][][][][][][][][][][][][][]$[][]\TU/NotoSans(0)/m/n/10.95 ); Data Enginee
r Handbook ([][]$[][][][][] [] [] [] [][][][][][] [] [][][] [] [][][][][][][][]
[][][][][][] [] [][][][][][][][][][][][][][][][][][][][][][][][]$[][]).
 []

[22]
Overfull \hbox (15.08763pt too wide) in paragraph at lines 975--984
\TU/NotoSans(0)/m/n/10.95 in Fabric docs ([][]$[][][][][] [] [] [] [][][][][] [
] [][][][][][][][][] [] [][][] [] [][][][][][] [] [][][][][][][][][][][][][] []
 [][][][][][][][][][][][] [] [][][][][][][][]$[][]).   []\TU/NotoSans(0)/b/n/10
.95 Self-
 []


Overfull \hbox (1.74855pt too wide) in paragraph at lines 987--988
\TU/NotoSans(0)/b/n/10.95 Outcomes: \TU/NotoSans(0)/m/n/10.95 batch-score Delta
 tables with the PREDICT function, automate inference in pipelines,
 []


Overfull \hbox (20.31924pt too wide) in paragraph at lines 995--1004
$[][][][][][][][][][][][][] [] [][][][][][][][][][][][][][][][][][][][][][][][]
[]$[][]\TU/NotoSans(0)/m/n/10.95 ); MLflow repository ([][]$[][][][][] [] [] []
 [][][][][][] [] [][][] [] [][][][][][] [] [][][][][][]$[][]).
 []


Overfull \hbox (481.5622pt too wide) in paragraph at lines 1006--1017
[]     []
 []

[23] [24] [25]
Overfull \hbox (17.10602pt too wide) in paragraph at lines 1102--1112
[]     []\TU/NotoSans(0)/b/n/10.95 Re-
 []


Overfull \hbox (31.04677pt too wide) in paragraph at lines 1102--1112
\TU/NotoSans(0)/b/n/10.95 sources:[] \TU/NotoSans(0)/m/n/10.95 Fabric security 
documentation ([][]$[][][][][] [] [] [] [][][][][] [] [][][][][][][][][] [] [][
][] [] [][][][][][] [] [][][][][][][][][]$[][]); DataHub
 []


Overfull \hbox (3.4552pt too wide) in paragraph at lines 1119--1120
[]\TU/NotoSans(0)/b/n/10.95 Wednesday: \TU/NotoSans(0)/m/n/10.95 Data Lineage, 
Endorsement (Promoted/Certified), and Impact Analysis. GDPR
 []


Overfull \hbox (10.91217pt too wide) in paragraph at lines 1119--1120
\TU/NotoSans(0)/m/n/10.95 tables, semantic model caches, and clones/backups. Co
mpare crypto-shredding (per-subject
 []

[26]
Overfull \hbox (17.10602pt too wide) in paragraph at lines 1123--1133
[]     []\TU/NotoSans(0)/b/n/10.95 Re-
 []


Overfull \hbox (34.17099pt too wide) in paragraph at lines 1123--1133
$[][][][][][][][][][] [] [][][][][][][][][][][][][][][][][][][][][][][][][][]$[
][]\TU/NotoSans(0)/m/n/10.95 ); DataHub repository ([][]$[][][][][] [] [] [] []
[][][][][] [] [][][] [] [][][][][][][][][][][][][][][][] []$
 []


Overfull \hbox (12.9415pt too wide) in paragraph at lines 1139--1140
[]\TU/NotoSans(0)/b/n/10.95 Tuesday: \TU/NotoSans(0)/m/n/10.95 Git Integration:
 Syncing Workspaces with Azure DevOps/GitHub. Disaster-recovery
 []


Overfull \hbox (23.74803pt too wide) in paragraph at lines 1139--1140
\TU/NotoSans(0)/m/n/10.95 role: Git Integration plus Deployment Pipelines serve
 as the recovery mechanism for workspace
 []

[27]
Underfull \hbox (badness 1975) in paragraph at lines 1144--1144
[][]\TU/NotoSans(0)/b/n/10.95 Production Note:[] \TU/NotoSans(0)/m/it/10.95 Fab
ric DR reality check: OneLake has no traditional backup/restore.
 []


Overfull \hbox (481.5622pt too wide) in paragraph at lines 1144--1156
[]     []
 []


Overfull \hbox (17.10602pt too wide) in paragraph at lines 1144--1156
    []     []\TU/NotoSans(0)/b/n/10.95 Re-
 []


Overfull \hbox (37.77716pt too wide) in paragraph at lines 1144--1156
$[][][][][][][][][][][][][][][][] [] [][][][][][][][][][][][][][][][][][][][][]
[][][][][][]$[][]\TU/NotoSans(0)/m/n/10.95 ); Fabric Capacity Metrics app ([][]
$[][][][][] [] [] [] [][][][][] [] [][][][][][][][][] []$
 []

[28]
Overfull \hbox (7.63187pt too wide) in paragraph at lines 1167--1176
$[][][][][][][][][][][][][][] [] [][][][][][][][][][][][][][][][][][][][][][][]
[][][][][][][][][][][][][][][][]$[][]\TU/NotoSans(0)/m/n/10.95 ); Data Engineer
ing Zoomcamp ([][]$[][][][][] []$
 []


Overfull \hbox (481.5622pt too wide) in paragraph at lines 1178--1189
[]     []
 []

[29] [30]
Overfull \hbox (3.35863pt too wide) in paragraph at lines 1282--1283
\TU/NotoSans(0)/m/n/10.95 Microsoft Purview classification applied to Fabric it
ems, inherited downstream. 
 []

[31]
Overfull \hbox (1.00856pt too wide) in paragraph at lines 1288--1289
\TU/NotoSans(0)/m/n/10.95 Each monthly capstone is graded against its Acceptanc
e Criteria box using the following weights: 
 []


Overfull \hbox (9.92303pt too wide) in paragraph at lines 1316--1317
[]\TU/NotoSans(0)/m/n/10.95 How do you handle late-arriving and duplicate event
s in a KQL/Eventstream pipeline? (Weeks
 []

[32] [33] [34]
Overfull \hbox (53.05472pt too wide) in paragraph at lines 1442--1443
\TU/lmtt/m/n/10.95 arg_max \TU/NotoSans(0)/m/n/10.95 collapses replayed copies 
of the same \TU/lmtt/m/n/10.95 EventId\TU/NotoSans(0)/m/n/10.95 , keeping the l
atest arrival by \TU/lmtt/m/n/10.95 ingestion_time()\TU/NotoSans(0)/m/n/10.95 .
 
 []

[35] [36]
Overfull \hbox (35.75641pt too wide) in paragraph at lines 1542--1543
[]\TU/NotoSans(0)/b/n/10.95 Olist Brazilian e-commerce \TU/NotoSans(0)/m/n/10.9
5 ([][]$[][][][][] [] [] [] [][][] [] [][][][][][] [] [][][] [] [][][][][][][][
] [] [][][][][][][] [] [][][][][][][][][][][][][][][][][][][][]$[][])
 []


Overfull \hbox (1.07544pt too wide) in paragraph at lines 1542--1543
\TU/NotoSans(0)/m/n/10.95 ments, reviews). Use for Milestones 3 and 5: metadata
-driven ingestion and churn/feature-
 []


Overfull \hbox (7.15416pt too wide) in paragraph at lines 1564--1565
[]\TU/NotoSans(0)/b/n/10.95 M2: \TU/NotoSans(0)/m/n/10.95 Implemented Kimball d
imensional models (conformed dimensions, SCD Type 2 MERGE)
 []

[37] [38]
Overfull \hbox (9.79384pt too wide) in alignment at lines 1585--1589
 [] [] [] [] 
 []


Overfull \hbox (9.79384pt too wide) in alignment at lines 1589--1594
 [] [] [] [] 
 []


Overfull \hbox (9.79384pt too wide) in alignment at lines 1594--1597
 [] [] [] [] 
 []


Overfull \hbox (9.79384pt too wide) in alignment at lines 1597--1600
 [] [] [] [] 
 []


Underfull \hbox (badness 1067) in paragraph at lines 1610--1610
[]|\TU/NotoSans(0)/b/n/10.95 Cap 2: End-to-End Analytics Work-
 []


Underfull \hbox (badness 1189) in paragraph at lines 1628--1628
[]|\TU/NotoSans(0)/m/n/10.95 Sensitivity Labels, Lineage & Crypto-
 []


Overfull \hbox (9.79384pt too wide) in alignment at lines 1600--1632
 [] [] [] [] 
 []

[39] [40] (main.aux)
 ***********
LaTeX2e <2026-06-01>
L3 programming layer <2026-06-18>
 ***********
Package rerunfilecheck Info: File `main.out' has not changed.
(rerunfilecheck)             Checksum: E1491FAD0243159D39FED753186DA2C6;3698.
 ) 
Here is how much of TeX's memory you used:
 27502 strings out of 402629
 558280 string characters out of 5437471
 1475376 words of memory out of 5000000
 56174 multiletter control sequences out of 15000+600000
 634716 words of font info for 103 fonts, out of 8000000 for 9000
 1348 hyphenation exceptions out of 8191
 102i,8n,107p,895b,2069s stack positions out of 10000i,1000n,20000p,200000b,200000s

Output written on main.pdf (40 pages).
