This is pdfTeX, Version 3.141592653-2.6-1.40.29 (MiKTeX 26.5) (preloaded format=pdflatex 2026.7.30)  31 JUL 2026 18:57
entering extended mode
 restricted \write18 enabled.
 %&-line parsing enabled.
**./main.tex
(main.tex
LaTeX2e <2026-06-01>
L3 programming layer <2026-06-18>
(C:\Users\aned.esquerra\AppData\Local\Programs\MiKTeX\tex/latex/base\book.cls
Document Class: book 2025/01/22 v1.4n Standard LaTeX document class
(C:\Users\aned.esquerra\AppData\Local\Programs\MiKTeX\tex/latex/base\bk11.clo
File: bk11.clo 2025/01/22 v1.4n Standard LaTeX file (size option)
)
\c@part=\count276
\c@chapter=\count277
\c@section=\count278
\c@subsection=\count279
\c@subsubsection=\count280
\c@paragraph=\count281
\c@subparagraph=\count282
\c@figure=\count283
\c@table=\count284
\abovecaptionskip=\skip49
\belowcaptionskip=\skip50
\bibindent=\dimen150
) (preamble.tex
(C:\Users\aned.esquerra\AppData\Local\Programs\MiKTeX\tex/latex/base\fontenc.st
y
Package: fontenc 2025/07/18 v2.1d Standard LaTeX package
)
(C:\Users\aned.esquerra\AppData\Local\Programs\MiKTeX\tex/latex/lm\lmodern.sty
Package: lmodern 2015/05/01 v1.6.1 Latin Modern Fonts
LaTeX Font Info:    Overwriting symbol font `operators' in version `normal'
(Font)                  OT1/cmr/m/n --> OT1/lmr/m/n on input line 22.
LaTeX Font Info:    Overwriting symbol font `letters' in version `normal'
(Font)                  OML/cmm/m/it --> OML/lmm/m/it on input line 23.
LaTeX Font Info:    Overwriting symbol font `symbols' in version `normal'
(Font)                  OMS/cmsy/m/n --> OMS/lmsy/m/n on input line 24.
LaTeX Font Info:    Overwriting symbol font `largesymbols' in version `normal'
(Font)                  OMX/cmex/m/n --> OMX/lmex/m/n on input line 25.
LaTeX Font Info:    Overwriting symbol font `operators' in version `bold'
(Font)                  OT1/cmr/bx/n --> OT1/lmr/bx/n on input line 26.
LaTeX Font Info:    Overwriting symbol font `letters' in version `bold'
(Font)                  OML/cmm/b/it --> OML/lmm/b/it on input line 27.
LaTeX Font Info:    Overwriting symbol font `symbols' in version `bold'
(Font)                  OMS/cmsy/b/n --> OMS/lmsy/b/n on input line 28.
LaTeX Font Info:    Overwriting symbol font `largesymbols' in version `bold'
(Font)                  OMX/cmex/m/n --> OMX/lmex/m/n on input line 29.
LaTeX Font Info:    Overwriting math alphabet `\mathbf' in version `normal'
(Font)                  OT1/cmr/bx/n --> OT1/lmr/bx/n on input line 31.
LaTeX Font Info:    Overwriting math alphabet `\mathsf' in version `normal'
(Font)                  OT1/cmss/m/n --> OT1/lmss/m/n on input line 32.
LaTeX Font Info:    Overwriting math alphabet `\mathit' in version `normal'
(Font)                  OT1/cmr/m/it --> OT1/lmr/m/it on input line 33.
LaTeX Font Info:    Overwriting math alphabet `\mathtt' in version `normal'
(Font)                  OT1/cmtt/m/n --> OT1/lmtt/m/n on input line 34.
LaTeX Font Info:    Overwriting math alphabet `\mathbf' in version `bold'
(Font)                  OT1/cmr/bx/n --> OT1/lmr/bx/n on input line 35.
LaTeX Font Info:    Overwriting math alphabet `\mathsf' in version `bold'
(Font)                  OT1/cmss/bx/n --> OT1/lmss/bx/n on input line 36.
LaTeX Font Info:    Overwriting math alphabet `\mathit' in version `bold'
(Font)                  OT1/cmr/bx/it --> OT1/lmr/bx/it on input line 37.
LaTeX Font Info:    Overwriting math alphabet `\mathtt' in version `bold'
(Font)                  OT1/cmtt/m/n --> OT1/lmtt/m/n on input line 38.
)
(C:\Users\aned.esquerra\AppData\Local\Programs\MiKTeX\tex/latex/base\inputenc.s
ty
Package: inputenc 2024/02/08 v1.3d Input encoding file
\inpenc@prehook=\toks17
\inpenc@posthook=\toks18
)
(C:\Users\aned.esquerra\AppData\Local\Programs\MiKTeX\tex/latex/amsmath\amsmath
.sty
Package: amsmath 2026/05/19 v2.18d AMS math features
\@mathmargin=\skip51

For additional information on amsmath, use the `?' option.

(C:\Users\aned.esquerra\AppData\Local\Programs\MiKTeX\tex/latex/amsmath\amstext
.sty
Package: amstext 2024/11/17 v2.01 AMS text

(C:\Users\aned.esquerra\AppData\Local\Programs\MiKTeX\tex/latex/amsmath\amsgen.
sty
File: amsgen.sty 1999/11/30 v2.0 generic functions
\@emptytoks=\toks19
\ex@=\dimen151
))
(C:\Users\aned.esquerra\AppData\Local\Programs\MiKTeX\tex/latex/amsmath\amsbsy.
sty
Package: amsbsy 1999/11/29 v1.2d Bold Symbols
\pmbraise@=\dimen152
)
(C:\Users\aned.esquerra\AppData\Local\Programs\MiKTeX\tex/latex/amsmath\amsopn.
sty
Package: amsopn 2022/04/08 v2.04 operator names
)
\inf@bad=\count285
LaTeX Info: Redefining \frac on input line 233.
\uproot@=\count286
\leftroot@=\count287
LaTeX Info: Redefining \overline on input line 398.
LaTeX Info: Redefining \colon on input line 409.
\classnum@=\count288
\DOTSCASE@=\count289
LaTeX Info: Redefining \ldots on input line 495.
LaTeX Info: Redefining \dots on input line 498.
LaTeX Info: Redefining \cdots on input line 619.
\Mathstrutbox@=\box53
\strutbox@=\box54
LaTeX Info: Redefining \big on input line 721.
LaTeX Info: Redefining \Big on input line 722.
LaTeX Info: Redefining \bigg on input line 723.
LaTeX Info: Redefining \Bigg on input line 724.
\big@size=\dimen153
LaTeX Font Info:    Redeclaring font encoding OML on input line 742.
LaTeX Font Info:    Redeclaring font encoding OMS on input line 743.
\macc@depth=\count290
LaTeX Info: Redefining \bmod on input line 904.
LaTeX Info: Redefining \pmod on input line 909.
LaTeX Info: Redefining \smash on input line 939.
LaTeX Info: Redefining \relbar on input line 969.
LaTeX Info: Redefining \Relbar on input line 970.
\c@MaxMatrixCols=\count291
\dotsspace@=\muskip17
\c@parentequation=\count292
\dspbrk@lvl=\count293
\tag@help=\toks20
\row@=\count294
\column@=\count295
\maxfields@=\count296
\andhelp@=\toks21
\eqnshift@=\dimen154
\alignsep@=\dimen155
\tagshift@=\dimen156
\tagwidth@=\dimen157
\totwidth@=\dimen158
\lineht@=\dimen159
\@envbody=\toks22
\multlinegap=\skip52
\multlinetaggap=\skip53
\mathdisplay@stack=\toks23
LaTeX Info: Redefining \[ on input line 2965.
LaTeX Info: Redefining \] on input line 2966.
)
(C:\Users\aned.esquerra\AppData\Local\Programs\MiKTeX\tex/latex/amsfonts\amsfon
ts.sty
Package: amsfonts 2013/01/14 v3.01 Basic AMSFonts support
\symAMSa=\mathgroup4
\symAMSb=\mathgroup5
LaTeX Font Info:    Redeclaring math symbol \hbar on input line 98.
LaTeX Font Info:    Overwriting math alphabet `\mathfrak' in version `bold'
(Font)                  U/euf/m/n --> U/euf/b/n on input line 106.
)
(C:\Users\aned.esquerra\AppData\Local\Programs\MiKTeX\tex/latex/amsfonts\amssym
b.sty
Package: amssymb 2013/01/14 v3.01 AMS font symbols
)
(C:\Users\aned.esquerra\AppData\Local\Programs\MiKTeX\tex/latex/geometry\geomet
ry.sty
Package: geometry 2026/03/07 v6.0 Page Geometry

(C:\Users\aned.esquerra\AppData\Local\Programs\MiKTeX\tex/latex/graphics\keyval
.sty
Package: keyval 2026-05-17 v1.15 key=value parser (DPC)
\KV@toks@=\toks24
)
(C:\Users\aned.esquerra\AppData\Local\Programs\MiKTeX\tex/generic/iftex\ifvtex.
sty
Package: ifvtex 2019/10/25 v1.7 ifvtex legacy package. Use iftex instead.

(C:\Users\aned.esquerra\AppData\Local\Programs\MiKTeX\tex/generic/iftex\iftex.s
ty
Package: iftex 2024/12/12 v1.0g TeX engine tests
))
\Gm@cnth=\count297
\Gm@cntv=\count298
\c@Gm@tempcnt=\count299
\Gm@bindingoffset=\dimen160
\Gm@wd@mp=\dimen161
\Gm@odd@mp=\dimen162
\Gm@even@mp=\dimen163
\Gm@layoutwidth=\dimen164
\Gm@layoutheight=\dimen165
\Gm@layouthoffset=\dimen166
\Gm@layoutvoffset=\dimen167
\Gm@dimlist=\toks25

(C:\Users\aned.esquerra\AppData\Local\Programs\MiKTeX\tex/latex/geometry\geomet
ry.cfg))
(C:\Users\aned.esquerra\AppData\Local\Programs\MiKTeX\tex/latex/xcolor\xcolor.s
ty
Package: xcolor 2024/09/29 v3.02 LaTeX color extensions (UK)

(C:\Users\aned.esquerra\AppData\Local\Programs\MiKTeX\tex/latex/graphics-cfg\co
lor.cfg
File: color.cfg 2016/01/02 v1.6 sample color configuration
)
Package xcolor Info: Driver file: pdftex.def on input line 274.

(C:\Users\aned.esquerra\AppData\Local\Programs\MiKTeX\tex/latex/graphics-def\pd
ftex.def
File: pdftex.def 2025/09/29 v1.2d Graphics/color driver for pdftex
)
(C:\Users\aned.esquerra\AppData\Local\Programs\MiKTeX\tex/latex/graphics\mathco
lor.ltx)
Package xcolor Info: Model `cmy' substituted by `cmy0' on input line 1349.
Package xcolor Info: Model `hsb' substituted by `rgb' on input line 1353.
Package xcolor Info: Model `RGB' extended on input line 1365.
Package xcolor Info: Model `HTML' substituted by `rgb' on input line 1367.
Package xcolor Info: Model `Hsb' substituted by `hsb' on input line 1368.
Package xcolor Info: Model `tHsb' substituted by `hsb' on input line 1369.
Package xcolor Info: Model `HSB' substituted by `hsb' on input line 1370.
Package xcolor Info: Model `Gray' substituted by `gray' on input line 1371.
Package xcolor Info: Model `wave' substituted by `hsb' on input line 1372.
)
(C:\Users\aned.esquerra\AppData\Local\Programs\MiKTeX\tex/latex/listings\listin
gs.sty
\lst@mode=\count300
\lst@gtempboxa=\box55
\lst@token=\toks26
\lst@length=\count301
\lst@currlwidth=\dimen168
\lst@column=\count302
\lst@pos=\count303
\lst@lostspace=\dimen169
\lst@width=\dimen170
\lst@newlines=\count304
\lst@lineno=\count305
\lst@maxwidth=\dimen171

(C:\Users\aned.esquerra\AppData\Local\Programs\MiKTeX\tex/latex/listings\lstpat
ch.sty
File: lstpatch.sty 2025/11/14 1.11b (Carsten Heinz)
)
(C:\Users\aned.esquerra\AppData\Local\Programs\MiKTeX\tex/latex/listings\lstmis
c.sty
File: lstmisc.sty 2025/11/14 1.11b (Carsten Heinz)
\c@lstnumber=\count306
\lst@skipnumbers=\count307
\lst@framebox=\box56
)
(C:\Users\aned.esquerra\AppData\Local\Programs\MiKTeX\tex/latex/listings\listin
gs.cfg
File: listings.cfg 2025/11/14 1.11b listings configuration
))
Package: listings 2025/11/14 1.11b (Carsten Heinz)

(C:\Users\aned.esquerra\AppData\Local\Programs\MiKTeX\tex/latex/hyperref\hyperr
ef.sty
Package: hyperref 2026-06-17 v7.01r Hypertext links for LaTeX

(C:\Users\aned.esquerra\AppData\Local\Programs\MiKTeX\tex/latex/kvsetkeys\kvset
keys.sty
Package: kvsetkeys 2022-10-05 v1.19 Key value parser (HO)
)
(C:\Users\aned.esquerra\AppData\Local\Programs\MiKTeX\tex/generic/kvdefinekeys\
kvdefinekeys.sty
Package: kvdefinekeys 2019-12-19 v1.6 Define keys (HO)
)
(C:\Users\aned.esquerra\AppData\Local\Programs\MiKTeX\tex/generic/pdfescape\pdf
escape.sty
Package: pdfescape 2019/12/09 v1.15 Implements pdfTeX's escape features (HO)

(C:\Users\aned.esquerra\AppData\Local\Programs\MiKTeX\tex/generic/ltxcmds\ltxcm
ds.sty
Package: ltxcmds 2023-12-04 v1.26 LaTeX kernel commands for general use (HO)
)
(C:\Users\aned.esquerra\AppData\Local\Programs\MiKTeX\tex/generic/pdftexcmds\pd
ftexcmds.sty
Package: pdftexcmds 2020-06-27 v0.33 Utility functions of pdfTeX for LuaTeX (HO
)

(C:\Users\aned.esquerra\AppData\Local\Programs\MiKTeX\tex/generic/infwarerr\inf
warerr.sty
Package: infwarerr 2019/12/03 v1.5 Providing info/warning/error messages (HO)
)
Package pdftexcmds Info: \pdf@primitive is available.
Package pdftexcmds Info: \pdf@ifprimitive is available.
Package pdftexcmds Info: \pdfdraftmode found.
))
(C:\Users\aned.esquerra\AppData\Local\Programs\MiKTeX\tex/latex/hycolor\hycolor
.sty
Package: hycolor 2020-01-27 v1.10 Color options for hyperref/bookmark (HO)
)
(C:\Users\aned.esquerra\AppData\Local\Programs\MiKTeX\tex/latex/hyperref\namere
f.sty
Package: nameref 2026-01-29 v2.58 Cross-referencing by name of section

(C:\Users\aned.esquerra\AppData\Local\Programs\MiKTeX\tex/latex/refcount\refcou
nt.sty
Package: refcount 2019/12/15 v3.6 Data extraction from label references (HO)
)
(C:\Users\aned.esquerra\AppData\Local\Programs\MiKTeX\tex/generic/gettitlestrin
g\gettitlestring.sty
Package: gettitlestring 2019/12/15 v1.6 Cleanup title references (HO)

(C:\Users\aned.esquerra\AppData\Local\Programs\MiKTeX\tex/latex/kvoptions\kvopt
ions.sty
Package: kvoptions 2022-06-15 v3.15 Key value format for package options (HO)
))
\c@section@level=\count308
)
(C:\Users\aned.esquerra\AppData\Local\Programs\MiKTeX\tex/latex/etoolbox\etoolb
ox.sty
Package: etoolbox 2025/10/02 v2.5m e-TeX tools for LaTeX (JAW)
\etb@tempcnta=\count309
)
(C:\Users\aned.esquerra\AppData\Local\Programs\MiKTeX\tex/generic/stringenc\str
ingenc.sty
Package: stringenc 2019/11/29 v1.12 Convert strings between diff. encodings (HO
)
)
\@linkdim=\dimen172
\Hy@linkcounter=\count310
\Hy@pagecounter=\count311

(C:\Users\aned.esquerra\AppData\Local\Programs\MiKTeX\tex/latex/hyperref\pd1enc
.def
File: pd1enc.def 2026-06-17 v7.01r Hyperref: PDFDocEncoding definition (HO)
Now handling font encoding PD1 ...
... no UTF-8 mapping file for font encoding PD1
)
(C:\Users\aned.esquerra\AppData\Local\Programs\MiKTeX\tex/generic/intcalc\intca
lc.sty
Package: intcalc 2019/12/15 v1.3 Expandable calculations with integers (HO)
)
\Hy@SavedSpaceFactor=\count312

(C:\Users\aned.esquerra\AppData\Local\Programs\MiKTeX\tex/latex/hyperref\puenc.
def
File: puenc.def 2026-06-17 v7.01r Hyperref: PDF Unicode definition (HO)
Now handling font encoding PU ...
... no UTF-8 mapping file for font encoding PU
)
Package hyperref Info: Hyper figures OFF on input line 4199.
Package hyperref Info: Link nesting OFF on input line 4204.
Package hyperref Info: Hyper index ON on input line 4207.
Package hyperref Info: Plain pages OFF on input line 4214.
Package hyperref Info: Backreferencing OFF on input line 4219.
Package hyperref Info: Implicit mode ON; LaTeX internals redefined.
Package hyperref Info: Bookmarks ON on input line 4466.
\c@Hy@tempcnt=\count313

(C:\Users\aned.esquerra\AppData\Local\Programs\MiKTeX\tex/latex/url\url.sty
\Urlmuskip=\muskip18
Package: url 2013/09/16  ver 3.4  Verb mode for urls, etc.
)
LaTeX Info: Redefining \url on input line 4805.
\XeTeXLinkMargin=\dimen173

(C:\Users\aned.esquerra\AppData\Local\Programs\MiKTeX\tex/generic/bitset\bitset
.sty
Package: bitset 2019/12/09 v1.3 Handle bit-vector datatype (HO)

(C:\Users\aned.esquerra\AppData\Local\Programs\MiKTeX\tex/generic/bigintcalc\bi
gintcalc.sty
Package: bigintcalc 2019/12/15 v1.5 Expandable calculations on big integers (HO
)
))
\Fld@menulength=\count314
\Field@Width=\dimen174
\Fld@charsize=\dimen175
Package hyperref Info: Hyper figures OFF on input line 6091.
Package hyperref Info: Link nesting OFF on input line 6096.
Package hyperref Info: Hyper index ON on input line 6099.
Package hyperref Info: backreferencing OFF on input line 6106.
Package hyperref Info: Link coloring OFF on input line 6111.
Package hyperref Info: Link coloring with OCG OFF on input line 6116.
Package hyperref Info: PDF/A mode OFF on input line 6121.
\Hy@abspage=\count315
\c@Item=\count316
\c@Hfootnote=\count317
)
Package hyperref Info: Driver (autodetected): hpdftex.

(C:\Users\aned.esquerra\AppData\Local\Programs\MiKTeX\tex/latex/hyperref\hpdfte
x.def
File: hpdftex.def 2026-06-17 v7.01r Hyperref driver for pdfTeX
\Fld@listcount=\count318
\c@bookmark@seq@number=\count319

(C:\Users\aned.esquerra\AppData\Local\Programs\MiKTeX\tex/latex/rerunfilecheck\
rerunfilecheck.sty
Package: rerunfilecheck 2025-06-21 v1.11 Rerun checks for auxiliary files (HO)

(C:\Users\aned.esquerra\AppData\Local\Programs\MiKTeX\tex/generic/uniquecounter
\uniquecounter.sty
Package: uniquecounter 2019/12/15 v1.4 Provide unlimited unique counter (HO)
)
Package uniquecounter Info: New unique counter `rerunfilecheck' on input line 2
84.
)
\Hy@SectionHShift=\skip54
)
(C:\Users\aned.esquerra\AppData\Local\Programs\MiKTeX\tex/latex/tcolorbox\tcolo
rbox.sty
Package: tcolorbox 2026/05/28 version 6.10.0 text color boxes

(C:\Users\aned.esquerra\AppData\Local\Programs\MiKTeX\tex/latex/pgf/frontendlay
er\tikz.sty
(C:\Users\aned.esquerra\AppData\Local\Programs\MiKTeX\tex/latex/pgf/basiclayer\
pgf.sty
(C:\Users\aned.esquerra\AppData\Local\Programs\MiKTeX\tex/latex/pgf/utilities\p
gfrcs.sty
(C:\Users\aned.esquerra\AppData\Local\Programs\MiKTeX\tex/generic/pgf/utilities
\pgfutil-common.tex
\pgfutil@everybye=\toks27
\pgfutil@tempdima=\dimen176
\pgfutil@tempdimb=\dimen177
)
(C:\Users\aned.esquerra\AppData\Local\Programs\MiKTeX\tex/generic/pgf/utilities
\pgfutil-latex.def
\pgfutil@abb=\box57
)
(C:\Users\aned.esquerra\AppData\Local\Programs\MiKTeX\tex/generic/pgf/utilities
\pgfrcs.code.tex
(C:\Users\aned.esquerra\AppData\Local\Programs\MiKTeX\tex/generic/pgf\pgf.revis
ion.tex)
Package: pgfrcs 2025-08-29 v3.1.11a (3.1.11a)
))
Package: pgf 2025-08-29 v3.1.11a (3.1.11a)

(C:\Users\aned.esquerra\AppData\Local\Programs\MiKTeX\tex/latex/pgf/basiclayer\
pgfcore.sty
(C:\Users\aned.esquerra\AppData\Local\Programs\MiKTeX\tex/latex/graphics\graphi
cx.sty
Package: graphicx 2026-05-17 v1.2e Enhanced LaTeX Graphics (DPC,SPQR)

(C:\Users\aned.esquerra\AppData\Local\Programs\MiKTeX\tex/latex/graphics\graphi
cs.sty
Package: graphics 2026-05-17 v1.4h Standard LaTeX Graphics (DPC,SPQR)

(C:\Users\aned.esquerra\AppData\Local\Programs\MiKTeX\tex/latex/graphics\trig.s
ty
Package: trig 2023/12/02 v1.11 sin cos tan (DPC)
)
(C:\Users\aned.esquerra\AppData\Local\Programs\MiKTeX\tex/latex/graphics-cfg\gr
aphics.cfg
File: graphics.cfg 2016/06/04 v1.11 sample graphics configuration
)
Package graphics Info: Driver file: pdftex.def on input line 106.
)
\Gin@req@height=\dimen178
\Gin@req@width=\dimen179
)
(C:\Users\aned.esquerra\AppData\Local\Programs\MiKTeX\tex/latex/pgf/systemlayer
\pgfsys.sty
(C:\Users\aned.esquerra\AppData\Local\Programs\MiKTeX\tex/generic/pgf/systemlay
er\pgfsys.code.tex
Package: pgfsys 2025-08-29 v3.1.11a (3.1.11a)

(C:\Users\aned.esquerra\AppData\Local\Programs\MiKTeX\tex/generic/pgf/utilities
\pgfkeys.code.tex
\pgfkeys@pathtoks=\toks28
\pgfkeys@temptoks=\toks29

(C:\Users\aned.esquerra\AppData\Local\Programs\MiKTeX\tex/generic/pgf/utilities
\pgfkeyslibraryfiltered.code.tex
\pgfkeys@tmptoks=\toks30
))
\pgf@x=\dimen180
\pgf@y=\dimen181
\pgf@xa=\dimen182
\pgf@ya=\dimen183
\pgf@xb=\dimen184
\pgf@yb=\dimen185
\pgf@xc=\dimen186
\pgf@yc=\dimen187
\pgf@xd=\dimen188
\pgf@yd=\dimen189
\w@pgf@writea=\write3
\r@pgf@reada=\read2
\c@pgf@counta=\count320
\c@pgf@countb=\count321
\c@pgf@countc=\count322
\c@pgf@countd=\count323
\t@pgf@toka=\toks31
\t@pgf@tokb=\toks32
\t@pgf@tokc=\toks33
\pgf@sys@id@count=\count324

(C:\Users\aned.esquerra\AppData\Local\Programs\MiKTeX\tex/generic/pgf/systemlay
er\pgf.cfg
File: pgf.cfg 2025-08-29 v3.1.11a (3.1.11a)
)
Driver file for pgf: pgfsys-pdftex.def

(C:\Users\aned.esquerra\AppData\Local\Programs\MiKTeX\tex/generic/pgf/systemlay
er\pgfsys-pdftex.def
File: pgfsys-pdftex.def 2025-08-29 v3.1.11a (3.1.11a)

(C:\Users\aned.esquerra\AppData\Local\Programs\MiKTeX\tex/generic/pgf/systemlay
er\pgfsys-common-pdf.def
File: pgfsys-common-pdf.def 2025-08-29 v3.1.11a (3.1.11a)
)))
(C:\Users\aned.esquerra\AppData\Local\Programs\MiKTeX\tex/generic/pgf/systemlay
er\pgfsyssoftpath.code.tex
File: pgfsyssoftpath.code.tex 2025-08-29 v3.1.11a (3.1.11a)
\pgfsyssoftpath@smallbuffer@items=\count325
\pgfsyssoftpath@bigbuffer@items=\count326
)
(C:\Users\aned.esquerra\AppData\Local\Programs\MiKTeX\tex/generic/pgf/systemlay
er\pgfsysprotocol.code.tex
File: pgfsysprotocol.code.tex 2025-08-29 v3.1.11a (3.1.11a)
))
(C:\Users\aned.esquerra\AppData\Local\Programs\MiKTeX\tex/generic/pgf/basiclaye
r\pgfcore.code.tex
Package: pgfcore 2025-08-29 v3.1.11a (3.1.11a)

(C:\Users\aned.esquerra\AppData\Local\Programs\MiKTeX\tex/generic/pgf/math\pgfm
ath.code.tex
(C:\Users\aned.esquerra\AppData\Local\Programs\MiKTeX\tex/generic/pgf/math\pgfm
athutil.code.tex)
(C:\Users\aned.esquerra\AppData\Local\Programs\MiKTeX\tex/generic/pgf/math\pgfm
athparser.code.tex
\pgfmath@dimen=\dimen190
\pgfmath@count=\count327
\pgfmath@box=\box58
\pgfmath@toks=\toks34
\pgfmath@stack@operand=\toks35
\pgfmath@stack@operation=\toks36
)
(C:\Users\aned.esquerra\AppData\Local\Programs\MiKTeX\tex/generic/pgf/math\pgfm
athfunctions.code.tex)
(C:\Users\aned.esquerra\AppData\Local\Programs\MiKTeX\tex/generic/pgf/math\pgfm
athfunctions.basic.code.tex)
(C:\Users\aned.esquerra\AppData\Local\Programs\MiKTeX\tex/generic/pgf/math\pgfm
athfunctions.trigonometric.code.tex)
(C:\Users\aned.esquerra\AppData\Local\Programs\MiKTeX\tex/generic/pgf/math\pgfm
athfunctions.random.code.tex)
(C:\Users\aned.esquerra\AppData\Local\Programs\MiKTeX\tex/generic/pgf/math\pgfm
athfunctions.comparison.code.tex)
(C:\Users\aned.esquerra\AppData\Local\Programs\MiKTeX\tex/generic/pgf/math\pgfm
athfunctions.base.code.tex)
(C:\Users\aned.esquerra\AppData\Local\Programs\MiKTeX\tex/generic/pgf/math\pgfm
athfunctions.round.code.tex)
(C:\Users\aned.esquerra\AppData\Local\Programs\MiKTeX\tex/generic/pgf/math\pgfm
athfunctions.misc.code.tex)
(C:\Users\aned.esquerra\AppData\Local\Programs\MiKTeX\tex/generic/pgf/math\pgfm
athfunctions.integerarithmetics.code.tex)
(C:\Users\aned.esquerra\AppData\Local\Programs\MiKTeX\tex/generic/pgf/math\pgfm
athcalc.code.tex)
(C:\Users\aned.esquerra\AppData\Local\Programs\MiKTeX\tex/generic/pgf/math\pgfm
athfloat.code.tex
\c@pgfmathroundto@lastzeros=\count328
))
(C:\Users\aned.esquerra\AppData\Local\Programs\MiKTeX\tex/generic/pgf/math\pgfi
nt.code.tex)
(C:\Users\aned.esquerra\AppData\Local\Programs\MiKTeX\tex/generic/pgf/basiclaye
r\pgfcorepoints.code.tex
File: pgfcorepoints.code.tex 2025-08-29 v3.1.11a (3.1.11a)
\pgf@picminx=\dimen191
\pgf@picmaxx=\dimen192
\pgf@picminy=\dimen193
\pgf@picmaxy=\dimen194
\pgf@pathminx=\dimen195
\pgf@pathmaxx=\dimen196
\pgf@pathminy=\dimen197
\pgf@pathmaxy=\dimen198
\pgf@xx=\dimen199
\pgf@xy=\dimen256
\pgf@yx=\dimen257
\pgf@yy=\dimen258
\pgf@zx=\dimen259
\pgf@zy=\dimen260
)
(C:\Users\aned.esquerra\AppData\Local\Programs\MiKTeX\tex/generic/pgf/basiclaye
r\pgfcorepathconstruct.code.tex
File: pgfcorepathconstruct.code.tex 2025-08-29 v3.1.11a (3.1.11a)
\pgf@path@lastx=\dimen261
\pgf@path@lasty=\dimen262
)
(C:\Users\aned.esquerra\AppData\Local\Programs\MiKTeX\tex/generic/pgf/basiclaye
r\pgfcorepathusage.code.tex
File: pgfcorepathusage.code.tex 2025-08-29 v3.1.11a (3.1.11a)
\pgf@shorten@end@additional=\dimen263
\pgf@shorten@start@additional=\dimen264
)
(C:\Users\aned.esquerra\AppData\Local\Programs\MiKTeX\tex/generic/pgf/basiclaye
r\pgfcorescopes.code.tex
File: pgfcorescopes.code.tex 2025-08-29 v3.1.11a (3.1.11a)
\pgfpic=\box59
\pgf@hbox=\box60
\pgf@layerbox@main=\box61
\pgf@picture@serial@count=\count329
)
(C:\Users\aned.esquerra\AppData\Local\Programs\MiKTeX\tex/generic/pgf/basiclaye
r\pgfcoregraphicstate.code.tex
File: pgfcoregraphicstate.code.tex 2025-08-29 v3.1.11a (3.1.11a)
\pgflinewidth=\dimen265
)
(C:\Users\aned.esquerra\AppData\Local\Programs\MiKTeX\tex/generic/pgf/basiclaye
r\pgfcoretransformations.code.tex
File: pgfcoretransformations.code.tex 2025-08-29 v3.1.11a (3.1.11a)
\pgf@pt@x=\dimen266
\pgf@pt@y=\dimen267
\pgf@pt@temp=\dimen268
)
(C:\Users\aned.esquerra\AppData\Local\Programs\MiKTeX\tex/generic/pgf/basiclaye
r\pgfcorequick.code.tex
File: pgfcorequick.code.tex 2025-08-29 v3.1.11a (3.1.11a)
)
(C:\Users\aned.esquerra\AppData\Local\Programs\MiKTeX\tex/generic/pgf/basiclaye
r\pgfcoreobjects.code.tex
File: pgfcoreobjects.code.tex 2025-08-29 v3.1.11a (3.1.11a)
)
(C:\Users\aned.esquerra\AppData\Local\Programs\MiKTeX\tex/generic/pgf/basiclaye
r\pgfcorepathprocessing.code.tex
File: pgfcorepathprocessing.code.tex 2025-08-29 v3.1.11a (3.1.11a)
)
(C:\Users\aned.esquerra\AppData\Local\Programs\MiKTeX\tex/generic/pgf/basiclaye
r\pgfcorearrows.code.tex
File: pgfcorearrows.code.tex 2025-08-29 v3.1.11a (3.1.11a)
\pgfarrowsep=\dimen269
)
(C:\Users\aned.esquerra\AppData\Local\Programs\MiKTeX\tex/generic/pgf/basiclaye
r\pgfcoreshade.code.tex
File: pgfcoreshade.code.tex 2025-08-29 v3.1.11a (3.1.11a)
\pgf@max=\dimen270
\pgf@sys@shading@range@num=\count330
\pgf@shadingcount=\count331
)
(C:\Users\aned.esquerra\AppData\Local\Programs\MiKTeX\tex/generic/pgf/basiclaye
r\pgfcoreimage.code.tex
File: pgfcoreimage.code.tex 2025-08-29 v3.1.11a (3.1.11a)
)
(C:\Users\aned.esquerra\AppData\Local\Programs\MiKTeX\tex/generic/pgf/basiclaye
r\pgfcoreexternal.code.tex
File: pgfcoreexternal.code.tex 2025-08-29 v3.1.11a (3.1.11a)
\pgfexternal@startupbox=\box62
)
(C:\Users\aned.esquerra\AppData\Local\Programs\MiKTeX\tex/generic/pgf/basiclaye
r\pgfcorelayers.code.tex
File: pgfcorelayers.code.tex 2025-08-29 v3.1.11a (3.1.11a)
)
(C:\Users\aned.esquerra\AppData\Local\Programs\MiKTeX\tex/generic/pgf/basiclaye
r\pgfcoretransparency.code.tex
File: pgfcoretransparency.code.tex 2025-08-29 v3.1.11a (3.1.11a)
)
(C:\Users\aned.esquerra\AppData\Local\Programs\MiKTeX\tex/generic/pgf/basiclaye
r\pgfcorepatterns.code.tex
File: pgfcorepatterns.code.tex 2025-08-29 v3.1.11a (3.1.11a)
)
(C:\Users\aned.esquerra\AppData\Local\Programs\MiKTeX\tex/generic/pgf/basiclaye
r\pgfcorerdf.code.tex
File: pgfcorerdf.code.tex 2025-08-29 v3.1.11a (3.1.11a)
)))
(C:\Users\aned.esquerra\AppData\Local\Programs\MiKTeX\tex/generic/pgf/modules\p
gfmoduleshapes.code.tex
File: pgfmoduleshapes.code.tex 2025-08-29 v3.1.11a (3.1.11a)
\pgfnodeparttextbox=\box63
)
(C:\Users\aned.esquerra\AppData\Local\Programs\MiKTeX\tex/generic/pgf/modules\p
gfmoduleplot.code.tex
File: pgfmoduleplot.code.tex 2025-08-29 v3.1.11a (3.1.11a)
)
(C:\Users\aned.esquerra\AppData\Local\Programs\MiKTeX\tex/latex/pgf/compatibili
ty\pgfcomp-version-0-65.sty
Package: pgfcomp-version-0-65 2025-08-29 v3.1.11a (3.1.11a)
\pgf@nodesepstart=\dimen271
\pgf@nodesepend=\dimen272
)
(C:\Users\aned.esquerra\AppData\Local\Programs\MiKTeX\tex/latex/pgf/compatibili
ty\pgfcomp-version-1-18.sty
Package: pgfcomp-version-1-18 2025-08-29 v3.1.11a (3.1.11a)
))
(C:\Users\aned.esquerra\AppData\Local\Programs\MiKTeX\tex/latex/pgf/utilities\p
gffor.sty
(C:\Users\aned.esquerra\AppData\Local\Programs\MiKTeX\tex/latex/pgf/utilities\p
gfkeys.sty
(C:\Users\aned.esquerra\AppData\Local\Programs\MiKTeX\tex/generic/pgf/utilities
\pgfkeys.code.tex))
(C:\Users\aned.esquerra\AppData\Local\Programs\MiKTeX\tex/latex/pgf/math\pgfmat
h.sty
(C:\Users\aned.esquerra\AppData\Local\Programs\MiKTeX\tex/generic/pgf/math\pgfm
ath.code.tex))
(C:\Users\aned.esquerra\AppData\Local\Programs\MiKTeX\tex/generic/pgf/utilities
\pgffor.code.tex
Package: pgffor 2025-08-29 v3.1.11a (3.1.11a)
\pgffor@iter=\dimen273
\pgffor@skip=\dimen274
\pgffor@stack=\toks37
\pgffor@toks=\toks38
))
(C:\Users\aned.esquerra\AppData\Local\Programs\MiKTeX\tex/generic/pgf/frontendl
ayer/tikz\tikz.code.tex
Package: tikz 2025-08-29 v3.1.11a (3.1.11a)

(C:\Users\aned.esquerra\AppData\Local\Programs\MiKTeX\tex/generic/pgf/libraries
\pgflibraryplothandlers.code.tex
File: pgflibraryplothandlers.code.tex 2025-08-29 v3.1.11a (3.1.11a)
\pgf@plot@mark@count=\count332
\pgfplotmarksize=\dimen275
)
\tikz@lastx=\dimen276
\tikz@lasty=\dimen277
\tikz@lastxsaved=\dimen278
\tikz@lastysaved=\dimen279
\tikz@lastmovetox=\dimen280
\tikz@lastmovetoy=\dimen281
\tikzleveldistance=\dimen282
\tikzsiblingdistance=\dimen283
\tikz@figbox=\box64
\tikz@figbox@bg=\box65
\tikz@tempbox=\box66
\tikz@tempbox@bg=\box67
\tikztreelevel=\count333
\tikznumberofchildren=\count334
\tikznumberofcurrentchild=\count335
\tikz@fig@count=\count336

(C:\Users\aned.esquerra\AppData\Local\Programs\MiKTeX\tex/generic/pgf/modules\p
gfmodulematrix.code.tex
File: pgfmodulematrix.code.tex 2025-08-29 v3.1.11a (3.1.11a)
\pgfmatrixcurrentrow=\count337
\pgfmatrixcurrentcolumn=\count338
\pgf@matrix@numberofcolumns=\count339
)
\tikz@expandcount=\count340

(C:\Users\aned.esquerra\AppData\Local\Programs\MiKTeX\tex/generic/pgf/frontendl
ayer/tikz/libraries\tikzlibrarytopaths.code.tex
File: tikzlibrarytopaths.code.tex 2025-08-29 v3.1.11a (3.1.11a)
)))
(C:\Users\aned.esquerra\AppData\Local\Programs\MiKTeX\tex/latex/tools\verbatim.
sty
Package: verbatim 2024-01-22 v1.5x LaTeX2e package for verbatim enhancements
\every@verbatim=\toks39
\verbatim@line=\toks40
\verbatim@in@stream=\read3
)
(C:\Users\aned.esquerra\AppData\Local\Programs\MiKTeX\tex/latex/environ\environ
.sty
Package: environ 2014/05/04 v0.3 A new way to define environments

(C:\Users\aned.esquerra\AppData\Local\Programs\MiKTeX\tex/latex/trimspaces\trim
spaces.sty
Package: trimspaces 2009/09/17 v1.1 Trim spaces around a token list
))
\tcb@titlebox=\box68
\tcb@upperbox=\box69
\tcb@lowerbox=\box70
\tcb@phantombox=\box71
\c@tcbbreakpart=\count341
\c@tcblayer=\count342
\c@tcolorbox@number=\count343
\l__tcobox_tmpa_box=\box72
\l__tcobox_tmpa_dim=\dimen284
\tcb@temp=\box73
\tcb@temp=\box74
\tcb@temp=\box75
\tcb@temp=\box76

(C:\Users\aned.esquerra\AppData\Local\Programs\MiKTeX\tex/latex/tcolorbox\tcbra
ster.code.tex
Library (tcolorbox): 'tcbraster.code.tex' version '6.10.0'
\c@tcbrastercolumn=\count344
\c@tcbrasterrow=\count345
\c@tcbrasternum=\count346
\c@tcbraster=\count347
)
(C:\Users\aned.esquerra\AppData\Local\Programs\MiKTeX\tex/latex/tcolorbox\tcbsk
ins.code.tex
Library (tcolorbox): 'tcbskins.code.tex' version '6.10.0'

(C:\Users\aned.esquerra\AppData\Local\Programs\MiKTeX\tex/latex/tikzfill\tikzfi
ll.image.sty
Package: tikzfill.image 2026/04/23 v1.2.0 Image filling library for TikZ

(C:\Users\aned.esquerra\AppData\Local\Programs\MiKTeX\tex/latex/tikzfill\tikzli
braryfill.image.code.tex
File: tikzlibraryfill.image.code.tex 2026/04/23 v1.2.0 Image filling library
\l__tikzfill_tmpa_dim=\dimen285
\l__tikzfill_tmpb_dim=\dimen286
\l__tikzfill_img_box=\box77
))
(C:\Users\aned.esquerra\AppData\Local\Programs\MiKTeX\tex/latex/tcolorbox\tcbsk
insjigsaw.code.tex
Library (tcolorbox): 'tcbskinsjigsaw.code.tex' version '6.10.0'
))
(C:\Users\aned.esquerra\AppData\Local\Programs\MiKTeX\tex/latex/tcolorbox\tcbbr
eakable.code.tex
Library (tcolorbox): 'tcbbreakable.code.tex' version '6.10.0'

(C:\Users\aned.esquerra\AppData\Local\Programs\MiKTeX\tex/latex/pdfcol\pdfcol.s
ty
Package: pdfcol 2022-09-21 v1.7 Handle new color stacks for pdfTeX (HO)
)
Package pdfcol Info: New color stack `tcb@breakable' = 1 on input line 23.
\tcb@testbox=\box78
\tcb@totalupperbox=\box79
\tcb@totallowerbox=\box80
)
(C:\Users\aned.esquerra\AppData\Local\Programs\MiKTeX\tex/latex/tcolorbox\tcbho
oks.code.tex
Library (tcolorbox): 'tcbhooks.code.tex' version '6.10.0'
)
(C:\Users\aned.esquerra\AppData\Local\Programs\MiKTeX\tex/latex/tcolorbox\tcbth
eorems.code.tex
Library (tcolorbox): 'tcbtheorems.code.tex' version '6.10.0'
)
(C:\Users\aned.esquerra\AppData\Local\Programs\MiKTeX\tex/latex/tcolorbox\tcbfi
tting.code.tex
Library (tcolorbox): 'tcbfitting.code.tex' version '6.10.0'
\tcbfitdim=\dimen287
\tcb@lowerfitdim=\dimen288
\tcb@upperfitdim=\dimen289
\tcb@cur@hbadness=\count348
)
(C:\Users\aned.esquerra\AppData\Local\Programs\MiKTeX\tex/latex/tcolorbox\tcbli
stingsutf8.code.tex
Library (tcolorbox): 'tcblistingsutf8.code.tex' version '6.10.0'

(C:\Users\aned.esquerra\AppData\Local\Programs\MiKTeX\tex/latex/tcolorbox\tcbli
stings.code.tex
Library (tcolorbox): 'tcblistings.code.tex' version '6.10.0'

(C:\Users\aned.esquerra\AppData\Local\Programs\MiKTeX\tex/latex/tcolorbox\tcbli
stingscore.code.tex
Library (tcolorbox): 'tcblistingscore.code.tex' version '6.10.0'

(C:\Users\aned.esquerra\AppData\Local\Programs\MiKTeX\tex/latex/tcolorbox\tcbpr
ocessing.code.tex
Library (tcolorbox): 'tcbprocessing.code.tex' version '6.10.0'
)
\c@tcblisting=\count349
))
(C:\Users\aned.esquerra\AppData\Local\Programs\MiKTeX\tex/latex/listingsutf8\li
stingsutf8.sty
Package: listingsutf8 2019-12-10 v1.5 Allow UTF-8 in listings input (HO)
))
(C:\Users\aned.esquerra\AppData\Local\Programs\MiKTeX\tex/latex/tcolorbox\tcbex
ternal.code.tex
Library (tcolorbox): 'tcbexternal.code.tex' version '6.10.0'
)
(C:\Users\aned.esquerra\AppData\Local\Programs\MiKTeX\tex/latex/tcolorbox\tcbma
gazine.code.tex
Library (tcolorbox): 'tcbmagazine.code.tex' version '6.10.0'
)
(C:\Users\aned.esquerra\AppData\Local\Programs\MiKTeX\tex/latex/tcolorbox\tcbvi
gnette.code.tex
Library (tcolorbox): 'tcbvignette.code.tex' version '6.10.0'

(C:\Users\aned.esquerra\AppData\Local\Programs\MiKTeX\tex/generic/pgf/frontendl
ayer/tikz/libraries\tikzlibraryfadings.code.tex
File: tikzlibraryfadings.code.tex 2025-08-29 v3.1.11a (3.1.11a)

(C:\Users\aned.esquerra\AppData\Local\Programs\MiKTeX\tex/generic/pgf/libraries
\pgflibraryfadings.code.tex
File: pgflibraryfadings.code.tex 2025-08-29 v3.1.11a (3.1.11a)
)))
(C:\Users\aned.esquerra\AppData\Local\Programs\MiKTeX\tex/latex/tcolorbox\tcbpo
ster.code.tex
Library (tcolorbox): 'tcbposter.code.tex' version '6.10.0'
))
(C:\Users\aned.esquerra\AppData\Local\Programs\MiKTeX\tex/latex/titlesec\titles
ec.sty
Package: titlesec 2025/01/04 v2.17 Sectioning titles
\ttl@box=\box81
\beforetitleunit=\skip55
\aftertitleunit=\skip56
\ttl@plus=\dimen290
\ttl@minus=\dimen291
\ttl@toksa=\toks41
\titlewidth=\dimen292
\titlewidthlast=\dimen293
\titlewidthfirst=\dimen294
)
(C:\Users\aned.esquerra\AppData\Local\Programs\MiKTeX\tex/latex/parskip\parskip
.sty
Package: parskip 2021-03-14 v2.0h non-zero parskip adjustments
)
(C:\Users\aned.esquerra\AppData\Local\Programs\MiKTeX\tex/latex/booktabs\bookta
bs.sty
Package: booktabs 2020/01/12 v1.61803398 Publication quality tables
\heavyrulewidth=\dimen295
\lightrulewidth=\dimen296
\cmidrulewidth=\dimen297
\belowrulesep=\dimen298
\belowbottomsep=\dimen299
\aboverulesep=\dimen300
\abovetopsep=\dimen301
\cmidrulesep=\dimen302
\cmidrulekern=\dimen303
\defaultaddspace=\dimen304
\@cmidla=\count350
\@cmidlb=\count351
\@aboverulesep=\dimen305
\@belowrulesep=\dimen306
\@thisruleclass=\count352
\@lastruleclass=\count353
\@thisrulewidth=\dimen307
)
(C:\Users\aned.esquerra\AppData\Local\Programs\MiKTeX\tex/latex/float\float.sty
Package: float 2001/11/08 v1.3d Float enhancements (AL)
\c@float@type=\count354
\float@exts=\toks42
\float@box=\box82
\@float@everytoks=\toks43
\@floatcapt=\box83
)
(C:\Users\aned.esquerra\AppData\Local\Programs\MiKTeX\tex/latex/base\makeidx.st
y
Package: makeidx 2021/10/04 v1.0m Standard LaTeX package
)
\@indexfile=\write4
\openout4 = `main.idx'.


Writing index file main.idx

(C:\Users\aned.esquerra\AppData\Local\Programs\MiKTeX\tex/generic/pgf/frontendl
ayer/tikz/libraries\tikzlibrarypositioning.code.tex
File: tikzlibrarypositioning.code.tex 2025-08-29 v3.1.11a (3.1.11a)
)
(C:\Users\aned.esquerra\AppData\Local\Programs\MiKTeX\tex/generic/pgf/libraries
\pgflibraryarrows.meta.code.tex
File: pgflibraryarrows.meta.code.tex 2025-08-29 v3.1.11a (3.1.11a)
\pgfarrowinset=\dimen308
\pgfarrowlength=\dimen309
\pgfarrowwidth=\dimen310
\pgfarrowlinewidth=\dimen311
)
(C:\Users\aned.esquerra\AppData\Local\Programs\MiKTeX\tex/generic/pgf/frontendl
ayer/tikz/libraries\tikzlibraryshapes.geometric.code.tex
File: tikzlibraryshapes.geometric.code.tex 2025-08-29 v3.1.11a (3.1.11a)

(C:\Users\aned.esquerra\AppData\Local\Programs\MiKTeX\tex/generic/pgf/libraries
/shapes\pgflibraryshapes.geometric.code.tex
File: pgflibraryshapes.geometric.code.tex 2025-08-29 v3.1.11a (3.1.11a)
))
(C:\Users\aned.esquerra\AppData\Local\Programs\MiKTeX\tex/generic/pgf/frontendl
ayer/tikz/libraries\tikzlibrarycalc.code.tex
File: tikzlibrarycalc.code.tex 2025-08-29 v3.1.11a (3.1.11a)
)
(C:\Users\aned.esquerra\AppData\Local\Programs\MiKTeX\tex/generic/pgf/frontendl
ayer/tikz/libraries\tikzlibraryfit.code.tex
File: tikzlibraryfit.code.tex 2025-08-29 v3.1.11a (3.1.11a)
)
(C:\Users\aned.esquerra\AppData\Local\Programs\MiKTeX\tex/generic/pgf/frontendl
ayer/tikz/libraries\tikzlibrarybackgrounds.code.tex
File: tikzlibrarybackgrounds.code.tex 2025-08-29 v3.1.11a (3.1.11a)
\pgf@layerbox@background=\box84
\pgf@layerboxsaved@background=\box85
)
(C:\Users\aned.esquerra\AppData\Local\Programs\MiKTeX\tex/latex/pgfplots\pgfplo
ts.sty
(C:\Users\aned.esquerra\AppData\Local\Programs\MiKTeX\tex/generic/pgfplots\pgfp
lots.revision.tex)
Package: pgfplots 2021/05/15 v1.18.1 Data Visualization (1.18.1)

(C:\Users\aned.esquerra\AppData\Local\Programs\MiKTeX\tex/generic/pgfplots\pgfp
lots.code.tex
(C:\Users\aned.esquerra\AppData\Local\Programs\MiKTeX\tex/generic/pgfplots\pgfp
lotscore.code.tex
\t@pgfplots@toka=\toks44
\t@pgfplots@tokb=\toks45
\t@pgfplots@tokc=\toks46
\pgfplots@tmpa=\dimen312
\c@pgfplots@coordindex=\count355
\c@pgfplots@scanlineindex=\count356

(C:\Users\aned.esquerra\AppData\Local\Programs\MiKTeX\tex/generic/pgfplots/sys\
pgfplotssysgeneric.code.tex))
(C:\Users\aned.esquerra\AppData\Local\Programs\MiKTeX\tex/generic/pgfplots/libs
\pgfplotslibrary.code.tex)
(C:\Users\aned.esquerra\AppData\Local\Programs\MiKTeX\tex/generic/pgfplots/oldp
gfcompatib\pgfplotsoldpgfsupp_loader.code.tex
(C:\Users\aned.esquerra\AppData\Local\Programs\MiKTeX\tex/generic/pgf/libraries
\pgflibraryfpu.code.tex)
Package pgfplots: loading complementary utilities for your pgf version...
\t@pgf@toka=\toks47
\t@pgf@tokb=\toks48
\t@pgf@tokc=\toks49

(C:\Users\aned.esquerra\AppData\Local\Programs\MiKTeX\tex/generic/pgfplots/oldp
gfcompatib\pgfplotsoldpgfsupp_pgfutil-common-lists.tex))
(C:\Users\aned.esquerra\AppData\Local\Programs\MiKTeX\tex/generic/pgfplots/util
\pgfplotsutil.code.tex
(C:\Users\aned.esquerra\AppData\Local\Programs\MiKTeX\tex/generic/pgfplots/list
structure\pgfplotsliststructure.code.tex)
(C:\Users\aned.esquerra\AppData\Local\Programs\MiKTeX\tex/generic/pgfplots/list
structure\pgfplotsliststructureext.code.tex)
(C:\Users\aned.esquerra\AppData\Local\Programs\MiKTeX\tex/generic/pgfplots/list
structure\pgfplotsarray.code.tex
\c@pgfplotsarray@tmp=\count357
)
(C:\Users\aned.esquerra\AppData\Local\Programs\MiKTeX\tex/generic/pgfplots/list
structure\pgfplotsmatrix.code.tex)
(C:\Users\aned.esquerra\AppData\Local\Programs\MiKTeX\tex/generic/pgfplots/numt
able\pgfplotstableshared.code.tex
\c@pgfplotstable@counta=\count358
\t@pgfplotstable@a=\toks50
)
(C:\Users\aned.esquerra\AppData\Local\Programs\MiKTeX\tex/generic/pgfplots/list
structure\pgfplotsdeque.code.tex)
(C:\Users\aned.esquerra\AppData\Local\Programs\MiKTeX\tex/generic/pgfplots/util
\pgfplotsbinary.code.tex
(C:\Users\aned.esquerra\AppData\Local\Programs\MiKTeX\tex/generic/pgfplots/util
\pgfplotsbinary.data.code.tex))
(C:\Users\aned.esquerra\AppData\Local\Programs\MiKTeX\tex/generic/pgfplots/util
\pgfplotsutil.verb.code.tex)
(C:\Users\aned.esquerra\AppData\Local\Programs\MiKTeX\tex/generic/pgfplots/libs
\pgflibrarypgfplots.surfshading.code.tex
\c@pgfplotslibrarysurf@no=\count359

(C:\Users\aned.esquerra\AppData\Local\Programs\MiKTeX\tex/generic/pgfplots/sys\
pgflibrarypgfplots.surfshading.pgfsys-pdftex.def)))
(C:\Users\aned.esquerra\AppData\Local\Programs\MiKTeX\tex/generic/pgfplots/util
\pgfplotscolormap.code.tex
(C:\Users\aned.esquerra\AppData\Local\Programs\MiKTeX\tex/generic/pgfplots/util
\pgfplotscolor.code.tex))
(C:\Users\aned.esquerra\AppData\Local\Programs\MiKTeX\tex/generic/pgfplots\pgfp
lotsstackedplots.code.tex)
(C:\Users\aned.esquerra\AppData\Local\Programs\MiKTeX\tex/generic/pgfplots\pgfp
lotsplothandlers.code.tex
(C:\Users\aned.esquerra\AppData\Local\Programs\MiKTeX\tex/generic/pgfplots\pgfp
lotsmeshplothandler.code.tex
(C:\Users\aned.esquerra\AppData\Local\Programs\MiKTeX\tex/generic/pgfplots\pgfp
lotsmeshplotimage.code.tex)))
(C:\Users\aned.esquerra\AppData\Local\Programs\MiKTeX\tex/generic/pgfplots\pgfp
lots.scaling.code.tex)
(C:\Users\aned.esquerra\AppData\Local\Programs\MiKTeX\tex/generic/pgfplots\pgfp
lotscoordprocessing.code.tex)
(C:\Users\aned.esquerra\AppData\Local\Programs\MiKTeX\tex/generic/pgfplots\pgfp
lots.errorbars.code.tex)
(C:\Users\aned.esquerra\AppData\Local\Programs\MiKTeX\tex/generic/pgfplots\pgfp
lots.markers.code.tex)
(C:\Users\aned.esquerra\AppData\Local\Programs\MiKTeX\tex/generic/pgfplots\pgfp
lotsticks.code.tex)
(C:\Users\aned.esquerra\AppData\Local\Programs\MiKTeX\tex/generic/pgfplots\pgfp
lots.paths.code.tex)
(C:\Users\aned.esquerra\AppData\Local\Programs\MiKTeX\tex/generic/pgf/frontendl
ayer/tikz/libraries\tikzlibrarydecorations.code.tex
(C:\Users\aned.esquerra\AppData\Local\Programs\MiKTeX\tex/generic/pgf/modules\p
gfmoduledecorations.code.tex
\pgfdecoratedcompleteddistance=\dimen313
\pgfdecoratedremainingdistance=\dimen314
\pgfdecoratedinputsegmentcompleteddistance=\dimen315
\pgfdecoratedinputsegmentremainingdistance=\dimen316
\pgf@decorate@distancetomove=\dimen317
\pgf@decorate@repeatstate=\count360
\pgfdecorationsegmentamplitude=\dimen318
\pgfdecorationsegmentlength=\dimen319
)
\tikz@lib@dec@box=\box86
)
(C:\Users\aned.esquerra\AppData\Local\Programs\MiKTeX\tex/generic/pgf/frontendl
ayer/tikz/libraries\tikzlibrarydecorations.pathmorphing.code.tex
(C:\Users\aned.esquerra\AppData\Local\Programs\MiKTeX\tex/generic/pgf/libraries
/decorations\pgflibrarydecorations.pathmorphing.code.tex))
(C:\Users\aned.esquerra\AppData\Local\Programs\MiKTeX\tex/generic/pgf/frontendl
ayer/tikz/libraries\tikzlibrarydecorations.pathreplacing.code.tex
(C:\Users\aned.esquerra\AppData\Local\Programs\MiKTeX\tex/generic/pgf/libraries
/decorations\pgflibrarydecorations.pathreplacing.code.tex))
(C:\Users\aned.esquerra\AppData\Local\Programs\MiKTeX\tex/generic/pgfplots/libs
\tikzlibrarypgfplots.contourlua.code.tex)
\pgfplots@numplots=\count361
\pgfplots@xmin@reg=\dimen320
\pgfplots@xmax@reg=\dimen321
\pgfplots@ymin@reg=\dimen322
\pgfplots@ymax@reg=\dimen323
\pgfplots@zmin@reg=\dimen324
\pgfplots@zmax@reg=\dimen325
)
(C:\Users\aned.esquerra\AppData\Local\Programs\MiKTeX\tex/generic/pgf/frontendl
ayer/tikz/libraries\tikzlibraryplotmarks.code.tex
File: tikzlibraryplotmarks.code.tex 2025-08-29 v3.1.11a (3.1.11a)

(C:\Users\aned.esquerra\AppData\Local\Programs\MiKTeX\tex/generic/pgf/libraries
\pgflibraryplotmarks.code.tex
File: pgflibraryplotmarks.code.tex 2025-08-29 v3.1.11a (3.1.11a)
)))
Package hyperref Info: Option `colorlinks' set `true' on input line 75.
Package hyperref Info: Option `bookmarksnumbered' set `true' on input line 75.
Package hyperref Info: Option `bookmarksopen' set `true' on input line 75.

(C:\Users\aned.esquerra\AppData\Local\Programs\MiKTeX\tex/latex/listings\lstlan
g1.sty
File: lstlang1.sty 2025/11/14 1.11b listings language file
)
(C:\Users\aned.esquerra\AppData\Local\Programs\MiKTeX\tex/latex/cleveref\clever
ef.sty
Package: cleveref 2018/03/27 v0.21.4 Intelligent cross-referencing
Package cleveref Info: `hyperref' support loaded on input line 2370.
LaTeX Info: Redefining \cref on input line 2370.
LaTeX Info: Redefining \Cref on input line 2370.
LaTeX Info: Redefining \crefrange on input line 2370.
LaTeX Info: Redefining \Crefrange on input line 2370.
LaTeX Info: Redefining \cpageref on input line 2370.
LaTeX Info: Redefining \Cpageref on input line 2370.
LaTeX Info: Redefining \cpagerefrange on input line 2370.
LaTeX Info: Redefining \Cpagerefrange on input line 2370.
LaTeX Info: Redefining \labelcref on input line 2370.
LaTeX Info: Redefining \labelcpageref on input line 2370.
Package cleveref Info: `listings' support loaded on input line 3131.
)
==> First Aid for cleveref.sty applied!
)
LaTeX Font Info:    Trying to load font information for T1+lmr on input line 18
.
 (C:\Users\aned.esquerra\AppData\Local\Programs\MiKTeX\tex/latex/lm\t1lmr.fd
File: t1lmr.fd 2015/05/01 v1.6.1 Font defs for Latin Modern
)
(C:\Users\aned.esquerra\AppData\Local\Programs\MiKTeX\tex/latex/l3backend\l3bac
kend-pdftex.def
File: l3backend-pdftex.def 2026-02-18 L3 backend support: PDF output (pdfTeX)
\l__color_backend_stack_int=\count362
) (main.aux (chapters/chapter0-getting-started.aux)
(chapters/chapter1-onelake-foundations.aux)
(chapters/chapter2-medallion-architecture.aux)
(chapters/chapter3-apache-spark.aux)
(chapters/chapter4-delta-lake-optimization.aux)
(chapters/appendix-cross-cloud-equivalence.aux))
\openout1 = `main.aux'.

LaTeX Font Info:    Checking defaults for OML/cmm/m/it on input line 18.
LaTeX Font Info:    ... okay on input line 18.
LaTeX Font Info:    Checking defaults for OMS/cmsy/m/n on input line 18.
LaTeX Font Info:    ... okay on input line 18.
LaTeX Font Info:    Checking defaults for OT1/cmr/m/n on input line 18.
LaTeX Font Info:    ... okay on input line 18.
LaTeX Font Info:    Checking defaults for T1/cmr/m/n on input line 18.
LaTeX Font Info:    ... okay on input line 18.
LaTeX Font Info:    Checking defaults for TS1/cmr/m/n on input line 18.
LaTeX Font Info:    ... okay on input line 18.
LaTeX Font Info:    Checking defaults for OMX/cmex/m/n on input line 18.
LaTeX Font Info:    ... okay on input line 18.
LaTeX Font Info:    Checking defaults for U/cmr/m/n on input line 18.
LaTeX Font Info:    ... okay on input line 18.
LaTeX Font Info:    Checking defaults for PD1/pdf/m/n on input line 18.
LaTeX Font Info:    ... okay on input line 18.
LaTeX Font Info:    Checking defaults for PU/pdf/m/n on input line 18.
LaTeX Font Info:    ... okay on input line 18.

*geometry* driver: auto-detecting
*geometry* detected driver: pdftex
*geometry* verbose mode - [ preamble ] result:
* driver: pdftex
* paper: a4paper
* layout: <same size as paper>
* layoutoffset:(h,v)=(0.0pt,0.0pt)
* modes: 
* h-part:(L,W,R)=(72.26999pt, 452.9679pt, 72.26999pt)
* v-part:(T,H,B)=(72.26999pt, 700.50687pt, 72.26999pt)
* \paperwidth=597.50787pt
* \paperheight=845.04684pt
* \textwidth=452.9679pt
* \textheight=700.50687pt
* \oddsidemargin=0.0pt
* \evensidemargin=0.0pt
* \topmargin=-31.8738pt
* \headheight=12.0pt
* \headsep=19.8738pt
* \topskip=11.0pt
* \footskip=27.46295pt
* \marginparwidth=53.0pt
* \marginparsep=7.0pt
* \columnsep=10.0pt
* \skip\footins=10.0pt plus 4.0pt minus 2.0pt
* \hoffset=0.0pt
* \voffset=0.0pt
* \mag=1000
* \@twocolumnfalse
* \@twosidefalse
* \@mparswitchfalse
* \@reversemarginfalse
* (1in=72.27pt=25.4mm, 1cm=28.453pt)


(C:\Users\aned.esquerra\AppData\Local\Programs\MiKTeX\tex/context/base/mkii\sup
p-pdf.mkii
[Loading MPS to PDF converter (version 2006.09.02).]
\scratchcounter=\count363
\scratchdimen=\dimen326
\scratchbox=\box87
\nofMPsegments=\count364
\nofMParguments=\count365
\everyMPshowfont=\toks51
\MPscratchCnt=\count366
\MPscratchDim=\dimen327
\MPnumerator=\count367
\makeMPintoPDFobject=\count368
\everyMPtoPDFconversion=\toks52
)
(C:\Users\aned.esquerra\AppData\Local\Programs\MiKTeX\tex/latex/epstopdf-pkg\ep
stopdf-base.sty
Package: epstopdf-base 2020-01-24 v2.11 Base part for package epstopdf
Package epstopdf-base Info: Redefining graphics rule for `.eps' on input line 4
85.

(C:\Users\aned.esquerra\AppData\Local\Programs\MiKTeX\tex/latex/00miktex\epstop
df-sys.cfg
File: epstopdf-sys.cfg 2021/03/18 v2.0 Configuration of epstopdf for MiKTeX
))
\c@lstlisting=\count369
Package hyperref Info: Link coloring ON on input line 18.
 (main.out) (main.out)
\@outlinefile=\write5
\openout5 = `main.out'.


Package pgfplots notification 'compat/show suggested version=true': document ha
s been generated with the most recent feature set (\pgfplotsset{compat=1.18}).

(frontmatter/cover.tex [1



{C:/Users/aned.esquerra/AppData/Local/MiKTeX/fonts/map/pdftex/pdftex.map}{C:/Us
ers/aned.esquerra/AppData/Local/Programs/MiKTeX/fonts/enc/dvips/lm/lm-ec.enc}])
 (frontmatter/preface.tex
LaTeX Font Info:    Trying to load font information for TS1+lmr on input line 1
3.

(C:\Users\aned.esquerra\AppData\Local\Programs\MiKTeX\tex/latex/lm\ts1lmr.fd
File: ts1lmr.fd 2015/05/01 v1.6.1 Font defs for Latin Modern
)
pdfTeX warning (ext4): destination with the same identifier (name{page.i}) has 
been already used, duplicate ignored
<to be read again> 
                   \relax 
l.24     \item \textbf
                      {Experienced Azure data engineer:} focus on OneLake, s...
[1

{C:/Users/aned.esquerra/AppData/Local/Programs/MiKTeX/fonts/enc/dvips/lm/lm-ts1
.enc}]
LaTeX Font Info:    Trying to load font information for T1+lmtt on input line 3
1.

(C:\Users\aned.esquerra\AppData\Local\Programs\MiKTeX\tex/latex/lm\t1lmtt.fd
File: t1lmtt.fd 2015/05/01 v1.6.1 Font defs for Latin Modern
))
[2] (main.toc
LaTeX Font Info:    Trying to load font information for OT1+lmr on input line 2
.

(C:\Users\aned.esquerra\AppData\Local\Programs\MiKTeX\tex/latex/lm\ot1lmr.fd
File: ot1lmr.fd 2015/05/01 v1.6.1 Font defs for Latin Modern
)
LaTeX Font Info:    Trying to load font information for OML+lmm on input line 2
.

(C:\Users\aned.esquerra\AppData\Local\Programs\MiKTeX\tex/latex/lm\omllmm.fd
File: omllmm.fd 2015/05/01 v1.6.1 Font defs for Latin Modern
)
LaTeX Font Info:    Trying to load font information for OMS+lmsy on input line 
2.

(C:\Users\aned.esquerra\AppData\Local\Programs\MiKTeX\tex/latex/lm\omslmsy.fd
File: omslmsy.fd 2015/05/01 v1.6.1 Font defs for Latin Modern
)
LaTeX Font Info:    Trying to load font information for OMX+lmex on input line 
2.

(C:\Users\aned.esquerra\AppData\Local\Programs\MiKTeX\tex/latex/lm\omxlmex.fd
File: omxlmex.fd 2015/05/01 v1.6.1 Font defs for Latin Modern
)
LaTeX Font Info:    External font `lmex10' loaded for size
(Font)              <10.95> on input line 2.
LaTeX Font Info:    External font `lmex10' loaded for size
(Font)              <8> on input line 2.
LaTeX Font Info:    External font `lmex10' loaded for size
(Font)              <6> on input line 2.
LaTeX Font Info:    Trying to load font information for U+msa on input line 2.

(C:\Users\aned.esquerra\AppData\Local\Programs\MiKTeX\tex/latex/amsfonts\umsa.f
d
File: umsa.fd 2013/01/14 v3.01 AMS symbols A
)
LaTeX Font Info:    Trying to load font information for U+msb on input line 2.

(C:\Users\aned.esquerra\AppData\Local\Programs\MiKTeX\tex/latex/amsfonts\umsb.f
d
File: umsb.fd 2013/01/14 v3.01 AMS symbols B
) [3

] [4] [5])
\tf@toc=\write6
\openout6 = `main.toc'.

 [6] (main.lof)
\tf@lof=\write7
\openout7 = `main.lof'.

 [7

] (main.lot)
\tf@lot=\write8
\openout8 = `main.lot'.

 [8

]
\openout2 = `chapters/chapter0-getting-started.aux'.


(chapters/chapter0-getting-started.tex
Chapter 0.
LaTeX Font Info:    External font `lmex10' loaded for size
(Font)              <9> on input line 22.
LaTeX Font Info:    External font `lmex10' loaded for size
(Font)              <5> on input line 22.

Underfull \hbox (badness 10000) in paragraph at lines 26--26
[]\T1/lmr/m/n/9 Free ac-count
 []


Underfull \hbox (badness 10000) in paragraph at lines 26--26
\T1/lmr/m/n/9 ($200/30 days +
 []


Underfull \hbox (badness 2591) in paragraph at lines 26--27
[]\T1/lmr/m/n/9 Free trial ($300/90
 []


Underfull \hbox (badness 1052) in paragraph at lines 29--30
[]\T1/lmr/m/n/9 Avoid Owner; least
 []


Underfull \hbox (badness 1960) in paragraph at lines 30--30
[]\T1/lmr/m/n/9 AWS CLI v2 (\T1/lmtt/m/n/9 aws
 []


Underfull \hbox (badness 10000) in paragraph at lines 30--30
[]\T1/lmr/m/n/9 Azure CLI (\T1/lmtt/m/n/9 az
 []


Underfull \hbox (badness 10000) in paragraph at lines 32--32
[]\T1/lmr/m/n/9 AWS Bud-gets +
 []


Underfull \hbox (badness 10000) in paragraph at lines 32--32
[]\T1/lmr/m/n/9 Cost Man-age-ment
 []


Underfull \hbox (badness 10000) in paragraph at lines 33--33
[]\T1/lmr/m/n/9 AWS Man-age-ment
 []


Underfull \hbox (badness 1400) in paragraph at lines 33--34
[]\T1/lmr/m/n/9 Google Cloud Con-
 []

[1



]
Overfull \hbox (24.76558pt too wide) has occurred while \output is active
\T1/lmr/m/sl/10.95 CHAPTER 0.  GETTING STARTED: YOUR MICROSOFT FABRIC TRIAL AND
 WORKSPACE \T1/lmr/m/n/10.95 2
 []

[2]
Overfull \hbox (24.76558pt too wide) has occurred while \output is active
\T1/lmr/m/sl/10.95 CHAPTER 0.  GETTING STARTED: YOUR MICROSOFT FABRIC TRIAL AND
 WORKSPACE \T1/lmr/m/n/10.95 3
 []

[3
pdfTeX warning (ext4): destination with the same identifier (name{figure.0.1}) 
has been already used, duplicate ignored
<argument> ...shipout:D \box_use:N \l_shipout_box 
                                                  \__shipout_drop_firstpage_...
l.102 \end{pitfall}
                   ]
Overfull \hbox (24.76558pt too wide) has occurred while \output is active
\T1/lmr/m/sl/10.95 CHAPTER 0.  GETTING STARTED: YOUR MICROSOFT FABRIC TRIAL AND
 WORKSPACE \T1/lmr/m/n/10.95 4
 []

[4]
Overfull \hbox (24.76558pt too wide) has occurred while \output is active
\T1/lmr/m/sl/10.95 CHAPTER 0.  GETTING STARTED: YOUR MICROSOFT FABRIC TRIAL AND
 WORKSPACE \T1/lmr/m/n/10.95 5
 []

[5]
LaTeX Font Info:    External font `lmex10' loaded for size
(Font)              <10> on input line 162.
LaTeX Font Info:    External font `lmex10' loaded for size
(Font)              <7> on input line 162.

Underfull \hbox (badness 10000) in paragraph at lines 168--169
[]\T1/lmr/m/n/10 Default role for hands-on
 []


Underfull \hbox (badness 6658) in paragraph at lines 169--170
[]\T1/lmr/m/n/10 Reviewers, stake-hold-ers, and
 []


Overfull \hbox (3.06047pt too wide) in paragraph at lines 181--182
\T1/lmr/m/n/10.95 Inside the workspace, se-lect \T1/lmr/bx/n/10.95 New item \T1
/lmr/m/n/10.95 and cre-ate a \T1/lmr/bx/n/10.95 Lake-house\T1/lmr/m/n/10.95 . N
ame it \T1/lmtt/m/n/10.95 lh_getting_started\T1/lmr/m/n/10.95 .
 []


Overfull \hbox (24.76558pt too wide) has occurred while \output is active
\T1/lmr/m/sl/10.95 CHAPTER 0.  GETTING STARTED: YOUR MICROSOFT FABRIC TRIAL AND
 WORKSPACE \T1/lmr/m/n/10.95 6
 []

[6
pdfTeX warning (ext4): destination with the same identifier (name{table.0.1}) h
as been already used, duplicate ignored
<argument> ...shipout:D \box_use:N \l_shipout_box 
                                                  \__shipout_drop_firstpage_...
l.187 \end{notebox}
                   ]
Package hyperref Info: bookmark level for unknown lstlisting defaults to 0 on i
nput line 204.

Overfull \hbox (24.76558pt too wide) has occurred while \output is active
\T1/lmr/m/sl/10.95 CHAPTER 0.  GETTING STARTED: YOUR MICROSOFT FABRIC TRIAL AND
 WORKSPACE \T1/lmr/m/n/10.95 7
 []

[7]
Overfull \hbox (24.76558pt too wide) has occurred while \output is active
\T1/lmr/m/sl/10.95 CHAPTER 0.  GETTING STARTED: YOUR MICROSOFT FABRIC TRIAL AND
 WORKSPACE \T1/lmr/m/n/10.95 8
 []

[8]
Overfull \hbox (52.90735pt too wide) in paragraph at lines 295--296
[]\T1/lmr/m/n/10.95 In the Fab-ric lake-house, choose \T1/lmr/bx/n/10.95 Files\
T1/lmr/m/n/10.95 , cre-ate a folder named \T1/lmtt/m/n/10.95 setup\T1/lmr/m/n/1
0.95 , and up-load \T1/lmtt/m/n/10.95 fabric_setup_orders.csv\T1/lmr/m/n/10.95 
.
 []


Overfull \hbox (24.76558pt too wide) has occurred while \output is active
\T1/lmr/m/sl/10.95 CHAPTER 0.  GETTING STARTED: YOUR MICROSOFT FABRIC TRIAL AND
 WORKSPACE \T1/lmr/m/n/10.95 9
 []

[9]
Underfull \hbox (badness 1448) in paragraph at lines 350--351
\T1/lmr/bx/n/10 cre-ate Fab-ric items \T1/lmr/m/n/10 for
 []


Underfull \hbox (badness 4647) in paragraph at lines 352--352
[]\T1/lmr/m/n/10 Lakehouse miss-ing, ca-pac-ity
 []


Underfull \hbox (badness 1221) in paragraph at lines 353--354
[]\T1/lmr/m/n/10 Confirm ex-act path un-der
 []


Overfull \hbox (30.24057pt too wide) has occurred while \output is active
\T1/lmr/m/sl/10.95 CHAPTER 0.  GETTING STARTED: YOUR MICROSOFT FABRIC TRIAL AND
 WORKSPACE \T1/lmr/m/n/10.95 10
 []

[10]
Overfull \hbox (30.24057pt too wide) has occurred while \output is active
\T1/lmr/m/sl/10.95 CHAPTER 0.  GETTING STARTED: YOUR MICROSOFT FABRIC TRIAL AND
 WORKSPACE \T1/lmr/m/n/10.95 11
 []

[11
pdfTeX warning (ext4): destination with the same identifier (name{table.0.2}) h
as been already used, duplicate ignored
<argument> ...shipout:D \box_use:N \l_shipout_box 
                                                  \__shipout_drop_firstpage_...
l.377     \item A
                  personal Outlook.com, Hotmail, Live.com, or Gmail-backed M...
]
Overfull \hbox (16.26013pt too wide) in paragraph at lines 392--393
[]\T1/lmr/bx/n/10.95 (Upload) \T1/lmr/m/n/10.95 Cre-ate \T1/lmtt/m/n/10.95 fabr
ic_setup_orders.csv \T1/lmr/m/n/10.95 with Pow-er-Shell and up-load it to \T1/l
mtt/m/n/10.95 Files/setup\T1/lmr/m/n/10.95 .
 []

)
Overfull \hbox (30.24057pt too wide) has occurred while \output is active
\T1/lmr/m/sl/10.95 CHAPTER 0.  GETTING STARTED: YOUR MICROSOFT FABRIC TRIAL AND
 WORKSPACE \T1/lmr/m/n/10.95 12
 []

[12] [13



]
\openout2 = `chapters/chapter1-onelake-foundations.aux'.

 (chapters/chapter1-onelake-foundations.tex
Chapter 1.

Underfull \hbox (badness 1430) in paragraph at lines 29--29
[]\T1/lmr/m/n/9 Glacier In-stant Re-
 []


Underfull \hbox (badness 10000) in paragraph at lines 31--31
[]\T1/lmr/m/n/9 Lifecycle man-age-
 []


Underfull \hbox (badness 10000) in paragraph at lines 31--32
[]\T1/lmr/m/n/9 Object Life-cy-cle
 []


Underfull \hbox (badness 10000) in paragraph at lines 33--33
[]\T1/lmr/m/n/9 Immutability
 []


Underfull \hbox (badness 10000) in paragraph at lines 34--34
[]\T1/lmr/m/n/9 Object repli-ca-tion
 []


Underfull \hbox (badness 10000) in paragraph at lines 39--39
[]\T1/lmr/m/n/9 99.9% (RA-GRS
 []


Underfull \hbox (badness 10000) in paragraph at lines 39--40
[]\T1/lmr/m/n/9 99.95% (multi-
 []


Underfull \hbox (badness 10000) in paragraph at lines 40--41
[]\T1/lmr/m/n/9 Google-managed /
 []


Underfull \hbox (badness 10000) in paragraph at lines 43--43
[]\T1/lmr/m/n/9 Strong read-after-
 []


Underfull \hbox (badness 10000) in paragraph at lines 43--43
[]\T1/lmr/m/n/9 Strong read-after-
 []

[14


] [15]
Underfull \hbox (badness 1248) in paragraph at lines 89--90
[]\T1/lmr/m/n/10 Moves or trans-forms data into
 []


Underfull \hbox (badness 5231) in paragraph at lines 90--91
\T1/lmr/m/n/10 in-te-grate with lake-house data
 []


Underfull \hbox (badness 10000) in paragraph at lines 91--91
[]\T1/lmr/m/n/10 Real-Time In-tel-li-
 []


Underfull \hbox (badness 1448) in paragraph at lines 91--91
[]\T1/lmr/m/n/10 Process event streams, logs, and
 []


Underfull \hbox (badness 4467) in paragraph at lines 91--92
\T1/lmr/m/n/10 sup-port stream-ing and op-er-a-
 []


Underfull \hbox (badness 10000) in paragraph at lines 92--93
[]\T1/lmr/m/n/10 Uses note-books, ex-per-i-ments,
 []


Underfull \hbox (badness 1552) in paragraph at lines 93--94
[]\T1/lmr/m/n/10 Consumes lake-house and ware-
 []

[16] [17
pdfTeX warning (ext4): destination with the same identifier (name{table.1.1}) h
as been already used, duplicate ignored
<argument> ...shipout:D \box_use:N \l_shipout_box 
                                                  \__shipout_drop_firstpage_...
l.121 
      ]
Overfull \hbox (19.9688pt too wide) in paragraph at lines 122--123
\T1/lmr/m/n/10.95 bounded do-mains. For ex-am-ple, \T1/lmtt/m/n/10.95 retail-sa
les-dev\T1/lmr/m/n/10.95 , \T1/lmtt/m/n/10.95 retail-sales-test\T1/lmr/m/n/10.9
5 , and \T1/lmtt/m/n/10.95 retail-sales-prod
 []

[18] [19
pdfTeX warning (ext4): destination with the same identifier (name{figure.1.1}) 
has been already used, duplicate ignored
<argument> ...shipout:D \box_use:N \l_shipout_box 
                                                  \__shipout_drop_firstpage_...
l.192 
      ]
Underfull \hbox (badness 2469) in paragraph at lines 211--211
[]\T1/lmr/m/n/10 Share cu-rated data be-tween
 []


Underfull \hbox (badness 1112) in paragraph at lines 212--213
[]\T1/lmr/m/n/10 Which iden-tity ac-cesses stor-age?
 []

[20
pdfTeX warning (ext4): destination with the same identifier (name{table.1.2}) h
as been already used, duplicate ignored
<argument> ...shipout:D \box_use:N \l_shipout_box 
                                                  \__shipout_drop_firstpage_...
l.230 
      ]
Underfull \hbox (badness 2426) in paragraph at lines 247--247
[]\T1/lmr/m/n/10 Stable or source pub-lishes
 []


Underfull \hbox (badness 7326) in paragraph at lines 249--250
[]\T1/lmr/m/n/10 Interactive dash-boards re-
 []


Overfull \hbox (49.39201pt too wide) in paragraph at lines 261--262
\T1/lmr/m/n/10.95 You will cre-ate a workspace named \T1/lmtt/m/n/10.95 fabric-
de-week01\T1/lmr/m/n/10.95 , add a lake-house named \T1/lmtt/m/n/10.95 lh_onela
ke_foundations\T1/lmr/m/n/10.95 ,
 []

[21
pdfTeX warning (ext4): destination with the same identifier (name{table.1.3}) h
as been already used, duplicate ignored
<argument> ...shipout:D \box_use:N \l_shipout_box 
                                                  \__shipout_drop_firstpage_...
l.265 \end{notebox}
                   ]
Overfull \hbox (54.33453pt too wide) in paragraph at lines 271--272
[]\T1/lmr/m/n/10.95 Inside the workspace, choose \T1/lmr/bx/n/10.95 New item\T1
/lmr/m/n/10.95 , then cre-ate a \T1/lmr/bx/n/10.95 Lake-house \T1/lmr/m/n/10.95
 named \T1/lmtt/m/n/10.95 lh_onelake_foundations\T1/lmr/m/n/10.95 . 
 []

[22]
Overfull \hbox (6.62648pt too wide) in paragraph at lines 317--318
\T1/lmr/m/n/10.95 In pro-duc-tion, con-nec-tion de-tails should be man-aged thr
ough de-ploy-ment pro-cesses, environment-
 []


(C:\Users\aned.esquerra\AppData\Local\Programs\MiKTeX\tex/latex/listings\lstlan
g1.sty
File: lstlang1.sty 2025/11/14 1.11b listings language file
) [23]
Underfull \hbox (badness 5862) in paragraph at lines 417--417
[]\T1/lmr/m/n/10 Avoid bulk mi-gra-tion be-fore
 []


Underfull \hbox (badness 1342) in paragraph at lines 419--420
[]\T1/lmr/m/n/10 Publish Gold met-rics through
 []

[24
pdfTeX warning (ext4): destination with the same identifier (name{figure.1.2}) 
has been already used, duplicate ignored
<argument> ...shipout:D \box_use:N \l_shipout_box 
                                                  \__shipout_drop_firstpage_...
l.425 
      ] [25
pdfTeX warning (ext4): destination with the same identifier (name{table.1.4}) h
as been already used, duplicate ignored
<argument> ...shipout:D \box_use:N \l_shipout_box 
                                                  \__shipout_drop_firstpage_...
l.458  
          F.countDistinct("OrderId").alias("distinct_orders"),] [26]
Overfull \hbox (8.69461pt too wide) in paragraph at lines 499--500
\T1/lmr/m/n/10.95 in-fer or pro-vide a schema, and write a man-aged Delta ta-bl
e named \T1/lmtt/m/n/10.95 bronze_source_profile\T1/lmr/m/n/10.95 . 
 []

[27]
Overfull \hbox (91.03268pt too wide) in paragraph at lines 538--539
\T1/lmr/m/n/10.95 unions data as ap-pro-pri-ate, and writes a man-aged Sil-ver 
Delta ta-ble named \T1/lmtt/m/n/10.95 silver_retail_customer_sales\T1/lmr/m/n/1
0.95 . 
 []

[28]
Overfull \hbox (20.52571pt too wide) in paragraph at lines 587--588
[]\T1/lmr/bx/n/10.95 Create the note-book. \T1/lmr/m/n/10.95 Add \T1/lmtt/m/n/1
0.95 nb_capstone_retail_silver\T1/lmr/m/n/10.95 , at-tach it to \T1/lmtt/m/n/10
.95 lh_retail_landing\T1/lmr/m/n/10.95 ,
 []

[29
pdfTeX warning (ext4): destination with the same identifier (name{figure.1.3}) 
has been already used, duplicate ignored
<argument> ...shipout:D \box_use:N \l_shipout_box 
                                                  \__shipout_drop_firstpage_...
l.600 sales_df 
               = (] [30] [31]) [32]
\openout2 = `chapters/chapter2-medallion-architecture.aux'.


(chapters/chapter2-medallion-architecture.tex
Chapter 2.

Underfull \hbox (badness 10000) in paragraph at lines 24--24
[]\T1/lmr/bx/n/9 AWS/Azure/GCP data
 []


Underfull \hbox (badness 10000) in paragraph at lines 26--26
[]\T1/lmr/m/n/9 OneLake Lake-house
 []


Underfull \hbox (badness 10000) in paragraph at lines 26--26
\T1/lmr/m/n/9 such as \T1/lmtt/m/n/9 lh_bronze\T1/lmr/m/n/9 ;
 []


Underfull \hbox (badness 10000) in paragraph at lines 26--26
\T1/lmr/m/n/9 raw files un-der
 []


Underfull \hbox (badness 10000) in paragraph at lines 26--26
\T1/lmtt/m/n/9 Files/bronze \T1/lmr/m/n/9 and
 []


Underfull \hbox (badness 10000) in paragraph at lines 26--26
\T1/lmr/m/n/9 op-tional raw Delta
 []


Underfull \hbox (badness 10000) in paragraph at lines 26--26
[]\T1/lmr/m/n/9 Object pre-fixes such
 []


Underfull \hbox (badness 10000) in paragraph at lines 26--26
\T1/lmr/m/n/9 as \T1/lmtt/m/n/9 s3://lake/raw/\T1/lmr/m/n/9 ,
 []


Underfull \hbox (badness 10000) in paragraph at lines 26--26
\T1/lmtt/m/n/9 abfss://lake/raw/\T1/lmr/m/n/9 , or
 []


Underfull \hbox (badness 1968) in paragraph at lines 26--27
\T1/lmr/m/n/9 of-ten loaded by Snow-
 []


Underfull \hbox (badness 5077) in paragraph at lines 27--27
[]\T1/lmr/m/n/9 Lakehouse or schema
 []


Underfull \hbox (badness 10000) in paragraph at lines 27--27
\T1/lmr/m/n/9 hold-ing Delta ta-bles
 []


Underfull \hbox (badness 2495) in paragraph at lines 27--27
\T1/lmr/m/n/9 pli-ca-tion, and qual-ity
 []


Underfull \hbox (badness 10000) in paragraph at lines 27--28
[]\T1/lmtt/m/n/9 STAGING\T1/lmr/m/n/9 , \T1/lmtt/m/n/9 CLEAN\T1/lmr/m/n/9 , or
 []


Underfull \hbox (badness 4819) in paragraph at lines 28--28
\T1/lmr/m/n/9 mod-els, and cer-ti-fied
 []


Underfull \hbox (badness 3179) in paragraph at lines 28--29
\T1/lmr/m/n/9 sen-ta-tion schemas con-
 []


Underfull \hbox (badness 3690) in paragraph at lines 29--29
[]\T1/lmr/m/n/9 Workspace, lake-house,
 []


Underfull \hbox (badness 1436) in paragraph at lines 29--29
[]\T1/lmr/m/n/9 Bucket, ac-count, con-tainer,
 []


Underfull \hbox (badness 10000) in paragraph at lines 30--30
[]\T1/lmr/m/n/9 Dev/test/prod Fab-
 []


Underfull \hbox (badness 10000) in paragraph at lines 30--30
\T1/lmr/m/n/9 ric workspaces and
 []


Underfull \hbox (badness 10000) in paragraph at lines 30--31
[]\T1/lmr/m/n/9 Environment databases
 []


Underfull \hbox (badness 10000) in paragraph at lines 30--31
\T1/lmr/m/n/9 plus con-trolled role
 []


Overfull \hbox (7.59688pt too wide) in paragraph at lines 22--33
[][] 
 []


Underfull \hbox (badness 3039) in paragraph at lines 35--36
[]\T1/lmr/m/n/10.95 MongoDB can ex-press a sim-i-lar pro-gres-sion with col-lec
-tions or databases such
 []

[33




] [34] [35]
Underfull \hbox (badness 10000) in paragraph at lines 126--127
[]\T1/lmr/bx/n/10 Common con-
 []


Underfull \hbox (badness 1983) in paragraph at lines 128--128
[]\T1/lmr/m/n/10 Preserve source pay-load
 []


Underfull \hbox (badness 7869) in paragraph at lines 128--128
[]\T1/lmr/m/n/10 File count, row count,
 []


Underfull \hbox (badness 10000) in paragraph at lines 129--129
[]\T1/lmr/m/n/10 Provide re-li-able con-
 []


Underfull \hbox (badness 1484) in paragraph at lines 129--129
[]\T1/lmr/m/n/10 Required columns, types,
 []


Underfull \hbox (badness 10000) in paragraph at lines 129--130
[]\T1/lmr/m/n/10 Engineering teams,
 []


Underfull \hbox (badness 10000) in paragraph at lines 129--130
\T1/lmr/m/n/10 an-a-lysts, Gold
 []


Underfull \hbox (badness 10000) in paragraph at lines 130--130
[]\T1/lmr/m/n/10 Publish business-ready
 []


Underfull \hbox (badness 2799) in paragraph at lines 130--130
[]\T1/lmr/m/n/10 Metric rec-on-cil-i-a-tion, di-
 []


Underfull \hbox (badness 10000) in paragraph at lines 130--130
\T1/lmr/m/n/10 men-sional com-plete-ness,
 []


Underfull \hbox (badness 10000) in paragraph at lines 130--131
[]\T1/lmr/m/n/10 Power BI, fi-nance
 []


Underfull \hbox (badness 10000) in paragraph at lines 130--131
\T1/lmr/m/n/10 teams, ap-pli-ca-tions,
 []

[36
pdfTeX warning (ext4): destination with the same identifier (name{figure.2.1}) 
has been already used, duplicate ignored
<argument> ...shipout:D \box_use:N \l_shipout_box 
                                                  \__shipout_drop_firstpage_...
l.143 \end{definitionbox}
                         
pdfTeX warning (ext4): destination with the same identifier (name{table.2.1}) h
as been already used, duplicate ignored
<argument> ...shipout:D \box_use:N \l_shipout_box 
                                                  \__shipout_drop_firstpage_...
l.143 \end{definitionbox}
                         ]
Underfull \hbox (badness 1242) in paragraph at lines 166--166
[]\T1/lmr/m/n/10 Data en-gi-neers, data sci-en-
 []

[37
pdfTeX warning (ext4): destination with the same identifier (name{table.2.2}) h
as been already used, duplicate ignored
<argument> ...shipout:D \box_use:N \l_shipout_box 
                                                  \__shipout_drop_firstpage_...
l.177 \end{tipbox}
                  ]
Overfull \hbox (7.60754pt too wide) in paragraph at lines 183--183
|[]\T1/lmr/bx/n/14.4 Wednesday: Or-ga-niz-ing Workspaces and Lake-houses at Sca
le| 
 []


Overfull \hbox (9.2421pt too wide) in paragraph at lines 194--195
\T1/lmr/m/n/10.95 A reg-u-lated or-ga-ni-za-tion may use sep-a-rate workspaces 
such as \T1/lmtt/m/n/10.95 fin-raw-prod\T1/lmr/m/n/10.95 , \T1/lmtt/m/n/10.95 f
in-curated-prod\T1/lmr/m/n/10.95 ,
 []


Underfull \hbox (badness 10000) in paragraph at lines 213--214
[]\T1/lmr/m/n/10 Requires cross-
 []


Underfull \hbox (badness 10000) in paragraph at lines 214--214
[]\T1/lmr/m/n/10 Strong iso-la-tion and
 []


Underfull \hbox (badness 10000) in paragraph at lines 214--215
[]\T1/lmr/m/n/10 More gov-er-nance
 []


Underfull \hbox (badness 10000) in paragraph at lines 214--215
\T1/lmr/m/n/10 and de-ploy-ment
 []

[38]
Overfull \hbox (61.09192pt too wide) in paragraph at lines 226--227
\T1/lmr/m/n/10.95 and \T1/lmtt/m/n/10.95 lh_gold\T1/lmr/m/n/10.95 . Up-load a r
aw CSV file to \T1/lmtt/m/n/10.95 lh_bronze \T1/lmr/m/n/10.95 un-der \T1/lmtt/m
/n/10.95 Files/bronze/raw_csv/finance_transactions/\T1/lmr/m/n/10.95 .
 []


Overfull \hbox (97.4995pt too wide) in paragraph at lines 236--237
[]\T1/lmr/m/n/10.95 In \T1/lmtt/m/n/10.95 lh_bronze\T1/lmr/m/n/10.95 , cre-ate 
fold-ers \T1/lmtt/m/n/10.95 Files/bronze/raw_csv/finance_transactions/\T1/lmr/m
/n/10.95 , \T1/lmtt/m/n/10.95 Files/bronze/quarantine/\T1/lmr/m/n/10.95 ,
 []


Overfull \hbox (36.28033pt too wide) in paragraph at lines 237--238
[]\T1/lmr/m/n/10.95 Upload a small raw CSV with columns such as \T1/lmtt/m/n/10
.95 transaction_id\T1/lmr/m/n/10.95 , \T1/lmtt/m/n/10.95 account_id\T1/lmr/m/n/
10.95 , \T1/lmtt/m/n/10.95 transaction_date\T1/lmr/m/n/10.95 ,
 []


Overfull \hbox (115.71902pt too wide) in paragraph at lines 238--239
[]\T1/lmr/m/n/10.95 In \T1/lmtt/m/n/10.95 lh_silver\T1/lmr/m/n/10.95 , re-serve
 ta-ble names such as \T1/lmtt/m/n/10.95 silver_finance_transactions \T1/lmr/m/
n/10.95 and \T1/lmtt/m/n/10.95 silver_account_daily_balance\T1/lmr/m/n/10.95 . 

 []


Overfull \hbox (52.48296pt too wide) in paragraph at lines 239--240
[]\T1/lmr/m/n/10.95 In \T1/lmtt/m/n/10.95 lh_gold\T1/lmr/m/n/10.95 , re-serve t
a-ble names such as \T1/lmtt/m/n/10.95 gold_daily_cash_movement \T1/lmr/m/n/10.
95 and \T1/lmtt/m/n/10.95 gold_currency_exposure\T1/lmr/m/n/10.95 . 
 []

[39
pdfTeX warning (ext4): destination with the same identifier (name{table.2.3}) h
as been already used, duplicate ignored
<argument> ...shipout:D \box_use:N \l_shipout_box 
                                                  \__shipout_drop_firstpage_...
l.251  
          .option("header", "true")] [40] [41]
Underfull \hbox (badness 10000) in paragraph at lines 405--405
[]\T1/lmr/m/n/10 Data en-gi-neer-ing owns
 []


Underfull \hbox (badness 10000) in paragraph at lines 405--405
\T1/lmtt/m/n/10 fin-validated-prod \T1/lmr/m/n/10 and
 []


Underfull \hbox (badness 1043) in paragraph at lines 406--406
[]\T1/lmr/m/n/10 Finance and risk users ac-cess
 []

[42
pdfTeX warning (ext4): destination with the same identifier (name{figure.2.2}) 
has been already used, duplicate ignored
<argument> ...shipout:D \box_use:N \l_shipout_box 
                                                  \__shipout_drop_firstpage_...
l.416 
      
pdfTeX warning (ext4): destination with the same identifier (name{table.2.4}) h
as been already used, duplicate ignored
<argument> ...shipout:D \box_use:N \l_shipout_box 
                                                  \__shipout_drop_firstpage_...
l.416 
      ] [43]
Overfull \hbox (1.80244pt too wide) in paragraph at lines 476--477
[]\T1/lmr/m/n/10.95 Bronze pre-serves source fi-delity and in-ges-tion ev-i-den
ce; it should not be treated as business-
 []

[44] [45]
Overfull \hbox (10.64261pt too wide) in paragraph at lines 568--569
[]\T1/lmr/bx/n/10.95 Create workspaces. \T1/lmr/m/n/10.95 Cre-ate \T1/lmtt/m/n/
10.95 fin-raw-dev\T1/lmr/m/n/10.95 , \T1/lmtt/m/n/10.95 fin-validated-dev\T1/lm
r/m/n/10.95 , and \T1/lmtt/m/n/10.95 fin-reporting-dev\T1/lmr/m/n/10.95 .
 []

[46
pdfTeX warning (ext4): destination with the same identifier (name{figure.2.3}) 
has been already used, duplicate ignored
<argument> ...shipout:D \box_use:N \l_shipout_box 
                                                  \__shipout_drop_firstpage_...
l.571     \item \textbf
                       {Upload sample events.} Use instructor-provided synth...
] [47] [48]) [49]
\openout2 = `chapters/chapter3-apache-spark.aux'.

 (chapters/chapter3-apache-spark.tex
Chapter 3.

Underfull \hbox (badness 10000) in paragraph at lines 25--25
[]\T1/lmr/m/n/9 Cluster or pool
 []


Underfull \hbox (badness 10000) in paragraph at lines 25--25
\T1/lmr/m/n/9 man-aged ses-sions;
 []


Underfull \hbox (badness 6493) in paragraph at lines 25--25
\T1/lmr/m/n/9 trolled node fam-ily,
 []


Underfull \hbox (badness 10000) in paragraph at lines 25--25
\T1/lmr/m/n/9 clus-ters, and EMR
 []


Underfull \hbox (badness 1533) in paragraph at lines 25--25
[]\T1/lmr/m/n/9 Synapse Spark pools
 []


Underfull \hbox (badness 2073) in paragraph at lines 25--25
\T1/lmr/m/n/9 clus-ters or server-less
 []


Underfull \hbox (badness 10000) in paragraph at lines 25--26
\T1/lmr/m/n/9 Dat-aproc Server-less
 []


Underfull \hbox (badness 10000) in paragraph at lines 26--26
[]\T1/lmr/m/n/9 Pool-level au-toscale
 []


Underfull \hbox (badness 6493) in paragraph at lines 26--26
\T1/lmr/m/n/9 and dy-namic Spark
 []


Underfull \hbox (badness 6910) in paragraph at lines 26--26
\T1/lmr/m/n/9 al-lo-ca-tion are man-
 []


Underfull \hbox (badness 2626) in paragraph at lines 26--26
\T1/lmr/m/n/9 aged through Fab-ric
 []


Underfull \hbox (badness 10000) in paragraph at lines 26--26
\T1/lmr/m/n/9 ca-pac-ity and pool
 []


Underfull \hbox (badness 10000) in paragraph at lines 26--26
[]\T1/lmr/m/n/9 Glue work-ers scale
 []


Underfull \hbox (badness 1168) in paragraph at lines 26--26
\T1/lmr/m/n/9 by job con-fig-u-ra-tion;
 []


Underfull \hbox (badness 1701) in paragraph at lines 26--26
\T1/lmr/m/n/9 EMR sup-ports man-
 []


Underfull \hbox (badness 5817) in paragraph at lines 26--26
\T1/lmr/m/n/9 aged scal-ing; EMR
 []


Underfull \hbox (badness 3229) in paragraph at lines 26--26
\T1/lmr/m/n/9 Server-less scales per
 []


Underfull \hbox (badness 10000) in paragraph at lines 26--26
[]\T1/lmr/m/n/9 Synapse pools and
 []


Underfull \hbox (badness 10000) in paragraph at lines 26--26
\T1/lmr/m/n/9 Databricks sup-port
 []


Underfull \hbox (badness 1231) in paragraph at lines 26--26
\T1/lmr/m/n/9 au-toscale set-tings by
 []


Underfull \hbox (badness 3471) in paragraph at lines 26--27
[]\T1/lmr/m/n/9 Dataproc au-toscal-ing
 []


Underfull \hbox (badness 10000) in paragraph at lines 27--27
[]\T1/lmr/m/n/9 Notebook ex-pe-ri-
 []


Underfull \hbox (badness 3058) in paragraph at lines 27--27
\T1/lmr/m/n/9 Spark ses-sions, sup-
 []


Underfull \hbox (badness 2875) in paragraph at lines 27--27
\T1/lmr/m/n/9 SQL, and col-lab-o-ra-
 []


Underfull \hbox (badness 10000) in paragraph at lines 27--27
[]\T1/lmr/m/n/9 Glue Stu-dio note-
 []


Underfull \hbox (badness 10000) in paragraph at lines 27--27
\T1/lmr/m/n/9 books, EMR note-
 []


Underfull \hbox (badness 10000) in paragraph at lines 27--27
\T1/lmr/m/n/9 books, Sage-Maker
 []


Underfull \hbox (badness 4013) in paragraph at lines 27--27
\T1/lmr/m/n/9 Stu-dio, or man-aged
 []


Underfull \hbox (badness 10000) in paragraph at lines 27--27
[]\T1/lmr/m/n/9 Synapse note-books
 []


Underfull \hbox (badness 2020) in paragraph at lines 27--27
\T1/lmr/m/n/9 books with rich job
 []


Underfull \hbox (badness 10000) in paragraph at lines 27--28
\T1/lmr/m/n/9 notebook-connected
 []


Underfull \hbox (badness 4353) in paragraph at lines 28--28
[]\T1/lmr/m/n/9 Native Fab-ric Lake-
 []


Underfull \hbox (badness 10000) in paragraph at lines 28--28
\T1/lmr/m/n/9 house ta-bles in
 []


Underfull \hbox (badness 4954) in paragraph at lines 28--28
\T1/lmr/m/n/9 OneLake use Delta-
 []


Underfull \hbox (badness 7522) in paragraph at lines 28--28
\T1/lmr/m/n/9 with SQL an-a-lyt-ics
 []


Underfull \hbox (badness 10000) in paragraph at lines 28--28
[]\T1/lmr/m/n/9 Delta Lake on S3
 []


Underfull \hbox (badness 1270) in paragraph at lines 28--28
\T1/lmr/m/n/9 through EMR, Glue,
 []


Underfull \hbox (badness 10000) in paragraph at lines 28--28
\T1/lmr/m/n/9 in-te-gra-tion de-pends
 []


Underfull \hbox (badness 5711) in paragraph at lines 28--28
[]\T1/lmr/m/n/9 Delta Lake through
 []


Underfull \hbox (badness 3989) in paragraph at lines 28--28
\T1/lmr/m/n/9 house in-te-gra-tion in
 []


Underfull \hbox (badness 10000) in paragraph at lines 29--29
[]\T1/lmr/m/n/9 Starter pools feel
 []


Underfull \hbox (badness 5622) in paragraph at lines 29--29
\T1/lmr/m/n/9 au-thors; Fab-ric ca-
 []


Underfull \hbox (badness 10000) in paragraph at lines 29--29
\T1/lmr/m/n/9 pac-ity still gov-erns
 []


Underfull \hbox (badness 3417) in paragraph at lines 29--29
\T1/lmr/m/n/9 terns for SQL, and
 []


Underfull \hbox (badness 7907) in paragraph at lines 29--29
\T1/lmr/m/n/9 Databricks server-less
 []


Underfull \hbox (badness 10000) in paragraph at lines 29--30
[]\T1/lmr/m/n/9 Dataproc Server-less
 []


Overfull \hbox (62.27557pt too wide) in paragraph at lines 21--32
[][] 
 []

[50




] [51] [52]
Underfull \hbox (badness 1460) in paragraph at lines 92--92
[]\T1/lmr/m/n/10 Training, ex-plo-ration, short
 []


Underfull \hbox (badness 10000) in paragraph at lines 92--93
[]\T1/lmr/m/n/10 Limited con-trol and less
 []


Underfull \hbox (badness 10000) in paragraph at lines 93--93
[]\T1/lmr/m/n/10 Scheduled trans-for-ma-tions,
 []

[53
pdfTeX warning (ext4): destination with the same identifier (name{table.3.1}) h
as been already used, duplicate ignored
<argument> ...shipout:D \box_use:N \l_shipout_box 
                                                  \__shipout_drop_firstpage_...
l.140 
      
pdfTeX warning (ext4): destination with the same identifier (name{figure.3.1}) 
has been already used, duplicate ignored
<argument> ...shipout:D \box_use:N \l_shipout_box 
                                                  \__shipout_drop_firstpage_...
l.140 
      ] [54]
Underfull \hbox (badness 6910) in paragraph at lines 183--183
[]\T1/lmr/m/n/10 Programmatic checks across
 []


Underfull \hbox (badness 7981) in paragraph at lines 183--184
[]\T1/lmr/m/n/10 Clear count and ex-cep-tion
 []


Underfull \hbox (badness 3128) in paragraph at lines 185--185
[]\T1/lmr/m/n/10 Notebook col-lab-o-ra-
 []


Overfull \hbox (31.67924pt too wide) in paragraph at lines 197--198
\T1/lmtt/m/n/10.95 lh_silver\T1/lmr/m/n/10.95 . Up-load raw CSV files to \T1/lm
tt/m/n/10.95 lh_bronze \T1/lmr/m/n/10.95 un-der \T1/lmtt/m/n/10.95 Files/bronze
/raw_csv/telemetry_devices/\T1/lmr/m/n/10.95 .
 []

[55
pdfTeX warning (ext4): destination with the same identifier (name{table.3.2}) h
as been already used, duplicate ignored
<argument> ...shipout:D \box_use:N \l_shipout_box 
                                                  \__shipout_drop_firstpage_...
l.208     \item R
                 un the PySpark transformation in \cref{lst:chapter3-bronze-...
] [56] [57]
Underfull \hbox (badness 5403) in paragraph at lines 356--356
[]\T1/lmr/m/n/10 Use ex-plicit schema with a
 []

[58
pdfTeX warning (ext4): destination with the same identifier (name{figure.3.2}) 
has been already used, duplicate ignored
<argument> ...shipout:D \box_use:N \l_shipout_box 
                                                  \__shipout_drop_firstpage_...
l.374 \end{tipbox}
                  
pdfTeX warning (ext4): destination with the same identifier (name{table.3.3}) h
as been already used, duplicate ignored
<argument> ...shipout:D \box_use:N \l_shipout_box 
                                                  \__shipout_drop_firstpage_...
l.374 \end{tipbox}
                  ] [59] [60]
Overfull \hbox (9.24039pt too wide) in paragraph at lines 455--456
[]\T1/lmr/m/n/10.95 A raw JSON path such as \T1/lmtt/m/n/10.95 Files/bronze/raw
_json/telemetry/event_date=2026-07-31/\T1/lmr/m/n/10.95 . 
 []


Overfull \hbox (7.08229pt too wide) in paragraph at lines 457--458
[]\T1/lmr/m/n/10.95 An ex-plicit JSON schema with re-quired fields \T1/lmtt/m/n
/10.95 event_id\T1/lmr/m/n/10.95 , \T1/lmtt/m/n/10.95 device_id\T1/lmr/m/n/10.9
5 , and \T1/lmtt/m/n/10.95 event_timestamp\T1/lmr/m/n/10.95 . 
 []

[61]
Overfull \hbox (263.67819pt too wide) in paragraph at lines 499--500
[]\T1/lmr/bx/n/10.95 Prepare raw JSON. \T1/lmr/m/n/10.95 Up-load instructor-pro
vided syn-thetic teleme-try JSON to \T1/lmtt/m/n/10.95 Files/bronze/raw_json/te
lemetry/event_date=2026-07-31/\T1/lmr/m/n/10.95 .
 []

[62
pdfTeX warning (ext4): destination with the same identifier (name{figure.3.3}) 
has been already used, duplicate ignored
<argument> ...shipout:D \box_use:N \l_shipout_box 
                                                  \__shipout_drop_firstpage_...
l.533 accepted_df 
                  = (] [63] [64]) [65]
\openout2 = `chapters/chapter4-delta-lake-optimization.aux'.


(chapters/chapter4-delta-lake-optimization.tex
Chapter 4.

Underfull \hbox (badness 10000) in paragraph at lines 22--22
[]\T1/lmr/bx/n/9 Optimization
 []


Underfull \hbox (badness 10000) in paragraph at lines 24--24
[]\T1/lmr/m/n/9 Compaction and
 []


Underfull \hbox (badness 10000) in paragraph at lines 24--24
[]\T1/lmtt/m/n/9 OPTIMIZE \T1/lmr/m/n/9 rewrites
 []


Underfull \hbox (badness 10000) in paragraph at lines 24--24
\T1/lmr/m/n/9 many small Delta
 []


Underfull \hbox (badness 10000) in paragraph at lines 24--24
\T1/lmr/m/n/9 en-abled for Fab-ric
 []


Underfull \hbox (badness 10000) in paragraph at lines 24--24
[]\T1/lmr/m/n/9 Delta, Ice-berg, or
 []


Underfull \hbox (badness 10000) in paragraph at lines 24--24
\T1/lmr/m/n/9 com-paction through
 []


Underfull \hbox (badness 5802) in paragraph at lines 24--24
\T1/lmr/m/n/9 or table-maintenance
 []


Underfull \hbox (badness 10000) in paragraph at lines 24--24
[]\T1/lmr/m/n/9 Delta \T1/lmtt/m/n/9 OPTIMIZE
 []


Underfull \hbox (badness 10000) in paragraph at lines 24--24
\T1/lmr/m/n/9 on Databricks and
 []


Underfull \hbox (badness 10000) in paragraph at lines 24--24
\T1/lmr/m/n/9 Synapse/Fabric-style
 []


Underfull \hbox (badness 10000) in paragraph at lines 24--24
\T1/lmr/m/n/9 lake-house pat-terns
 []


Underfull \hbox (badness 10000) in paragraph at lines 24--24
\T1/lmr/m/n/9 com-pact object-
 []


Underfull \hbox (badness 10000) in paragraph at lines 24--25
[]\T1/lmr/m/n/9 Micro-partitions are
 []


Underfull \hbox (badness 10000) in paragraph at lines 24--25
\T1/lmr/m/n/9 man-aged by the
 []


Underfull \hbox (badness 10000) in paragraph at lines 24--25
\T1/lmr/m/n/9 ser-vice; clus-ter-ing
 []


Underfull \hbox (badness 1152) in paragraph at lines 24--25
\T1/lmr/m/n/9 main-te-nance is au-to-
 []


Underfull \hbox (badness 6461) in paragraph at lines 24--25
\T1/lmr/m/n/9 matic or con-fig-ured
 []


Underfull \hbox (badness 10000) in paragraph at lines 24--25
\T1/lmr/m/n/9 through clus-ter-ing
 []


Underfull \hbox (badness 10000) in paragraph at lines 25--25
[]\T1/lmr/m/n/9 Z-Ordering colo-cates
 []


Underfull \hbox (badness 10000) in paragraph at lines 25--25
\T1/lmr/m/n/9 im-prove se-lec-tive
 []


Underfull \hbox (badness 10000) in paragraph at lines 25--25
[]\T1/lmr/m/n/9 Iceberg par-ti-tion
 []


Underfull \hbox (badness 5274) in paragraph at lines 25--25
\T1/lmr/m/n/9 Delta Z-Order, and
 []


Underfull \hbox (badness 7631) in paragraph at lines 25--25
[]\T1/lmr/m/n/9 Databricks \T1/lmtt/m/n/9 OPTIMIZE
 []


Underfull \hbox (badness 10000) in paragraph at lines 25--26
[]\T1/lmr/m/n/9 Automatic clus-ter-
 []


Underfull \hbox (badness 10000) in paragraph at lines 25--26
\T1/lmr/m/n/9 ing and prun-ing
 []


Underfull \hbox (badness 10000) in paragraph at lines 26--26
[]\T1/lmr/m/n/9 Delta his-tory sup-
 []


Underfull \hbox (badness 4927) in paragraph at lines 26--26
\T1/lmr/m/n/9 ports \T1/lmtt/m/n/9 VERSION AS OF
 []


Underfull \hbox (badness 2662) in paragraph at lines 26--26
\T1/lmr/m/n/9 and timestamp-based
 []


Underfull \hbox (badness 4341) in paragraph at lines 26--26
[]\T1/lmr/m/n/9 Delta, Ice-berg, and
 []


Underfull \hbox (badness 1371) in paragraph at lines 26--27
[]\T1/lmr/m/n/9 Built-in Time Travel
 []


Underfull \hbox (badness 5893) in paragraph at lines 27--27
[]\T1/lmtt/m/n/9 VACUUM \T1/lmr/m/n/9 re-moves old
 []


Underfull \hbox (badness 1546) in paragraph at lines 27--27
\T1/lmr/m/n/9 un-ref-er-enced files af-
 []


Underfull \hbox (badness 2035) in paragraph at lines 27--27
\T1/lmr/m/n/9 re-move ob-so-lete files
 []


Underfull \hbox (badness 10000) in paragraph at lines 27--27
[]\T1/lmr/m/n/9 Delta \T1/lmtt/m/n/9 VACUUM \T1/lmr/m/n/9 and
 []


Underfull \hbox (badness 10000) in paragraph at lines 27--27
\T1/lmr/m/n/9 re-ten-tion set-tings
 []


Underfull \hbox (badness 1430) in paragraph at lines 27--27
\T1/lmr/m/n/9 con-trol cleanup af-ter
 []


Underfull \hbox (badness 2237) in paragraph at lines 27--27
\T1/lmr/m/n/9 his-tory is no longer
 []


Underfull \hbox (badness 10000) in paragraph at lines 27--28
[]\T1/lmr/m/n/9 Fail-safe and Time
 []


Underfull \hbox (badness 4608) in paragraph at lines 27--28
\T1/lmr/m/n/9 Travel re-ten-tion are
 []


Underfull \hbox (badness 1270) in paragraph at lines 27--28
\T1/lmr/m/n/9 man-aged ser-vice fea-
 []


Overfull \hbox (59.43056pt too wide) in paragraph at lines 20--30
[][] 
 []

[66




] [67] [68]
LaTeX Font Info:    Font shape `T1/lmtt/bx/n' in size <12> not available
(Font)              Font shape `T1/lmtt/b/n' tried instead on input line 126.
 [69
pdfTeX warning (ext4): destination with the same identifier (name{figure.4.1}) 
has been already used, duplicate ignored
<argument> ...shipout:D \box_use:N \l_shipout_box 
                                                  \__shipout_drop_firstpage_...
l.128 
      ]
Underfull \hbox (badness 7851) in paragraph at lines 145--145
[]\T1/lmr/m/n/10 Fabric an-a-lyt-i-cal reads over
 []


Underfull \hbox (badness 1939) in paragraph at lines 146--146
[]\T1/lmr/m/n/10 Tables with many small files
 []


Underfull \hbox (badness 10000) in paragraph at lines 147--148
\T1/lmr/m/n/10 com-pute with-out im-prov-ing
 []

[70
pdfTeX warning (ext4): destination with the same identifier (name{table.4.1}) h
as been already used, duplicate ignored
<argument> ...shipout:D \box_use:N \l_shipout_box 
                                                  \__shipout_drop_firstpage_...
l.166 \end{pitfall}
                   ]
Overfull \hbox (4.30429pt too wide) in paragraph at lines 185--186
\T1/lmr/m/n/10.95 miza-tion vis-i-ble. The ta-ble should in-clude columns such 
as \T1/lmtt/m/n/10.95 order_id\T1/lmr/m/n/10.95 , \T1/lmtt/m/n/10.95 customer_i
d\T1/lmr/m/n/10.95 , \T1/lmtt/m/n/10.95 order_date\T1/lmr/m/n/10.95 ,
 []

[71] [72] [73]
Underfull \hbox (badness 2495) in paragraph at lines 346--346
[]\T1/lmr/m/n/10 Layout should sup-port data
 []


Underfull \hbox (badness 1655) in paragraph at lines 348--349
[]\T1/lmr/m/n/10 Align \T1/lmtt/m/n/10 VACUUM \T1/lmr/m/n/10 re-ten-tion with
 []

[74
pdfTeX warning (ext4): destination with the same identifier (name{figure.4.2}) 
has been already used, duplicate ignored
<argument> ...shipout:D \box_use:N \l_shipout_box 
                                                  \__shipout_drop_firstpage_...
l.360 
      
pdfTeX warning (ext4): destination with the same identifier (name{table.4.2}) h
as been already used, duplicate ignored
<argument> ...shipout:D \box_use:N \l_shipout_box 
                                                  \__shipout_drop_firstpage_...
l.360 
      ]
LaTeX Font Info:    Font shape `T1/lmtt/bx/n' in size <10.95> not available
(Font)              Font shape `T1/lmtt/b/n' tried instead on input line 374.
 [75] [76] [77
pdfTeX warning (ext4): destination with the same identifier (name{figure.4.3}) 
has been already used, duplicate ignored
<argument> ...shipout:D \box_use:N \l_shipout_box 
                                                  \__shipout_drop_firstpage_...
l.489     \item \textbf
                       {Build Gold.} Use Spark SQL or DataFrame logic to cre...
] [78] [79]) [80]
\openout2 = `chapters/appendix-cross-cloud-equivalence.aux'.

 (chapters/appendix-cross-cloud-equivalence.tex
Appendix A.

Underfull \hbox (badness 7796) in paragraph at lines 32--32
[]\T1/lmr/m/n/9 Glacier In-stant Re-
 []


Underfull \hbox (badness 10000) in paragraph at lines 36--36
[]\T1/lmr/m/n/9 Immutability
 []


Underfull \hbox (badness 10000) in paragraph at lines 37--38
[]\T1/lmr/m/n/9 Dual/multi-region +
 []


Underfull \hbox (badness 4060) in paragraph at lines 38--38
[]\T1/lmr/m/n/9 SSE + CMK (Key
 []


Underfull \hbox (badness 10000) in paragraph at lines 38--39
[]\T1/lmr/m/n/9 Google-managed /
 []

[81




]
Underfull \hbox (badness 10000) in paragraph at lines 65--65
[]\T1/lmr/m/n/9 Managed Post-
 []


Underfull \hbox (badness 1831) in paragraph at lines 65--65
[]\T1/lmr/m/n/9 Azure DB for Post-
 []


Underfull \hbox (badness 10000) in paragraph at lines 68--68
[]\T1/lmr/m/n/9 Aurora Global
 []


Underfull \hbox (badness 2818) in paragraph at lines 70--70
[]\T1/lmr/m/n/9 Azure Database Mi-
 []


Underfull \hbox (badness 10000) in paragraph at lines 70--71
[]\T1/lmr/m/n/9 Database Mi-gra-tion
 []


Underfull \hbox (badness 10000) in paragraph at lines 91--91
[]\T1/lmr/m/n/9 Redshift RA3 /
 []


Underfull \hbox (badness 1067) in paragraph at lines 91--92
[]\T1/lmr/m/n/9 Synapse pool / Big-
 []


Underfull \hbox (badness 10000) in paragraph at lines 92--92
[]\T1/lmr/m/n/9 Multi-cluster ware-
 []


Underfull \hbox (badness 10000) in paragraph at lines 92--93
[]\T1/lmr/m/n/9 Autoscale / on-
 []


Underfull \hbox (badness 10000) in paragraph at lines 93--93
[]\T1/lmr/m/n/9 Auto-suspend / re-
 []


Underfull \hbox (badness 1521) in paragraph at lines 93--94
[]\T1/lmr/m/n/9 Auto-pause / server-
 []


Underfull \hbox (badness 10000) in paragraph at lines 113--113
[]\T1/lmr/bx/n/9 Data lake
 []


Underfull \hbox (badness 10000) in paragraph at lines 115--115
[]\T1/lmtt/m/n/9 raw/ \T1/lmr/m/n/9 pre-fix
 []


Underfull \hbox (badness 10000) in paragraph at lines 117--118
[]\T1/lmr/m/n/9 ANALYTICS
 []

[82]
Underfull \hbox (badness 10000) in paragraph at lines 135--135
[]\T1/lmr/bx/n/9 Amazon Dy-
 []


Underfull \hbox (badness 10000) in paragraph at lines 168--168
[]\T1/lmr/m/n/9 Multi-region (syn-
 []


Underfull \hbox (badness 3568) in paragraph at lines 168--169
[]\T1/lmr/m/n/9 Zones / global
 []


Underfull \hbox (badness 10000) in paragraph at lines 169--169
[]\T1/lmr/m/n/9 External (True-
 []


Underfull \hbox (badness 10000) in paragraph at lines 169--170
[]\T1/lmr/m/n/9 Tunable
 []


Underfull \hbox (badness 10000) in paragraph at lines 169--170
\T1/lmr/m/n/9 read/write
 []

[83]
Underfull \hbox (badness 10000) in paragraph at lines 190--190
[]\T1/lmr/m/n/9 Starter / Cus-tom
 []


Underfull \hbox (badness 10000) in paragraph at lines 190--191
[]\T1/lmr/m/n/9 Synapse Spark /
 []


Underfull \hbox (badness 1102) in paragraph at lines 191--191
[]\T1/lmr/m/n/9 Glue Stu-dio / EMR
 []


Underfull \hbox (badness 10000) in paragraph at lines 192--193
[]\T1/lmr/m/n/9 Synapse server-less;
 []


Overfull \hbox (5.71754pt too wide) in paragraph at lines 198--200
\T1/lmr/bx/n/10.95 Snowflake \T1/lmr/m/n/10.95 of-fers \T1/lmr/bx/n/10.95 Snow-
park \T1/lmr/m/n/10.95 for DataFrame-style pro-cess-ing, and \T1/lmr/bx/n/10.95
 Mon-goDB \T1/lmr/m/n/10.95 in-te-grates through
 []


Underfull \hbox (badness 10000) in paragraph at lines 210--211
[]\T1/lmr/bx/n/9 Azure Synapse /
 []


Underfull \hbox (badness 7186) in paragraph at lines 213--213
[]\T1/lmr/m/n/9 Sort keys / zone
 []


Underfull \hbox (badness 1275) in paragraph at lines 214--215
[]\T1/lmr/m/n/9 Result-set cache / BI
 []


Underfull \hbox (badness 1701) in paragraph at lines 215--215
[]\T1/lmr/m/n/9 Transient / tem-po-
 []


Underfull \hbox (badness 10000) in paragraph at lines 234--234
[]\T1/lmr/m/n/9 ElastiCache (Re-
 []


Underfull \hbox (badness 10000) in paragraph at lines 234--235
[]\T1/lmr/m/n/9 Memorystore (Re-
 []


Underfull \hbox (badness 10000) in paragraph at lines 235--235
[]\T1/lmr/m/n/9 AppSync / API
 []


Underfull \hbox (badness 10000) in paragraph at lines 236--236
[]\T1/lmr/m/n/9 DataSync / Snow
 []


Underfull \hbox (badness 6047) in paragraph at lines 236--237
[]\T1/lmr/m/n/9 Transfer Ap-pli-ance /
 []


Overfull \hbox (6.30594pt too wide) in paragraph at lines 248--250
\T1/lmr/m/n/10.95 GCP's Chap-ter 4 topic---Cloud Bigtable---is a wide-column, h
igh-throughput, low-latency NoSQL
 []

[84]
Underfull \hbox (badness 10000) in paragraph at lines 257--257
[]\T1/lmr/m/n/9 DynamoDB (key-
 []


Underfull \hbox (badness 10000) in paragraph at lines 257--258
[]\T1/lmr/m/n/9 Cosmos DB (multi-
 []


Underfull \hbox (badness 5189) in paragraph at lines 258--258
[]\T1/lmr/m/n/9 Keyspaces (Cas-san-
 []


Underfull \hbox (badness 2521) in paragraph at lines 258--259
[]\T1/lmr/m/n/9 Managed In-stance for
 []


Underfull \hbox (badness 2245) in paragraph at lines 279--280
[]\T1/lmr/m/n/9 BigQuery ta-ble clone;
 []


Underfull \hbox (badness 10000) in paragraph at lines 280--280
[]\T1/lmr/m/n/9 Point-in-time re-
 []


Underfull \hbox (badness 10000) in paragraph at lines 280--280
[]\T1/lmr/m/n/9 PITR (RDS/SQL
 []


Underfull \hbox (badness 10000) in paragraph at lines 281--281
[]\T1/lmr/m/n/9 Retention safety
 []


Underfull \hbox (badness 1661) in paragraph at lines 281--282
[]\T1/lmr/m/n/9 Backups; Delta VAC-
 []


Underfull \hbox (badness 10000) in paragraph at lines 282--283
[]\T1/lmr/m/n/9 Database Mi-gra-tion
 []

) [85] (backmatter/glossary.tex [86




]
Overfull \hbox (12.405pt too wide) in paragraph at lines 61--63
[]\T1/lmr/m/n/10.95 MongoDB's rule mech-a-nism (via \T1/lmtt/m/n/10.95 jsonSche
ma \T1/lmr/m/n/10.95 in \T1/lmtt/m/n/10.95 createCollection\T1/lmr/m/n/10.95 )
 []

[87] [88]) (main.bbl [89]
Underfull \hbox (badness 1331) in paragraph at lines 61--67
\T1/lmtt/m/n/10.95 microsoft . com / fabric / data-[]engineering / delta-[]opti
mization-[]and-[]v-[]order$[][]\T1/lmr/m/n/10.95 , 2026.
 []

[90

]
Underfull \hbox (badness 2351) in paragraph at lines 117--122
[]\T1/lmr/m/n/10.95 Microsoft.  Onelake short-cuts.  [][]$\T1/lmtt/m/n/10.95 ht
tps : / / learn . microsoft . com / fabric / onelake /
 []


Underfull \hbox (badness 1406) in paragraph at lines 148--154
[]\T1/lmr/m/n/10.95 Microsoft.  What is mi-crosoft fab-ric?  [][]$\T1/lmtt/m/n/
10.95 https : / / learn . microsoft . com / fabric /
 []


Underfull \hbox (badness 1231) in paragraph at lines 156--161
[]\T1/lmr/m/n/10.95 Microsoft.  What is onelake?  [][]$\T1/lmtt/m/n/10.95 https
 : / / learn . microsoft . com / fabric / onelake /
 []

) (main.ind [91] [92

] [93] [94

]) (main.aux
(chapters/chapter0-getting-started.aux)
(chapters/chapter1-onelake-foundations.aux)
(chapters/chapter2-medallion-architecture.aux)
(chapters/chapter3-apache-spark.aux)
(chapters/chapter4-delta-lake-optimization.aux)
(chapters/appendix-cross-cloud-equivalence.aux))
 ***********
LaTeX2e <2026-06-01>
L3 programming layer <2026-06-18>
 ***********
Package rerunfilecheck Info: File `main.out' has not changed.
(rerunfilecheck)             Checksum: 28BEBF52AAC5B189FE9D1D92A1BC9890;36855.
 ) 
Here is how much of TeX's memory you used:
 44315 strings out of 467510
 1040569 string characters out of 5404906
 2049129 words of memory out of 5000000
 71595 multiletter control sequences out of 15000+600000
 747910 words of font info for 112 fonts, out of 8000000 for 9000
 1141 hyphenation exceptions out of 8191
 121i,10n,124p,1195b,2211s stack positions out of 10000i,1000n,20000p,200000b,200000s
<C:/Users/aned.esquerra/AppData/Local/Programs/MiKTeX/fonts/type1/public/lm/l
mbx10.pfb><C:/Users/aned.esquerra/AppData/Local/Programs/MiKTeX/fonts/type1/pub
lic/lm/lmbx12.pfb><C:/Users/aned.esquerra/AppData/Local/Programs/MiKTeX/fonts/t
ype1/public/lm/lmbx8.pfb><C:/Users/aned.esquerra/AppData/Local/Programs/MiKTeX/
fonts/type1/public/lm/lmbx9.pfb><C:/Users/aned.esquerra/AppData/Local/Programs/
MiKTeX/fonts/type1/public/lm/lmbxi10.pfb><C:/Users/aned.esquerra/AppData/Local/
Programs/MiKTeX/fonts/type1/public/lm/lmcsc10.pfb><C:/Users/aned.esquerra/AppDa
ta/Local/Programs/MiKTeX/fonts/type1/public/lm/lmr10.pfb><C:/Users/aned.esquerr
a/AppData/Local/Programs/MiKTeX/fonts/type1/public/lm/lmr12.pfb><C:/Users/aned.
esquerra/AppData/Local/Programs/MiKTeX/fonts/type1/public/lm/lmr6.pfb><C:/Users
/aned.esquerra/AppData/Local/Programs/MiKTeX/fonts/type1/public/lm/lmr8.pfb><C:
/Users/aned.esquerra/AppData/Local/Programs/MiKTeX/fonts/type1/public/lm/lmr9.p
fb><C:/Users/aned.esquerra/AppData/Local/Programs/MiKTeX/fonts/type1/public/lm/
lmri10.pfb><C:/Users/aned.esquerra/AppData/Local/Programs/MiKTeX/fonts/type1/pu
blic/lm/lmri12.pfb><C:/Users/aned.esquerra/AppData/Local/Programs/MiKTeX/fonts/
type1/public/lm/lmri9.pfb><C:/Users/aned.esquerra/AppData/Local/Programs/MiKTeX
/fonts/type1/public/lm/lmro10.pfb><C:/Users/aned.esquerra/AppData/Local/Program
s/MiKTeX/fonts/type1/public/lm/lmtk10.pfb><C:/Users/aned.esquerra/AppData/Local
/Programs/MiKTeX/fonts/type1/public/lm/lmtt10.pfb><C:/Users/aned.esquerra/AppDa
ta/Local/Programs/MiKTeX/fonts/type1/public/lm/lmtt9.pfb><C:/Users/aned.esquerr
a/AppData/Local/Programs/MiKTeX/fonts/type1/public/amsfonts/symbols/msam10.pfb>

Output written on main.pdf (103 pages, 1209828 bytes).
PDF statistics:
 2992 PDF objects out of 3580 (max. 8388607)
 1224 named destinations out of 1440 (max. 500000)
 1453 words of extra memory for PDF output out of 10000 (max. 10000000)

