\BOOKMARK [0][]{chapter.0}{\376\377\0000\000\040\000G\000e\000t\000t\000i\000n\000g\000\040\000S\000t\000a\000r\000t\000e\000d\000:\000\040\000Y\000o\000u\000r\000\040\000A\000z\000u\000r\000e\000\040\000F\000r\000e\000e\000\040\000A\000c\000c\000o\000u\000n\000t\000\040\000a\000n\000d\000\040\000E\000n\000v\000i\000r\000o\000n\000m\000e\000n\000t}{}% 1
\BOOKMARK [1][]{section.0.1}{\376\377\0000\000.\0001\000\040\000W\000h\000y\000\040\000C\000h\000a\000p\000t\000e\000r\000\040\0000\000\040\000E\000x\000i\000s\000t\000s}{chapter.0}% 2
\BOOKMARK [1][]{section.0.2}{\376\377\0000\000.\0002\000\040\000C\000r\000e\000a\000t\000i\000n\000g\000\040\000a\000n\000\040\000A\000z\000u\000r\000e\000\040\000F\000r\000e\000e\000\040\000A\000c\000c\000o\000u\000n\000t}{chapter.0}% 3
\BOOKMARK [2][]{subsection.0.2.1}{\376\377\0000\000.\0002\000.\0001\000\040\000W\000h\000a\000t\000\040\000t\000h\000e\000\040\000F\000r\000e\000e\000\040\000A\000c\000c\000o\000u\000n\000t\000\040\000I\000n\000c\000l\000u\000d\000e\000s}{section.0.2}% 4
\BOOKMARK [2][]{subsection.0.2.2}{\376\377\0000\000.\0002\000.\0002\000\040\000S\000i\000g\000n\000-\000u\000p\000\040\000W\000a\000l\000k\000t\000h\000r\000o\000u\000g\000h}{section.0.2}% 5
\BOOKMARK [2][]{subsection.0.2.3}{\376\377\0000\000.\0002\000.\0003\000\040\000T\000h\000e\000\040\000A\000z\000u\000r\000e\000\040\000R\000e\000s\000o\000u\000r\000c\000e\000\040\000H\000i\000e\000r\000a\000r\000c\000h\000y}{section.0.2}% 6
\BOOKMARK [1][]{section.0.3}{\376\377\0000\000.\0003\000\040\000S\000e\000c\000u\000r\000i\000n\000g\000\040\000I\000d\000e\000n\000t\000i\000t\000y\000\040\000B\000e\000f\000o\000r\000e\000\040\000D\000e\000p\000l\000o\000y\000i\000n\000g\000\040\000R\000e\000s\000o\000u\000r\000c\000e\000s}{chapter.0}% 7
\BOOKMARK [2][]{subsection.0.3.1}{\376\377\0000\000.\0003\000.\0001\000\040\000M\000i\000c\000r\000o\000s\000o\000f\000t\000\040\000E\000n\000t\000r\000a\000\040\000I\000D\000\040\000a\000n\000d\000\040\000A\000d\000m\000i\000n\000i\000s\000t\000r\000a\000t\000i\000v\000e\000\040\000S\000e\000p\000a\000r\000a\000t\000i\000o\000n}{section.0.3}% 8
\BOOKMARK [2][]{subsection.0.3.2}{\376\377\0000\000.\0003\000.\0002\000\040\000A\000z\000u\000r\000e\000\040\000R\000B\000A\000C\000\040\000R\000o\000l\000e\000s\000\040\000f\000o\000r\000\040\000L\000a\000b\000s}{section.0.3}% 9
\BOOKMARK [2][]{subsection.0.3.3}{\376\377\0000\000.\0003\000.\0003\000\040\000C\000r\000e\000a\000t\000e\000\040\000a\000\040\000L\000e\000a\000s\000t\000-\000P\000r\000i\000v\000i\000l\000e\000g\000e\000d\000\040\000U\000s\000e\000r\000\040\000o\000r\000\040\000S\000e\000r\000v\000i\000c\000e\000\040\000P\000r\000i\000n\000c\000i\000p\000a\000l}{section.0.3}% 10
\BOOKMARK [2][]{subsection.0.3.4}{\376\377\0000\000.\0003\000.\0004\000\040\000E\000n\000a\000b\000l\000e\000\040\000M\000F\000A}{section.0.3}% 11
\BOOKMARK [1][]{section.0.4}{\376\377\0000\000.\0004\000\040\000I\000n\000s\000t\000a\000l\000l\000i\000n\000g\000\040\000a\000n\000d\000\040\000A\000u\000t\000h\000e\000n\000t\000i\000c\000a\000t\000i\000n\000g\000\040\000T\000o\000o\000l\000i\000n\000g\000\040\000o\000n\000\040\000W\000i\000n\000d\000o\000w\000s}{chapter.0}% 12
\BOOKMARK [2][]{subsection.0.4.1}{\376\377\0000\000.\0004\000.\0001\000\040\000A\000z\000u\000r\000e\000\040\000C\000L\000I\000\040\000o\000n\000\040\000W\000i\000n\000d\000o\000w\000s}{section.0.4}% 13
\BOOKMARK [2][]{subsection.0.4.2}{\376\377\0000\000.\0004\000.\0002\000\040\000A\000z\000u\000r\000e\000\040\000P\000o\000w\000e\000r\000S\000h\000e\000l\000l\000\040\000a\000s\000\040\000a\000n\000\040\000A\000l\000t\000e\000r\000n\000a\000t\000i\000v\000e}{section.0.4}% 14
\BOOKMARK [2][]{subsection.0.4.3}{\376\377\0000\000.\0004\000.\0003\000\040\000A\000z\000u\000r\000e\000\040\000C\000l\000o\000u\000d\000\040\000S\000h\000e\000l\000l}{section.0.4}% 15
\BOOKMARK [1][]{section.0.5}{\376\377\0000\000.\0005\000\040\000C\000o\000s\000t\000\040\000G\000u\000a\000r\000d\000r\000a\000i\000l\000s}{chapter.0}% 16
\BOOKMARK [2][]{subsection.0.5.1}{\376\377\0000\000.\0005\000.\0001\000\040\000S\000p\000e\000n\000d\000i\000n\000g\000\040\000L\000i\000m\000i\000t\000,\000\040\000B\000u\000d\000g\000e\000t\000s\000,\000\040\000a\000n\000d\000\040\000A\000l\000e\000r\000t\000s}{section.0.5}% 17
\BOOKMARK [2][]{subsection.0.5.2}{\376\377\0000\000.\0005\000.\0002\000\040\000C\000r\000e\000a\000t\000e\000\040\000a\000\040\000B\000u\000d\000g\000e\000t\000\040\000f\000r\000o\000m\000\040\000P\000o\000w\000e\000r\000S\000h\000e\000l\000l}{section.0.5}% 18
\BOOKMARK [2][]{subsection.0.5.3}{\376\377\0000\000.\0005\000.\0003\000\040\000C\000o\000s\000t\000\040\000A\000n\000a\000l\000y\000s\000i\000s\000\040\000W\000o\000r\000k\000f\000l\000o\000w}{section.0.5}% 19
\BOOKMARK [1][]{section.0.6}{\376\377\0000\000.\0006\000\040\000R\000e\000g\000i\000o\000n\000s\000,\000\040\000N\000a\000m\000i\000n\000g\000,\000\040\000a\000n\000d\000\040\000T\000a\000g\000g\000i\000n\000g\000\040\000U\000s\000e\000d\000\040\000b\000y\000\040\000T\000h\000i\000s\000\040\000B\000o\000o\000k}{chapter.0}% 20
\BOOKMARK [2][]{subsection.0.6.1}{\376\377\0000\000.\0006\000.\0001\000\040\000D\000e\000f\000a\000u\000l\000t\000\040\000R\000e\000g\000i\000o\000n}{section.0.6}% 21
\BOOKMARK [2][]{subsection.0.6.2}{\376\377\0000\000.\0006\000.\0002\000\040\000N\000a\000m\000i\000n\000g\000\040\000C\000o\000n\000v\000e\000n\000t\000i\000o\000n\000s}{section.0.6}% 22
\BOOKMARK [1][]{section.0.7}{\376\377\0000\000.\0007\000\040\000V\000e\000r\000i\000f\000y\000\040\000t\000h\000e\000\040\000S\000e\000t\000u\000p}{chapter.0}% 23
\BOOKMARK [2][]{subsection.0.7.1}{\376\377\0000\000.\0007\000.\0001\000\040\000A\000c\000c\000o\000u\000n\000t\000\040\000a\000n\000d\000\040\000S\000u\000b\000s\000c\000r\000i\000p\000t\000i\000o\000n\000\040\000C\000h\000e\000c\000k}{section.0.7}% 24
\BOOKMARK [2][]{subsection.0.7.2}{\376\377\0000\000.\0007\000.\0002\000\040\000C\000r\000e\000a\000t\000e\000\040\000a\000\040\000R\000e\000s\000o\000u\000r\000c\000e\000\040\000G\000r\000o\000u\000p\000\040\000a\000n\000d\000\040\000S\000t\000o\000r\000a\000g\000e\000\040\000A\000c\000c\000o\000u\000n\000t}{section.0.7}% 25
\BOOKMARK [2][]{subsection.0.7.3}{\376\377\0000\000.\0007\000.\0003\000\040\000D\000e\000l\000e\000t\000e\000\040\000t\000h\000e\000\040\000V\000e\000r\000i\000f\000i\000c\000a\000t\000i\000o\000n\000\040\000R\000e\000s\000o\000u\000r\000c\000e\000\040\000G\000r\000o\000u\000p}{section.0.7}% 26
\BOOKMARK [1][]{section.0.8}{\376\377\0000\000.\0008\000\040\000C\000r\000o\000s\000s\000-\000C\000l\000o\000u\000d\000\040\000S\000e\000t\000u\000p\000\040\000E\000q\000u\000i\000v\000a\000l\000e\000n\000c\000e}{chapter.0}% 27
\BOOKMARK [1][]{section.0.9}{\376\377\0000\000.\0009\000\040\000E\000n\000v\000i\000r\000o\000n\000m\000e\000n\000t\000\040\000C\000h\000e\000c\000k\000l\000i\000s\000t\000\040\000B\000e\000f\000o\000r\000e\000\040\000C\000h\000a\000p\000t\000e\000r\000\040\0001}{chapter.0}% 28
\BOOKMARK [1][]{section.0.10}{\376\377\0000\000.\0001\0000\000\040\000F\000u\000r\000t\000h\000e\000r\000\040\000R\000e\000a\000d\000i\000n\000g}{chapter.0}% 29
\BOOKMARK [1][]{section.0.11}{\376\377\0000\000.\0001\0001\000\040\000E\000x\000e\000r\000c\000i\000s\000e\000s}{chapter.0}% 30
\BOOKMARK [-1][]{part.1}{\376\377\000I\000\040\000C\000o\000r\000e\000\040\000D\000a\000t\000a\000\040\000I\000n\000f\000r\000a\000s\000t\000r\000u\000c\000t\000u\000r\000e\000\040\000a\000n\000d\000\040\000S\000t\000o\000r\000a\000g\000e}{}% 31
\BOOKMARK [0][]{chapter.1}{\376\377\0001\000\040\000A\000z\000u\000r\000e\000\040\000D\000a\000t\000a\000\040\000L\000a\000k\000e\000\040\000S\000t\000o\000r\000a\000g\000e\000\040\000G\000e\000n\0002\000\040\000a\000n\000d\000\040\000S\000t\000o\000r\000a\000g\000e\000\040\000F\000o\000u\000n\000d\000a\000t\000i\000o\000n\000s}{part.1}% 32
\BOOKMARK [1][]{section.1.1}{\376\377\0001\000.\0001\000\040\000W\000e\000e\000k\000\040\0001\000\040\000O\000v\000e\000r\000v\000i\000e\000w\000:\000\040\000S\000t\000o\000r\000a\000g\000e\000\040\000a\000s\000\040\000t\000h\000e\000\040\000R\000o\000o\000t\000\040\000o\000f\000\040\000t\000h\000e\000\040\000A\000z\000u\000r\000e\000\040\000D\000a\000t\000a\000\040\000P\000l\000a\000t\000f\000o\000r\000m}{chapter.1}% 33
\BOOKMARK [1][]{section.1.2}{\376\377\0001\000.\0002\000\040\000M\000o\000n\000d\000a\000y\000:\000\040\000A\000z\000u\000r\000e\000\040\000S\000t\000o\000r\000a\000g\000e\000\040\000A\000c\000c\000o\000u\000n\000t\000\040\000A\000r\000c\000h\000i\000t\000e\000c\000t\000u\000r\000e}{chapter.1}% 34
\BOOKMARK [2][]{subsection.1.2.1}{\376\377\0001\000.\0002\000.\0001\000\040\000T\000h\000e\000\040\000S\000t\000o\000r\000a\000g\000e\000\040\000A\000c\000c\000o\000u\000n\000t\000\040\000a\000s\000\040\000a\000\040\000C\000o\000n\000t\000r\000o\000l\000\040\000B\000o\000u\000n\000d\000a\000r\000y}{section.1.2}% 35
\BOOKMARK [2][]{subsection.1.2.2}{\376\377\0001\000.\0002\000.\0002\000\040\000B\000l\000o\000b\000\040\000S\000t\000o\000r\000a\000g\000e\000\040\000v\000s\000.\000\040\000A\000D\000L\000S\000\040\000G\000e\000n\0002}{section.1.2}% 36
\BOOKMARK [2][]{subsection.1.2.3}{\376\377\0001\000.\0002\000.\0003\000\040\000R\000e\000d\000u\000n\000d\000a\000n\000c\000y\000\040\000O\000p\000t\000i\000o\000n\000s\000:\000\040\000L\000R\000S\000,\000\040\000Z\000R\000S\000,\000\040\000G\000R\000S\000,\000\040\000G\000Z\000R\000S\000,\000\040\000a\000n\000d\000\040\000R\000A\000\040\000V\000a\000r\000i\000a\000n\000t\000s}{section.1.2}% 37
\BOOKMARK [2][]{subsection.1.2.4}{\376\377\0001\000.\0002\000.\0004\000\040\000M\000o\000n\000d\000a\000y\000\040\000D\000e\000s\000i\000g\000n\000\040\000C\000h\000e\000c\000k\000l\000i\000s\000t}{section.1.2}% 38
\BOOKMARK [1][]{section.1.3}{\376\377\0001\000.\0003\000\040\000T\000u\000e\000s\000d\000a\000y\000:\000\040\000A\000c\000c\000e\000s\000s\000\040\000T\000i\000e\000r\000s\000,\000\040\000L\000i\000f\000e\000c\000y\000c\000l\000e\000\040\000M\000a\000n\000a\000g\000e\000m\000e\000n\000t\000,\000\040\000a\000n\000d\000\040\000R\000e\000c\000o\000v\000e\000r\000a\000b\000i\000l\000i\000t\000y}{chapter.1}% 39
\BOOKMARK [2][]{subsection.1.3.1}{\376\377\0001\000.\0003\000.\0001\000\040\000A\000c\000c\000e\000s\000s\000\040\000T\000i\000e\000r\000s\000:\000\040\000H\000o\000t\000,\000\040\000C\000o\000o\000l\000,\000\040\000C\000o\000l\000d\000,\000\040\000a\000n\000d\000\040\000A\000r\000c\000h\000i\000v\000e}{section.1.3}% 40
\BOOKMARK [2][]{subsection.1.3.2}{\376\377\0001\000.\0003\000.\0002\000\040\000L\000i\000f\000e\000c\000y\000c\000l\000e\000\040\000M\000a\000n\000a\000g\000e\000m\000e\000n\000t\000\040\000P\000o\000l\000i\000c\000i\000e\000s}{section.1.3}% 41
\BOOKMARK [2][]{subsection.1.3.3}{\376\377\0001\000.\0003\000.\0003\000\040\000S\000o\000f\000t\000\040\000D\000e\000l\000e\000t\000e\000\040\000a\000n\000d\000\040\000B\000l\000o\000b\000\040\000V\000e\000r\000s\000i\000o\000n\000i\000n\000g}{section.1.3}% 42
\BOOKMARK [2][]{subsection.1.3.4}{\376\377\0001\000.\0003\000.\0004\000\040\000T\000u\000e\000s\000d\000a\000y\000\040\000D\000e\000s\000i\000g\000n\000\040\000C\000h\000e\000c\000k\000l\000i\000s\000t}{section.1.3}% 43
\BOOKMARK [1][]{section.1.4}{\376\377\0001\000.\0004\000\040\000W\000e\000d\000n\000e\000s\000d\000a\000y\000:\000\040\000M\000i\000g\000r\000a\000t\000i\000o\000n\000\040\000T\000o\000o\000l\000s\000\040\000a\000n\000d\000\040\000T\000r\000a\000d\000e\000-\000o\000f\000f\000s}{chapter.1}% 44
\BOOKMARK [2][]{subsection.1.4.1}{\376\377\0001\000.\0004\000.\0001\000\040\000O\000n\000l\000i\000n\000e\000\040\000M\000i\000g\000r\000a\000t\000i\000o\000n\000\040\000w\000i\000t\000h\000\040\000A\000z\000C\000o\000p\000y}{section.1.4}% 45
\BOOKMARK [2][]{subsection.1.4.2}{\376\377\0001\000.\0004\000.\0002\000\040\000A\000z\000u\000r\000e\000\040\000S\000t\000o\000r\000a\000g\000e\000\040\000E\000x\000p\000l\000o\000r\000e\000r}{section.1.4}% 46
\BOOKMARK [2][]{subsection.1.4.3}{\376\377\0001\000.\0004\000.\0003\000\040\000O\000f\000f\000l\000i\000n\000e\000\040\000M\000i\000g\000r\000a\000t\000i\000o\000n\000\040\000w\000i\000t\000h\000\040\000A\000z\000u\000r\000e\000\040\000D\000a\000t\000a\000\040\000B\000o\000x}{section.1.4}% 47
\BOOKMARK [1][]{section.1.5}{\376\377\0001\000.\0005\000\040\000T\000h\000u\000r\000s\000d\000a\000y\000\040\000H\000a\000n\000d\000s\000-\000o\000n\000\040\000P\000r\000o\000j\000e\000c\000t\000:\000\040\000D\000e\000p\000l\000o\000y\000\040\000A\000D\000L\000S\000\040\000G\000e\000n\0002\000\040\000w\000i\000t\000h\000\040\000L\000i\000f\000e\000c\000y\000c\000l\000e\000\040\000M\000a\000n\000a\000g\000e\000m\000e\000n\000t}{chapter.1}% 48
\BOOKMARK [2][]{subsection.1.5.1}{\376\377\0001\000.\0005\000.\0001\000\040\000V\000a\000l\000i\000d\000a\000t\000i\000o\000n\000\040\000S\000t\000e\000p\000s}{section.1.5}% 49
\BOOKMARK [1][]{section.1.6}{\376\377\0001\000.\0006\000\040\000F\000r\000i\000d\000a\000y\000\040\000U\000s\000e\000\040\000C\000a\000s\000e\000\040\000a\000n\000d\000\040\000A\000r\000c\000h\000i\000t\000e\000c\000t\000u\000r\000e\000:\000\040\000H\000e\000a\000l\000t\000h\000c\000a\000r\000e\000\040\000X\000-\000r\000a\000y\000\040\000L\000a\000k\000e\000\040\000a\000t\000\040\0001\0000\000\040\000P\000B}{chapter.1}% 50
\BOOKMARK [2][]{subsection.1.6.1}{\376\377\0001\000.\0006\000.\0001\000\040\000S\000c\000e\000n\000a\000r\000i\000o}{section.1.6}% 51
\BOOKMARK [2][]{subsection.1.6.2}{\376\377\0001\000.\0006\000.\0002\000\040\000T\000a\000r\000g\000e\000t\000\040\000A\000r\000c\000h\000i\000t\000e\000c\000t\000u\000r\000e}{section.1.6}% 52
\BOOKMARK [2][]{subsection.1.6.3}{\376\377\0001\000.\0006\000.\0003\000\040\000C\000o\000m\000p\000l\000i\000a\000n\000c\000e\000\040\000a\000n\000d\000\040\000S\000e\000c\000u\000r\000i\000t\000y\000\040\000D\000e\000s\000i\000g\000n}{section.1.6}% 53
\BOOKMARK [2][]{subsection.1.6.4}{\376\377\0001\000.\0006\000.\0004\000\040\000L\000i\000f\000e\000c\000y\000c\000l\000e\000\040\000a\000n\000d\000\040\000C\000o\000s\000t\000\040\000M\000o\000d\000e\000l\000\040\000f\000o\000r\000\040\0001\0000\000\040\000P\000B}{section.1.6}% 54
\BOOKMARK [2][]{subsection.1.6.5}{\376\377\0001\000.\0006\000.\0005\000\040\000D\000i\000s\000a\000s\000t\000e\000r\000\040\000R\000e\000c\000o\000v\000e\000r\000y\000\040\000R\000u\000n\000b\000o\000o\000k}{section.1.6}% 55
\BOOKMARK [1][]{section.1.7}{\376\377\0001\000.\0007\000\040\000A\000r\000c\000h\000i\000t\000e\000c\000t\000u\000r\000a\000l\000\040\000D\000e\000c\000i\000s\000i\000o\000n\000\040\000R\000e\000c\000o\000r\000d\000\040\000T\000e\000m\000p\000l\000a\000t\000e}{chapter.1}% 56
\BOOKMARK [1][]{section.1.8}{\376\377\0001\000.\0008\000\040\000O\000p\000e\000r\000a\000t\000i\000o\000n\000a\000l\000\040\000D\000e\000e\000p\000\040\000D\000i\000v\000e\000:\000\040\000N\000a\000m\000i\000n\000g\000,\000\040\000Z\000o\000n\000e\000s\000,\000\040\000a\000n\000d\000\040\000E\000v\000i\000d\000e\000n\000c\000e}{chapter.1}% 57
\BOOKMARK [1][]{section.1.9}{\376\377\0001\000.\0009\000\040\000T\000r\000o\000u\000b\000l\000e\000s\000h\000o\000o\000t\000i\000n\000g\000\040\000P\000a\000t\000t\000e\000r\000n\000s}{chapter.1}% 58
\BOOKMARK [1][]{section.1.10}{\376\377\0001\000.\0001\0000\000\040\000W\000e\000e\000k\000\040\0001\000\040\000L\000a\000b\000\040\000R\000u\000b\000r\000i\000c}{chapter.1}% 59
\BOOKMARK [1][]{section.1.11}{\376\377\0001\000.\0001\0001\000\040\000I\000n\000t\000e\000r\000v\000i\000e\000w\000\040\000Q\000\046\000A}{chapter.1}% 60
\BOOKMARK [2][]{subsection.1.11.1}{\376\377\0001\000.\0001\0001\000.\0001\000\040\000C\000o\000n\000c\000e\000p\000t\000s\000\040\000a\000n\000d\000\040\000T\000r\000a\000d\000e\000-\000o\000f\000f\000s}{section.1.11}% 61
\BOOKMARK [1][]{section.1.12}{\376\377\0001\000.\0001\0002\000\040\000F\000u\000r\000t\000h\000e\000r\000\040\000R\000e\000a\000d\000i\000n\000g}{chapter.1}% 62
\BOOKMARK [1][]{section.1.13}{\376\377\0001\000.\0001\0003\000\040\000E\000x\000e\000r\000c\000i\000s\000e\000s}{chapter.1}% 63
\BOOKMARK [1][]{section.1.14}{\376\377\0001\000.\0001\0004\000\040\000C\000a\000p\000s\000t\000o\000n\000e\000\040\000P\000r\000o\000j\000e\000c\000t\000:\000\040\000A\000\040\000C\000o\000m\000p\000l\000i\000a\000n\000t\000\040\000M\000e\000d\000i\000c\000a\000l\000\040\000I\000m\000a\000g\000i\000n\000g\000\040\000A\000r\000c\000h\000i\000v\000e\000\040\000o\000n\000\040\000A\000D\000L\000S\000\040\000G\000e\000n\0002}{chapter.1}% 64
\BOOKMARK [0][]{chapter.2}{\376\377\0002\000\040\000R\000e\000l\000a\000t\000i\000o\000n\000a\000l\000\040\000D\000a\000t\000a\000b\000a\000s\000e\000s\000:\000\040\000A\000z\000u\000r\000e\000\040\000S\000Q\000L\000\040\000a\000n\000d\000\040\000P\000o\000s\000t\000g\000r\000e\000S\000Q\000L}{part.1}% 65
\BOOKMARK [1][]{section.2.1}{\376\377\0002\000.\0001\000\040\000W\000e\000e\000k\000\040\0002\000\040\000O\000v\000e\000r\000v\000i\000e\000w\000:\000\040\000R\000e\000l\000a\000t\000i\000o\000n\000a\000l\000\040\000E\000n\000g\000i\000n\000e\000s\000\040\000i\000n\000\040\000a\000\040\000D\000a\000t\000a\000\040\000E\000n\000g\000i\000n\000e\000e\000r\000i\000n\000g\000\040\000P\000l\000a\000t\000f\000o\000r\000m}{chapter.2}% 66
\BOOKMARK [1][]{section.2.2}{\376\377\0002\000.\0002\000\040\000M\000o\000n\000d\000a\000y\000:\000\040\000A\000z\000u\000r\000e\000\040\000S\000Q\000L\000\040\000D\000a\000t\000a\000b\000a\000s\000e\000\040\000P\000u\000r\000c\000h\000a\000s\000i\000n\000g\000\040\000M\000o\000d\000e\000l\000s}{chapter.2}% 67
\BOOKMARK [2][]{subsection.2.2.1}{\376\377\0002\000.\0002\000.\0001\000\040\000D\000T\000U\000\040\000a\000n\000d\000\040\000v\000C\000o\000r\000e\000\040\000M\000o\000d\000e\000l\000s}{section.2.2}% 68
\BOOKMARK [2][]{subsection.2.2.2}{\376\377\0002\000.\0002\000.\0002\000\040\000S\000e\000r\000v\000e\000r\000l\000e\000s\000s\000\040\000f\000o\000r\000\040\000V\000a\000r\000i\000a\000b\000l\000e\000\040\000D\000e\000m\000a\000n\000d}{section.2.2}% 69
\BOOKMARK [2][]{subsection.2.2.3}{\376\377\0002\000.\0002\000.\0003\000\040\000H\000y\000p\000e\000r\000s\000c\000a\000l\000e\000\040\000A\000r\000c\000h\000i\000t\000e\000c\000t\000u\000r\000e}{section.2.2}% 70
\BOOKMARK [1][]{section.2.3}{\376\377\0002\000.\0003\000\040\000T\000u\000e\000s\000d\000a\000y\000:\000\040\000A\000z\000u\000r\000e\000\040\000D\000a\000t\000a\000b\000a\000s\000e\000\040\000f\000o\000r\000\040\000P\000o\000s\000t\000g\000r\000e\000S\000Q\000L\000\040\000F\000l\000e\000x\000i\000b\000l\000e\000\040\000S\000e\000r\000v\000e\000r\000\040\000a\000n\000d\000\040\000H\000i\000g\000h\000\040\000A\000v\000a\000i\000l\000a\000b\000i\000l\000i\000t\000y}{chapter.2}% 71
\BOOKMARK [2][]{subsection.2.3.1}{\376\377\0002\000.\0003\000.\0001\000\040\000F\000l\000e\000x\000i\000b\000l\000e\000\040\000S\000e\000r\000v\000e\000r\000\040\000a\000s\000\040\000t\000h\000e\000\040\000D\000e\000f\000a\000u\000l\000t\000\040\000P\000o\000s\000t\000g\000r\000e\000S\000Q\000L\000\040\000M\000o\000d\000e\000l}{section.2.3}% 72
\BOOKMARK [2][]{subsection.2.3.2}{\376\377\0002\000.\0003\000.\0002\000\040\000H\000i\000g\000h\000\040\000A\000v\000a\000i\000l\000a\000b\000i\000l\000i\000t\000y\000\040\000a\000n\000d\000\040\000B\000a\000c\000k\000u\000p\000s}{section.2.3}% 73
\BOOKMARK [2][]{subsection.2.3.3}{\376\377\0002\000.\0003\000.\0003\000\040\000D\000e\000s\000i\000g\000n\000i\000n\000g\000\040\000P\000o\000s\000t\000g\000r\000e\000S\000Q\000L\000\040\000f\000o\000r\000\040\000D\000a\000t\000a\000\040\000E\000n\000g\000i\000n\000e\000e\000r\000i\000n\000g}{section.2.3}% 74
\BOOKMARK [1][]{section.2.4}{\376\377\0002\000.\0004\000\040\000W\000e\000d\000n\000e\000s\000d\000a\000y\000:\000\040\000A\000c\000t\000i\000v\000e\000\040\000G\000e\000o\000-\000R\000e\000p\000l\000i\000c\000a\000t\000i\000o\000n\000\040\000a\000n\000d\000\040\000A\000u\000t\000o\000-\000F\000a\000i\000l\000o\000v\000e\000r\000\040\000G\000r\000o\000u\000p\000s}{chapter.2}% 75
\BOOKMARK [2][]{subsection.2.4.1}{\376\377\0002\000.\0004\000.\0001\000\040\000A\000c\000t\000i\000v\000e\000\040\000G\000e\000o\000-\000R\000e\000p\000l\000i\000c\000a\000t\000i\000o\000n}{section.2.4}% 76
\BOOKMARK [2][]{subsection.2.4.2}{\376\377\0002\000.\0004\000.\0002\000\040\000A\000u\000t\000o\000-\000F\000a\000i\000l\000o\000v\000e\000r\000\040\000G\000r\000o\000u\000p\000s}{section.2.4}% 77
\BOOKMARK [2][]{subsection.2.4.3}{\376\377\0002\000.\0004\000.\0003\000\040\000T\000e\000s\000t\000i\000n\000g\000\040\000F\000a\000i\000l\000o\000v\000e\000r\000\040\000W\000i\000t\000h\000o\000u\000t\000\040\000F\000o\000o\000l\000i\000n\000g\000\040\000Y\000o\000u\000r\000s\000e\000l\000f}{section.2.4}% 78
\BOOKMARK [1][]{section.2.5}{\376\377\0002\000.\0005\000\040\000T\000h\000u\000r\000s\000d\000a\000y\000\040\000H\000a\000n\000d\000s\000-\000o\000n\000\040\000P\000r\000o\000j\000e\000c\000t\000:\000\040\000S\000e\000r\000v\000e\000r\000l\000e\000s\000s\000\040\000A\000z\000u\000r\000e\000\040\000S\000Q\000L\000\040\000w\000i\000t\000h\000\040\000G\000e\000o\000-\000R\000e\000p\000l\000i\000c\000a\000\040\000a\000n\000d\000\040\000F\000a\000i\000l\000o\000v\000e\000r}{chapter.2}% 79
\BOOKMARK [1][]{section.2.6}{\376\377\0002\000.\0006\000\040\000F\000r\000i\000d\000a\000y\000\040\000U\000s\000e\000\040\000C\000a\000s\000e\000:\000\040\000Z\000e\000r\000o\000-\000D\000o\000w\000n\000t\000i\000m\000e\000\040\000M\000i\000g\000r\000a\000t\000i\000o\000n\000\040\000t\000o\000\040\000A\000z\000u\000r\000e\000\040\000S\000Q\000L\000\040\000M\000a\000n\000a\000g\000e\000d\000\040\000I\000n\000s\000t\000a\000n\000c\000e}{chapter.2}% 80
\BOOKMARK [2][]{subsection.2.6.1}{\376\377\0002\000.\0006\000.\0001\000\040\000S\000c\000e\000n\000a\000r\000i\000o}{section.2.6}% 81
\BOOKMARK [2][]{subsection.2.6.2}{\376\377\0002\000.\0006\000.\0002\000\040\000M\000i\000g\000r\000a\000t\000i\000o\000n\000\040\000A\000r\000c\000h\000i\000t\000e\000c\000t\000u\000r\000e}{section.2.6}% 82
\BOOKMARK [2][]{subsection.2.6.3}{\376\377\0002\000.\0006\000.\0003\000\040\000C\000u\000t\000o\000v\000e\000r\000\040\000R\000u\000n\000b\000o\000o\000k}{section.2.6}% 83
\BOOKMARK [1][]{section.2.7}{\376\377\0002\000.\0007\000\040\000A\000r\000c\000h\000i\000t\000e\000c\000t\000u\000r\000a\000l\000\040\000D\000e\000c\000i\000s\000i\000o\000n\000\040\000R\000e\000c\000o\000r\000d\000\040\000T\000e\000m\000p\000l\000a\000t\000e}{chapter.2}% 84
\BOOKMARK [1][]{section.2.8}{\376\377\0002\000.\0008\000\040\000O\000p\000e\000r\000a\000t\000i\000o\000n\000a\000l\000\040\000D\000e\000e\000p\000\040\000D\000i\000v\000e\000:\000\040\000P\000e\000r\000f\000o\000r\000m\000a\000n\000c\000e\000,\000\040\000I\000d\000e\000n\000t\000i\000t\000y\000,\000\040\000a\000n\000d\000\040\000O\000b\000s\000e\000r\000v\000a\000b\000i\000l\000i\000t\000y}{chapter.2}% 85
\BOOKMARK [1][]{section.2.9}{\376\377\0002\000.\0009\000\040\000T\000r\000o\000u\000b\000l\000e\000s\000h\000o\000o\000t\000i\000n\000g\000\040\000P\000a\000t\000t\000e\000r\000n\000s}{chapter.2}% 86
\BOOKMARK [1][]{section.2.10}{\376\377\0002\000.\0001\0000\000\040\000W\000e\000e\000k\000\040\0002\000\040\000L\000a\000b\000\040\000R\000u\000b\000r\000i\000c}{chapter.2}% 87
\BOOKMARK [1][]{section.2.11}{\376\377\0002\000.\0001\0001\000\040\000I\000n\000t\000e\000r\000v\000i\000e\000w\000\040\000Q\000\046\000A}{chapter.2}% 88
\BOOKMARK [2][]{subsection.2.11.1}{\376\377\0002\000.\0001\0001\000.\0001\000\040\000C\000o\000n\000c\000e\000p\000t\000s\000\040\000a\000n\000d\000\040\000T\000r\000a\000d\000e\000-\000o\000f\000f\000s}{section.2.11}% 89
\BOOKMARK [1][]{section.2.12}{\376\377\0002\000.\0001\0002\000\040\000F\000u\000r\000t\000h\000e\000r\000\040\000R\000e\000a\000d\000i\000n\000g}{chapter.2}% 90
\BOOKMARK [1][]{section.2.13}{\376\377\0002\000.\0001\0003\000\040\000E\000x\000e\000r\000c\000i\000s\000e\000s}{chapter.2}% 91
\BOOKMARK [1][]{section.2.14}{\376\377\0002\000.\0001\0004\000\040\000C\000a\000p\000s\000t\000o\000n\000e\000\040\000P\000r\000o\000j\000e\000c\000t\000:\000\040\000H\000A\000\040\000G\000e\000o\000-\000R\000e\000p\000l\000i\000c\000a\000t\000e\000d\000\040\000A\000z\000u\000r\000e\000\040\000S\000Q\000L\000\040\000P\000l\000a\000t\000f\000o\000r\000m\000\040\000f\000o\000r\000\040\000M\000a\000n\000a\000g\000e\000d\000\040\000I\000n\000s\000t\000a\000n\000c\000e\000\040\000C\000u\000t\000o\000v\000e\000r}{chapter.2}% 92
\BOOKMARK [0][]{chapter.3}{\376\377\0003\000\040\000H\000i\000g\000h\000-\000S\000c\000a\000l\000e\000\040\000N\000o\000S\000Q\000L\000:\000\040\000A\000z\000u\000r\000e\000\040\000C\000o\000s\000m\000o\000s\000\040\000D\000B}{part.1}% 93
\BOOKMARK [1][]{section.3.1}{\376\377\0003\000.\0001\000\040\000W\000e\000e\000k\000\040\0003\000\040\000O\000v\000e\000r\000v\000i\000e\000w\000:\000\040\000W\000h\000y\000\040\000C\000o\000s\000m\000o\000s\000\040\000D\000B\000\040\000M\000a\000t\000t\000e\000r\000s\000\040\000t\000o\000\040\000D\000a\000t\000a\000\040\000E\000n\000g\000i\000n\000e\000e\000r\000s}{chapter.3}% 94
\BOOKMARK [1][]{section.3.2}{\376\377\0003\000.\0002\000\040\000M\000o\000n\000d\000a\000y\000:\000\040\000C\000o\000r\000e\000\040\000C\000o\000n\000c\000e\000p\000t\000s\000\040\040\024\000\040\000R\000U\000s\000,\000\040\000P\000a\000r\000t\000i\000t\000i\000o\000n\000i\000n\000g\000,\000\040\000a\000n\000d\000\040\000G\000l\000o\000b\000a\000l\000\040\000D\000i\000s\000t\000r\000i\000b\000u\000t\000i\000o\000n}{chapter.3}% 95
\BOOKMARK [2][]{subsection.3.2.1}{\376\377\0003\000.\0002\000.\0001\000\040\000R\000e\000q\000u\000e\000s\000t\000\040\000U\000n\000i\000t\000s\000\040\000a\000s\000\040\000t\000h\000e\000\040\000T\000h\000r\000o\000u\000g\000h\000p\000u\000t\000\040\000C\000u\000r\000r\000e\000n\000c\000y}{section.3.2}% 96
\BOOKMARK [2][]{subsection.3.2.2}{\376\377\0003\000.\0002\000.\0002\000\040\000P\000a\000r\000t\000i\000t\000i\000o\000n\000\040\000K\000e\000y\000s\000\040\000a\000n\000d\000\040\000L\000o\000g\000i\000c\000a\000l\000\040\000P\000a\000r\000t\000i\000t\000i\000o\000n\000s}{section.3.2}% 97
\BOOKMARK [2][]{subsection.3.2.3}{\376\377\0003\000.\0002\000.\0003\000\040\000P\000h\000y\000s\000i\000c\000a\000l\000\040\000P\000a\000r\000t\000i\000t\000i\000o\000n\000s\000\040\000a\000n\000d\000\040\000H\000o\000t\000\040\000K\000e\000y\000s}{section.3.2}% 98
\BOOKMARK [2][]{subsection.3.2.4}{\376\377\0003\000.\0002\000.\0004\000\040\000G\000l\000o\000b\000a\000l\000\040\000D\000i\000s\000t\000r\000i\000b\000u\000t\000i\000o\000n}{section.3.2}% 99
\BOOKMARK [1][]{section.3.3}{\376\377\0003\000.\0003\000\040\000T\000u\000e\000s\000d\000a\000y\000:\000\040\000T\000h\000e\000\040\000F\000i\000v\000e\000\040\000C\000o\000n\000s\000i\000s\000t\000e\000n\000c\000y\000\040\000L\000e\000v\000e\000l\000s}{chapter.3}% 100
\BOOKMARK [2][]{subsection.3.3.1}{\376\377\0003\000.\0003\000.\0001\000\040\000S\000t\000r\000o\000n\000g\000\040\000a\000n\000d\000\040\000B\000o\000u\000n\000d\000e\000d\000\040\000S\000t\000a\000l\000e\000n\000e\000s\000s}{section.3.3}% 101
\BOOKMARK [2][]{subsection.3.3.2}{\376\377\0003\000.\0003\000.\0002\000\040\000S\000e\000s\000s\000i\000o\000n\000,\000\040\000C\000o\000n\000s\000i\000s\000t\000e\000n\000t\000\040\000P\000r\000e\000f\000i\000x\000,\000\040\000a\000n\000d\000\040\000E\000v\000e\000n\000t\000u\000a\000l}{section.3.3}% 102
\BOOKMARK [1][]{section.3.4}{\376\377\0003\000.\0004\000\040\000W\000e\000d\000n\000e\000s\000d\000a\000y\000:\000\040\000A\000P\000I\000s\000\040\000a\000n\000d\000\040\000t\000h\000e\000\040\000C\000h\000a\000n\000g\000e\000\040\000F\000e\000e\000d}{chapter.3}% 103
\BOOKMARK [2][]{subsection.3.4.1}{\376\377\0003\000.\0004\000.\0001\000\040\000C\000o\000r\000e\000\040\000\050\000N\000o\000S\000Q\000L\000\051\000,\000\040\000M\000o\000n\000g\000o\000D\000B\000,\000\040\000a\000n\000d\000\040\000C\000a\000s\000s\000a\000n\000d\000r\000a\000\040\000A\000P\000I\000s}{section.3.4}% 104
\BOOKMARK [2][]{subsection.3.4.2}{\376\377\0003\000.\0004\000.\0002\000\040\000C\000h\000a\000n\000g\000e\000\040\000F\000e\000e\000d\000\040\000a\000s\000\040\000t\000h\000e\000\040\000E\000v\000e\000n\000t\000\040\000B\000r\000i\000d\000g\000e}{section.3.4}% 105
\BOOKMARK [1][]{section.3.5}{\376\377\0003\000.\0005\000\040\000T\000h\000u\000r\000s\000d\000a\000y\000\040\000H\000a\000n\000d\000s\000-\000o\000n\000\040\000P\000r\000o\000j\000e\000c\000t\000:\000\040\000F\000o\000r\000u\000m\000\040\000C\000o\000n\000t\000a\000i\000n\000e\000r\000\040\000w\000i\000t\000h\000\040\000P\000y\000t\000h\000o\000n\000\040\000W\000r\000i\000t\000e\000s\000\040\000a\000n\000d\000\040\000M\000u\000l\000t\000i\000-\000R\000e\000g\000i\000o\000n\000\040\000W\000r\000i\000t\000e\000s}{chapter.3}% 106
\BOOKMARK [2][]{subsection.3.5.1}{\376\377\0003\000.\0005\000.\0001\000\040\000S\000i\000n\000g\000l\000e\000-\000C\000o\000n\000t\000a\000i\000n\000e\000r\000\040\000F\000o\000r\000u\000m\000\040\000S\000c\000h\000e\000m\000a}{section.3.5}% 107
\BOOKMARK [2][]{subsection.3.5.2}{\376\377\0003\000.\0005\000.\0002\000\040\000I\000n\000s\000e\000r\000t\000i\000n\000g\000\040\000F\000o\000r\000u\000m\000\040\000I\000t\000e\000m\000s\000\040\000w\000i\000t\000h\000\040\000P\000y\000t\000h\000o\000n}{section.3.5}% 108
\BOOKMARK [1][]{section.3.6}{\376\377\0003\000.\0006\000\040\000F\000r\000i\000d\000a\000y\000\040\000U\000s\000e\000\040\000C\000a\000s\000e\000:\000\040\000G\000l\000o\000b\000a\000l\000\040\000G\000a\000m\000i\000n\000g\000\040\000L\000e\000a\000d\000e\000r\000b\000o\000a\000r\000d\000\040\000a\000t\000\040\0001\000,\0000\0000\0000\000,\0000\0000\0000\000\040\000R\000e\000a\000d\000s\000/\000W\000r\000i\000t\000e\000s\000\040\000p\000e\000r\000\040\000S\000e\000c\000o\000n\000d}{chapter.3}% 109
\BOOKMARK [2][]{subsection.3.6.1}{\376\377\0003\000.\0006\000.\0001\000\040\000S\000c\000e\000n\000a\000r\000i\000o}{section.3.6}% 110
\BOOKMARK [2][]{subsection.3.6.2}{\376\377\0003\000.\0006\000.\0002\000\040\000P\000a\000r\000t\000i\000t\000i\000o\000n\000i\000n\000g\000\040\000a\000n\000d\000\040\000S\000e\000r\000v\000i\000n\000g\000\040\000S\000t\000r\000a\000t\000e\000g\000y}{section.3.6}% 111
\BOOKMARK [2][]{subsection.3.6.3}{\376\377\0003\000.\0006\000.\0003\000\040\000C\000o\000r\000r\000e\000c\000t\000n\000e\000s\000s\000\040\000a\000n\000d\000\040\000C\000o\000s\000t\000\040\000C\000o\000n\000t\000r\000o\000l\000s}{section.3.6}% 112
\BOOKMARK [1][]{section.3.7}{\376\377\0003\000.\0007\000\040\000A\000r\000c\000h\000i\000t\000e\000c\000t\000u\000r\000a\000l\000\040\000D\000e\000c\000i\000s\000i\000o\000n\000\040\000R\000e\000c\000o\000r\000d\000\040\000T\000e\000m\000p\000l\000a\000t\000e}{chapter.3}% 113
\BOOKMARK [1][]{section.3.8}{\376\377\0003\000.\0008\000\040\000O\000p\000e\000r\000a\000t\000i\000o\000n\000a\000l\000\040\000D\000e\000e\000p\000\040\000D\000i\000v\000e\000:\000\040\000P\000e\000r\000f\000o\000r\000m\000a\000n\000c\000e\000,\000\040\000I\000d\000e\000n\000t\000i\000t\000y\000,\000\040\000a\000n\000d\000\040\000O\000b\000s\000e\000r\000v\000a\000b\000i\000l\000i\000t\000y}{chapter.3}% 114
\BOOKMARK [1][]{section.3.9}{\376\377\0003\000.\0009\000\040\000T\000r\000o\000u\000b\000l\000e\000s\000h\000o\000o\000t\000i\000n\000g\000\040\000P\000a\000t\000t\000e\000r\000n\000s}{chapter.3}% 115
\BOOKMARK [1][]{section.3.10}{\376\377\0003\000.\0001\0000\000\040\000W\000e\000e\000k\000\040\0003\000\040\000L\000a\000b\000\040\000R\000u\000b\000r\000i\000c}{chapter.3}% 116
\BOOKMARK [1][]{section.3.11}{\376\377\0003\000.\0001\0001\000\040\000I\000n\000t\000e\000r\000v\000i\000e\000w\000\040\000Q\000\046\000A}{chapter.3}% 117
\BOOKMARK [2][]{subsection.3.11.1}{\376\377\0003\000.\0001\0001\000.\0001\000\040\000C\000o\000n\000c\000e\000p\000t\000s\000\040\000a\000n\000d\000\040\000T\000r\000a\000d\000e\000-\000o\000f\000f\000s}{section.3.11}% 118
\BOOKMARK [1][]{section.3.12}{\376\377\0003\000.\0001\0002\000\040\000F\000u\000r\000t\000h\000e\000r\000\040\000R\000e\000a\000d\000i\000n\000g}{chapter.3}% 119
\BOOKMARK [1][]{section.3.13}{\376\377\0003\000.\0001\0003\000\040\000E\000x\000e\000r\000c\000i\000s\000e\000s}{chapter.3}% 120
\BOOKMARK [1][]{section.3.14}{\376\377\0003\000.\0001\0004\000\040\000C\000a\000p\000s\000t\000o\000n\000e\000\040\000P\000r\000o\000j\000e\000c\000t\000:\000\040\000G\000l\000o\000b\000a\000l\000\040\000G\000a\000m\000i\000n\000g\000\040\000L\000e\000a\000d\000e\000r\000b\000o\000a\000r\000d\000\040\000o\000n\000\040\000C\000o\000s\000m\000o\000s\000\040\000D\000B}{chapter.3}% 121
\BOOKMARK [0][]{chapter.4}{\376\377\0004\000\040\000H\000y\000b\000r\000i\000d\000\040\000I\000n\000g\000e\000s\000t\000i\000o\000n\000\040\000a\000n\000d\000\040\000C\000a\000c\000h\000i\000n\000g}{part.1}% 122
\BOOKMARK [1][]{section.4.1}{\376\377\0004\000.\0001\000\040\000W\000e\000e\000k\000\040\0004\000\040\000O\000v\000e\000r\000v\000i\000e\000w\000:\000\040\000W\000h\000y\000\040\000C\000a\000c\000h\000i\000n\000g\000\040\000a\000n\000d\000\040\000H\000y\000b\000r\000i\000d\000\040\000I\000n\000g\000e\000s\000t\000i\000o\000n\000\040\000C\000l\000o\000s\000e\000\040\000P\000a\000r\000t\000\040\000I}{chapter.4}% 123
\BOOKMARK [1][]{section.4.2}{\376\377\0004\000.\0002\000\040\000M\000o\000n\000d\000a\000y\000:\000\040\000A\000z\000u\000r\000e\000\040\000C\000a\000c\000h\000e\000\040\000f\000o\000r\000\040\000R\000e\000d\000i\000s\000\040\000f\000o\000r\000\040\000D\000a\000t\000a\000b\000a\000s\000e\000\040\000A\000c\000c\000e\000l\000e\000r\000a\000t\000i\000o\000n}{chapter.4}% 124
\BOOKMARK [2][]{subsection.4.2.1}{\376\377\0004\000.\0002\000.\0001\000\040\000W\000h\000a\000t\000\040\000R\000e\000d\000i\000s\000\040\000A\000d\000d\000s\000\040\000t\000o\000\040\000a\000\040\000D\000a\000t\000a\000\040\000P\000l\000a\000t\000f\000o\000r\000m}{section.4.2}% 125
\BOOKMARK [2][]{subsection.4.2.2}{\376\377\0004\000.\0002\000.\0002\000\040\000C\000a\000c\000h\000e\000-\000A\000s\000i\000d\000e\000\040\000R\000e\000a\000d\000\040\000P\000a\000t\000h}{section.4.2}% 126
\BOOKMARK [2][]{subsection.4.2.3}{\376\377\0004\000.\0002\000.\0003\000\040\000K\000e\000y\000s\000,\000\040\000T\000T\000L\000s\000,\000\040\000a\000n\000d\000\040\000I\000n\000v\000a\000l\000i\000d\000a\000t\000i\000o\000n}{section.4.2}% 127
\BOOKMARK [2][]{subsection.4.2.4}{\376\377\0004\000.\0002\000.\0004\000\040\000A\000v\000a\000i\000l\000a\000b\000i\000l\000i\000t\000y\000\040\000a\000n\000d\000\040\000F\000a\000i\000l\000u\000r\000e\000\040\000M\000o\000d\000e\000s}{section.4.2}% 128
\BOOKMARK [1][]{section.4.3}{\376\377\0004\000.\0003\000\040\000T\000u\000e\000s\000d\000a\000y\000:\000\040\000C\000o\000s\000m\000o\000s\000\040\000D\000B\000\040\000I\000n\000t\000e\000g\000r\000a\000t\000e\000d\000\040\000C\000a\000c\000h\000e}{chapter.4}% 129
\BOOKMARK [2][]{subsection.4.3.1}{\376\377\0004\000.\0003\000.\0001\000\040\000W\000h\000y\000\040\000a\000n\000\040\000I\000n\000t\000e\000g\000r\000a\000t\000e\000d\000\040\000C\000a\000c\000h\000e\000\040\000E\000x\000i\000s\000t\000s}{section.4.3}% 130
\BOOKMARK [2][]{subsection.4.3.2}{\376\377\0004\000.\0003\000.\0002\000\040\000W\000h\000e\000n\000\040\000I\000n\000t\000e\000g\000r\000a\000t\000e\000d\000\040\000C\000a\000c\000h\000e\000\040\000F\000i\000t\000s}{section.4.3}% 131
\BOOKMARK [2][]{subsection.4.3.3}{\376\377\0004\000.\0003\000.\0003\000\040\000C\000o\000n\000s\000i\000s\000t\000e\000n\000c\000y\000\040\000a\000n\000d\000\040\000F\000r\000e\000s\000h\000n\000e\000s\000s\000\040\000T\000r\000a\000d\000e\000-\000o\000f\000f\000s}{section.4.3}% 132
\BOOKMARK [1][]{section.4.4}{\376\377\0004\000.\0004\000\040\000W\000e\000d\000n\000e\000s\000d\000a\000y\000:\000\040\000A\000z\000u\000r\000e\000\040\000A\000P\000I\000\040\000M\000a\000n\000a\000g\000e\000m\000e\000n\000t\000\040\000f\000o\000r\000\040\000D\000a\000t\000a\000\040\000I\000n\000g\000e\000s\000t\000i\000o\000n}{chapter.4}% 133
\BOOKMARK [2][]{subsection.4.4.1}{\376\377\0004\000.\0004\000.\0001\000\040\000A\000P\000I\000M\000\040\000a\000s\000\040\000t\000h\000e\000\040\000D\000a\000t\000a\000\040\000A\000P\000I\000\040\000F\000r\000o\000n\000t\000\040\000D\000o\000o\000r}{section.4.4}% 134
\BOOKMARK [2][]{subsection.4.4.2}{\376\377\0004\000.\0004\000.\0002\000\040\000P\000o\000l\000i\000c\000i\000e\000s\000\040\000f\000o\000r\000\040\000D\000a\000t\000a\000\040\000I\000n\000g\000e\000s\000t\000i\000o\000n}{section.4.4}% 135
\BOOKMARK [2][]{subsection.4.4.3}{\376\377\0004\000.\0004\000.\0003\000\040\000S\000y\000n\000c\000h\000r\000o\000n\000o\000u\000s\000\040\000a\000n\000d\000\040\000A\000s\000y\000n\000c\000h\000r\000o\000n\000o\000u\000s\000\040\000I\000n\000g\000e\000s\000t\000i\000o\000n}{section.4.4}% 136
\BOOKMARK [1][]{section.4.5}{\376\377\0004\000.\0005\000\040\000T\000h\000u\000r\000s\000d\000a\000y\000\040\000H\000a\000n\000d\000s\000-\000o\000n\000\040\000P\000r\000o\000j\000e\000c\000t\000:\000\040\000R\000e\000d\000i\000s\000\040\000C\000a\000c\000h\000e\000-\000A\000s\000i\000d\000e\000\040\000f\000o\000r\000\040\000A\000z\000u\000r\000e\000\040\000S\000Q\000L\000\040\000Q\000u\000e\000r\000y\000\040\000R\000e\000s\000u\000l\000t\000s}{chapter.4}% 137
\BOOKMARK [2][]{subsection.4.5.1}{\376\377\0004\000.\0005\000.\0001\000\040\000D\000e\000p\000l\000o\000y\000i\000n\000g\000\040\000A\000z\000u\000r\000e\000\040\000C\000a\000c\000h\000e\000\040\000f\000o\000r\000\040\000R\000e\000d\000i\000s}{section.4.5}% 138
\BOOKMARK [2][]{subsection.4.5.2}{\376\377\0004\000.\0005\000.\0002\000\040\000C\000a\000c\000h\000i\000n\000g\000\040\000A\000z\000u\000r\000e\000\040\000S\000Q\000L\000\040\000R\000e\000s\000u\000l\000t\000s\000\040\000w\000i\000t\000h\000\040\000P\000y\000t\000h\000o\000n}{section.4.5}% 139
\BOOKMARK [2][]{subsection.4.5.3}{\376\377\0004\000.\0005\000.\0003\000\040\000M\000e\000a\000s\000u\000r\000i\000n\000g\000\040\000t\000h\000e\000\040\000L\000o\000a\000d\000\040\000R\000e\000d\000u\000c\000t\000i\000o\000n}{section.4.5}% 140
\BOOKMARK [1][]{section.4.6}{\376\377\0004\000.\0006\000\040\000F\000r\000i\000d\000a\000y\000\040\000U\000s\000e\000\040\000C\000a\000s\000e\000:\000\040\000M\000o\000b\000i\000l\000e\000\040\000S\000p\000o\000r\000t\000s\000\040\000A\000P\000I\000\040\000w\000i\000t\000h\000\040\000E\000x\000t\000r\000e\000m\000e\000\040\000T\000r\000a\000f\000f\000i\000c\000\040\000S\000p\000i\000k\000e\000s}{chapter.4}% 141
\BOOKMARK [2][]{subsection.4.6.1}{\376\377\0004\000.\0006\000.\0001\000\040\000S\000c\000e\000n\000a\000r\000i\000o}{section.4.6}% 142
\BOOKMARK [2][]{subsection.4.6.2}{\376\377\0004\000.\0006\000.\0002\000\040\000S\000e\000r\000v\000i\000n\000g\000\040\000A\000r\000c\000h\000i\000t\000e\000c\000t\000u\000r\000e}{section.4.6}% 143
\BOOKMARK [2][]{subsection.4.6.3}{\376\377\0004\000.\0006\000.\0003\000\040\000D\000e\000s\000i\000g\000n\000\040\000D\000e\000c\000i\000s\000i\000o\000n\000s}{section.4.6}% 144
\BOOKMARK [1][]{section.4.7}{\376\377\0004\000.\0007\000\040\000A\000r\000c\000h\000i\000t\000e\000c\000t\000u\000r\000a\000l\000\040\000D\000e\000c\000i\000s\000i\000o\000n\000\040\000R\000e\000c\000o\000r\000d\000\040\000T\000e\000m\000p\000l\000a\000t\000e}{chapter.4}% 145
\BOOKMARK [1][]{section.4.8}{\376\377\0004\000.\0008\000\040\000O\000p\000e\000r\000a\000t\000i\000o\000n\000a\000l\000\040\000D\000e\000e\000p\000\040\000D\000i\000v\000e\000:\000\040\000S\000t\000a\000m\000p\000e\000d\000e\000s\000,\000\040\000S\000e\000c\000u\000r\000i\000t\000y\000,\000\040\000a\000n\000d\000\040\000O\000b\000s\000e\000r\000v\000a\000b\000i\000l\000i\000t\000y}{chapter.4}% 146
\BOOKMARK [1][]{section.4.9}{\376\377\0004\000.\0009\000\040\000T\000r\000o\000u\000b\000l\000e\000s\000h\000o\000o\000t\000i\000n\000g\000\040\000P\000a\000t\000t\000e\000r\000n\000s}{chapter.4}% 147
\BOOKMARK [1][]{section.4.10}{\376\377\0004\000.\0001\0000\000\040\000W\000e\000e\000k\000\040\0004\000\040\000L\000a\000b\000\040\000R\000u\000b\000r\000i\000c}{chapter.4}% 148
\BOOKMARK [1][]{section.4.11}{\376\377\0004\000.\0001\0001\000\040\000I\000n\000t\000e\000r\000v\000i\000e\000w\000\040\000Q\000\046\000A}{chapter.4}% 149
\BOOKMARK [2][]{subsection.4.11.1}{\376\377\0004\000.\0001\0001\000.\0001\000\040\000C\000o\000n\000c\000e\000p\000t\000s\000\040\000a\000n\000d\000\040\000T\000r\000a\000d\000e\000-\000o\000f\000f\000s}{section.4.11}% 150
\BOOKMARK [1][]{section.4.12}{\376\377\0004\000.\0001\0002\000\040\000F\000u\000r\000t\000h\000e\000r\000\040\000R\000e\000a\000d\000i\000n\000g}{chapter.4}% 151
\BOOKMARK [1][]{section.4.13}{\376\377\0004\000.\0001\0003\000\040\000E\000x\000e\000r\000c\000i\000s\000e\000s}{chapter.4}% 152
\BOOKMARK [1][]{section.4.14}{\376\377\0004\000.\0001\0004\000\040\000M\000i\000l\000e\000s\000t\000o\000n\000e\000\040\0001\000\040\000C\000a\000p\000s\000t\000o\000n\000e\000:\000\040\000E\000-\000C\000o\000m\000m\000e\000r\000c\000e\000\040\000M\000u\000l\000t\000i\000-\000T\000i\000e\000r\000\040\000D\000a\000t\000a\000\040\000B\000a\000c\000k\000e\000n\000d}{chapter.4}% 153
\BOOKMARK [0][]{appendix.A}{\376\377\000A\000\040\000C\000r\000o\000s\000s\000-\000C\000l\000o\000u\000d\000\040\000S\000e\000r\000v\000i\000c\000e\000\040\000E\000q\000u\000i\000v\000a\000l\000e\000n\000c\000e}{part.1}% 154
\BOOKMARK [1][]{appendix.A.1}{\376\377\000A\000.\0001\000\040\000O\000b\000j\000e\000c\000t\000\040\000a\000n\000d\000\040\000D\000a\000t\000a\000-\000L\000a\000k\000e\000\040\000S\000t\000o\000r\000a\000g\000e}{appendix.A}% 155
\BOOKMARK [1][]{appendix.A.2}{\376\377\000A\000.\0002\000\040\000M\000a\000n\000a\000g\000e\000d\000\040\000R\000e\000l\000a\000t\000i\000o\000n\000a\000l\000\040\000D\000a\000t\000a\000b\000a\000s\000e\000s}{appendix.A}% 156
\BOOKMARK [1][]{appendix.A.3}{\376\377\000A\000.\0003\000\040\000E\000l\000a\000s\000t\000i\000c\000\040\000C\000o\000m\000p\000u\000t\000e\000\040\000a\000n\000d\000\040\000A\000n\000a\000l\000y\000t\000i\000c\000a\000l\000\040\000W\000a\000r\000e\000h\000o\000u\000s\000e\000s}{appendix.A}% 157
\BOOKMARK [1][]{appendix.A.4}{\376\377\000A\000.\0004\000\040\000D\000a\000t\000a\000\040\000O\000r\000g\000a\000n\000i\000z\000a\000t\000i\000o\000n\000\040\000a\000n\000d\000\040\000t\000h\000e\000\040\000M\000e\000d\000a\000l\000l\000i\000o\000n\000\040\000P\000a\000t\000t\000e\000r\000n}{appendix.A}% 158
\BOOKMARK [1][]{appendix.A.5}{\376\377\000A\000.\0005\000\040\000D\000o\000c\000u\000m\000e\000n\000t\000\040\000D\000a\000t\000a\000\040\000M\000o\000d\000e\000l\000i\000n\000g}{appendix.A}% 159
\BOOKMARK [1][]{appendix.A.6}{\376\377\000A\000.\0006\000\040\000G\000l\000o\000b\000a\000l\000l\000y\000\040\000D\000i\000s\000t\000r\000i\000b\000u\000t\000e\000d\000\040\000a\000n\000d\000\040\000N\000o\000S\000Q\000L\000\040\000D\000a\000t\000a\000b\000a\000s\000e\000s}{appendix.A}% 160
\BOOKMARK [1][]{appendix.A.7}{\376\377\000A\000.\0007\000\040\000M\000a\000n\000a\000g\000e\000d\000\040\000A\000p\000a\000c\000h\000e\000\040\000S\000p\000a\000r\000k}{appendix.A}% 161
\BOOKMARK [1][]{appendix.A.8}{\376\377\000A\000.\0008\000\040\000Q\000u\000e\000r\000y\000\040\000A\000c\000c\000e\000l\000e\000r\000a\000t\000i\000o\000n\000\040\000a\000n\000d\000\040\000M\000a\000t\000e\000r\000i\000a\000l\000i\000z\000e\000d\000\040\000V\000i\000e\000w\000s}{appendix.A}% 162
\BOOKMARK [1][]{appendix.A.9}{\376\377\000A\000.\0009\000\040\000I\000n\000-\000M\000e\000m\000o\000r\000y\000\040\000C\000a\000c\000h\000i\000n\000g\000\040\000a\000n\000d\000\040\000H\000y\000b\000r\000i\000d\000\040\000I\000n\000g\000e\000s\000t\000i\000o\000n}{appendix.A}% 163
\BOOKMARK [1][]{appendix.A.10}{\376\377\000A\000.\0001\0000\000\040\000W\000i\000d\000e\000-\000C\000o\000l\000u\000m\000n\000\040\000a\000n\000d\000\040\000K\000e\000y\000-\000V\000a\000l\000u\000e\000\040\000N\000o\000S\000Q\000L}{appendix.A}% 164
\BOOKMARK [1][]{appendix.A.11}{\376\377\000A\000.\0001\0001\000\040\000D\000a\000t\000a\000\040\000P\000r\000o\000t\000e\000c\000t\000i\000o\000n\000:\000\040\000C\000l\000o\000n\000i\000n\000g\000,\000\040\000T\000i\000m\000e\000\040\000T\000r\000a\000v\000e\000l\000,\000\040\000a\000n\000d\000\040\000M\000i\000g\000r\000a\000t\000i\000o\000n}{appendix.A}% 165
\BOOKMARK [0][]{appendix*.5}{\376\377\000G\000l\000o\000s\000s\000a\000r\000y}{part.1}% 166
