This is pdfTeX, Version 3.141592653-2.6-1.40.29 (MiKTeX 26.5) (preloaded format=pdflatex 2026.7.30)  31 JUL 2026 18:58
entering extended mode
 restricted \write18 enabled.
 %&-line parsing enabled.
**./main.tex
(main.tex
LaTeX2e <2026-06-01>
L3 programming layer <2026-06-18>
(C:\Users\aned.esquerra\AppData\Local\Programs\MiKTeX\tex/latex/base\book.cls
Document Class: book 2025/01/22 v1.4n Standard LaTeX document class
(C:\Users\aned.esquerra\AppData\Local\Programs\MiKTeX\tex/latex/base\bk11.clo
File: bk11.clo 2025/01/22 v1.4n Standard LaTeX file (size option)
)
\c@part=\count276
\c@chapter=\count277
\c@section=\count278
\c@subsection=\count279
\c@subsubsection=\count280
\c@paragraph=\count281
\c@subparagraph=\count282
\c@figure=\count283
\c@table=\count284
\abovecaptionskip=\skip49
\belowcaptionskip=\skip50
\bibindent=\dimen150
) (preamble.tex
(C:\Users\aned.esquerra\AppData\Local\Programs\MiKTeX\tex/latex/base\fontenc.st
y
Package: fontenc 2025/07/18 v2.1d Standard LaTeX package
)
(C:\Users\aned.esquerra\AppData\Local\Programs\MiKTeX\tex/latex/lm\lmodern.sty
Package: lmodern 2015/05/01 v1.6.1 Latin Modern Fonts
LaTeX Font Info:    Overwriting symbol font `operators' in version `normal'
(Font)                  OT1/cmr/m/n --> OT1/lmr/m/n on input line 22.
LaTeX Font Info:    Overwriting symbol font `letters' in version `normal'
(Font)                  OML/cmm/m/it --> OML/lmm/m/it on input line 23.
LaTeX Font Info:    Overwriting symbol font `symbols' in version `normal'
(Font)                  OMS/cmsy/m/n --> OMS/lmsy/m/n on input line 24.
LaTeX Font Info:    Overwriting symbol font `largesymbols' in version `normal'
(Font)                  OMX/cmex/m/n --> OMX/lmex/m/n on input line 25.
LaTeX Font Info:    Overwriting symbol font `operators' in version `bold'
(Font)                  OT1/cmr/bx/n --> OT1/lmr/bx/n on input line 26.
LaTeX Font Info:    Overwriting symbol font `letters' in version `bold'
(Font)                  OML/cmm/b/it --> OML/lmm/b/it on input line 27.
LaTeX Font Info:    Overwriting symbol font `symbols' in version `bold'
(Font)                  OMS/cmsy/b/n --> OMS/lmsy/b/n on input line 28.
LaTeX Font Info:    Overwriting symbol font `largesymbols' in version `bold'
(Font)                  OMX/cmex/m/n --> OMX/lmex/m/n on input line 29.
LaTeX Font Info:    Overwriting math alphabet `\mathbf' in version `normal'
(Font)                  OT1/cmr/bx/n --> OT1/lmr/bx/n on input line 31.
LaTeX Font Info:    Overwriting math alphabet `\mathsf' in version `normal'
(Font)                  OT1/cmss/m/n --> OT1/lmss/m/n on input line 32.
LaTeX Font Info:    Overwriting math alphabet `\mathit' in version `normal'
(Font)                  OT1/cmr/m/it --> OT1/lmr/m/it on input line 33.
LaTeX Font Info:    Overwriting math alphabet `\mathtt' in version `normal'
(Font)                  OT1/cmtt/m/n --> OT1/lmtt/m/n on input line 34.
LaTeX Font Info:    Overwriting math alphabet `\mathbf' in version `bold'
(Font)                  OT1/cmr/bx/n --> OT1/lmr/bx/n on input line 35.
LaTeX Font Info:    Overwriting math alphabet `\mathsf' in version `bold'
(Font)                  OT1/cmss/bx/n --> OT1/lmss/bx/n on input line 36.
LaTeX Font Info:    Overwriting math alphabet `\mathit' in version `bold'
(Font)                  OT1/cmr/bx/it --> OT1/lmr/bx/it on input line 37.
LaTeX Font Info:    Overwriting math alphabet `\mathtt' in version `bold'
(Font)                  OT1/cmtt/m/n --> OT1/lmtt/m/n on input line 38.
)
(C:\Users\aned.esquerra\AppData\Local\Programs\MiKTeX\tex/latex/base\inputenc.s
ty
Package: inputenc 2024/02/08 v1.3d Input encoding file
\inpenc@prehook=\toks17
\inpenc@posthook=\toks18
)
(C:\Users\aned.esquerra\AppData\Local\Programs\MiKTeX\tex/latex/amsmath\amsmath
.sty
Package: amsmath 2026/05/19 v2.18d AMS math features
\@mathmargin=\skip51

For additional information on amsmath, use the `?' option.

(C:\Users\aned.esquerra\AppData\Local\Programs\MiKTeX\tex/latex/amsmath\amstext
.sty
Package: amstext 2024/11/17 v2.01 AMS text

(C:\Users\aned.esquerra\AppData\Local\Programs\MiKTeX\tex/latex/amsmath\amsgen.
sty
File: amsgen.sty 1999/11/30 v2.0 generic functions
\@emptytoks=\toks19
\ex@=\dimen151
))
(C:\Users\aned.esquerra\AppData\Local\Programs\MiKTeX\tex/latex/amsmath\amsbsy.
sty
Package: amsbsy 1999/11/29 v1.2d Bold Symbols
\pmbraise@=\dimen152
)
(C:\Users\aned.esquerra\AppData\Local\Programs\MiKTeX\tex/latex/amsmath\amsopn.
sty
Package: amsopn 2022/04/08 v2.04 operator names
)
\inf@bad=\count285
LaTeX Info: Redefining \frac on input line 233.
\uproot@=\count286
\leftroot@=\count287
LaTeX Info: Redefining \overline on input line 398.
LaTeX Info: Redefining \colon on input line 409.
\classnum@=\count288
\DOTSCASE@=\count289
LaTeX Info: Redefining \ldots on input line 495.
LaTeX Info: Redefining \dots on input line 498.
LaTeX Info: Redefining \cdots on input line 619.
\Mathstrutbox@=\box53
\strutbox@=\box54
LaTeX Info: Redefining \big on input line 721.
LaTeX Info: Redefining \Big on input line 722.
LaTeX Info: Redefining \bigg on input line 723.
LaTeX Info: Redefining \Bigg on input line 724.
\big@size=\dimen153
LaTeX Font Info:    Redeclaring font encoding OML on input line 742.
LaTeX Font Info:    Redeclaring font encoding OMS on input line 743.
\macc@depth=\count290
LaTeX Info: Redefining \bmod on input line 904.
LaTeX Info: Redefining \pmod on input line 909.
LaTeX Info: Redefining \smash on input line 939.
LaTeX Info: Redefining \relbar on input line 969.
LaTeX Info: Redefining \Relbar on input line 970.
\c@MaxMatrixCols=\count291
\dotsspace@=\muskip17
\c@parentequation=\count292
\dspbrk@lvl=\count293
\tag@help=\toks20
\row@=\count294
\column@=\count295
\maxfields@=\count296
\andhelp@=\toks21
\eqnshift@=\dimen154
\alignsep@=\dimen155
\tagshift@=\dimen156
\tagwidth@=\dimen157
\totwidth@=\dimen158
\lineht@=\dimen159
\@envbody=\toks22
\multlinegap=\skip52
\multlinetaggap=\skip53
\mathdisplay@stack=\toks23
LaTeX Info: Redefining \[ on input line 2965.
LaTeX Info: Redefining \] on input line 2966.
)
(C:\Users\aned.esquerra\AppData\Local\Programs\MiKTeX\tex/latex/amsfonts\amsfon
ts.sty
Package: amsfonts 2013/01/14 v3.01 Basic AMSFonts support
\symAMSa=\mathgroup4
\symAMSb=\mathgroup5
LaTeX Font Info:    Redeclaring math symbol \hbar on input line 98.
LaTeX Font Info:    Overwriting math alphabet `\mathfrak' in version `bold'
(Font)                  U/euf/m/n --> U/euf/b/n on input line 106.
)
(C:\Users\aned.esquerra\AppData\Local\Programs\MiKTeX\tex/latex/amsfonts\amssym
b.sty
Package: amssymb 2013/01/14 v3.01 AMS font symbols
)
(C:\Users\aned.esquerra\AppData\Local\Programs\MiKTeX\tex/latex/geometry\geomet
ry.sty
Package: geometry 2026/03/07 v6.0 Page Geometry

(C:\Users\aned.esquerra\AppData\Local\Programs\MiKTeX\tex/latex/graphics\keyval
.sty
Package: keyval 2026-05-17 v1.15 key=value parser (DPC)
\KV@toks@=\toks24
)
(C:\Users\aned.esquerra\AppData\Local\Programs\MiKTeX\tex/generic/iftex\ifvtex.
sty
Package: ifvtex 2019/10/25 v1.7 ifvtex legacy package. Use iftex instead.

(C:\Users\aned.esquerra\AppData\Local\Programs\MiKTeX\tex/generic/iftex\iftex.s
ty
Package: iftex 2024/12/12 v1.0g TeX engine tests
))
\Gm@cnth=\count297
\Gm@cntv=\count298
\c@Gm@tempcnt=\count299
\Gm@bindingoffset=\dimen160
\Gm@wd@mp=\dimen161
\Gm@odd@mp=\dimen162
\Gm@even@mp=\dimen163
\Gm@layoutwidth=\dimen164
\Gm@layoutheight=\dimen165
\Gm@layouthoffset=\dimen166
\Gm@layoutvoffset=\dimen167
\Gm@dimlist=\toks25

(C:\Users\aned.esquerra\AppData\Local\Programs\MiKTeX\tex/latex/geometry\geomet
ry.cfg))
(C:\Users\aned.esquerra\AppData\Local\Programs\MiKTeX\tex/latex/xcolor\xcolor.s
ty
Package: xcolor 2024/09/29 v3.02 LaTeX color extensions (UK)

(C:\Users\aned.esquerra\AppData\Local\Programs\MiKTeX\tex/latex/graphics-cfg\co
lor.cfg
File: color.cfg 2016/01/02 v1.6 sample color configuration
)
Package xcolor Info: Driver file: pdftex.def on input line 274.

(C:\Users\aned.esquerra\AppData\Local\Programs\MiKTeX\tex/latex/graphics-def\pd
ftex.def
File: pdftex.def 2025/09/29 v1.2d Graphics/color driver for pdftex
)
(C:\Users\aned.esquerra\AppData\Local\Programs\MiKTeX\tex/latex/graphics\mathco
lor.ltx)
Package xcolor Info: Model `cmy' substituted by `cmy0' on input line 1349.
Package xcolor Info: Model `hsb' substituted by `rgb' on input line 1353.
Package xcolor Info: Model `RGB' extended on input line 1365.
Package xcolor Info: Model `HTML' substituted by `rgb' on input line 1367.
Package xcolor Info: Model `Hsb' substituted by `hsb' on input line 1368.
Package xcolor Info: Model `tHsb' substituted by `hsb' on input line 1369.
Package xcolor Info: Model `HSB' substituted by `hsb' on input line 1370.
Package xcolor Info: Model `Gray' substituted by `gray' on input line 1371.
Package xcolor Info: Model `wave' substituted by `hsb' on input line 1372.
)
(C:\Users\aned.esquerra\AppData\Local\Programs\MiKTeX\tex/latex/listings\listin
gs.sty
\lst@mode=\count300
\lst@gtempboxa=\box55
\lst@token=\toks26
\lst@length=\count301
\lst@currlwidth=\dimen168
\lst@column=\count302
\lst@pos=\count303
\lst@lostspace=\dimen169
\lst@width=\dimen170
\lst@newlines=\count304
\lst@lineno=\count305
\lst@maxwidth=\dimen171

(C:\Users\aned.esquerra\AppData\Local\Programs\MiKTeX\tex/latex/listings\lstpat
ch.sty
File: lstpatch.sty 2025/11/14 1.11b (Carsten Heinz)
)
(C:\Users\aned.esquerra\AppData\Local\Programs\MiKTeX\tex/latex/listings\lstmis
c.sty
File: lstmisc.sty 2025/11/14 1.11b (Carsten Heinz)
\c@lstnumber=\count306
\lst@skipnumbers=\count307
\lst@framebox=\box56
)
(C:\Users\aned.esquerra\AppData\Local\Programs\MiKTeX\tex/latex/listings\listin
gs.cfg
File: listings.cfg 2025/11/14 1.11b listings configuration
))
Package: listings 2025/11/14 1.11b (Carsten Heinz)

(C:\Users\aned.esquerra\AppData\Local\Programs\MiKTeX\tex/latex/hyperref\hyperr
ef.sty
Package: hyperref 2026-06-17 v7.01r Hypertext links for LaTeX

(C:\Users\aned.esquerra\AppData\Local\Programs\MiKTeX\tex/latex/kvsetkeys\kvset
keys.sty
Package: kvsetkeys 2022-10-05 v1.19 Key value parser (HO)
)
(C:\Users\aned.esquerra\AppData\Local\Programs\MiKTeX\tex/generic/kvdefinekeys\
kvdefinekeys.sty
Package: kvdefinekeys 2019-12-19 v1.6 Define keys (HO)
)
(C:\Users\aned.esquerra\AppData\Local\Programs\MiKTeX\tex/generic/pdfescape\pdf
escape.sty
Package: pdfescape 2019/12/09 v1.15 Implements pdfTeX's escape features (HO)

(C:\Users\aned.esquerra\AppData\Local\Programs\MiKTeX\tex/generic/ltxcmds\ltxcm
ds.sty
Package: ltxcmds 2023-12-04 v1.26 LaTeX kernel commands for general use (HO)
)
(C:\Users\aned.esquerra\AppData\Local\Programs\MiKTeX\tex/generic/pdftexcmds\pd
ftexcmds.sty
Package: pdftexcmds 2020-06-27 v0.33 Utility functions of pdfTeX for LuaTeX (HO
)

(C:\Users\aned.esquerra\AppData\Local\Programs\MiKTeX\tex/generic/infwarerr\inf
warerr.sty
Package: infwarerr 2019/12/03 v1.5 Providing info/warning/error messages (HO)
)
Package pdftexcmds Info: \pdf@primitive is available.
Package pdftexcmds Info: \pdf@ifprimitive is available.
Package pdftexcmds Info: \pdfdraftmode found.
))
(C:\Users\aned.esquerra\AppData\Local\Programs\MiKTeX\tex/latex/hycolor\hycolor
.sty
Package: hycolor 2020-01-27 v1.10 Color options for hyperref/bookmark (HO)
)
(C:\Users\aned.esquerra\AppData\Local\Programs\MiKTeX\tex/latex/hyperref\namere
f.sty
Package: nameref 2026-01-29 v2.58 Cross-referencing by name of section

(C:\Users\aned.esquerra\AppData\Local\Programs\MiKTeX\tex/latex/refcount\refcou
nt.sty
Package: refcount 2019/12/15 v3.6 Data extraction from label references (HO)
)
(C:\Users\aned.esquerra\AppData\Local\Programs\MiKTeX\tex/generic/gettitlestrin
g\gettitlestring.sty
Package: gettitlestring 2019/12/15 v1.6 Cleanup title references (HO)

(C:\Users\aned.esquerra\AppData\Local\Programs\MiKTeX\tex/latex/kvoptions\kvopt
ions.sty
Package: kvoptions 2022-06-15 v3.15 Key value format for package options (HO)
))
\c@section@level=\count308
)
(C:\Users\aned.esquerra\AppData\Local\Programs\MiKTeX\tex/latex/etoolbox\etoolb
ox.sty
Package: etoolbox 2025/10/02 v2.5m e-TeX tools for LaTeX (JAW)
\etb@tempcnta=\count309
)
(C:\Users\aned.esquerra\AppData\Local\Programs\MiKTeX\tex/generic/stringenc\str
ingenc.sty
Package: stringenc 2019/11/29 v1.12 Convert strings between diff. encodings (HO
)
)
\@linkdim=\dimen172
\Hy@linkcounter=\count310
\Hy@pagecounter=\count311

(C:\Users\aned.esquerra\AppData\Local\Programs\MiKTeX\tex/latex/hyperref\pd1enc
.def
File: pd1enc.def 2026-06-17 v7.01r Hyperref: PDFDocEncoding definition (HO)
Now handling font encoding PD1 ...
... no UTF-8 mapping file for font encoding PD1
)
(C:\Users\aned.esquerra\AppData\Local\Programs\MiKTeX\tex/generic/intcalc\intca
lc.sty
Package: intcalc 2019/12/15 v1.3 Expandable calculations with integers (HO)
)
\Hy@SavedSpaceFactor=\count312

(C:\Users\aned.esquerra\AppData\Local\Programs\MiKTeX\tex/latex/hyperref\puenc.
def
File: puenc.def 2026-06-17 v7.01r Hyperref: PDF Unicode definition (HO)
Now handling font encoding PU ...
... no UTF-8 mapping file for font encoding PU
)
Package hyperref Info: Hyper figures OFF on input line 4199.
Package hyperref Info: Link nesting OFF on input line 4204.
Package hyperref Info: Hyper index ON on input line 4207.
Package hyperref Info: Plain pages OFF on input line 4214.
Package hyperref Info: Backreferencing OFF on input line 4219.
Package hyperref Info: Implicit mode ON; LaTeX internals redefined.
Package hyperref Info: Bookmarks ON on input line 4466.
\c@Hy@tempcnt=\count313

(C:\Users\aned.esquerra\AppData\Local\Programs\MiKTeX\tex/latex/url\url.sty
\Urlmuskip=\muskip18
Package: url 2013/09/16  ver 3.4  Verb mode for urls, etc.
)
LaTeX Info: Redefining \url on input line 4805.
\XeTeXLinkMargin=\dimen173

(C:\Users\aned.esquerra\AppData\Local\Programs\MiKTeX\tex/generic/bitset\bitset
.sty
Package: bitset 2019/12/09 v1.3 Handle bit-vector datatype (HO)

(C:\Users\aned.esquerra\AppData\Local\Programs\MiKTeX\tex/generic/bigintcalc\bi
gintcalc.sty
Package: bigintcalc 2019/12/15 v1.5 Expandable calculations on big integers (HO
)
))
\Fld@menulength=\count314
\Field@Width=\dimen174
\Fld@charsize=\dimen175
Package hyperref Info: Hyper figures OFF on input line 6091.
Package hyperref Info: Link nesting OFF on input line 6096.
Package hyperref Info: Hyper index ON on input line 6099.
Package hyperref Info: backreferencing OFF on input line 6106.
Package hyperref Info: Link coloring OFF on input line 6111.
Package hyperref Info: Link coloring with OCG OFF on input line 6116.
Package hyperref Info: PDF/A mode OFF on input line 6121.
\Hy@abspage=\count315
\c@Item=\count316
\c@Hfootnote=\count317
)
Package hyperref Info: Driver (autodetected): hpdftex.

(C:\Users\aned.esquerra\AppData\Local\Programs\MiKTeX\tex/latex/hyperref\hpdfte
x.def
File: hpdftex.def 2026-06-17 v7.01r Hyperref driver for pdfTeX
\Fld@listcount=\count318
\c@bookmark@seq@number=\count319

(C:\Users\aned.esquerra\AppData\Local\Programs\MiKTeX\tex/latex/rerunfilecheck\
rerunfilecheck.sty
Package: rerunfilecheck 2025-06-21 v1.11 Rerun checks for auxiliary files (HO)

(C:\Users\aned.esquerra\AppData\Local\Programs\MiKTeX\tex/generic/uniquecounter
\uniquecounter.sty
Package: uniquecounter 2019/12/15 v1.4 Provide unlimited unique counter (HO)
)
Package uniquecounter Info: New unique counter `rerunfilecheck' on input line 2
84.
)
\Hy@SectionHShift=\skip54
)
(C:\Users\aned.esquerra\AppData\Local\Programs\MiKTeX\tex/latex/tcolorbox\tcolo
rbox.sty
Package: tcolorbox 2026/05/28 version 6.10.0 text color boxes

(C:\Users\aned.esquerra\AppData\Local\Programs\MiKTeX\tex/latex/pgf/frontendlay
er\tikz.sty
(C:\Users\aned.esquerra\AppData\Local\Programs\MiKTeX\tex/latex/pgf/basiclayer\
pgf.sty
(C:\Users\aned.esquerra\AppData\Local\Programs\MiKTeX\tex/latex/pgf/utilities\p
gfrcs.sty
(C:\Users\aned.esquerra\AppData\Local\Programs\MiKTeX\tex/generic/pgf/utilities
\pgfutil-common.tex
\pgfutil@everybye=\toks27
\pgfutil@tempdima=\dimen176
\pgfutil@tempdimb=\dimen177
)
(C:\Users\aned.esquerra\AppData\Local\Programs\MiKTeX\tex/generic/pgf/utilities
\pgfutil-latex.def
\pgfutil@abb=\box57
)
(C:\Users\aned.esquerra\AppData\Local\Programs\MiKTeX\tex/generic/pgf/utilities
\pgfrcs.code.tex
(C:\Users\aned.esquerra\AppData\Local\Programs\MiKTeX\tex/generic/pgf\pgf.revis
ion.tex)
Package: pgfrcs 2025-08-29 v3.1.11a (3.1.11a)
))
Package: pgf 2025-08-29 v3.1.11a (3.1.11a)

(C:\Users\aned.esquerra\AppData\Local\Programs\MiKTeX\tex/latex/pgf/basiclayer\
pgfcore.sty
(C:\Users\aned.esquerra\AppData\Local\Programs\MiKTeX\tex/latex/graphics\graphi
cx.sty
Package: graphicx 2026-05-17 v1.2e Enhanced LaTeX Graphics (DPC,SPQR)

(C:\Users\aned.esquerra\AppData\Local\Programs\MiKTeX\tex/latex/graphics\graphi
cs.sty
Package: graphics 2026-05-17 v1.4h Standard LaTeX Graphics (DPC,SPQR)

(C:\Users\aned.esquerra\AppData\Local\Programs\MiKTeX\tex/latex/graphics\trig.s
ty
Package: trig 2023/12/02 v1.11 sin cos tan (DPC)
)
(C:\Users\aned.esquerra\AppData\Local\Programs\MiKTeX\tex/latex/graphics-cfg\gr
aphics.cfg
File: graphics.cfg 2016/06/04 v1.11 sample graphics configuration
)
Package graphics Info: Driver file: pdftex.def on input line 106.
)
\Gin@req@height=\dimen178
\Gin@req@width=\dimen179
)
(C:\Users\aned.esquerra\AppData\Local\Programs\MiKTeX\tex/latex/pgf/systemlayer
\pgfsys.sty
(C:\Users\aned.esquerra\AppData\Local\Programs\MiKTeX\tex/generic/pgf/systemlay
er\pgfsys.code.tex
Package: pgfsys 2025-08-29 v3.1.11a (3.1.11a)

(C:\Users\aned.esquerra\AppData\Local\Programs\MiKTeX\tex/generic/pgf/utilities
\pgfkeys.code.tex
\pgfkeys@pathtoks=\toks28
\pgfkeys@temptoks=\toks29

(C:\Users\aned.esquerra\AppData\Local\Programs\MiKTeX\tex/generic/pgf/utilities
\pgfkeyslibraryfiltered.code.tex
\pgfkeys@tmptoks=\toks30
))
\pgf@x=\dimen180
\pgf@y=\dimen181
\pgf@xa=\dimen182
\pgf@ya=\dimen183
\pgf@xb=\dimen184
\pgf@yb=\dimen185
\pgf@xc=\dimen186
\pgf@yc=\dimen187
\pgf@xd=\dimen188
\pgf@yd=\dimen189
\w@pgf@writea=\write3
\r@pgf@reada=\read2
\c@pgf@counta=\count320
\c@pgf@countb=\count321
\c@pgf@countc=\count322
\c@pgf@countd=\count323
\t@pgf@toka=\toks31
\t@pgf@tokb=\toks32
\t@pgf@tokc=\toks33
\pgf@sys@id@count=\count324

(C:\Users\aned.esquerra\AppData\Local\Programs\MiKTeX\tex/generic/pgf/systemlay
er\pgf.cfg
File: pgf.cfg 2025-08-29 v3.1.11a (3.1.11a)
)
Driver file for pgf: pgfsys-pdftex.def

(C:\Users\aned.esquerra\AppData\Local\Programs\MiKTeX\tex/generic/pgf/systemlay
er\pgfsys-pdftex.def
File: pgfsys-pdftex.def 2025-08-29 v3.1.11a (3.1.11a)

(C:\Users\aned.esquerra\AppData\Local\Programs\MiKTeX\tex/generic/pgf/systemlay
er\pgfsys-common-pdf.def
File: pgfsys-common-pdf.def 2025-08-29 v3.1.11a (3.1.11a)
)))
(C:\Users\aned.esquerra\AppData\Local\Programs\MiKTeX\tex/generic/pgf/systemlay
er\pgfsyssoftpath.code.tex
File: pgfsyssoftpath.code.tex 2025-08-29 v3.1.11a (3.1.11a)
\pgfsyssoftpath@smallbuffer@items=\count325
\pgfsyssoftpath@bigbuffer@items=\count326
)
(C:\Users\aned.esquerra\AppData\Local\Programs\MiKTeX\tex/generic/pgf/systemlay
er\pgfsysprotocol.code.tex
File: pgfsysprotocol.code.tex 2025-08-29 v3.1.11a (3.1.11a)
))
(C:\Users\aned.esquerra\AppData\Local\Programs\MiKTeX\tex/generic/pgf/basiclaye
r\pgfcore.code.tex
Package: pgfcore 2025-08-29 v3.1.11a (3.1.11a)

(C:\Users\aned.esquerra\AppData\Local\Programs\MiKTeX\tex/generic/pgf/math\pgfm
ath.code.tex
(C:\Users\aned.esquerra\AppData\Local\Programs\MiKTeX\tex/generic/pgf/math\pgfm
athutil.code.tex)
(C:\Users\aned.esquerra\AppData\Local\Programs\MiKTeX\tex/generic/pgf/math\pgfm
athparser.code.tex
\pgfmath@dimen=\dimen190
\pgfmath@count=\count327
\pgfmath@box=\box58
\pgfmath@toks=\toks34
\pgfmath@stack@operand=\toks35
\pgfmath@stack@operation=\toks36
)
(C:\Users\aned.esquerra\AppData\Local\Programs\MiKTeX\tex/generic/pgf/math\pgfm
athfunctions.code.tex)
(C:\Users\aned.esquerra\AppData\Local\Programs\MiKTeX\tex/generic/pgf/math\pgfm
athfunctions.basic.code.tex)
(C:\Users\aned.esquerra\AppData\Local\Programs\MiKTeX\tex/generic/pgf/math\pgfm
athfunctions.trigonometric.code.tex)
(C:\Users\aned.esquerra\AppData\Local\Programs\MiKTeX\tex/generic/pgf/math\pgfm
athfunctions.random.code.tex)
(C:\Users\aned.esquerra\AppData\Local\Programs\MiKTeX\tex/generic/pgf/math\pgfm
athfunctions.comparison.code.tex)
(C:\Users\aned.esquerra\AppData\Local\Programs\MiKTeX\tex/generic/pgf/math\pgfm
athfunctions.base.code.tex)
(C:\Users\aned.esquerra\AppData\Local\Programs\MiKTeX\tex/generic/pgf/math\pgfm
athfunctions.round.code.tex)
(C:\Users\aned.esquerra\AppData\Local\Programs\MiKTeX\tex/generic/pgf/math\pgfm
athfunctions.misc.code.tex)
(C:\Users\aned.esquerra\AppData\Local\Programs\MiKTeX\tex/generic/pgf/math\pgfm
athfunctions.integerarithmetics.code.tex)
(C:\Users\aned.esquerra\AppData\Local\Programs\MiKTeX\tex/generic/pgf/math\pgfm
athcalc.code.tex)
(C:\Users\aned.esquerra\AppData\Local\Programs\MiKTeX\tex/generic/pgf/math\pgfm
athfloat.code.tex
\c@pgfmathroundto@lastzeros=\count328
))
(C:\Users\aned.esquerra\AppData\Local\Programs\MiKTeX\tex/generic/pgf/math\pgfi
nt.code.tex)
(C:\Users\aned.esquerra\AppData\Local\Programs\MiKTeX\tex/generic/pgf/basiclaye
r\pgfcorepoints.code.tex
File: pgfcorepoints.code.tex 2025-08-29 v3.1.11a (3.1.11a)
\pgf@picminx=\dimen191
\pgf@picmaxx=\dimen192
\pgf@picminy=\dimen193
\pgf@picmaxy=\dimen194
\pgf@pathminx=\dimen195
\pgf@pathmaxx=\dimen196
\pgf@pathminy=\dimen197
\pgf@pathmaxy=\dimen198
\pgf@xx=\dimen199
\pgf@xy=\dimen256
\pgf@yx=\dimen257
\pgf@yy=\dimen258
\pgf@zx=\dimen259
\pgf@zy=\dimen260
)
(C:\Users\aned.esquerra\AppData\Local\Programs\MiKTeX\tex/generic/pgf/basiclaye
r\pgfcorepathconstruct.code.tex
File: pgfcorepathconstruct.code.tex 2025-08-29 v3.1.11a (3.1.11a)
\pgf@path@lastx=\dimen261
\pgf@path@lasty=\dimen262
)
(C:\Users\aned.esquerra\AppData\Local\Programs\MiKTeX\tex/generic/pgf/basiclaye
r\pgfcorepathusage.code.tex
File: pgfcorepathusage.code.tex 2025-08-29 v3.1.11a (3.1.11a)
\pgf@shorten@end@additional=\dimen263
\pgf@shorten@start@additional=\dimen264
)
(C:\Users\aned.esquerra\AppData\Local\Programs\MiKTeX\tex/generic/pgf/basiclaye
r\pgfcorescopes.code.tex
File: pgfcorescopes.code.tex 2025-08-29 v3.1.11a (3.1.11a)
\pgfpic=\box59
\pgf@hbox=\box60
\pgf@layerbox@main=\box61
\pgf@picture@serial@count=\count329
)
(C:\Users\aned.esquerra\AppData\Local\Programs\MiKTeX\tex/generic/pgf/basiclaye
r\pgfcoregraphicstate.code.tex
File: pgfcoregraphicstate.code.tex 2025-08-29 v3.1.11a (3.1.11a)
\pgflinewidth=\dimen265
)
(C:\Users\aned.esquerra\AppData\Local\Programs\MiKTeX\tex/generic/pgf/basiclaye
r\pgfcoretransformations.code.tex
File: pgfcoretransformations.code.tex 2025-08-29 v3.1.11a (3.1.11a)
\pgf@pt@x=\dimen266
\pgf@pt@y=\dimen267
\pgf@pt@temp=\dimen268
)
(C:\Users\aned.esquerra\AppData\Local\Programs\MiKTeX\tex/generic/pgf/basiclaye
r\pgfcorequick.code.tex
File: pgfcorequick.code.tex 2025-08-29 v3.1.11a (3.1.11a)
)
(C:\Users\aned.esquerra\AppData\Local\Programs\MiKTeX\tex/generic/pgf/basiclaye
r\pgfcoreobjects.code.tex
File: pgfcoreobjects.code.tex 2025-08-29 v3.1.11a (3.1.11a)
)
(C:\Users\aned.esquerra\AppData\Local\Programs\MiKTeX\tex/generic/pgf/basiclaye
r\pgfcorepathprocessing.code.tex
File: pgfcorepathprocessing.code.tex 2025-08-29 v3.1.11a (3.1.11a)
)
(C:\Users\aned.esquerra\AppData\Local\Programs\MiKTeX\tex/generic/pgf/basiclaye
r\pgfcorearrows.code.tex
File: pgfcorearrows.code.tex 2025-08-29 v3.1.11a (3.1.11a)
\pgfarrowsep=\dimen269
)
(C:\Users\aned.esquerra\AppData\Local\Programs\MiKTeX\tex/generic/pgf/basiclaye
r\pgfcoreshade.code.tex
File: pgfcoreshade.code.tex 2025-08-29 v3.1.11a (3.1.11a)
\pgf@max=\dimen270
\pgf@sys@shading@range@num=\count330
\pgf@shadingcount=\count331
)
(C:\Users\aned.esquerra\AppData\Local\Programs\MiKTeX\tex/generic/pgf/basiclaye
r\pgfcoreimage.code.tex
File: pgfcoreimage.code.tex 2025-08-29 v3.1.11a (3.1.11a)
)
(C:\Users\aned.esquerra\AppData\Local\Programs\MiKTeX\tex/generic/pgf/basiclaye
r\pgfcoreexternal.code.tex
File: pgfcoreexternal.code.tex 2025-08-29 v3.1.11a (3.1.11a)
\pgfexternal@startupbox=\box62
)
(C:\Users\aned.esquerra\AppData\Local\Programs\MiKTeX\tex/generic/pgf/basiclaye
r\pgfcorelayers.code.tex
File: pgfcorelayers.code.tex 2025-08-29 v3.1.11a (3.1.11a)
)
(C:\Users\aned.esquerra\AppData\Local\Programs\MiKTeX\tex/generic/pgf/basiclaye
r\pgfcoretransparency.code.tex
File: pgfcoretransparency.code.tex 2025-08-29 v3.1.11a (3.1.11a)
)
(C:\Users\aned.esquerra\AppData\Local\Programs\MiKTeX\tex/generic/pgf/basiclaye
r\pgfcorepatterns.code.tex
File: pgfcorepatterns.code.tex 2025-08-29 v3.1.11a (3.1.11a)
)
(C:\Users\aned.esquerra\AppData\Local\Programs\MiKTeX\tex/generic/pgf/basiclaye
r\pgfcorerdf.code.tex
File: pgfcorerdf.code.tex 2025-08-29 v3.1.11a (3.1.11a)
)))
(C:\Users\aned.esquerra\AppData\Local\Programs\MiKTeX\tex/generic/pgf/modules\p
gfmoduleshapes.code.tex
File: pgfmoduleshapes.code.tex 2025-08-29 v3.1.11a (3.1.11a)
\pgfnodeparttextbox=\box63
)
(C:\Users\aned.esquerra\AppData\Local\Programs\MiKTeX\tex/generic/pgf/modules\p
gfmoduleplot.code.tex
File: pgfmoduleplot.code.tex 2025-08-29 v3.1.11a (3.1.11a)
)
(C:\Users\aned.esquerra\AppData\Local\Programs\MiKTeX\tex/latex/pgf/compatibili
ty\pgfcomp-version-0-65.sty
Package: pgfcomp-version-0-65 2025-08-29 v3.1.11a (3.1.11a)
\pgf@nodesepstart=\dimen271
\pgf@nodesepend=\dimen272
)
(C:\Users\aned.esquerra\AppData\Local\Programs\MiKTeX\tex/latex/pgf/compatibili
ty\pgfcomp-version-1-18.sty
Package: pgfcomp-version-1-18 2025-08-29 v3.1.11a (3.1.11a)
))
(C:\Users\aned.esquerra\AppData\Local\Programs\MiKTeX\tex/latex/pgf/utilities\p
gffor.sty
(C:\Users\aned.esquerra\AppData\Local\Programs\MiKTeX\tex/latex/pgf/utilities\p
gfkeys.sty
(C:\Users\aned.esquerra\AppData\Local\Programs\MiKTeX\tex/generic/pgf/utilities
\pgfkeys.code.tex))
(C:\Users\aned.esquerra\AppData\Local\Programs\MiKTeX\tex/latex/pgf/math\pgfmat
h.sty
(C:\Users\aned.esquerra\AppData\Local\Programs\MiKTeX\tex/generic/pgf/math\pgfm
ath.code.tex))
(C:\Users\aned.esquerra\AppData\Local\Programs\MiKTeX\tex/generic/pgf/utilities
\pgffor.code.tex
Package: pgffor 2025-08-29 v3.1.11a (3.1.11a)
\pgffor@iter=\dimen273
\pgffor@skip=\dimen274
\pgffor@stack=\toks37
\pgffor@toks=\toks38
))
(C:\Users\aned.esquerra\AppData\Local\Programs\MiKTeX\tex/generic/pgf/frontendl
ayer/tikz\tikz.code.tex
Package: tikz 2025-08-29 v3.1.11a (3.1.11a)

(C:\Users\aned.esquerra\AppData\Local\Programs\MiKTeX\tex/generic/pgf/libraries
\pgflibraryplothandlers.code.tex
File: pgflibraryplothandlers.code.tex 2025-08-29 v3.1.11a (3.1.11a)
\pgf@plot@mark@count=\count332
\pgfplotmarksize=\dimen275
)
\tikz@lastx=\dimen276
\tikz@lasty=\dimen277
\tikz@lastxsaved=\dimen278
\tikz@lastysaved=\dimen279
\tikz@lastmovetox=\dimen280
\tikz@lastmovetoy=\dimen281
\tikzleveldistance=\dimen282
\tikzsiblingdistance=\dimen283
\tikz@figbox=\box64
\tikz@figbox@bg=\box65
\tikz@tempbox=\box66
\tikz@tempbox@bg=\box67
\tikztreelevel=\count333
\tikznumberofchildren=\count334
\tikznumberofcurrentchild=\count335
\tikz@fig@count=\count336

(C:\Users\aned.esquerra\AppData\Local\Programs\MiKTeX\tex/generic/pgf/modules\p
gfmodulematrix.code.tex
File: pgfmodulematrix.code.tex 2025-08-29 v3.1.11a (3.1.11a)
\pgfmatrixcurrentrow=\count337
\pgfmatrixcurrentcolumn=\count338
\pgf@matrix@numberofcolumns=\count339
)
\tikz@expandcount=\count340

(C:\Users\aned.esquerra\AppData\Local\Programs\MiKTeX\tex/generic/pgf/frontendl
ayer/tikz/libraries\tikzlibrarytopaths.code.tex
File: tikzlibrarytopaths.code.tex 2025-08-29 v3.1.11a (3.1.11a)
)))
(C:\Users\aned.esquerra\AppData\Local\Programs\MiKTeX\tex/latex/tools\verbatim.
sty
Package: verbatim 2024-01-22 v1.5x LaTeX2e package for verbatim enhancements
\every@verbatim=\toks39
\verbatim@line=\toks40
\verbatim@in@stream=\read3
)
(C:\Users\aned.esquerra\AppData\Local\Programs\MiKTeX\tex/latex/environ\environ
.sty
Package: environ 2014/05/04 v0.3 A new way to define environments

(C:\Users\aned.esquerra\AppData\Local\Programs\MiKTeX\tex/latex/trimspaces\trim
spaces.sty
Package: trimspaces 2009/09/17 v1.1 Trim spaces around a token list
))
\tcb@titlebox=\box68
\tcb@upperbox=\box69
\tcb@lowerbox=\box70
\tcb@phantombox=\box71
\c@tcbbreakpart=\count341
\c@tcblayer=\count342
\c@tcolorbox@number=\count343
\l__tcobox_tmpa_box=\box72
\l__tcobox_tmpa_dim=\dimen284
\tcb@temp=\box73
\tcb@temp=\box74
\tcb@temp=\box75
\tcb@temp=\box76

(C:\Users\aned.esquerra\AppData\Local\Programs\MiKTeX\tex/latex/tcolorbox\tcbra
ster.code.tex
Library (tcolorbox): 'tcbraster.code.tex' version '6.10.0'
\c@tcbrastercolumn=\count344
\c@tcbrasterrow=\count345
\c@tcbrasternum=\count346
\c@tcbraster=\count347
)
(C:\Users\aned.esquerra\AppData\Local\Programs\MiKTeX\tex/latex/tcolorbox\tcbsk
ins.code.tex
Library (tcolorbox): 'tcbskins.code.tex' version '6.10.0'

(C:\Users\aned.esquerra\AppData\Local\Programs\MiKTeX\tex/latex/tikzfill\tikzfi
ll.image.sty
Package: tikzfill.image 2026/04/23 v1.2.0 Image filling library for TikZ

(C:\Users\aned.esquerra\AppData\Local\Programs\MiKTeX\tex/latex/tikzfill\tikzli
braryfill.image.code.tex
File: tikzlibraryfill.image.code.tex 2026/04/23 v1.2.0 Image filling library
\l__tikzfill_tmpa_dim=\dimen285
\l__tikzfill_tmpb_dim=\dimen286
\l__tikzfill_img_box=\box77
))
(C:\Users\aned.esquerra\AppData\Local\Programs\MiKTeX\tex/latex/tcolorbox\tcbsk
insjigsaw.code.tex
Library (tcolorbox): 'tcbskinsjigsaw.code.tex' version '6.10.0'
))
(C:\Users\aned.esquerra\AppData\Local\Programs\MiKTeX\tex/latex/tcolorbox\tcbbr
eakable.code.tex
Library (tcolorbox): 'tcbbreakable.code.tex' version '6.10.0'

(C:\Users\aned.esquerra\AppData\Local\Programs\MiKTeX\tex/latex/pdfcol\pdfcol.s
ty
Package: pdfcol 2022-09-21 v1.7 Handle new color stacks for pdfTeX (HO)
)
Package pdfcol Info: New color stack `tcb@breakable' = 1 on input line 23.
\tcb@testbox=\box78
\tcb@totalupperbox=\box79
\tcb@totallowerbox=\box80
)
(C:\Users\aned.esquerra\AppData\Local\Programs\MiKTeX\tex/latex/tcolorbox\tcbho
oks.code.tex
Library (tcolorbox): 'tcbhooks.code.tex' version '6.10.0'
)
(C:\Users\aned.esquerra\AppData\Local\Programs\MiKTeX\tex/latex/tcolorbox\tcbth
eorems.code.tex
Library (tcolorbox): 'tcbtheorems.code.tex' version '6.10.0'
)
(C:\Users\aned.esquerra\AppData\Local\Programs\MiKTeX\tex/latex/tcolorbox\tcbfi
tting.code.tex
Library (tcolorbox): 'tcbfitting.code.tex' version '6.10.0'
\tcbfitdim=\dimen287
\tcb@lowerfitdim=\dimen288
\tcb@upperfitdim=\dimen289
\tcb@cur@hbadness=\count348
)
(C:\Users\aned.esquerra\AppData\Local\Programs\MiKTeX\tex/latex/tcolorbox\tcbli
stingsutf8.code.tex
Library (tcolorbox): 'tcblistingsutf8.code.tex' version '6.10.0'

(C:\Users\aned.esquerra\AppData\Local\Programs\MiKTeX\tex/latex/tcolorbox\tcbli
stings.code.tex
Library (tcolorbox): 'tcblistings.code.tex' version '6.10.0'

(C:\Users\aned.esquerra\AppData\Local\Programs\MiKTeX\tex/latex/tcolorbox\tcbli
stingscore.code.tex
Library (tcolorbox): 'tcblistingscore.code.tex' version '6.10.0'

(C:\Users\aned.esquerra\AppData\Local\Programs\MiKTeX\tex/latex/tcolorbox\tcbpr
ocessing.code.tex
Library (tcolorbox): 'tcbprocessing.code.tex' version '6.10.0'
)
\c@tcblisting=\count349
))
(C:\Users\aned.esquerra\AppData\Local\Programs\MiKTeX\tex/latex/listingsutf8\li
stingsutf8.sty
Package: listingsutf8 2019-12-10 v1.5 Allow UTF-8 in listings input (HO)
))
(C:\Users\aned.esquerra\AppData\Local\Programs\MiKTeX\tex/latex/tcolorbox\tcbex
ternal.code.tex
Library (tcolorbox): 'tcbexternal.code.tex' version '6.10.0'
)
(C:\Users\aned.esquerra\AppData\Local\Programs\MiKTeX\tex/latex/tcolorbox\tcbma
gazine.code.tex
Library (tcolorbox): 'tcbmagazine.code.tex' version '6.10.0'
)
(C:\Users\aned.esquerra\AppData\Local\Programs\MiKTeX\tex/latex/tcolorbox\tcbvi
gnette.code.tex
Library (tcolorbox): 'tcbvignette.code.tex' version '6.10.0'

(C:\Users\aned.esquerra\AppData\Local\Programs\MiKTeX\tex/generic/pgf/frontendl
ayer/tikz/libraries\tikzlibraryfadings.code.tex
File: tikzlibraryfadings.code.tex 2025-08-29 v3.1.11a (3.1.11a)

(C:\Users\aned.esquerra\AppData\Local\Programs\MiKTeX\tex/generic/pgf/libraries
\pgflibraryfadings.code.tex
File: pgflibraryfadings.code.tex 2025-08-29 v3.1.11a (3.1.11a)
)))
(C:\Users\aned.esquerra\AppData\Local\Programs\MiKTeX\tex/latex/tcolorbox\tcbpo
ster.code.tex
Library (tcolorbox): 'tcbposter.code.tex' version '6.10.0'
))
(C:\Users\aned.esquerra\AppData\Local\Programs\MiKTeX\tex/latex/titlesec\titles
ec.sty
Package: titlesec 2025/01/04 v2.17 Sectioning titles
\ttl@box=\box81
\beforetitleunit=\skip55
\aftertitleunit=\skip56
\ttl@plus=\dimen290
\ttl@minus=\dimen291
\ttl@toksa=\toks41
\titlewidth=\dimen292
\titlewidthlast=\dimen293
\titlewidthfirst=\dimen294
)
(C:\Users\aned.esquerra\AppData\Local\Programs\MiKTeX\tex/latex/parskip\parskip
.sty
Package: parskip 2021-03-14 v2.0h non-zero parskip adjustments
)
(C:\Users\aned.esquerra\AppData\Local\Programs\MiKTeX\tex/latex/booktabs\bookta
bs.sty
Package: booktabs 2020/01/12 v1.61803398 Publication quality tables
\heavyrulewidth=\dimen295
\lightrulewidth=\dimen296
\cmidrulewidth=\dimen297
\belowrulesep=\dimen298
\belowbottomsep=\dimen299
\aboverulesep=\dimen300
\abovetopsep=\dimen301
\cmidrulesep=\dimen302
\cmidrulekern=\dimen303
\defaultaddspace=\dimen304
\@cmidla=\count350
\@cmidlb=\count351
\@aboverulesep=\dimen305
\@belowrulesep=\dimen306
\@thisruleclass=\count352
\@lastruleclass=\count353
\@thisrulewidth=\dimen307
)
(C:\Users\aned.esquerra\AppData\Local\Programs\MiKTeX\tex/latex/float\float.sty
Package: float 2001/11/08 v1.3d Float enhancements (AL)
\c@float@type=\count354
\float@exts=\toks42
\float@box=\box82
\@float@everytoks=\toks43
\@floatcapt=\box83
)
(C:\Users\aned.esquerra\AppData\Local\Programs\MiKTeX\tex/latex/base\makeidx.st
y
Package: makeidx 2021/10/04 v1.0m Standard LaTeX package
)
\@indexfile=\write4
\openout4 = `main.idx'.


Writing index file main.idx

(C:\Users\aned.esquerra\AppData\Local\Programs\MiKTeX\tex/generic/pgf/frontendl
ayer/tikz/libraries\tikzlibrarypositioning.code.tex
File: tikzlibrarypositioning.code.tex 2025-08-29 v3.1.11a (3.1.11a)
)
(C:\Users\aned.esquerra\AppData\Local\Programs\MiKTeX\tex/generic/pgf/libraries
\pgflibraryarrows.meta.code.tex
File: pgflibraryarrows.meta.code.tex 2025-08-29 v3.1.11a (3.1.11a)
\pgfarrowinset=\dimen308
\pgfarrowlength=\dimen309
\pgfarrowwidth=\dimen310
\pgfarrowlinewidth=\dimen311
)
(C:\Users\aned.esquerra\AppData\Local\Programs\MiKTeX\tex/generic/pgf/frontendl
ayer/tikz/libraries\tikzlibraryshapes.geometric.code.tex
File: tikzlibraryshapes.geometric.code.tex 2025-08-29 v3.1.11a (3.1.11a)

(C:\Users\aned.esquerra\AppData\Local\Programs\MiKTeX\tex/generic/pgf/libraries
/shapes\pgflibraryshapes.geometric.code.tex
File: pgflibraryshapes.geometric.code.tex 2025-08-29 v3.1.11a (3.1.11a)
))
(C:\Users\aned.esquerra\AppData\Local\Programs\MiKTeX\tex/generic/pgf/frontendl
ayer/tikz/libraries\tikzlibrarycalc.code.tex
File: tikzlibrarycalc.code.tex 2025-08-29 v3.1.11a (3.1.11a)
)
(C:\Users\aned.esquerra\AppData\Local\Programs\MiKTeX\tex/generic/pgf/frontendl
ayer/tikz/libraries\tikzlibraryfit.code.tex
File: tikzlibraryfit.code.tex 2025-08-29 v3.1.11a (3.1.11a)
)
(C:\Users\aned.esquerra\AppData\Local\Programs\MiKTeX\tex/generic/pgf/frontendl
ayer/tikz/libraries\tikzlibrarybackgrounds.code.tex
File: tikzlibrarybackgrounds.code.tex 2025-08-29 v3.1.11a (3.1.11a)
\pgf@layerbox@background=\box84
\pgf@layerboxsaved@background=\box85
)
(C:\Users\aned.esquerra\AppData\Local\Programs\MiKTeX\tex/latex/pgfplots\pgfplo
ts.sty
(C:\Users\aned.esquerra\AppData\Local\Programs\MiKTeX\tex/generic/pgfplots\pgfp
lots.revision.tex)
Package: pgfplots 2021/05/15 v1.18.1 Data Visualization (1.18.1)

(C:\Users\aned.esquerra\AppData\Local\Programs\MiKTeX\tex/generic/pgfplots\pgfp
lots.code.tex
(C:\Users\aned.esquerra\AppData\Local\Programs\MiKTeX\tex/generic/pgfplots\pgfp
lotscore.code.tex
\t@pgfplots@toka=\toks44
\t@pgfplots@tokb=\toks45
\t@pgfplots@tokc=\toks46
\pgfplots@tmpa=\dimen312
\c@pgfplots@coordindex=\count355
\c@pgfplots@scanlineindex=\count356

(C:\Users\aned.esquerra\AppData\Local\Programs\MiKTeX\tex/generic/pgfplots/sys\
pgfplotssysgeneric.code.tex))
(C:\Users\aned.esquerra\AppData\Local\Programs\MiKTeX\tex/generic/pgfplots/libs
\pgfplotslibrary.code.tex)
(C:\Users\aned.esquerra\AppData\Local\Programs\MiKTeX\tex/generic/pgfplots/oldp
gfcompatib\pgfplotsoldpgfsupp_loader.code.tex
(C:\Users\aned.esquerra\AppData\Local\Programs\MiKTeX\tex/generic/pgf/libraries
\pgflibraryfpu.code.tex)
Package pgfplots: loading complementary utilities for your pgf version...
\t@pgf@toka=\toks47
\t@pgf@tokb=\toks48
\t@pgf@tokc=\toks49

(C:\Users\aned.esquerra\AppData\Local\Programs\MiKTeX\tex/generic/pgfplots/oldp
gfcompatib\pgfplotsoldpgfsupp_pgfutil-common-lists.tex))
(C:\Users\aned.esquerra\AppData\Local\Programs\MiKTeX\tex/generic/pgfplots/util
\pgfplotsutil.code.tex
(C:\Users\aned.esquerra\AppData\Local\Programs\MiKTeX\tex/generic/pgfplots/list
structure\pgfplotsliststructure.code.tex)
(C:\Users\aned.esquerra\AppData\Local\Programs\MiKTeX\tex/generic/pgfplots/list
structure\pgfplotsliststructureext.code.tex)
(C:\Users\aned.esquerra\AppData\Local\Programs\MiKTeX\tex/generic/pgfplots/list
structure\pgfplotsarray.code.tex
\c@pgfplotsarray@tmp=\count357
)
(C:\Users\aned.esquerra\AppData\Local\Programs\MiKTeX\tex/generic/pgfplots/list
structure\pgfplotsmatrix.code.tex)
(C:\Users\aned.esquerra\AppData\Local\Programs\MiKTeX\tex/generic/pgfplots/numt
able\pgfplotstableshared.code.tex
\c@pgfplotstable@counta=\count358
\t@pgfplotstable@a=\toks50
)
(C:\Users\aned.esquerra\AppData\Local\Programs\MiKTeX\tex/generic/pgfplots/list
structure\pgfplotsdeque.code.tex)
(C:\Users\aned.esquerra\AppData\Local\Programs\MiKTeX\tex/generic/pgfplots/util
\pgfplotsbinary.code.tex
(C:\Users\aned.esquerra\AppData\Local\Programs\MiKTeX\tex/generic/pgfplots/util
\pgfplotsbinary.data.code.tex))
(C:\Users\aned.esquerra\AppData\Local\Programs\MiKTeX\tex/generic/pgfplots/util
\pgfplotsutil.verb.code.tex)
(C:\Users\aned.esquerra\AppData\Local\Programs\MiKTeX\tex/generic/pgfplots/libs
\pgflibrarypgfplots.surfshading.code.tex
\c@pgfplotslibrarysurf@no=\count359

(C:\Users\aned.esquerra\AppData\Local\Programs\MiKTeX\tex/generic/pgfplots/sys\
pgflibrarypgfplots.surfshading.pgfsys-pdftex.def)))
(C:\Users\aned.esquerra\AppData\Local\Programs\MiKTeX\tex/generic/pgfplots/util
\pgfplotscolormap.code.tex
(C:\Users\aned.esquerra\AppData\Local\Programs\MiKTeX\tex/generic/pgfplots/util
\pgfplotscolor.code.tex))
(C:\Users\aned.esquerra\AppData\Local\Programs\MiKTeX\tex/generic/pgfplots\pgfp
lotsstackedplots.code.tex)
(C:\Users\aned.esquerra\AppData\Local\Programs\MiKTeX\tex/generic/pgfplots\pgfp
lotsplothandlers.code.tex
(C:\Users\aned.esquerra\AppData\Local\Programs\MiKTeX\tex/generic/pgfplots\pgfp
lotsmeshplothandler.code.tex
(C:\Users\aned.esquerra\AppData\Local\Programs\MiKTeX\tex/generic/pgfplots\pgfp
lotsmeshplotimage.code.tex)))
(C:\Users\aned.esquerra\AppData\Local\Programs\MiKTeX\tex/generic/pgfplots\pgfp
lots.scaling.code.tex)
(C:\Users\aned.esquerra\AppData\Local\Programs\MiKTeX\tex/generic/pgfplots\pgfp
lotscoordprocessing.code.tex)
(C:\Users\aned.esquerra\AppData\Local\Programs\MiKTeX\tex/generic/pgfplots\pgfp
lots.errorbars.code.tex)
(C:\Users\aned.esquerra\AppData\Local\Programs\MiKTeX\tex/generic/pgfplots\pgfp
lots.markers.code.tex)
(C:\Users\aned.esquerra\AppData\Local\Programs\MiKTeX\tex/generic/pgfplots\pgfp
lotsticks.code.tex)
(C:\Users\aned.esquerra\AppData\Local\Programs\MiKTeX\tex/generic/pgfplots\pgfp
lots.paths.code.tex)
(C:\Users\aned.esquerra\AppData\Local\Programs\MiKTeX\tex/generic/pgf/frontendl
ayer/tikz/libraries\tikzlibrarydecorations.code.tex
(C:\Users\aned.esquerra\AppData\Local\Programs\MiKTeX\tex/generic/pgf/modules\p
gfmoduledecorations.code.tex
\pgfdecoratedcompleteddistance=\dimen313
\pgfdecoratedremainingdistance=\dimen314
\pgfdecoratedinputsegmentcompleteddistance=\dimen315
\pgfdecoratedinputsegmentremainingdistance=\dimen316
\pgf@decorate@distancetomove=\dimen317
\pgf@decorate@repeatstate=\count360
\pgfdecorationsegmentamplitude=\dimen318
\pgfdecorationsegmentlength=\dimen319
)
\tikz@lib@dec@box=\box86
)
(C:\Users\aned.esquerra\AppData\Local\Programs\MiKTeX\tex/generic/pgf/frontendl
ayer/tikz/libraries\tikzlibrarydecorations.pathmorphing.code.tex
(C:\Users\aned.esquerra\AppData\Local\Programs\MiKTeX\tex/generic/pgf/libraries
/decorations\pgflibrarydecorations.pathmorphing.code.tex))
(C:\Users\aned.esquerra\AppData\Local\Programs\MiKTeX\tex/generic/pgf/frontendl
ayer/tikz/libraries\tikzlibrarydecorations.pathreplacing.code.tex
(C:\Users\aned.esquerra\AppData\Local\Programs\MiKTeX\tex/generic/pgf/libraries
/decorations\pgflibrarydecorations.pathreplacing.code.tex))
(C:\Users\aned.esquerra\AppData\Local\Programs\MiKTeX\tex/generic/pgfplots/libs
\tikzlibrarypgfplots.contourlua.code.tex)
\pgfplots@numplots=\count361
\pgfplots@xmin@reg=\dimen320
\pgfplots@xmax@reg=\dimen321
\pgfplots@ymin@reg=\dimen322
\pgfplots@ymax@reg=\dimen323
\pgfplots@zmin@reg=\dimen324
\pgfplots@zmax@reg=\dimen325
)
(C:\Users\aned.esquerra\AppData\Local\Programs\MiKTeX\tex/generic/pgf/frontendl
ayer/tikz/libraries\tikzlibraryplotmarks.code.tex
File: tikzlibraryplotmarks.code.tex 2025-08-29 v3.1.11a (3.1.11a)

(C:\Users\aned.esquerra\AppData\Local\Programs\MiKTeX\tex/generic/pgf/libraries
\pgflibraryplotmarks.code.tex
File: pgflibraryplotmarks.code.tex 2025-08-29 v3.1.11a (3.1.11a)
)))
Package hyperref Info: Option `colorlinks' set `true' on input line 75.
Package hyperref Info: Option `bookmarksnumbered' set `true' on input line 75.
Package hyperref Info: Option `bookmarksopen' set `true' on input line 75.

(C:\Users\aned.esquerra\AppData\Local\Programs\MiKTeX\tex/latex/listings\lstlan
g1.sty
File: lstlang1.sty 2025/11/14 1.11b listings language file
)
(C:\Users\aned.esquerra\AppData\Local\Programs\MiKTeX\tex/latex/cleveref\clever
ef.sty
Package: cleveref 2018/03/27 v0.21.4 Intelligent cross-referencing
Package cleveref Info: `hyperref' support loaded on input line 2370.
LaTeX Info: Redefining \cref on input line 2370.
LaTeX Info: Redefining \Cref on input line 2370.
LaTeX Info: Redefining \crefrange on input line 2370.
LaTeX Info: Redefining \Crefrange on input line 2370.
LaTeX Info: Redefining \cpageref on input line 2370.
LaTeX Info: Redefining \Cpageref on input line 2370.
LaTeX Info: Redefining \cpagerefrange on input line 2370.
LaTeX Info: Redefining \Cpagerefrange on input line 2370.
LaTeX Info: Redefining \labelcref on input line 2370.
LaTeX Info: Redefining \labelcpageref on input line 2370.
Package cleveref Info: `listings' support loaded on input line 3131.
)
==> First Aid for cleveref.sty applied!
)
LaTeX Font Info:    Trying to load font information for T1+lmr on input line 18
.
 (C:\Users\aned.esquerra\AppData\Local\Programs\MiKTeX\tex/latex/lm\t1lmr.fd
File: t1lmr.fd 2015/05/01 v1.6.1 Font defs for Latin Modern
)
(C:\Users\aned.esquerra\AppData\Local\Programs\MiKTeX\tex/latex/l3backend\l3bac
kend-pdftex.def
File: l3backend-pdftex.def 2026-02-18 L3 backend support: PDF output (pdfTeX)
\l__color_backend_stack_int=\count362
) (main.aux (chapters/chapter0-getting-started.aux)
(chapters/chapter1-wiredtiger-architecture.aux)
(chapters/chapter2-schema-design-patterns.aux)
(chapters/chapter3-relationships-antipatterns.aux)
(chapters/chapter4-relational-to-document-migration.aux)
(chapters/appendix-cross-cloud-equivalence.aux))
\openout1 = `main.aux'.

LaTeX Font Info:    Checking defaults for OML/cmm/m/it on input line 18.
LaTeX Font Info:    ... okay on input line 18.
LaTeX Font Info:    Checking defaults for OMS/cmsy/m/n on input line 18.
LaTeX Font Info:    ... okay on input line 18.
LaTeX Font Info:    Checking defaults for OT1/cmr/m/n on input line 18.
LaTeX Font Info:    ... okay on input line 18.
LaTeX Font Info:    Checking defaults for T1/cmr/m/n on input line 18.
LaTeX Font Info:    ... okay on input line 18.
LaTeX Font Info:    Checking defaults for TS1/cmr/m/n on input line 18.
LaTeX Font Info:    ... okay on input line 18.
LaTeX Font Info:    Checking defaults for OMX/cmex/m/n on input line 18.
LaTeX Font Info:    ... okay on input line 18.
LaTeX Font Info:    Checking defaults for U/cmr/m/n on input line 18.
LaTeX Font Info:    ... okay on input line 18.
LaTeX Font Info:    Checking defaults for PD1/pdf/m/n on input line 18.
LaTeX Font Info:    ... okay on input line 18.
LaTeX Font Info:    Checking defaults for PU/pdf/m/n on input line 18.
LaTeX Font Info:    ... okay on input line 18.

*geometry* driver: auto-detecting
*geometry* detected driver: pdftex
*geometry* verbose mode - [ preamble ] result:
* driver: pdftex
* paper: a4paper
* layout: <same size as paper>
* layoutoffset:(h,v)=(0.0pt,0.0pt)
* modes: 
* h-part:(L,W,R)=(72.26999pt, 452.9679pt, 72.26999pt)
* v-part:(T,H,B)=(72.26999pt, 700.50687pt, 72.26999pt)
* \paperwidth=597.50787pt
* \paperheight=845.04684pt
* \textwidth=452.9679pt
* \textheight=700.50687pt
* \oddsidemargin=0.0pt
* \evensidemargin=0.0pt
* \topmargin=-31.8738pt
* \headheight=12.0pt
* \headsep=19.8738pt
* \topskip=11.0pt
* \footskip=27.46295pt
* \marginparwidth=53.0pt
* \marginparsep=7.0pt
* \columnsep=10.0pt
* \skip\footins=10.0pt plus 4.0pt minus 2.0pt
* \hoffset=0.0pt
* \voffset=0.0pt
* \mag=1000
* \@twocolumnfalse
* \@twosidefalse
* \@mparswitchfalse
* \@reversemarginfalse
* (1in=72.27pt=25.4mm, 1cm=28.453pt)


(C:\Users\aned.esquerra\AppData\Local\Programs\MiKTeX\tex/context/base/mkii\sup
p-pdf.mkii
[Loading MPS to PDF converter (version 2006.09.02).]
\scratchcounter=\count363
\scratchdimen=\dimen326
\scratchbox=\box87
\nofMPsegments=\count364
\nofMParguments=\count365
\everyMPshowfont=\toks51
\MPscratchCnt=\count366
\MPscratchDim=\dimen327
\MPnumerator=\count367
\makeMPintoPDFobject=\count368
\everyMPtoPDFconversion=\toks52
)
(C:\Users\aned.esquerra\AppData\Local\Programs\MiKTeX\tex/latex/epstopdf-pkg\ep
stopdf-base.sty
Package: epstopdf-base 2020-01-24 v2.11 Base part for package epstopdf
Package epstopdf-base Info: Redefining graphics rule for `.eps' on input line 4
85.

(C:\Users\aned.esquerra\AppData\Local\Programs\MiKTeX\tex/latex/00miktex\epstop
df-sys.cfg
File: epstopdf-sys.cfg 2021/03/18 v2.0 Configuration of epstopdf for MiKTeX
))
\c@lstlisting=\count369
Package hyperref Info: Link coloring ON on input line 18.
 (main.out) (main.out)
\@outlinefile=\write5
\openout5 = `main.out'.


Package pgfplots notification 'compat/show suggested version=true': document ha
s been generated with the most recent feature set (\pgfplotsset{compat=1.18}).

(frontmatter/cover.tex
LaTeX Font Info:    Trying to load font information for T1+lmtt on input line 5
6.

(C:\Users\aned.esquerra\AppData\Local\Programs\MiKTeX\tex/latex/lm\t1lmtt.fd
File: t1lmtt.fd 2015/05/01 v1.6.1 Font defs for Latin Modern
)
LaTeX Font Info:    Font shape `T1/lmtt/bx/n' in size <10> not available
(Font)              Font shape `T1/lmtt/b/n' tried instead on input line 56.

[1



{C:/Users/aned.esquerra/AppData/Local/MiKTeX/fonts/map/pdftex/pdftex.map}{C:/Us
ers/aned.esquerra/AppData/Local/Programs/MiKTeX/fonts/enc/dvips/lm/lm-ec.enc}])
 (frontmatter/preface.tex
LaTeX Font Info:    Trying to load font information for TS1+lmr on input line 1
3.

(C:\Users\aned.esquerra\AppData\Local\Programs\MiKTeX\tex/latex/lm\ts1lmr.fd
File: ts1lmr.fd 2015/05/01 v1.6.1 Font defs for Latin Modern
)
pdfTeX warning (ext4): destination with the same identifier (name{page.i}) has 
been already used, duplicate ignored
<to be read again> 
                   \relax 
l.25     \item \textbf
                      {Data engineer building pipelines:} read Parts I, II, ...
[1

{C:/Users/aned.esquerra/AppData/Local/Programs/MiKTeX/fonts/enc/dvips/lm/lm-ts1
.enc}]) [2] (main.toc
LaTeX Font Info:    Trying to load font information for OT1+lmr on input line 2
.

(C:\Users\aned.esquerra\AppData\Local\Programs\MiKTeX\tex/latex/lm\ot1lmr.fd
File: ot1lmr.fd 2015/05/01 v1.6.1 Font defs for Latin Modern
)
LaTeX Font Info:    Trying to load font information for OML+lmm on input line 2
.

(C:\Users\aned.esquerra\AppData\Local\Programs\MiKTeX\tex/latex/lm\omllmm.fd
File: omllmm.fd 2015/05/01 v1.6.1 Font defs for Latin Modern
)
LaTeX Font Info:    Trying to load font information for OMS+lmsy on input line 
2.

(C:\Users\aned.esquerra\AppData\Local\Programs\MiKTeX\tex/latex/lm\omslmsy.fd
File: omslmsy.fd 2015/05/01 v1.6.1 Font defs for Latin Modern
)
LaTeX Font Info:    Trying to load font information for OMX+lmex on input line 
2.

(C:\Users\aned.esquerra\AppData\Local\Programs\MiKTeX\tex/latex/lm\omxlmex.fd
File: omxlmex.fd 2015/05/01 v1.6.1 Font defs for Latin Modern
)
LaTeX Font Info:    External font `lmex10' loaded for size
(Font)              <10.95> on input line 2.
LaTeX Font Info:    External font `lmex10' loaded for size
(Font)              <8> on input line 2.
LaTeX Font Info:    External font `lmex10' loaded for size
(Font)              <6> on input line 2.
LaTeX Font Info:    Trying to load font information for U+msa on input line 2.

(C:\Users\aned.esquerra\AppData\Local\Programs\MiKTeX\tex/latex/amsfonts\umsa.f
d
File: umsa.fd 2013/01/14 v3.01 AMS symbols A
)
LaTeX Font Info:    Trying to load font information for U+msb on input line 2.

(C:\Users\aned.esquerra\AppData\Local\Programs\MiKTeX\tex/latex/amsfonts\umsb.f
d
File: umsb.fd 2013/01/14 v3.01 AMS symbols B
) [3

] [4] [5])
\tf@toc=\write6
\openout6 = `main.toc'.

 [6] (main.lof)
\tf@lof=\write7
\openout7 = `main.lof'.

 [7

] (main.lot)
\tf@lot=\write8
\openout8 = `main.lot'.

 [8

]
\openout2 = `chapters/chapter0-getting-started.aux'.


(chapters/chapter0-getting-started.tex
Chapter 0.

Overfull \hbox (6.53134pt too wide) in paragraph at lines 1--1
|\T1/lmr/bx/n/24.88 Getting Started: Mon-goDB At-las, Lo-
 []

[1



]
Overfull \hbox (48.64587pt too wide) has occurred while \output is active
\T1/lmr/m/sl/10.95 CHAPTER 0.  GETTING STARTED: MONGODB ATLAS, LOCAL DEPLOYMENT
, AND TOOLING \T1/lmr/m/n/10.95 2
 []

[2]
Overfull \hbox (48.64587pt too wide) has occurred while \output is active
\T1/lmr/m/sl/10.95 CHAPTER 0.  GETTING STARTED: MONGODB ATLAS, LOCAL DEPLOYMENT
, AND TOOLING \T1/lmr/m/n/10.95 3
 []

[3]
LaTeX Font Info:    Font shape `T1/lmtt/bx/n' in size <10.95> not available
(Font)              Font shape `T1/lmtt/b/n' tried instead on input line 106.

Overfull \hbox (48.64587pt too wide) has occurred while \output is active
\T1/lmr/m/sl/10.95 CHAPTER 0.  GETTING STARTED: MONGODB ATLAS, LOCAL DEPLOYMENT
, AND TOOLING \T1/lmr/m/n/10.95 4
 []

[4]
Package hyperref Info: bookmark level for unknown lstlisting defaults to 0 on i
nput line 114.

Overfull \hbox (48.64587pt too wide) has occurred while \output is active
\T1/lmr/m/sl/10.95 CHAPTER 0.  GETTING STARTED: MONGODB ATLAS, LOCAL DEPLOYMENT
, AND TOOLING \T1/lmr/m/n/10.95 5
 []

[5]
LaTeX Font Info:    Font shape `T1/lmtt/bx/n' in size <12> not available
(Font)              Font shape `T1/lmtt/b/n' tried instead on input line 146.
LaTeX Font Info:    Font shape `T1/lmtt/bx/n' in size <9> not available
(Font)              Font shape `T1/lmtt/b/n' tried instead on input line 156.

Overfull \hbox (50.18523pt too wide) in paragraph at lines 175--176
\T1/lmr/m/n/10.95 a web con-sole, al-ter lab-only server set-tings, ob-serve da
ta files, or test \T1/lmtt/m/n/10.95 db.serverStatus().storageEngine
 []


Overfull \hbox (48.64587pt too wide) has occurred while \output is active
\T1/lmr/m/sl/10.95 CHAPTER 0.  GETTING STARTED: MONGODB ATLAS, LOCAL DEPLOYMENT
, AND TOOLING \T1/lmr/m/n/10.95 6
 []

[6]
Overfull \hbox (28.28241pt too wide) in paragraph at lines 194--195
\T1/lmr/m/n/10.95 MongoDB Database Tools are sep-a-rate command-line util-i-tie
s that in-clude \T1/lmtt/m/n/10.95 mongodump\T1/lmr/m/n/10.95 , \T1/lmtt/m/n/10
.95 mongorestore\T1/lmr/m/n/10.95 ,
 []


Overfull \hbox (48.64587pt too wide) has occurred while \output is active
\T1/lmr/m/sl/10.95 CHAPTER 0.  GETTING STARTED: MONGODB ATLAS, LOCAL DEPLOYMENT
, AND TOOLING \T1/lmr/m/n/10.95 7
 []

[7]
Overfull \hbox (48.64587pt too wide) has occurred while \output is active
\T1/lmr/m/sl/10.95 CHAPTER 0.  GETTING STARTED: MONGODB ATLAS, LOCAL DEPLOYMENT
, AND TOOLING \T1/lmr/m/n/10.95 8
 []

[8]
Overfull \hbox (48.64587pt too wide) has occurred while \output is active
\T1/lmr/m/sl/10.95 CHAPTER 0.  GETTING STARTED: MONGODB ATLAS, LOCAL DEPLOYMENT
, AND TOOLING \T1/lmr/m/n/10.95 9
 []

[9]
LaTeX Font Info:    External font `lmex10' loaded for size
(Font)              <9> on input line 315.
LaTeX Font Info:    External font `lmex10' loaded for size
(Font)              <5> on input line 315.

Underfull \hbox (badness 10000) in paragraph at lines 319--319
[]\T1/lmr/m/n/9 Free ac-count
 []


Underfull \hbox (badness 10000) in paragraph at lines 319--319
\T1/lmr/m/n/9 ($200/30 days +
 []


Underfull \hbox (badness 2591) in paragraph at lines 319--320
[]\T1/lmr/m/n/9 Free trial ($300/90
 []


Underfull \hbox (badness 1052) in paragraph at lines 322--323
[]\T1/lmr/m/n/9 Avoid Owner; least
 []


Underfull \hbox (badness 1960) in paragraph at lines 323--323
[]\T1/lmr/m/n/9 AWS CLI v2 (\T1/lmtt/m/n/9 aws
 []


Underfull \hbox (badness 10000) in paragraph at lines 323--323
[]\T1/lmr/m/n/9 Azure CLI (\T1/lmtt/m/n/9 az
 []


Underfull \hbox (badness 10000) in paragraph at lines 325--325
[]\T1/lmr/m/n/9 AWS Bud-gets +
 []


Underfull \hbox (badness 10000) in paragraph at lines 325--325
[]\T1/lmr/m/n/9 Cost Man-age-ment
 []


Underfull \hbox (badness 10000) in paragraph at lines 326--326
[]\T1/lmr/m/n/9 AWS Man-age-ment
 []


Underfull \hbox (badness 1400) in paragraph at lines 326--327
[]\T1/lmr/m/n/9 Google Cloud Con-
 []


Overfull \hbox (54.12086pt too wide) has occurred while \output is active
\T1/lmr/m/sl/10.95 CHAPTER 0.  GETTING STARTED: MONGODB ATLAS, LOCAL DEPLOYMENT
, AND TOOLING \T1/lmr/m/n/10.95 10
 []

[10]
Overfull \hbox (54.12086pt too wide) has occurred while \output is active
\T1/lmr/m/sl/10.95 CHAPTER 0.  GETTING STARTED: MONGODB ATLAS, LOCAL DEPLOYMENT
, AND TOOLING \T1/lmr/m/n/10.95 11
 []

[11]
Overfull \hbox (126.61295pt too wide) in paragraph at lines 417--418
[]\T1/lmr/m/n/10.95 A setup is not com-plete un-til \T1/lmtt/m/n/10.95 db.runCo
mmand({ ping: 1 })\T1/lmr/m/n/10.95 , in-sert, find, and \T1/lmtt/m/n/10.95 db.
serverStatus().storageEngine
 []


Overfull \hbox (54.12086pt too wide) has occurred while \output is active
\T1/lmr/m/sl/10.95 CHAPTER 0.  GETTING STARTED: MONGODB ATLAS, LOCAL DEPLOYMENT
, AND TOOLING \T1/lmr/m/n/10.95 12
 []

[12]
Overfull \hbox (74.44499pt too wide) in paragraph at lines 427--428
\T1/lmr/m/n/10.95 firm \T1/lmtt/m/n/10.95 Get-Service -Name MongoDB \T1/lmr/m/n
/10.95 re-ports \T1/lmtt/m/n/10.95 Running\T1/lmr/m/n/10.95 , con-nect to \T1/l
mtt/m/n/10.95 mongodb://localhost:27017/booklabs\T1/lmr/m/n/10.95 ,
 []

)
Overfull \hbox (54.12086pt too wide) has occurred while \output is active
\T1/lmr/m/sl/10.95 CHAPTER 0.  GETTING STARTED: MONGODB ATLAS, LOCAL DEPLOYMENT
, AND TOOLING \T1/lmr/m/n/10.95 13
 []

[13] [14



]
\openout2 = `chapters/chapter1-wiredtiger-architecture.aux'.

 (chapters/chapter1-wiredtiger-architecture.tex
Chapter 1.

Underfull \hbox (badness 1430) in paragraph at lines 27--27
[]\T1/lmr/m/n/9 Glacier In-stant Re-
 []


Underfull \hbox (badness 10000) in paragraph at lines 29--29
[]\T1/lmr/m/n/9 Lifecycle man-age-
 []


Underfull \hbox (badness 10000) in paragraph at lines 29--30
[]\T1/lmr/m/n/9 Object Life-cy-cle
 []


Underfull \hbox (badness 10000) in paragraph at lines 31--31
[]\T1/lmr/m/n/9 Immutability
 []


Underfull \hbox (badness 10000) in paragraph at lines 32--32
[]\T1/lmr/m/n/9 Object repli-ca-tion
 []


Underfull \hbox (badness 10000) in paragraph at lines 37--37
[]\T1/lmr/m/n/9 99.9% (RA-GRS
 []


Underfull \hbox (badness 10000) in paragraph at lines 37--38
[]\T1/lmr/m/n/9 99.95% (multi-
 []


Underfull \hbox (badness 10000) in paragraph at lines 38--39
[]\T1/lmr/m/n/9 Google-managed /
 []


Underfull \hbox (badness 10000) in paragraph at lines 41--41
[]\T1/lmr/m/n/9 Strong read-after-
 []


Underfull \hbox (badness 10000) in paragraph at lines 41--41
[]\T1/lmr/m/n/9 Strong read-after-
 []

[15


]
Overfull \hbox (52.74675pt too wide) has occurred while \output is active
\T1/lmr/m/sl/10.95 CHAPTER 1.  MONGODB CORE ARCHITECTURE AND THE WIREDTIGER STO
RAGE ENGINE \T1/lmr/m/n/10.95 16
 []

[16]
Overfull \hbox (52.74675pt too wide) has occurred while \output is active
\T1/lmr/m/sl/10.95 CHAPTER 1.  MONGODB CORE ARCHITECTURE AND THE WIREDTIGER STO
RAGE ENGINE \T1/lmr/m/n/10.95 17
 []

[17]
Overfull \hbox (84.7244pt too wide) in paragraph at lines 84--85
\T1/lmr/m/n/10.95 mented by Mon-goDB, and ad-min-is-tra-tors can over-ride it w
ith \T1/lmtt/m/n/10.95 storage.wiredTiger.engineConfig.cacheSizeGB
 []


Overfull \hbox (52.74675pt too wide) has occurred while \output is active
\T1/lmr/m/sl/10.95 CHAPTER 1.  MONGODB CORE ARCHITECTURE AND THE WIREDTIGER STO
RAGE ENGINE \T1/lmr/m/n/10.95 18
 []

[18]
Overfull \hbox (52.74675pt too wide) has occurred while \output is active
\T1/lmr/m/sl/10.95 CHAPTER 1.  MONGODB CORE ARCHITECTURE AND THE WIREDTIGER STO
RAGE ENGINE \T1/lmr/m/n/10.95 19
 []

[19]
Overfull \hbox (52.74675pt too wide) has occurred while \output is active
\T1/lmr/m/sl/10.95 CHAPTER 1.  MONGODB CORE ARCHITECTURE AND THE WIREDTIGER STO
RAGE ENGINE \T1/lmr/m/n/10.95 20
 []

[20]
Overfull \hbox (52.74675pt too wide) has occurred while \output is active
\T1/lmr/m/sl/10.95 CHAPTER 1.  MONGODB CORE ARCHITECTURE AND THE WIREDTIGER STO
RAGE ENGINE \T1/lmr/m/n/10.95 21
 []

[21]
Overfull \hbox (37.06157pt too wide) in paragraph at lines 206--206
|[]\T1/lmr/bx/n/14.4 Thursday Hands-On Project: Con-fig-ure and Ob-serve WiredT
iger| 
 []


Overfull \hbox (52.74675pt too wide) has occurred while \output is active
\T1/lmr/m/sl/10.95 CHAPTER 1.  MONGODB CORE ARCHITECTURE AND THE WIREDTIGER STO
RAGE ENGINE \T1/lmr/m/n/10.95 22
 []

[22
pdfTeX warning (ext4): destination with the same identifier (name{figure.1.1}) 
has been already used, duplicate ignored
<argument> ...shipout:D \box_use:N \l_shipout_box 
                                                  \__shipout_drop_firstpage_...
l.237 \end{tipbox}
                  ]
Overfull \hbox (27.76381pt too wide) in paragraph at lines 240--241
\T1/lmr/m/n/10.95 The com-mands be-low as-sume Mon-goDB Database Tools, \T1/lmt
t/m/n/10.95 mongod\T1/lmr/m/n/10.95 , \T1/lmtt/m/n/10.95 mongosh\T1/lmr/m/n/10.
95 , Node.js, and \T1/lmtt/m/n/10.95 mgeneratejs
 []


Overfull \hbox (52.74675pt too wide) has occurred while \output is active
\T1/lmr/m/sl/10.95 CHAPTER 1.  MONGODB CORE ARCHITECTURE AND THE WIREDTIGER STO
RAGE ENGINE \T1/lmr/m/n/10.95 23
 []

[23]
Overfull \hbox (52.74675pt too wide) has occurred while \output is active
\T1/lmr/m/sl/10.95 CHAPTER 1.  MONGODB CORE ARCHITECTURE AND THE WIREDTIGER STO
RAGE ENGINE \T1/lmr/m/n/10.95 24
 []

[24]
Overfull \hbox (52.74675pt too wide) has occurred while \output is active
\T1/lmr/m/sl/10.95 CHAPTER 1.  MONGODB CORE ARCHITECTURE AND THE WIREDTIGER STO
RAGE ENGINE \T1/lmr/m/n/10.95 25
 []

[25]
Overfull \hbox (52.74675pt too wide) has occurred while \output is active
\T1/lmr/m/sl/10.95 CHAPTER 1.  MONGODB CORE ARCHITECTURE AND THE WIREDTIGER STO
RAGE ENGINE \T1/lmr/m/n/10.95 26
 []

[26
pdfTeX warning (ext4): destination with the same identifier (name{figure.1.2}) 
has been already used, duplicate ignored
<argument> ...shipout:D \box_use:N \l_shipout_box 
                                                  \__shipout_drop_firstpage_...
l.405 
      ]
Overfull \hbox (52.74675pt too wide) has occurred while \output is active
\T1/lmr/m/sl/10.95 CHAPTER 1.  MONGODB CORE ARCHITECTURE AND THE WIREDTIGER STO
RAGE ENGINE \T1/lmr/m/n/10.95 27
 []

[27]
Underfull \hbox (badness 1264) in paragraph at lines 432--433
\T1/lmr/m/n/10.95 nal ac-tiv-ity, and p99 la-tency for a financial-ledger work-
load. You will run the
 []


Underfull \hbox (badness 1215) in paragraph at lines 432--433
\T1/lmr/m/n/10.95 same ledger work-load un-der at least two cache con-fig-u-ra-
tions, col-lect com-pa-ra-ble
 []


Overfull \hbox (4.15002pt too wide) in paragraph at lines 453--454
\T1/lmr/m/n/10.95 with an ex-plicit \T1/lmtt/m/n/10.95 storage.wiredTiger.engin
eConfig.cacheSizeGB \T1/lmr/m/n/10.95 value in \T1/lmtt/m/n/10.95 mongod.conf\T
1/lmr/m/n/10.95 . 
 []


Overfull \hbox (28.17564pt too wide) in paragraph at lines 455--456
[]\T1/lmr/m/n/10.95 Generate 10 mil-lion ledger doc-u-ments with im-mutable fie
lds such as \T1/lmtt/m/n/10.95 accountId\T1/lmr/m/n/10.95 , \T1/lmtt/m/n/10.95 
transactionId\T1/lmr/m/n/10.95 ,
 []


Overfull \hbox (52.74675pt too wide) has occurred while \output is active
\T1/lmr/m/sl/10.95 CHAPTER 1.  MONGODB CORE ARCHITECTURE AND THE WIREDTIGER STO
RAGE ENGINE \T1/lmr/m/n/10.95 28
 []

[28]
Overfull \hbox (52.74675pt too wide) has occurred while \output is active
\T1/lmr/m/sl/10.95 CHAPTER 1.  MONGODB CORE ARCHITECTURE AND THE WIREDTIGER STO
RAGE ENGINE \T1/lmr/m/n/10.95 29
 []

[29
pdfTeX warning (ext4): destination with the same identifier (name{figure.1.3}) 
has been already used, duplicate ignored
<argument> ...shipout:D \box_use:N \l_shipout_box 
                                                  \__shipout_drop_firstpage_...
l.513  
          engineConfig:]
Overfull \hbox (52.74675pt too wide) has occurred while \output is active
\T1/lmr/m/sl/10.95 CHAPTER 1.  MONGODB CORE ARCHITECTURE AND THE WIREDTIGER STO
RAGE ENGINE \T1/lmr/m/n/10.95 30
 []

[30]
Overfull \hbox (52.74675pt too wide) has occurred while \output is active
\T1/lmr/m/sl/10.95 CHAPTER 1.  MONGODB CORE ARCHITECTURE AND THE WIREDTIGER STO
RAGE ENGINE \T1/lmr/m/n/10.95 31
 []

[31]
Overfull \hbox (52.74675pt too wide) has occurred while \output is active
\T1/lmr/m/sl/10.95 CHAPTER 1.  MONGODB CORE ARCHITECTURE AND THE WIREDTIGER STO
RAGE ENGINE \T1/lmr/m/n/10.95 32
 []

[32]
Underfull \hbox (badness 10000) in paragraph at lines 686--686
[]\T1/lmr/bx/n/10.95 Small cache,
 []


Underfull \hbox (badness 10000) in paragraph at lines 686--686
\T1/lmr/bx/n/10.95 about 20%
 []


Underfull \hbox (badness 10000) in paragraph at lines 686--686
[]\T1/lmr/bx/n/10.95 Larger cache,
 []


Underfull \hbox (badness 10000) in paragraph at lines 686--686
\T1/lmr/bx/n/10.95 about 50%
 []


Underfull \hbox (badness 10000) in paragraph at lines 693--694
[]\T1/lmr/m/n/10.95 Checkpoint spike
 []


Underfull \hbox (badness 10000) in paragraph at lines 694--695
[]\T1/lmr/m/n/10.95 Durability path
 []


Overfull \hbox (52.74675pt too wide) has occurred while \output is active
\T1/lmr/m/sl/10.95 CHAPTER 1.  MONGODB CORE ARCHITECTURE AND THE WIREDTIGER STO
RAGE ENGINE \T1/lmr/m/n/10.95 33
 []

[33
pdfTeX warning (ext4): destination with the same identifier (name{table.1.1}) h
as been already used, duplicate ignored
<argument> ...shipout:D \box_use:N \l_shipout_box 
                                                  \__shipout_drop_firstpage_...
l.712 \subsection*{Stretch Goals}
                                 ])
Overfull \hbox (52.74675pt too wide) has occurred while \output is active
\T1/lmr/m/sl/10.95 CHAPTER 1.  MONGODB CORE ARCHITECTURE AND THE WIREDTIGER STO
RAGE ENGINE \T1/lmr/m/n/10.95 34
 []

[34]
\openout2 = `chapters/chapter2-schema-design-patterns.aux'.

 (chapters/chapter2-schema-design-patterns.tex
Chapter 2.

Underfull \hbox (badness 2426) in paragraph at lines 24--24
[]\T1/lmr/m/n/9 Polymorphic en-ti-
 []


Underfull \hbox (badness 1033) in paragraph at lines 24--24
[]\T1/lmr/m/n/9 One col-lec-tion with
 []


Underfull \hbox (badness 10000) in paragraph at lines 24--24
\T1/lmr/m/n/9 type dis-crim-i-na-tor
 []


Underfull \hbox (badness 10000) in paragraph at lines 24--24
[]\T1/lmr/m/n/9 Single-table items
 []


Underfull \hbox (badness 4634) in paragraph at lines 24--24
\T1/lmr/m/n/9 type and par-ti-tion
 []


Underfull \hbox (badness 10000) in paragraph at lines 25--25
[]\T1/lmr/m/n/9 Dynamic at-
 []


Underfull \hbox (badness 10000) in paragraph at lines 25--25
\T1/lmr/m/n/9 into GSIs when
 []


Underfull \hbox (badness 10000) in paragraph at lines 25--25
[]\T1/lmr/m/n/9 JSON prop-er-ties
 []


Underfull \hbox (badness 10000) in paragraph at lines 25--26
\T1/lmr/m/n/9 pos-ite in-dexes for
 []


Underfull \hbox (badness 5231) in paragraph at lines 26--26
[]\T1/lmr/m/n/9 Time-series buck-
 []


Underfull \hbox (badness 6396) in paragraph at lines 26--26
[]\T1/lmr/m/n/9 Bucket Pat-tern or
 []


Underfull \hbox (badness 1824) in paragraph at lines 26--26
[]\T1/lmr/m/n/9 Partition by de-vice
 []


Underfull \hbox (badness 7759) in paragraph at lines 26--26
\T1/lmr/m/n/9 and time win-dow;
 []


Underfull \hbox (badness 1824) in paragraph at lines 26--26
[]\T1/lmr/m/n/9 Partition by de-vice
 []


Underfull \hbox (badness 10000) in paragraph at lines 27--27
[]\T1/lmr/m/n/9 Embedded re-cent
 []


Underfull \hbox (badness 10000) in paragraph at lines 27--27
\T1/lmr/m/n/9 sub-set in par-ent
 []


Underfull \hbox (badness 10000) in paragraph at lines 27--27
[]\T1/lmr/m/n/9 Denormalized hot
 []


Underfull \hbox (badness 4467) in paragraph at lines 27--27
\T1/lmr/m/n/9 prop-er-ties in same
 []


Underfull \hbox (badness 10000) in paragraph at lines 27--28
[]\T1/lmr/m/n/9 Parent doc-u-ment
 []


Underfull \hbox (badness 10000) in paragraph at lines 27--28
\T1/lmr/m/n/9 col-lec-tion for full
 []


Underfull \hbox (badness 3199) in paragraph at lines 28--28
[]\T1/lmr/m/n/9 Extended Ref-er-ence
 []


Underfull \hbox (badness 5607) in paragraph at lines 28--28
\T1/lmr/m/n/9 with copied sta-ble
 []


Underfull \hbox (badness 10000) in paragraph at lines 28--28
[]\T1/lmr/m/n/9 Duplicated at-
 []


Underfull \hbox (badness 10000) in paragraph at lines 28--28
\T1/lmr/m/n/9 tributes in item
 []


Underfull \hbox (badness 6708) in paragraph at lines 28--28
[]\T1/lmr/m/n/9 Denormalized fields
 []


Underfull \hbox (badness 10000) in paragraph at lines 28--28
\T1/lmr/m/n/9 to avoid cross-
 []


Underfull \hbox (badness 1394) in paragraph at lines 30--30
[]\T1/lmr/m/n/9 Relational equiv-a-
 []


Underfull \hbox (badness 10000) in paragraph at lines 30--30
[]\T1/lmr/m/n/9 Embedded doc-u-
 []


Underfull \hbox (badness 10000) in paragraph at lines 30--30
[]\T1/lmr/m/n/9 JSON con-tainer
 []


Underfull \hbox (badness 10000) in paragraph at lines 30--30
\T1/lmr/m/n/9 trades joins for
 []


Underfull \hbox (badness 10000) in paragraph at lines 30--31
[]\T1/lmr/m/n/9 Hierarchical doc-
 []


Underfull \hbox (badness 10000) in paragraph at lines 30--31
\T1/lmr/m/n/9 u-ments re-place
 []


Overfull \hbox (33.82326pt too wide) in paragraph at lines 20--33
[][] 
 []

[35




] [36]
Underfull \hbox (badness 7238) in paragraph at lines 73--74
[]\T1/lmr/m/n/10.95 The \T1/lmr/bx/n/10.95 At-tribute Pat-tern \T1/lmr/m/n/10.9
5 rep-re-sents vari-able fields as en-tries such as \T1/lmtt/m/n/10.95 { k:
 []

[37] [38
pdfTeX warning (ext4): destination with the same identifier (name{figure.2.1}) 
has been already used, duplicate ignored
<argument> ...shipout:D \box_use:N \l_shipout_box 
                                                  \__shipout_drop_firstpage_...
l.128 
      ] [39]
Underfull \hbox (badness 1014) in paragraph at lines 215--216
[]\T1/lmr/m/n/10.95 The \T1/lmr/bx/n/10.95 Schema Ver-sion-ing Pat-tern \T1/lmr
/m/n/10.95 records doc-u-ment shape with a field such as
 []

[40
pdfTeX warning (ext4): destination with the same identifier (name{figure.2.2}) 
has been already used, duplicate ignored
<argument> ...shipout:D \box_use:N \l_shipout_box 
                                                  \__shipout_drop_firstpage_...
l.216 \end{definitionbox}
                         ] [41] [42] [43] [44] [45
pdfTeX warning (ext4): destination with the same identifier (name{figure.2.3}) 
has been already used, duplicate ignored
<argument> ...shipout:D \box_use:N \l_shipout_box 
                                                  \__shipout_drop_firstpage_...
l.462 \end{tipbox}
                  ] [46]
Overfull \hbox (40.57652pt too wide) in paragraph at lines 511--512
[]\T1/lmr/bx/n/10.95 (Design) \T1/lmr/m/n/10.95 Build a Schema Ver-sion-ing mi-
gra-tion plan from \T1/lmtt/m/n/10.95 schemaVersion: 1 \T1/lmr/m/n/10.95 to \T1
/lmtt/m/n/10.95 schemaVersion:
 []

[47] [48]
Overfull \hbox (26.57253pt too wide) in paragraph at lines 582--583
[]\T1/lmr/bx/n/10.95 Prepare the col-lec-tions and in-dexes. \T1/lmr/m/n/10.95 
Use a lo-cal Mon-goDB database named \T1/lmtt/m/n/10.95 iot_capstone\T1/lmr/m/n
/10.95 .
 []

[49
pdfTeX warning (ext4): destination with the same identifier (name{figure.2.4}) 
has been already used, duplicate ignored
<argument> ...shipout:D \box_use:N \l_shipout_box 
                                                  \__shipout_drop_firstpage_...
l.625  
                          "sensor": sensor,] [50] [51]) [52]
\openout2 = `chapters/chapter3-relationships-antipatterns.aux'.


(chapters/chapter3-relationships-antipatterns.tex
Chapter 3.

Underfull \hbox (badness 10000) in paragraph at lines 22--22
[]\T1/lmr/bx/n/9 Relational RDS
 []


Underfull \hbox (badness 4279) in paragraph at lines 22--22
\T1/lmr/bx/n/9 / Azure SQL /
 []


Underfull \hbox (badness 10000) in paragraph at lines 22--23
[]\T1/lmr/bx/n/9 Cosmos DB for
 []


Underfull \hbox (badness 6220) in paragraph at lines 24--24
[]\T1/lmr/m/n/9 Embed when read
 []


Underfull \hbox (badness 10000) in paragraph at lines 24--24
\T1/lmr/m/n/9 and life-cy-cle are
 []


Underfull \hbox (badness 10000) in paragraph at lines 24--24
\T1/lmr/m/n/9 shared; ref-er-ence
 []


Underfull \hbox (badness 2326) in paragraph at lines 24--24
\T1/lmr/m/n/9 when in-de-pen-dently
 []


Underfull \hbox (badness 2426) in paragraph at lines 24--24
[]\T1/lmr/m/n/9 Same ta-ble for op-
 []


Underfull \hbox (badness 10000) in paragraph at lines 24--24
\T1/lmr/m/n/9 tional columns or
 []


Underfull \hbox (badness 3965) in paragraph at lines 24--24
\T1/lmr/m/n/9 sep-a-rate ta-ble with
 []


Underfull \hbox (badness 3690) in paragraph at lines 24--25
\T1/lmr/m/n/9 partition-local; split
 []


Underfull \hbox (badness 10000) in paragraph at lines 25--25
[]\T1/lmr/m/n/9 Embed bounded
 []


Underfull \hbox (badness 10000) in paragraph at lines 25--26
[]\T1/lmr/m/n/9 Embedded ar-ray
 []


Underfull \hbox (badness 10000) in paragraph at lines 25--26
\T1/lmr/m/n/9 if bounded and
 []


Underfull \hbox (badness 1281) in paragraph at lines 26--26
\T1/lmr/m/n/9 ent key; avoid un-
 []


Underfull \hbox (badness 1270) in paragraph at lines 26--26
\T1/lmr/m/n/9 bounded par-ent ar-
 []


Underfull \hbox (badness 2318) in paragraph at lines 26--26
[]\T1/lmr/m/n/9 Child ta-ble in-dexed
 []


Underfull \hbox (badness 10000) in paragraph at lines 26--27
\T1/lmr/m/n/9 par-ti-tion when
 []


Underfull \hbox (badness 10000) in paragraph at lines 26--27
\T1/lmr/m/n/9 pos-si-ble; sep-a-rate
 []


Underfull \hbox (badness 10000) in paragraph at lines 27--27
[]\T1/lmr/m/n/9 Junction col-lec-tion
 []


Underfull \hbox (badness 10000) in paragraph at lines 27--27
\T1/lmr/m/n/9 with both for-eign
 []


Underfull \hbox (badness 7116) in paragraph at lines 27--27
\T1/lmr/m/n/9 keys, op-tional ex-
 []


Underfull \hbox (badness 10000) in paragraph at lines 27--27
\T1/lmr/m/n/9 tended ref-er-ences,
 []


Underfull \hbox (badness 2426) in paragraph at lines 27--27
[]\T1/lmr/m/n/9 Junction ta-ble with
 []


Underfull \hbox (badness 10000) in paragraph at lines 27--27
\T1/lmr/m/n/9 two for-eign keys
 []


Underfull \hbox (badness 10000) in paragraph at lines 27--27
\T1/lmr/m/n/9 and unique-ness
 []


Underfull \hbox (badness 10000) in paragraph at lines 27--28
[]\T1/lmr/m/n/9 Edge doc-u-ments,
 []


Underfull \hbox (badness 3229) in paragraph at lines 27--28
\T1/lmr/m/n/9 of-ten du-pli-cated by
 []


Underfull \hbox (badness 10000) in paragraph at lines 27--28
\T1/lmr/m/n/9 traver-sal di-rec-tion
 []


Underfull \hbox (badness 10000) in paragraph at lines 28--28
[]\T1/lmr/m/n/9 Referential
 []


Underfull \hbox (badness 1895) in paragraph at lines 28--28
[]\T1/lmr/m/n/9 Usually application-
 []


Underfull \hbox (badness 10000) in paragraph at lines 28--28
\T1/lmr/m/n/9 enforced; trans-ac-
 []


Underfull \hbox (badness 10000) in paragraph at lines 28--28
\T1/lmr/m/n/9 bounded multi-
 []


Underfull \hbox (badness 10000) in paragraph at lines 28--28
\T1/lmr/m/n/9 document changes;
 []


Underfull \hbox (badness 10000) in paragraph at lines 28--28
\T1/lmtt/m/n/9 $lookup \T1/lmr/m/n/9 does not
 []


Underfull \hbox (badness 10000) in paragraph at lines 28--28
[]\T1/lmr/m/n/9 Database-enforced
 []


Underfull \hbox (badness 10000) in paragraph at lines 28--28
[]\T1/lmr/m/n/9 Application-enforced
 []


Underfull \hbox (badness 10000) in paragraph at lines 28--28
\T1/lmr/m/n/9 con-di-tional writes
 []


Underfull \hbox (badness 1231) in paragraph at lines 28--28
\T1/lmr/m/n/9 and trans-ac-tions for
 []


Underfull \hbox (badness 10000) in paragraph at lines 28--29
[]\T1/lmr/m/n/9 Application-enforced;
 []


Underfull \hbox (badness 10000) in paragraph at lines 28--29
\T1/lmr/m/n/9 trans-ac-tional batch
 []


Underfull \hbox (badness 10000) in paragraph at lines 28--29
\T1/lmr/m/n/9 only within log-i-cal
 []


Underfull \hbox (badness 2608) in paragraph at lines 29--29
\T1/lmr/m/n/9 his-to-ries with hard
 []


Underfull \hbox (badness 6691) in paragraph at lines 29--29
\T1/lmr/m/n/9 val-ues of-ten stored
 []


Underfull \hbox (badness 2970) in paragraph at lines 29--29
[]\T1/lmr/m/n/9 400 KB item limit
 []


Underfull \hbox (badness 10000) in paragraph at lines 29--29
\T1/lmr/m/n/9 en-cour-ages nar-row
 []


Underfull \hbox (badness 1281) in paragraph at lines 29--30
\T1/lmr/m/n/9 API for NoSQL re-
 []


Overfull \hbox (33.82368pt too wide) in paragraph at lines 20--32
[][] 
 []

[53




] [54] [55
pdfTeX warning (ext4): destination with the same identifier (name{figure.3.1}) 
has been already used, duplicate ignored
<argument> ...shipout:D \box_use:N \l_shipout_box 
                                                  \__shipout_drop_firstpage_...
l.96 
     ] [56] [57
pdfTeX warning (ext4): destination with the same identifier (name{figure.3.2}) 
has been already used, duplicate ignored
<argument> ...shipout:D \box_use:N \l_shipout_box 
                                                  \__shipout_drop_firstpage_...
l.172 
      ] [58] [59] [60] [61
pdfTeX warning (ext4): destination with the same identifier (name{figure.3.3}) 
has been already used, duplicate ignored
<argument> ...shipout:D \box_use:N \l_shipout_box 
                                                  \__shipout_drop_firstpage_...
l.362     \item \textbf
                       {Q: When would you use \texttt{\$lookup}?}\\] [62]
[63] [64
pdfTeX warning (ext4): destination with the same identifier (name{figure.3.4}) 
has been already used, duplicate ignored
<argument> ...shipout:D \box_use:N \l_shipout_box 
                                                  \__shipout_drop_firstpage_...
l.484  
              email: { bsonType: "string" },] [65] [66] [67]) [68]
\openout2 = `chapters/chapter4-relational-to-document-migration.aux'.


(chapters/chapter4-relational-to-document-migration.tex
Chapter 4.

Overfull \hbox (40.63255pt too wide) in paragraph at lines 1--1
|\T1/lmr/bx/n/24.88 Relational to Doc-u-ment Mi-gra-tion Strat-
 []


Underfull \hbox (badness 10000) in paragraph at lines 30--30
[]\T1/lmr/bx/n/9 MongoDB Re-la-
 []


Underfull \hbox (badness 10000) in paragraph at lines 30--30
\T1/lmr/m/n/9 en-gines and rec-om-
 []


Underfull \hbox (badness 5260) in paragraph at lines 30--30
\T1/lmr/m/n/9 mends tar-get schema
 []


Underfull \hbox (badness 2799) in paragraph at lines 30--30
\T1/lmr/m/n/9 changes; DMS moves
 []


Underfull \hbox (badness 1590) in paragraph at lines 30--30
[]\T1/lmr/m/n/9 Assesses and mi-grates
 []


Underfull \hbox (badness 10000) in paragraph at lines 30--30
\T1/lmr/m/n/9 database en-gines,
 []


Underfull \hbox (badness 10000) in paragraph at lines 30--30
\T1/lmr/m/n/9 usu-ally relational-
 []


Underfull \hbox (badness 10000) in paragraph at lines 30--30
\T1/lmr/m/n/9 to-relational with
 []


Underfull \hbox (badness 10000) in paragraph at lines 30--30
\T1/lmr/m/n/9 into Cloud SQL or
 []


Underfull \hbox (badness 2134) in paragraph at lines 30--30
\T1/lmr/m/n/9 Al-loyDB with schema
 []


Underfull \hbox (badness 7415) in paragraph at lines 30--30
[]\T1/lmr/m/n/9 Performs ini-tial sync
 []


Underfull \hbox (badness 7344) in paragraph at lines 30--30
\T1/lmr/m/n/9 and keeps Mon-goDB
 []


Underfull \hbox (badness 10000) in paragraph at lines 30--30
\T1/lmr/m/n/9 syn-chro-nized through
 []


Underfull \hbox (badness 4479) in paragraph at lines 30--30
\T1/lmr/m/n/9 CDC from sup-ported
 []


Underfull \hbox (badness 1888) in paragraph at lines 30--30
[]\T1/lmr/m/n/9 Online mi-gra-tions use
 []


Underfull \hbox (badness 4303) in paragraph at lines 30--30
\T1/lmr/m/n/9 con-tin-u-ous sync un-til
 []


Underfull \hbox (badness 3815) in paragraph at lines 30--30
[]\T1/lmr/m/n/9 Continuous repli-ca-tion
 []


Underfull \hbox (badness 10000) in paragraph at lines 30--30
\T1/lmr/m/n/9 mi-gra-tions for sup-
 []


Underfull \hbox (badness 10000) in paragraph at lines 30--30
[]\T1/lmr/m/n/9 Dual-write /
 []


Underfull \hbox (badness 10000) in paragraph at lines 30--30
\T1/lmr/m/n/9 shadow-read cu-
 []


Underfull \hbox (badness 10000) in paragraph at lines 30--30
[]\T1/lmr/m/n/9 Application pat-tern
 []


Underfull \hbox (badness 5711) in paragraph at lines 30--30
\T1/lmr/m/n/9 around the mi-gra-tor:
 []


Underfull \hbox (badness 10000) in paragraph at lines 30--30
\T1/lmr/m/n/9 write both sys-tems,
 []


Underfull \hbox (badness 7963) in paragraph at lines 30--30
\T1/lmr/m/n/9 com-pare reads, then
 []


Underfull \hbox (badness 10000) in paragraph at lines 30--30
[]\T1/lmr/m/n/9 Application pat-tern
 []


Underfull \hbox (badness 10000) in paragraph at lines 30--30
\T1/lmr/m/n/9 around DMS tasks
 []


Underfull \hbox (badness 10000) in paragraph at lines 30--30
\T1/lmr/m/n/9 and tar-get database
 []


Underfull \hbox (badness 10000) in paragraph at lines 30--30
[]\T1/lmr/m/n/9 Application pat-tern
 []


Underfull \hbox (badness 10000) in paragraph at lines 30--30
[]\T1/lmr/m/n/9 Application pat-tern
 []


Underfull \hbox (badness 2310) in paragraph at lines 30--30
[]\T1/lmr/m/n/9 Keep Post-greSQL au-
 []


Underfull \hbox (badness 5403) in paragraph at lines 30--30
\T1/lmr/m/n/9 thor-i-ta-tive un-til fi-nal
 []


Underfull \hbox (badness 10000) in paragraph at lines 30--30
[]\T1/lmr/m/n/9 Retain source and
 []


Underfull \hbox (badness 3657) in paragraph at lines 30--30
\T1/lmr/m/n/9 DNS/application rout-
 []


Underfull \hbox (badness 10000) in paragraph at lines 30--30
\T1/lmr/m/n/9 ing un-til val-i-da-tion
 []

[69




] [70] [71
pdfTeX warning (ext4): destination with the same identifier (name{figure.4.1}) 
has been already used, duplicate ignored
<argument> ...shipout:D \box_use:N \l_shipout_box 
                                                  \__shipout_drop_firstpage_...
l.103 
      ] [72] [73
pdfTeX warning (ext4): destination with the same identifier (name{figure.4.2}) 
has been already used, duplicate ignored
<argument> ...shipout:D \box_use:N \l_shipout_box 
                                                  \__shipout_drop_firstpage_...
l.182 
      ]
Overfull \hbox (42.60753pt too wide) in paragraph at lines 189--190
\T1/lmr/m/n/10.95 A Post-greSQL e-commerce database con-tains twelve nor-mal-iz
ed ta-bles: \T1/lmtt/m/n/10.95 customers\T1/lmr/m/n/10.95 , \T1/lmtt/m/n/10.95 
customer_profiles\T1/lmr/m/n/10.95 ,
 []


Overfull \hbox (32.81523pt too wide) in paragraph at lines 189--190
\T1/lmtt/m/n/10.95 customer_addresses\T1/lmr/m/n/10.95 , \T1/lmtt/m/n/10.95 pro
ducts\T1/lmr/m/n/10.95 , \T1/lmtt/m/n/10.95 product_attributes\T1/lmr/m/n/10.95
 , \T1/lmtt/m/n/10.95 product_categories\T1/lmr/m/n/10.95 , \T1/lmtt/m/n/10.95 
orders\T1/lmr/m/n/10.95 , \T1/lmtt/m/n/10.95 order_lines\T1/lmr/m/n/10.95 ,
 []

[74] [75] [76] [77
pdfTeX warning (ext4): destination with the same identifier (name{figure.4.3}) 
has been already used, duplicate ignored
<argument> ...shipout:D \box_use:N \l_shipout_box 
                                                  \__shipout_drop_firstpage_...
l.387 
      ] [78] [79] [80
pdfTeX warning (ext4): destination with the same identifier (name{figure.4.4}) 
has been already used, duplicate ignored
<argument> ...shipout:D \box_use:N \l_shipout_box 
                                                  \__shipout_drop_firstpage_...
l.507 db.
         activity_buckets.drop();] [81] [82]) [83]
\openout2 = `chapters/appendix-cross-cloud-equivalence.aux'.


(chapters/appendix-cross-cloud-equivalence.tex
Appendix A.

Underfull \hbox (badness 7796) in paragraph at lines 32--32
[]\T1/lmr/m/n/9 Glacier In-stant Re-
 []


Underfull \hbox (badness 10000) in paragraph at lines 36--36
[]\T1/lmr/m/n/9 Immutability
 []


Underfull \hbox (badness 10000) in paragraph at lines 37--38
[]\T1/lmr/m/n/9 Dual/multi-region +
 []


Underfull \hbox (badness 4060) in paragraph at lines 38--38
[]\T1/lmr/m/n/9 SSE + CMK (Key
 []


Underfull \hbox (badness 10000) in paragraph at lines 38--39
[]\T1/lmr/m/n/9 Google-managed /
 []

[84




]
Underfull \hbox (badness 10000) in paragraph at lines 65--65
[]\T1/lmr/m/n/9 Managed Post-
 []


Underfull \hbox (badness 1831) in paragraph at lines 65--65
[]\T1/lmr/m/n/9 Azure DB for Post-
 []


Underfull \hbox (badness 10000) in paragraph at lines 68--68
[]\T1/lmr/m/n/9 Aurora Global
 []


Underfull \hbox (badness 2818) in paragraph at lines 70--70
[]\T1/lmr/m/n/9 Azure Database Mi-
 []


Underfull \hbox (badness 10000) in paragraph at lines 70--71
[]\T1/lmr/m/n/9 Database Mi-gra-tion
 []


Underfull \hbox (badness 10000) in paragraph at lines 91--91
[]\T1/lmr/m/n/9 Redshift RA3 /
 []


Underfull \hbox (badness 1067) in paragraph at lines 91--92
[]\T1/lmr/m/n/9 Synapse pool / Big-
 []


Underfull \hbox (badness 10000) in paragraph at lines 92--92
[]\T1/lmr/m/n/9 Multi-cluster ware-
 []


Underfull \hbox (badness 10000) in paragraph at lines 92--93
[]\T1/lmr/m/n/9 Autoscale / on-
 []


Underfull \hbox (badness 10000) in paragraph at lines 93--93
[]\T1/lmr/m/n/9 Auto-suspend / re-
 []


Underfull \hbox (badness 1521) in paragraph at lines 93--94
[]\T1/lmr/m/n/9 Auto-pause / server-
 []


Underfull \hbox (badness 10000) in paragraph at lines 113--113
[]\T1/lmr/bx/n/9 Data lake
 []


Underfull \hbox (badness 10000) in paragraph at lines 115--115
[]\T1/lmtt/m/n/9 raw/ \T1/lmr/m/n/9 pre-fix
 []


Underfull \hbox (badness 10000) in paragraph at lines 117--118
[]\T1/lmr/m/n/9 ANALYTICS
 []

[85]
Underfull \hbox (badness 10000) in paragraph at lines 135--135
[]\T1/lmr/bx/n/9 Amazon Dy-
 []


Underfull \hbox (badness 10000) in paragraph at lines 168--168
[]\T1/lmr/m/n/9 Multi-region (syn-
 []


Underfull \hbox (badness 3568) in paragraph at lines 168--169
[]\T1/lmr/m/n/9 Zones / global
 []


Underfull \hbox (badness 10000) in paragraph at lines 169--169
[]\T1/lmr/m/n/9 External (True-
 []


Underfull \hbox (badness 10000) in paragraph at lines 169--170
[]\T1/lmr/m/n/9 Tunable
 []


Underfull \hbox (badness 10000) in paragraph at lines 169--170
\T1/lmr/m/n/9 read/write
 []

[86]
Underfull \hbox (badness 10000) in paragraph at lines 190--190
[]\T1/lmr/m/n/9 Starter / Cus-tom
 []


Underfull \hbox (badness 10000) in paragraph at lines 190--191
[]\T1/lmr/m/n/9 Synapse Spark /
 []


Underfull \hbox (badness 1102) in paragraph at lines 191--191
[]\T1/lmr/m/n/9 Glue Stu-dio / EMR
 []


Underfull \hbox (badness 10000) in paragraph at lines 192--193
[]\T1/lmr/m/n/9 Synapse server-less;
 []


Overfull \hbox (5.71754pt too wide) in paragraph at lines 198--200
\T1/lmr/bx/n/10.95 Snowflake \T1/lmr/m/n/10.95 of-fers \T1/lmr/bx/n/10.95 Snow-
park \T1/lmr/m/n/10.95 for DataFrame-style pro-cess-ing, and \T1/lmr/bx/n/10.95
 Mon-goDB \T1/lmr/m/n/10.95 in-te-grates through
 []


Underfull \hbox (badness 10000) in paragraph at lines 210--211
[]\T1/lmr/bx/n/9 Azure Synapse /
 []


Underfull \hbox (badness 7186) in paragraph at lines 213--213
[]\T1/lmr/m/n/9 Sort keys / zone
 []


Underfull \hbox (badness 1275) in paragraph at lines 214--215
[]\T1/lmr/m/n/9 Result-set cache / BI
 []


Underfull \hbox (badness 1701) in paragraph at lines 215--215
[]\T1/lmr/m/n/9 Transient / tem-po-
 []


Underfull \hbox (badness 10000) in paragraph at lines 234--234
[]\T1/lmr/m/n/9 ElastiCache (Re-
 []


Underfull \hbox (badness 10000) in paragraph at lines 234--235
[]\T1/lmr/m/n/9 Memorystore (Re-
 []


Underfull \hbox (badness 10000) in paragraph at lines 235--235
[]\T1/lmr/m/n/9 AppSync / API
 []


Underfull \hbox (badness 10000) in paragraph at lines 236--236
[]\T1/lmr/m/n/9 DataSync / Snow
 []


Underfull \hbox (badness 6047) in paragraph at lines 236--237
[]\T1/lmr/m/n/9 Transfer Ap-pli-ance /
 []


Overfull \hbox (6.30594pt too wide) in paragraph at lines 248--250
\T1/lmr/m/n/10.95 GCP's Chap-ter 4 topic---Cloud Bigtable---is a wide-column, h
igh-throughput, low-latency NoSQL
 []

[87]
Underfull \hbox (badness 10000) in paragraph at lines 257--257
[]\T1/lmr/m/n/9 DynamoDB (key-
 []


Underfull \hbox (badness 10000) in paragraph at lines 257--258
[]\T1/lmr/m/n/9 Cosmos DB (multi-
 []


Underfull \hbox (badness 5189) in paragraph at lines 258--258
[]\T1/lmr/m/n/9 Keyspaces (Cas-san-
 []


Underfull \hbox (badness 2521) in paragraph at lines 258--259
[]\T1/lmr/m/n/9 Managed In-stance for
 []


Underfull \hbox (badness 2245) in paragraph at lines 279--280
[]\T1/lmr/m/n/9 BigQuery ta-ble clone;
 []


Underfull \hbox (badness 10000) in paragraph at lines 280--280
[]\T1/lmr/m/n/9 Point-in-time re-
 []


Underfull \hbox (badness 10000) in paragraph at lines 280--280
[]\T1/lmr/m/n/9 PITR (RDS/SQL
 []


Underfull \hbox (badness 10000) in paragraph at lines 281--281
[]\T1/lmr/m/n/9 Retention safety
 []


Underfull \hbox (badness 1661) in paragraph at lines 281--282
[]\T1/lmr/m/n/9 Backups; Delta VAC-
 []


Underfull \hbox (badness 10000) in paragraph at lines 282--283
[]\T1/lmr/m/n/9 Database Mi-gra-tion
 []

) [88] (backmatter/glossary.tex [89




]
Overfull \hbox (12.405pt too wide) in paragraph at lines 61--63
[]\T1/lmr/m/n/10.95 MongoDB's rule mech-a-nism (via \T1/lmtt/m/n/10.95 jsonSche
ma \T1/lmr/m/n/10.95 in \T1/lmtt/m/n/10.95 createCollection\T1/lmr/m/n/10.95 )
 []

[90] [91]) (main.bbl [92]
Underfull \hbox (badness 1472) in paragraph at lines 61--65
[]\T1/lmr/m/n/10.95 Microsoft.  Mi-crosoft fab-ric doc-u-men-ta-tion: Data en-g
i-neer-ing.  [][]$\T1/lmtt/m/n/10.95 https : / / learn .
 []


Underfull \hbox (badness 1259) in paragraph at lines 79--85
[]\T1/lmr/m/n/10.95 MongoDB, Inc.  Mon-godb de-vel-oper cen-ter: Build-ing with
 pat-terns.  [][]$\T1/lmtt/m/n/10.95 https : / /
 []

[93

]
Underfull \hbox (badness 1009) in paragraph at lines 199--204
[]\T1/lmr/m/n/10.95 Snowflake Inc.  Snowflake doc-u-men-ta-tion: Semi-structure
d data.  [][]$\T1/lmtt/m/n/10.95 https : / / docs .
 []

) (main.ind [94] [95

] [96

]) (main.aux (chapters/chapter0-getting-started.aux)
(chapters/chapter1-wiredtiger-architecture.aux)
(chapters/chapter2-schema-design-patterns.aux)
(chapters/chapter3-relationships-antipatterns.aux)
(chapters/chapter4-relational-to-document-migration.aux)
(chapters/appendix-cross-cloud-equivalence.aux))
 ***********
LaTeX2e <2026-06-01>
L3 programming layer <2026-06-18>
 ***********
Package rerunfilecheck Info: File `main.out' has not changed.
(rerunfilecheck)             Checksum: AD18F00519D825E5DB23993373F2614A;40366.
 ) 
Here is how much of TeX's memory you used:
 44982 strings out of 467510
 1050925 string characters out of 5404906
 2213970 words of memory out of 5000000
 72040 multiletter control sequences out of 15000+600000
 735932 words of font info for 102 fonts, out of 8000000 for 9000
 1141 hyphenation exceptions out of 8191
 121i,10n,124p,1195b,2274s stack positions out of 10000i,1000n,20000p,200000b,200000s
<C:/Users/aned.esquerra/AppData/Local/Programs/MiKTeX/fonts/type1/public/lm/l
mbx10.pfb><C:/Users/aned.esquerra/AppData/Local/Programs/MiKTeX/fonts/type1/pub
lic/lm/lmbx12.pfb><C:/Users/aned.esquerra/AppData/Local/Programs/MiKTeX/fonts/t
ype1/public/lm/lmbx8.pfb><C:/Users/aned.esquerra/AppData/Local/Programs/MiKTeX/
fonts/type1/public/lm/lmbx9.pfb><C:/Users/aned.esquerra/AppData/Local/Programs/
MiKTeX/fonts/type1/public/lm/lmbxi10.pfb><C:/Users/aned.esquerra/AppData/Local/
Programs/MiKTeX/fonts/type1/public/lm/lmcsc10.pfb><C:/Users/aned.esquerra/AppDa
ta/Local/Programs/MiKTeX/fonts/type1/public/lm/lmr10.pfb><C:/Users/aned.esquerr
a/AppData/Local/Programs/MiKTeX/fonts/type1/public/lm/lmr12.pfb><C:/Users/aned.
esquerra/AppData/Local/Programs/MiKTeX/fonts/type1/public/lm/lmr6.pfb><C:/Users
/aned.esquerra/AppData/Local/Programs/MiKTeX/fonts/type1/public/lm/lmr8.pfb><C:
/Users/aned.esquerra/AppData/Local/Programs/MiKTeX/fonts/type1/public/lm/lmr9.p
fb><C:/Users/aned.esquerra/AppData/Local/Programs/MiKTeX/fonts/type1/public/lm/
lmri10.pfb><C:/Users/aned.esquerra/AppData/Local/Programs/MiKTeX/fonts/type1/pu
blic/lm/lmri12.pfb><C:/Users/aned.esquerra/AppData/Local/Programs/MiKTeX/fonts/
type1/public/lm/lmro10.pfb><C:/Users/aned.esquerra/AppData/Local/Programs/MiKTe
X/fonts/type1/public/lm/lmtk10.pfb><C:/Users/aned.esquerra/AppData/Local/Progra
ms/MiKTeX/fonts/type1/public/lm/lmtt10.pfb><C:/Users/aned.esquerra/AppData/Loca
l/Programs/MiKTeX/fonts/type1/public/lm/lmtt9.pfb>
Output written on main.pdf (105 pages, 1215222 bytes).
PDF statistics:
 3110 PDF objects out of 3580 (max. 8388607)
 1452 named destinations out of 1728 (max. 500000)
 1437 words of extra memory for PDF output out of 10000 (max. 10000000)

