\BOOKMARK [0][]{chapter.0}{\376\377\0000\000\040\000G\000e\000t\000t\000i\000n\000g\000\040\000S\000t\000a\000r\000t\000e\000d\000:\000\040\000Y\000o\000u\000r\000\040\000S\000n\000o\000w\000f\000l\000a\000k\000e\000\040\000F\000r\000e\000e\000\040\000T\000r\000i\000a\000l\000\040\000a\000n\000d\000\040\000E\000n\000v\000i\000r\000o\000n\000m\000e\000n\000t}{}% 1
\BOOKMARK [1][]{section.0.1}{\376\377\0000\000.\0001\000\040\000W\000h\000y\000\040\000C\000h\000a\000p\000t\000e\000r\000\040\0000\000\040\000E\000x\000i\000s\000t\000s}{chapter.0}% 2
\BOOKMARK [1][]{section.0.2}{\376\377\0000\000.\0002\000\040\000C\000r\000e\000a\000t\000i\000n\000g\000\040\000a\000\040\000S\000n\000o\000w\000f\000l\000a\000k\000e\000\040\000F\000r\000e\000e\000\040\000T\000r\000i\000a\000l}{chapter.0}% 3
\BOOKMARK [2][]{subsection.0.2.1}{\376\377\0000\000.\0002\000.\0001\000\040\000S\000i\000g\000n\000-\000U\000p\000\040\000F\000i\000e\000l\000d\000s}{section.0.2}% 4
\BOOKMARK [2][]{subsection.0.2.2}{\376\377\0000\000.\0002\000.\0002\000\040\000U\000n\000d\000e\000r\000s\000t\000a\000n\000d\000i\000n\000g\000\040\000t\000h\000e\000\040\000A\000c\000c\000o\000u\000n\000t\000\040\000U\000R\000L\000\040\000a\000n\000d\000\040\000I\000d\000e\000n\000t\000i\000f\000i\000e\000r}{section.0.2}% 5
\BOOKMARK [1][]{section.0.3}{\376\377\0000\000.\0003\000\040\000S\000n\000o\000w\000s\000i\000g\000h\000t\000\040\000O\000r\000i\000e\000n\000t\000a\000t\000i\000o\000n}{chapter.0}% 6
\BOOKMARK [2][]{subsection.0.3.1}{\376\377\0000\000.\0003\000.\0001\000\040\000T\000h\000e\000\040\000H\000o\000m\000e\000\040\000a\000n\000d\000\040\000N\000a\000v\000i\000g\000a\000t\000i\000o\000n\000\040\000A\000r\000e\000a\000s}{section.0.3}% 7
\BOOKMARK [2][]{subsection.0.3.2}{\376\377\0000\000.\0003\000.\0002\000\040\000S\000w\000i\000t\000c\000h\000i\000n\000g\000\040\000R\000o\000l\000e\000s}{section.0.3}% 8
\BOOKMARK [1][]{section.0.4}{\376\377\0000\000.\0004\000\040\000S\000e\000c\000u\000r\000i\000t\000y\000\040\000a\000n\000d\000\040\000R\000o\000l\000e\000s}{chapter.0}% 9
\BOOKMARK [2][]{subsection.0.4.1}{\376\377\0000\000.\0004\000.\0001\000\040\000E\000n\000a\000b\000l\000e\000\040\000M\000F\000A\000\040\000o\000n\000\040\000t\000h\000e\000\040\000A\000d\000m\000i\000n\000i\000s\000t\000r\000a\000t\000o\000r}{section.0.4}% 10
\BOOKMARK [2][]{subsection.0.4.2}{\376\377\0000\000.\0004\000.\0002\000\040\000C\000r\000e\000a\000t\000e\000\040\000a\000\040\000L\000e\000a\000s\000t\000-\000P\000r\000i\000v\000i\000l\000e\000g\000e\000\040\000L\000a\000b\000\040\000R\000o\000l\000e\000\040\000a\000n\000d\000\040\000U\000s\000e\000r}{section.0.4}% 11
\BOOKMARK [1][]{section.0.5}{\376\377\0000\000.\0005\000\040\000C\000o\000m\000p\000u\000t\000e\000\040\000a\000n\000d\000\040\000T\000o\000o\000l\000i\000n\000g}{chapter.0}% 12
\BOOKMARK [2][]{subsection.0.5.1}{\376\377\0000\000.\0005\000.\0001\000\040\000W\000a\000r\000e\000h\000o\000u\000s\000e\000\040\000D\000e\000f\000a\000u\000l\000t\000s}{section.0.5}% 13
\BOOKMARK [2][]{subsection.0.5.2}{\376\377\0000\000.\0005\000.\0002\000\040\000I\000n\000s\000t\000a\000l\000l\000i\000n\000g\000\040\000S\000n\000o\000w\000S\000Q\000L\000\040\000o\000n\000\040\000W\000i\000n\000d\000o\000w\000s}{section.0.5}% 14
\BOOKMARK [2][]{subsection.0.5.3}{\376\377\0000\000.\0005\000.\0003\000\040\000P\000y\000t\000h\000o\000n\000\040\000C\000o\000n\000n\000e\000c\000t\000o\000r\000\040\000f\000r\000o\000m\000\040\000P\000o\000w\000e\000r\000S\000h\000e\000l\000l}{section.0.5}% 15
\BOOKMARK [1][]{section.0.6}{\376\377\0000\000.\0006\000\040\000C\000o\000s\000t\000\040\000G\000u\000a\000r\000d\000r\000a\000i\000l\000s\000\040\000f\000o\000r\000\040\000a\000\040\000C\000r\000e\000d\000i\000t\000\040\000T\000r\000i\000a\000l}{chapter.0}% 16
\BOOKMARK [2][]{subsection.0.6.1}{\376\377\0000\000.\0006\000.\0001\000\040\000C\000r\000e\000d\000i\000t\000\040\000H\000a\000b\000i\000t\000s}{section.0.6}% 17
\BOOKMARK [2][]{subsection.0.6.2}{\376\377\0000\000.\0006\000.\0002\000\040\000C\000r\000e\000a\000t\000e\000\040\000a\000\040\000R\000e\000s\000o\000u\000r\000c\000e\000\040\000M\000o\000n\000i\000t\000o\000r}{section.0.6}% 18
\BOOKMARK [2][]{subsection.0.6.3}{\376\377\0000\000.\0006\000.\0003\000\040\000M\000o\000n\000i\000t\000o\000r\000\040\000U\000s\000a\000g\000e\000\040\000i\000n\000\040\000S\000n\000o\000w\000s\000i\000g\000h\000t}{section.0.6}% 19
\BOOKMARK [1][]{section.0.7}{\376\377\0000\000.\0007\000\040\000S\000e\000t\000u\000p\000\040\000F\000l\000o\000w}{chapter.0}% 20
\BOOKMARK [1][]{section.0.8}{\376\377\0000\000.\0008\000\040\000V\000e\000r\000i\000f\000y\000\040\000t\000h\000e\000\040\000S\000e\000t\000u\000p}{chapter.0}% 21
\BOOKMARK [2][]{subsection.0.8.1}{\376\377\0000\000.\0008\000.\0001\000\040\000C\000o\000n\000t\000e\000x\000t\000\040\000C\000h\000e\000c\000k}{section.0.8}% 22
\BOOKMARK [2][]{subsection.0.8.2}{\376\377\0000\000.\0008\000.\0002\000\040\000C\000r\000e\000a\000t\000e\000,\000\040\000Q\000u\000e\000r\000y\000,\000\040\000a\000n\000d\000\040\000D\000r\000o\000p\000\040\000a\000\040\000T\000i\000n\000y\000\040\000T\000a\000b\000l\000e}{section.0.8}% 23
\BOOKMARK [1][]{section.0.9}{\376\377\0000\000.\0009\000\040\000T\000r\000o\000u\000b\000l\000e\000s\000h\000o\000o\000t\000i\000n\000g\000\040\000F\000i\000r\000s\000t\000-\000R\000u\000n\000\040\000P\000r\000o\000b\000l\000e\000m\000s}{chapter.0}% 24
\BOOKMARK [2][]{subsection.0.9.1}{\376\377\0000\000.\0009\000.\0001\000\040\000R\000o\000l\000e\000\040\000o\000r\000\040\000P\000r\000i\000v\000i\000l\000e\000g\000e\000\040\000E\000r\000r\000o\000r\000s}{section.0.9}% 25
\BOOKMARK [2][]{subsection.0.9.2}{\376\377\0000\000.\0009\000.\0002\000\040\000W\000a\000r\000e\000h\000o\000u\000s\000e\000\040\000I\000s\000\040\000N\000o\000t\000\040\000R\000u\000n\000n\000i\000n\000g}{section.0.9}% 26
\BOOKMARK [2][]{subsection.0.9.3}{\376\377\0000\000.\0009\000.\0003\000\040\000P\000y\000t\000h\000o\000n\000\040\000C\000a\000n\000n\000o\000t\000\040\000C\000o\000n\000n\000e\000c\000t}{section.0.9}% 27
\BOOKMARK [1][]{section.0.10}{\376\377\0000\000.\0001\0000\000\040\000F\000u\000r\000t\000h\000e\000r\000\040\000R\000e\000a\000d\000i\000n\000g}{chapter.0}% 28
\BOOKMARK [1][]{section.0.11}{\376\377\0000\000.\0001\0001\000\040\000E\000x\000e\000r\000c\000i\000s\000e\000s}{chapter.0}% 29
\BOOKMARK [-1][]{part.1}{\376\377\000I\000\040\000A\000r\000c\000h\000i\000t\000e\000c\000t\000u\000r\000e\000,\000\040\000W\000a\000r\000e\000h\000o\000u\000s\000e\000s\000,\000\040\000a\000n\000d\000\040\000S\000t\000o\000r\000a\000g\000e\000\040\000E\000n\000g\000i\000n\000e}{}% 30
\BOOKMARK [0][]{chapter.1}{\376\377\0001\000\040\000T\000h\000e\000\040\000M\000u\000l\000t\000i\000-\000C\000l\000u\000s\000t\000e\000r\000\040\000S\000h\000a\000r\000e\000d\000\040\000D\000a\000t\000a\000\040\000A\000r\000c\000h\000i\000t\000e\000c\000t\000u\000r\000e\000\040\000a\000n\000d\000\040\000S\000t\000o\000r\000a\000g\000e\000\040\000E\000n\000g\000i\000n\000e}{part.1}% 31
\BOOKMARK [1][]{section.1.1}{\376\377\0001\000.\0001\000\040\000W\000e\000e\000k\000\040\0001\000\040\000R\000o\000a\000d\000m\000a\000p}{chapter.1}% 32
\BOOKMARK [1][]{section.1.2}{\376\377\0001\000.\0002\000\040\000M\000o\000n\000d\000a\000y\000:\000\040\000S\000n\000o\000w\000f\000l\000a\000k\000e\000'\000s\000\040\000T\000h\000r\000e\000e\000-\000L\000a\000y\000e\000r\000\040\000A\000r\000c\000h\000i\000t\000e\000c\000t\000u\000r\000e}{chapter.1}% 33
\BOOKMARK [2][]{subsection.1.2.1}{\376\377\0001\000.\0002\000.\0001\000\040\000W\000h\000y\000\040\000S\000e\000p\000a\000r\000a\000t\000i\000o\000n\000\040\000o\000f\000\040\000S\000t\000o\000r\000a\000g\000e\000\040\000a\000n\000d\000\040\000C\000o\000m\000p\000u\000t\000e\000\040\000M\000a\000t\000t\000e\000r\000s}{section.1.2}% 34
\BOOKMARK [2][]{subsection.1.2.2}{\376\377\0001\000.\0002\000.\0002\000\040\000S\000h\000a\000r\000e\000d\000-\000D\000i\000s\000k\000,\000\040\000S\000h\000a\000r\000e\000d\000-\000N\000o\000t\000h\000i\000n\000g\000,\000\040\000a\000n\000d\000\040\000S\000h\000a\000r\000e\000d\000-\000D\000a\000t\000a}{section.1.2}% 35
\BOOKMARK [1][]{section.1.3}{\376\377\0001\000.\0003\000\040\000T\000u\000e\000s\000d\000a\000y\000:\000\040\000M\000i\000c\000r\000o\000-\000P\000a\000r\000t\000i\000t\000i\000o\000n\000s\000,\000\040\000M\000e\000t\000a\000d\000a\000t\000a\000,\000\040\000a\000n\000d\000\040\000P\000r\000u\000n\000i\000n\000g}{chapter.1}% 36
\BOOKMARK [2][]{subsection.1.3.1}{\376\377\0001\000.\0003\000.\0001\000\040\000A\000u\000t\000o\000m\000a\000t\000i\000c\000\040\000P\000a\000r\000t\000i\000t\000i\000o\000n\000i\000n\000g}{section.1.3}% 37
\BOOKMARK [2][]{subsection.1.3.2}{\376\377\0001\000.\0003\000.\0002\000\040\000P\000e\000r\000-\000C\000o\000l\000u\000m\000n\000\040\000M\000e\000t\000a\000d\000a\000t\000a}{section.1.3}% 38
\BOOKMARK [2][]{subsection.1.3.3}{\376\377\0001\000.\0003\000.\0003\000\040\000C\000l\000u\000s\000t\000e\000r\000i\000n\000g\000\040\000K\000e\000y\000s\000\040\000a\000n\000d\000\040\000C\000l\000u\000s\000t\000e\000r\000i\000n\000g\000\040\000D\000e\000p\000t\000h}{section.1.3}% 39
\BOOKMARK [1][]{section.1.4}{\376\377\0001\000.\0004\000\040\000W\000e\000d\000n\000e\000s\000d\000a\000y\000:\000\040\000D\000a\000t\000a\000\040\000T\000y\000p\000e\000s\000,\000\040\000C\000o\000m\000p\000r\000e\000s\000s\000i\000o\000n\000,\000\040\000a\000n\000d\000\040\000A\000u\000t\000o\000m\000a\000t\000i\000c\000\040\000C\000l\000u\000s\000t\000e\000r\000i\000n\000g}{chapter.1}% 40
\BOOKMARK [2][]{subsection.1.4.1}{\376\377\0001\000.\0004\000.\0001\000\040\000C\000h\000o\000o\000s\000i\000n\000g\000\040\000D\000a\000t\000a\000\040\000T\000y\000p\000e\000s\000\040\000f\000o\000r\000\040\000P\000r\000u\000n\000i\000n\000g\000\040\000a\000n\000d\000\040\000C\000o\000m\000p\000r\000e\000s\000s\000i\000o\000n}{section.1.4}% 41
\BOOKMARK [2][]{subsection.1.4.2}{\376\377\0001\000.\0004\000.\0002\000\040\000S\000t\000o\000r\000a\000g\000e\000\040\000O\000p\000t\000i\000m\000i\000z\000a\000t\000i\000o\000n\000\040\000a\000n\000d\000\040\000C\000o\000m\000p\000r\000e\000s\000s\000i\000o\000n}{section.1.4}% 42
\BOOKMARK [2][]{subsection.1.4.3}{\376\377\0001\000.\0004\000.\0003\000\040\000A\000u\000t\000o\000m\000a\000t\000i\000c\000\040\000C\000l\000u\000s\000t\000e\000r\000i\000n\000g\000\040\000M\000e\000c\000h\000a\000n\000i\000c\000s}{section.1.4}% 43
\BOOKMARK [1][]{section.1.5}{\376\377\0001\000.\0005\000\040\000T\000h\000u\000r\000s\000d\000a\000y\000\040\000H\000a\000n\000d\000s\000-\000O\000n\000\040\000P\000r\000o\000j\000e\000c\000t\000:\000\040\000B\000u\000i\000l\000d\000\040\000a\000n\000d\000\040\000I\000n\000s\000p\000e\000c\000t\000\040\000a\000\040\0001\0000\000-\000M\000i\000l\000l\000i\000o\000n\000-\000R\000o\000w\000\040\000T\000a\000b\000l\000e}{chapter.1}% 44
\BOOKMARK [2][]{subsection.1.5.1}{\376\377\0001\000.\0005\000.\0001\000\040\000P\000y\000t\000h\000o\000n\000\040\000C\000o\000n\000n\000e\000c\000t\000o\000r\000\040\000I\000n\000s\000p\000e\000c\000t\000i\000o\000n}{section.1.5}% 45
\BOOKMARK [2][]{subsection.1.5.2}{\376\377\0001\000.\0005\000.\0002\000\040\000W\000h\000a\000t\000\040\000t\000o\000\040\000O\000b\000s\000e\000r\000v\000e\000\040\000i\000n\000\040\000t\000h\000e\000\040\000Q\000u\000e\000r\000y\000\040\000P\000r\000o\000f\000i\000l\000e}{section.1.5}% 46
\BOOKMARK [1][]{section.1.6}{\376\377\0001\000.\0006\000\040\000F\000r\000i\000d\000a\000y\000\040\000U\000s\000e\000\040\000C\000a\000s\000e\000:\000\040\000G\000l\000o\000b\000a\000l\000\040\000T\000e\000l\000e\000c\000o\000m\000\040\000C\000D\000R\000\040\000S\000t\000o\000r\000a\000g\000e\000\040\000A\000r\000c\000h\000i\000t\000e\000c\000t\000u\000r\000e}{chapter.1}% 47
\BOOKMARK [2][]{subsection.1.6.1}{\376\377\0001\000.\0006\000.\0001\000\040\000W\000o\000r\000k\000l\000o\000a\000d\000\040\000R\000e\000q\000u\000i\000r\000e\000m\000e\000n\000t\000s}{section.1.6}% 48
\BOOKMARK [2][]{subsection.1.6.2}{\376\377\0001\000.\0006\000.\0002\000\040\000P\000r\000o\000p\000o\000s\000e\000d\000\040\000S\000t\000o\000r\000a\000g\000e\000\040\000S\000t\000r\000u\000c\000t\000u\000r\000e}{section.1.6}% 49
\BOOKMARK [2][]{subsection.1.6.3}{\376\377\0001\000.\0006\000.\0003\000\040\000B\000a\000l\000a\000n\000c\000i\000n\000g\000\040\000A\000u\000t\000o\000-\000C\000l\000u\000s\000t\000e\000r\000i\000n\000g\000\040\000C\000o\000s\000t\000\040\000A\000g\000a\000i\000n\000s\000t\000\040\000Q\000u\000e\000r\000y\000\040\000S\000p\000e\000e\000d}{section.1.6}% 50
\BOOKMARK [2][]{subsection.1.6.4}{\376\377\0001\000.\0006\000.\0004\000\040\000R\000e\000f\000e\000r\000e\000n\000c\000e\000\040\000A\000r\000c\000h\000i\000t\000e\000c\000t\000u\000r\000e}{section.1.6}% 51
\BOOKMARK [2][]{subsection.1.6.5}{\376\377\0001\000.\0006\000.\0005\000\040\000O\000p\000e\000r\000a\000t\000i\000o\000n\000a\000l\000\040\000C\000o\000n\000t\000r\000o\000l\000s}{section.1.6}% 52
\BOOKMARK [1][]{section.1.7}{\376\377\0001\000.\0007\000\040\000I\000n\000t\000e\000r\000v\000i\000e\000w\000\040\000Q\000\046\000A}{chapter.1}% 53
\BOOKMARK [2][]{subsection.1.7.1}{\376\377\0001\000.\0007\000.\0001\000\040\000A\000r\000c\000h\000i\000t\000e\000c\000t\000u\000r\000e\000\040\000a\000n\000d\000\040\000S\000t\000o\000r\000a\000g\000e}{section.1.7}% 54
\BOOKMARK [1][]{section.1.8}{\376\377\0001\000.\0008\000\040\000F\000u\000r\000t\000h\000e\000r\000\040\000R\000e\000a\000d\000i\000n\000g}{chapter.1}% 55
\BOOKMARK [1][]{section.1.9}{\376\377\0001\000.\0009\000\040\000E\000x\000e\000r\000c\000i\000s\000e\000s}{chapter.1}% 56
\BOOKMARK [1][]{section.1.10}{\376\377\0001\000.\0001\0000\000\040\000C\000a\000p\000s\000t\000o\000n\000e\000\040\000P\000r\000o\000j\000e\000c\000t\000:\000\040\000C\000D\000R\000\040\000S\000t\000o\000r\000a\000g\000e\000\040\000a\000n\000d\000\040\000M\000i\000c\000r\000o\000-\000P\000a\000r\000t\000i\000t\000i\000o\000n\000\040\000C\000l\000u\000s\000t\000e\000r\000i\000n\000g\000\040\000O\000p\000t\000i\000m\000i\000z\000a\000t\000i\000o\000n}{chapter.1}% 57
\BOOKMARK [0][]{chapter.2}{\376\377\0002\000\040\000V\000i\000r\000t\000u\000a\000l\000\040\000W\000a\000r\000e\000h\000o\000u\000s\000e\000s\000\040\000a\000n\000d\000\040\000C\000o\000m\000p\000u\000t\000e\000\040\000S\000c\000a\000l\000i\000n\000g}{part.1}% 58
\BOOKMARK [1][]{section.2.1}{\376\377\0002\000.\0001\000\040\000W\000e\000e\000k\000\040\0002\000\040\000R\000o\000a\000d\000m\000a\000p}{chapter.2}% 59
\BOOKMARK [1][]{section.2.2}{\376\377\0002\000.\0002\000\040\000M\000o\000n\000d\000a\000y\000:\000\040\000V\000i\000r\000t\000u\000a\000l\000\040\000W\000a\000r\000e\000h\000o\000u\000s\000e\000\040\000S\000i\000z\000i\000n\000g\000,\000\040\000C\000r\000e\000d\000i\000t\000s\000,\000\040\000a\000n\000d\000\040\000C\000a\000c\000h\000e}{chapter.2}% 60
\BOOKMARK [2][]{subsection.2.2.1}{\376\377\0002\000.\0002\000.\0001\000\040\000C\000r\000e\000d\000i\000t\000\040\000C\000o\000n\000s\000u\000m\000p\000t\000i\000o\000n\000\040\000a\000n\000d\000\040\000t\000h\000e\000\040\000D\000o\000u\000b\000l\000i\000n\000g\000\040\000R\000u\000l\000e}{section.2.2}% 61
\BOOKMARK [2][]{subsection.2.2.2}{\376\377\0002\000.\0002\000.\0002\000\040\000L\000o\000c\000a\000l\000\040\000S\000S\000D\000\040\000C\000a\000c\000h\000e\000\040\000a\000n\000d\000\040\000R\000e\000s\000u\000l\000t\000\040\000C\000a\000c\000h\000e}{section.2.2}% 62
\BOOKMARK [1][]{section.2.3}{\376\377\0002\000.\0003\000\040\000T\000u\000e\000s\000d\000a\000y\000:\000\040\000A\000u\000t\000o\000-\000S\000u\000s\000p\000e\000n\000d\000,\000\040\000A\000u\000t\000o\000-\000R\000e\000s\000u\000m\000e\000,\000\040\000a\000n\000d\000\040\000S\000t\000a\000t\000e\000\040\000M\000a\000n\000a\000g\000e\000m\000e\000n\000t}{chapter.2}% 63
\BOOKMARK [2][]{subsection.2.3.1}{\376\377\0002\000.\0003\000.\0001\000\040\000W\000a\000r\000e\000h\000o\000u\000s\000e\000\040\000S\000t\000a\000t\000e\000\040\000C\000o\000m\000m\000a\000n\000d\000s}{section.2.3}% 64
\BOOKMARK [2][]{subsection.2.3.2}{\376\377\0002\000.\0003\000.\0002\000\040\000O\000p\000e\000r\000a\000t\000i\000o\000n\000a\000l\000\040\000G\000u\000a\000r\000d\000r\000a\000i\000l\000s}{section.2.3}% 65
\BOOKMARK [1][]{section.2.4}{\376\377\0002\000.\0004\000\040\000W\000e\000d\000n\000e\000s\000d\000a\000y\000:\000\040\000M\000u\000l\000t\000i\000-\000C\000l\000u\000s\000t\000e\000r\000\040\000W\000a\000r\000e\000h\000o\000u\000s\000e\000s\000\040\000a\000n\000d\000\040\000S\000c\000a\000l\000i\000n\000g\000\040\000P\000o\000l\000i\000c\000i\000e\000s}{chapter.2}% 66
\BOOKMARK [2][]{subsection.2.4.1}{\376\377\0002\000.\0004\000.\0001\000\040\000S\000t\000a\000n\000d\000a\000r\000d\000\040\000v\000s\000.\000\040\000E\000c\000o\000n\000o\000m\000y\000\040\000S\000c\000a\000l\000i\000n\000g}{section.2.4}% 67
\BOOKMARK [1][]{section.2.5}{\376\377\0002\000.\0005\000\040\000T\000h\000u\000r\000s\000d\000a\000y\000\040\000H\000a\000n\000d\000s\000-\000O\000n\000\040\000P\000r\000o\000j\000e\000c\000t\000:\000\040\000C\000o\000n\000f\000i\000g\000u\000r\000e\000\040\000M\000u\000l\000t\000i\000-\000C\000l\000u\000s\000t\000e\000r\000\040\000A\000u\000t\000o\000-\000S\000c\000a\000l\000i\000n\000g}{chapter.2}% 68
\BOOKMARK [2][]{subsection.2.5.1}{\376\377\0002\000.\0005\000.\0001\000\040\000W\000h\000a\000t\000\040\000t\000o\000\040\000O\000b\000s\000e\000r\000v\000e\000\040\000i\000n\000\040\000S\000n\000o\000w\000s\000i\000g\000h\000t}{section.2.5}% 69
\BOOKMARK [1][]{section.2.6}{\376\377\0002\000.\0006\000\040\000F\000r\000i\000d\000a\000y\000\040\000U\000s\000e\000\040\000C\000a\000s\000e\000:\000\040\000E\000n\000t\000e\000r\000p\000r\000i\000s\000e\000\040\000C\000o\000m\000p\000u\000t\000e\000\040\000I\000s\000o\000l\000a\000t\000i\000o\000n\000\040\000W\000i\000t\000h\000o\000u\000t\000\040\000C\000o\000n\000t\000e\000n\000t\000i\000o\000n}{chapter.2}% 70
\BOOKMARK [2][]{subsection.2.6.1}{\376\377\0002\000.\0006\000.\0001\000\040\000I\000s\000o\000l\000a\000t\000i\000o\000n\000\040\000S\000t\000r\000a\000t\000e\000g\000y}{section.2.6}% 71
\BOOKMARK [2][]{subsection.2.6.2}{\376\377\0002\000.\0006\000.\0002\000\040\000C\000o\000s\000t\000\040\000a\000n\000d\000\040\000P\000e\000r\000f\000o\000r\000m\000a\000n\000c\000e\000\040\000T\000r\000a\000d\000e\000-\000O\000f\000f\000s}{section.2.6}% 72
\BOOKMARK [1][]{section.2.7}{\376\377\0002\000.\0007\000\040\000I\000n\000t\000e\000r\000v\000i\000e\000w\000\040\000Q\000\046\000A}{chapter.2}% 73
\BOOKMARK [2][]{subsection.2.7.1}{\376\377\0002\000.\0007\000.\0001\000\040\000V\000i\000r\000t\000u\000a\000l\000\040\000W\000a\000r\000e\000h\000o\000u\000s\000e\000s\000\040\000a\000n\000d\000\040\000S\000c\000a\000l\000i\000n\000g}{section.2.7}% 74
\BOOKMARK [1][]{section.2.8}{\376\377\0002\000.\0008\000\040\000F\000u\000r\000t\000h\000e\000r\000\040\000R\000e\000a\000d\000i\000n\000g}{chapter.2}% 75
\BOOKMARK [1][]{section.2.9}{\376\377\0002\000.\0009\000\040\000E\000x\000e\000r\000c\000i\000s\000e\000s}{chapter.2}% 76
\BOOKMARK [1][]{section.2.10}{\376\377\0002\000.\0001\0000\000\040\000C\000a\000p\000s\000t\000o\000n\000e\000\040\000P\000r\000o\000j\000e\000c\000t\000:\000\040\000W\000o\000r\000k\000l\000o\000a\000d\000-\000I\000s\000o\000l\000a\000t\000e\000d\000\040\000M\000u\000l\000t\000i\000-\000W\000a\000r\000e\000h\000o\000u\000s\000e\000\040\000C\000o\000m\000p\000u\000t\000e\000\040\000P\000l\000a\000t\000f\000o\000r\000m}{chapter.2}% 77
\BOOKMARK [0][]{chapter.3}{\376\377\0003\000\040\000T\000a\000b\000l\000e\000s\000,\000\040\000V\000i\000e\000w\000s\000,\000\040\000M\000a\000t\000e\000r\000i\000a\000l\000i\000z\000e\000d\000\040\000V\000i\000e\000w\000s\000,\000\040\000a\000n\000d\000\040\000S\000e\000a\000r\000c\000h\000\040\000O\000p\000t\000i\000m\000i\000z\000a\000t\000i\000o\000n}{part.1}% 78
\BOOKMARK [1][]{section.3.1}{\376\377\0003\000.\0001\000\040\000W\000e\000e\000k\000\040\0003\000\040\000R\000o\000a\000d\000m\000a\000p}{chapter.3}% 79
\BOOKMARK [1][]{section.3.2}{\376\377\0003\000.\0002\000\040\000M\000o\000n\000d\000a\000y\000:\000\040\000P\000e\000r\000m\000a\000n\000e\000n\000t\000,\000\040\000T\000r\000a\000n\000s\000i\000e\000n\000t\000,\000\040\000a\000n\000d\000\040\000T\000e\000m\000p\000o\000r\000a\000r\000y\000\040\000T\000a\000b\000l\000e\000s}{chapter.3}% 80
\BOOKMARK [2][]{subsection.3.2.1}{\376\377\0003\000.\0002\000.\0001\000\040\000R\000e\000t\000e\000n\000t\000i\000o\000n\000,\000\040\000C\000l\000o\000n\000i\000n\000g\000,\000\040\000a\000n\000d\000\040\000S\000t\000a\000g\000i\000n\000g\000\040\000D\000e\000s\000i\000g\000n}{section.3.2}% 81
\BOOKMARK [1][]{section.3.3}{\376\377\0003\000.\0003\000\040\000T\000u\000e\000s\000d\000a\000y\000:\000\040\000S\000t\000a\000n\000d\000a\000r\000d\000\040\000V\000i\000e\000w\000s\000,\000\040\000S\000e\000c\000u\000r\000e\000\040\000V\000i\000e\000w\000s\000,\000\040\000a\000n\000d\000\040\000M\000a\000t\000e\000r\000i\000a\000l\000i\000z\000e\000d\000\040\000V\000i\000e\000w\000s}{chapter.3}% 82
\BOOKMARK [2][]{subsection.3.3.1}{\376\377\0003\000.\0003\000.\0001\000\040\000M\000a\000i\000n\000t\000e\000n\000a\000n\000c\000e\000\040\000O\000v\000e\000r\000h\000e\000a\000d\000\040\000V\000e\000r\000s\000u\000s\000\040\000Q\000u\000e\000r\000y\000\040\000S\000p\000e\000e\000d}{section.3.3}% 83
\BOOKMARK [1][]{section.3.4}{\376\377\0003\000.\0004\000\040\000W\000e\000d\000n\000e\000s\000d\000a\000y\000:\000\040\000S\000e\000a\000r\000c\000h\000\040\000O\000p\000t\000i\000m\000i\000z\000a\000t\000i\000o\000n\000\040\000S\000e\000r\000v\000i\000c\000e\000\040\000f\000o\000r\000\040\000P\000o\000i\000n\000t\000\040\000L\000o\000o\000k\000u\000p\000s}{chapter.3}% 84
\BOOKMARK [2][]{subsection.3.4.1}{\376\377\0003\000.\0004\000.\0001\000\040\000W\000h\000e\000n\000\040\000S\000O\000S\000\040\000I\000s\000\040\000a\000\040\000P\000o\000o\000r\000\040\000F\000i\000t}{section.3.4}% 85
\BOOKMARK [1][]{section.3.5}{\376\377\0003\000.\0005\000\040\000T\000h\000u\000r\000s\000d\000a\000y\000\040\000H\000a\000n\000d\000s\000-\000O\000n\000\040\000P\000r\000o\000j\000e\000c\000t\000:\000\040\000S\000t\000a\000g\000i\000n\000g\000\040\000T\000a\000b\000l\000e\000s\000,\000\040\000M\000a\000t\000e\000r\000i\000a\000l\000i\000z\000e\000d\000\040\000V\000i\000e\000w\000s\000,\000\040\000a\000n\000d\000\040\000S\000e\000a\000r\000c\000h\000\040\000O\000p\000t\000i\000m\000i\000z\000a\000t\000i\000o\000n}{chapter.3}% 86
\BOOKMARK [2][]{subsection.3.5.1}{\376\377\0003\000.\0005\000.\0001\000\040\000M\000e\000a\000s\000u\000r\000e\000m\000e\000n\000t\000\040\000C\000h\000e\000c\000k\000l\000i\000s\000t}{section.3.5}% 87
\BOOKMARK [1][]{section.3.6}{\376\377\0003\000.\0006\000\040\000F\000r\000i\000d\000a\000y\000\040\000U\000s\000e\000\040\000C\000a\000s\000e\000:\000\040\000C\000o\000s\000t\000\040\000V\000e\000r\000s\000u\000s\000\040\000P\000e\000r\000f\000o\000r\000m\000a\000n\000c\000e\000\040\000i\000n\000\040\000a\000n\000\040\000E\000-\000C\000o\000m\000m\000e\000r\000c\000e\000\040\000A\000n\000a\000l\000y\000t\000i\000c\000s\000\040\000L\000a\000y\000e\000r}{chapter.3}% 88
\BOOKMARK [2][]{subsection.3.6.1}{\376\377\0003\000.\0006\000.\0001\000\040\000D\000e\000c\000i\000s\000i\000o\000n\000\040\000F\000r\000a\000m\000e\000w\000o\000r\000k}{section.3.6}% 89
\BOOKMARK [2][]{subsection.3.6.2}{\376\377\0003\000.\0006\000.\0002\000\040\000C\000o\000s\000t\000\040\000R\000e\000v\000i\000e\000w\000\040\000Q\000u\000e\000s\000t\000i\000o\000n\000s}{section.3.6}% 90
\BOOKMARK [1][]{section.3.7}{\376\377\0003\000.\0007\000\040\000I\000n\000t\000e\000r\000v\000i\000e\000w\000\040\000Q\000\046\000A}{chapter.3}% 91
\BOOKMARK [2][]{subsection.3.7.1}{\376\377\0003\000.\0007\000.\0001\000\040\000T\000a\000b\000l\000e\000s\000,\000\040\000V\000i\000e\000w\000s\000,\000\040\000a\000n\000d\000\040\000S\000e\000a\000r\000c\000h\000\040\000O\000p\000t\000i\000m\000i\000z\000a\000t\000i\000o\000n}{section.3.7}% 92
\BOOKMARK [1][]{section.3.8}{\376\377\0003\000.\0008\000\040\000F\000u\000r\000t\000h\000e\000r\000\040\000R\000e\000a\000d\000i\000n\000g}{chapter.3}% 93
\BOOKMARK [1][]{section.3.9}{\376\377\0003\000.\0009\000\040\000E\000x\000e\000r\000c\000i\000s\000e\000s}{chapter.3}% 94
\BOOKMARK [1][]{section.3.10}{\376\377\0003\000.\0001\0000\000\040\000C\000a\000p\000s\000t\000o\000n\000e\000\040\000P\000r\000o\000j\000e\000c\000t\000:\000\040\000E\000-\000C\000o\000m\000m\000e\000r\000c\000e\000\040\000A\000n\000a\000l\000y\000t\000i\000c\000s\000\040\000A\000c\000c\000e\000l\000e\000r\000a\000t\000i\000o\000n\000\040\000S\000t\000r\000a\000t\000e\000g\000y}{chapter.3}% 95
\BOOKMARK [0][]{chapter.4}{\376\377\0004\000\040\000Z\000e\000r\000o\000-\000C\000o\000p\000y\000\040\000C\000l\000o\000n\000i\000n\000g\000,\000\040\000T\000i\000m\000e\000\040\000T\000r\000a\000v\000e\000l\000,\000\040\000a\000n\000d\000\040\000F\000a\000i\000l\000-\000S\000a\000f\000e}{part.1}% 96
\BOOKMARK [1][]{section.4.1}{\376\377\0004\000.\0001\000\040\000W\000e\000e\000k\000\040\0004\000\040\000R\000o\000a\000d\000m\000a\000p}{chapter.4}% 97
\BOOKMARK [1][]{section.4.2}{\376\377\0004\000.\0002\000\040\000M\000o\000n\000d\000a\000y\000:\000\040\000T\000i\000m\000e\000\040\000T\000r\000a\000v\000e\000l\000\040\000M\000e\000c\000h\000a\000n\000i\000c\000s\000\040\000a\000n\000d\000\040\000H\000i\000s\000t\000o\000r\000i\000c\000a\000l\000\040\000Q\000u\000e\000r\000i\000e\000s}{chapter.4}% 98
\BOOKMARK [2][]{subsection.4.2.1}{\376\377\0004\000.\0002\000.\0001\000\040\000C\000h\000o\000o\000s\000i\000n\000g\000\040\000T\000i\000m\000e\000s\000t\000a\000m\000p\000,\000\040\000O\000f\000f\000s\000e\000t\000,\000\040\000o\000r\000\040\000S\000t\000a\000t\000e\000m\000e\000n\000t}{section.4.2}% 99
\BOOKMARK [1][]{section.4.3}{\376\377\0004\000.\0003\000\040\000T\000u\000e\000s\000d\000a\000y\000:\000\040\000F\000a\000i\000l\000-\000s\000a\000f\000e\000\040\000S\000t\000o\000r\000a\000g\000e\000\040\000a\000n\000d\000\040\000L\000a\000s\000t\000-\000R\000e\000s\000o\000r\000t\000\040\000R\000e\000c\000o\000v\000e\000r\000y}{chapter.4}% 100
\BOOKMARK [1][]{section.4.4}{\376\377\0004\000.\0004\000\040\000W\000e\000d\000n\000e\000s\000d\000a\000y\000:\000\040\000Z\000e\000r\000o\000-\000C\000o\000p\000y\000\040\000C\000l\000o\000n\000i\000n\000g\000\040\000a\000n\000d\000\040\000C\000o\000p\000y\000-\000o\000n\000-\000W\000r\000i\000t\000e\000\040\000S\000t\000o\000r\000a\000g\000e}{chapter.4}% 101
\BOOKMARK [2][]{subsection.4.4.1}{\376\377\0004\000.\0004\000.\0001\000\040\000C\000l\000o\000n\000e\000\040\000B\000o\000u\000n\000d\000a\000r\000i\000e\000s\000\040\000a\000n\000d\000\040\000G\000o\000v\000e\000r\000n\000a\000n\000c\000e}{section.4.4}% 102
\BOOKMARK [1][]{section.4.5}{\376\377\0004\000.\0005\000\040\000T\000h\000u\000r\000s\000d\000a\000y\000\040\000H\000a\000n\000d\000s\000-\000O\000n\000\040\000P\000r\000o\000j\000e\000c\000t\000:\000\040\000D\000r\000o\000p\000,\000\040\000U\000n\000d\000r\000o\000p\000,\000\040\000C\000l\000o\000n\000e\000,\000\040\000a\000n\000d\000\040\000P\000r\000o\000v\000e\000\040\000S\000t\000o\000r\000a\000g\000e\000\040\000B\000e\000h\000a\000v\000i\000o\000r}{chapter.4}% 103
\BOOKMARK [2][]{subsection.4.5.1}{\376\377\0004\000.\0005\000.\0001\000\040\000V\000a\000l\000i\000d\000a\000t\000i\000o\000n\000\040\000C\000h\000e\000c\000k\000l\000i\000s\000t}{section.4.5}% 104
\BOOKMARK [1][]{section.4.6}{\376\377\0004\000.\0006\000\040\000F\000r\000i\000d\000a\000y\000\040\000U\000s\000e\000\040\000C\000a\000s\000e\000:\000\040\000I\000n\000s\000t\000a\000n\000t\000\040\000D\000e\000v\000O\000p\000s\000\040\000S\000t\000a\000g\000i\000n\000g\000\040\000w\000i\000t\000h\000\040\000E\000p\000h\000e\000m\000e\000r\000a\000l\000\040\000T\000r\000a\000n\000s\000i\000e\000n\000t\000\040\000S\000c\000h\000e\000m\000a\000s}{chapter.4}% 105
\BOOKMARK [2][]{subsection.4.6.1}{\376\377\0004\000.\0006\000.\0001\000\040\000P\000i\000p\000e\000l\000i\000n\000e\000\040\000D\000e\000s\000i\000g\000n\000\040\000P\000a\000t\000t\000e\000r\000n}{section.4.6}% 106
\BOOKMARK [1][]{section.4.7}{\376\377\0004\000.\0007\000\040\000I\000n\000t\000e\000r\000v\000i\000e\000w\000\040\000Q\000\046\000A}{chapter.4}% 107
\BOOKMARK [2][]{subsection.4.7.1}{\376\377\0004\000.\0007\000.\0001\000\040\000T\000i\000m\000e\000\040\000T\000r\000a\000v\000e\000l\000,\000\040\000F\000a\000i\000l\000-\000s\000a\000f\000e\000,\000\040\000a\000n\000d\000\040\000C\000l\000o\000n\000i\000n\000g}{section.4.7}% 108
\BOOKMARK [1][]{section.4.8}{\376\377\0004\000.\0008\000\040\000F\000u\000r\000t\000h\000e\000r\000\040\000R\000e\000a\000d\000i\000n\000g}{chapter.4}% 109
\BOOKMARK [1][]{section.4.9}{\376\377\0004\000.\0009\000\040\000E\000x\000e\000r\000c\000i\000s\000e\000s}{chapter.4}% 110
\BOOKMARK [1][]{section.4.10}{\376\377\0004\000.\0001\0000\000\040\000M\000i\000l\000e\000s\000t\000o\000n\000e\000\040\0001\000\040\000C\000a\000p\000s\000t\000o\000n\000e\000:\000\040\000M\000u\000l\000t\000i\000-\000T\000i\000e\000r\000\040\000E\000-\000C\000o\000m\000m\000e\000r\000c\000e\000\040\000B\000a\000c\000k\000e\000n\000d\000\040\000a\000n\000d\000\040\000D\000i\000s\000a\000s\000t\000e\000r\000\040\000R\000e\000c\000o\000v\000e\000r\000y}{chapter.4}% 111
\BOOKMARK [0][]{appendix.A}{\376\377\000A\000\040\000C\000r\000o\000s\000s\000-\000C\000l\000o\000u\000d\000\040\000S\000e\000r\000v\000i\000c\000e\000\040\000E\000q\000u\000i\000v\000a\000l\000e\000n\000c\000e}{part.1}% 112
\BOOKMARK [1][]{appendix.A.1}{\376\377\000A\000.\0001\000\040\000O\000b\000j\000e\000c\000t\000\040\000a\000n\000d\000\040\000D\000a\000t\000a\000-\000L\000a\000k\000e\000\040\000S\000t\000o\000r\000a\000g\000e}{appendix.A}% 113
\BOOKMARK [1][]{appendix.A.2}{\376\377\000A\000.\0002\000\040\000M\000a\000n\000a\000g\000e\000d\000\040\000R\000e\000l\000a\000t\000i\000o\000n\000a\000l\000\040\000D\000a\000t\000a\000b\000a\000s\000e\000s}{appendix.A}% 114
\BOOKMARK [1][]{appendix.A.3}{\376\377\000A\000.\0003\000\040\000E\000l\000a\000s\000t\000i\000c\000\040\000C\000o\000m\000p\000u\000t\000e\000\040\000a\000n\000d\000\040\000A\000n\000a\000l\000y\000t\000i\000c\000a\000l\000\040\000W\000a\000r\000e\000h\000o\000u\000s\000e\000s}{appendix.A}% 115
\BOOKMARK [1][]{appendix.A.4}{\376\377\000A\000.\0004\000\040\000D\000a\000t\000a\000\040\000O\000r\000g\000a\000n\000i\000z\000a\000t\000i\000o\000n\000\040\000a\000n\000d\000\040\000t\000h\000e\000\040\000M\000e\000d\000a\000l\000l\000i\000o\000n\000\040\000P\000a\000t\000t\000e\000r\000n}{appendix.A}% 116
\BOOKMARK [1][]{appendix.A.5}{\376\377\000A\000.\0005\000\040\000D\000o\000c\000u\000m\000e\000n\000t\000\040\000D\000a\000t\000a\000\040\000M\000o\000d\000e\000l\000i\000n\000g}{appendix.A}% 117
\BOOKMARK [1][]{appendix.A.6}{\376\377\000A\000.\0006\000\040\000G\000l\000o\000b\000a\000l\000l\000y\000\040\000D\000i\000s\000t\000r\000i\000b\000u\000t\000e\000d\000\040\000a\000n\000d\000\040\000N\000o\000S\000Q\000L\000\040\000D\000a\000t\000a\000b\000a\000s\000e\000s}{appendix.A}% 118
\BOOKMARK [1][]{appendix.A.7}{\376\377\000A\000.\0007\000\040\000M\000a\000n\000a\000g\000e\000d\000\040\000A\000p\000a\000c\000h\000e\000\040\000S\000p\000a\000r\000k}{appendix.A}% 119
\BOOKMARK [1][]{appendix.A.8}{\376\377\000A\000.\0008\000\040\000Q\000u\000e\000r\000y\000\040\000A\000c\000c\000e\000l\000e\000r\000a\000t\000i\000o\000n\000\040\000a\000n\000d\000\040\000M\000a\000t\000e\000r\000i\000a\000l\000i\000z\000e\000d\000\040\000V\000i\000e\000w\000s}{appendix.A}% 120
\BOOKMARK [1][]{appendix.A.9}{\376\377\000A\000.\0009\000\040\000I\000n\000-\000M\000e\000m\000o\000r\000y\000\040\000C\000a\000c\000h\000i\000n\000g\000\040\000a\000n\000d\000\040\000H\000y\000b\000r\000i\000d\000\040\000I\000n\000g\000e\000s\000t\000i\000o\000n}{appendix.A}% 121
\BOOKMARK [1][]{appendix.A.10}{\376\377\000A\000.\0001\0000\000\040\000W\000i\000d\000e\000-\000C\000o\000l\000u\000m\000n\000\040\000a\000n\000d\000\040\000K\000e\000y\000-\000V\000a\000l\000u\000e\000\040\000N\000o\000S\000Q\000L}{appendix.A}% 122
\BOOKMARK [1][]{appendix.A.11}{\376\377\000A\000.\0001\0001\000\040\000D\000a\000t\000a\000\040\000P\000r\000o\000t\000e\000c\000t\000i\000o\000n\000:\000\040\000C\000l\000o\000n\000i\000n\000g\000,\000\040\000T\000i\000m\000e\000\040\000T\000r\000a\000v\000e\000l\000,\000\040\000a\000n\000d\000\040\000M\000i\000g\000r\000a\000t\000i\000o\000n}{appendix.A}% 123
\BOOKMARK [0][]{appendix*.5}{\376\377\000G\000l\000o\000s\000s\000a\000r\000y}{part.1}% 124
