This is XeTeX, Version 3.141592653-2.6-0.999998 (MiKTeX 26.5) (preloaded format=xelatex 2026.8.18)  19 AUG 2026 03:21
entering extended mode
 restricted \write18 enabled.
 %&-line parsing enabled.
**./main.tex
(main.tex
LaTeX2e <2026-06-01>
L3 programming layer <2026-06-18>

(C:\Users\aned.esquerra\AppData\Local\Programs\MiKTeX\tex/latex/base\article.cl
s
Document Class: article 2025/01/22 v1.4n Standard LaTeX document class

(C:\Users\aned.esquerra\AppData\Local\Programs\MiKTeX\tex/latex/base\size11.clo
File: size11.clo 2025/01/22 v1.4n Standard LaTeX file (size option)
)
\c@part=\count273
\c@section=\count274
\c@subsection=\count275
\c@subsubsection=\count276
\c@paragraph=\count277
\c@subparagraph=\count278
\c@figure=\count279
\c@table=\count280
\abovecaptionskip=\skip49
\belowcaptionskip=\skip50
\bibindent=\dimen150
)
(C:\Users\aned.esquerra\AppData\Local\Programs\MiKTeX\tex/latex/geometry\geomet
ry.sty
Package: geometry 2026/03/07 v6.0 Page Geometry

(C:\Users\aned.esquerra\AppData\Local\Programs\MiKTeX\tex/latex/graphics\keyval
.sty
Package: keyval 2026-05-17 v1.15 key=value parser (DPC)
\KV@toks@=\toks17
)
(C:\Users\aned.esquerra\AppData\Local\Programs\MiKTeX\tex/generic/iftex\ifvtex.
sty
Package: ifvtex 2019/10/25 v1.7 ifvtex legacy package. Use iftex instead.

(C:\Users\aned.esquerra\AppData\Local\Programs\MiKTeX\tex/generic/iftex\iftex.s
ty
Package: iftex 2024/12/12 v1.0g TeX engine tests
))
\Gm@cnth=\count281
\Gm@cntv=\count282
\c@Gm@tempcnt=\count283
\Gm@bindingoffset=\dimen151
\Gm@wd@mp=\dimen152
\Gm@odd@mp=\dimen153
\Gm@even@mp=\dimen154
\Gm@layoutwidth=\dimen155
\Gm@layoutheight=\dimen156
\Gm@layouthoffset=\dimen157
\Gm@layoutvoffset=\dimen158
\Gm@dimlist=\toks18

(C:\Users\aned.esquerra\AppData\Local\Programs\MiKTeX\tex/latex/geometry\geomet
ry.cfg))
(C:\Users\aned.esquerra\AppData\Local\Programs\MiKTeX\tex/latex/fontspec\fontsp
ec.sty
(C:\Users\aned.esquerra\AppData\Local\Programs\MiKTeX\tex/latex/l3packages/xpar
se\xparse.sty
(C:\Users\aned.esquerra\AppData\Local\Programs\MiKTeX\tex/latex/l3kernel\expl3.
sty
Package: expl3 2026-06-18 L3 programming layer (loader) 

(C:\Users\aned.esquerra\AppData\Local\Programs\MiKTeX\tex/latex/l3backend\l3bac
kend-xetex.def
File: l3backend-xetex.def 2026-02-18 L3 backend support: XeTeX
\g__graphics_track_int=\count284
\g__pdfannot_backend_int=\count285
\g__pdfannot_backend_link_int=\count286
))
Package: xparse 2025-10-09 L3 Experimental document command parser
)
Package: fontspec 2025/09/29 v2.9g Font selection for XeLaTeX and LuaLaTeX

(C:\Users\aned.esquerra\AppData\Local\Programs\MiKTeX\tex/latex/fontspec\fontsp
ec-xetex.sty
Package: fontspec-xetex 2025/09/29 v2.9g Font selection for XeLaTeX and LuaLaTe
X
\l__fontspec_script_int=\count287
\l__fontspec_language_int=\count288
\l__fontspec_strnum_int=\count289
\l__fontspec_tmp_int=\count290
\l__fontspec_tmpa_int=\count291
\l__fontspec_tmpb_int=\count292
\l__fontspec_tmpc_int=\count293
\l__fontspec_em_int=\count294
\l__fontspec_emdef_int=\count295
\l__fontspec_strong_int=\count296
\l__fontspec_strongdef_int=\count297
\l__fontspec_tmpa_dim=\dimen159
\l__fontspec_tmpb_dim=\dimen160
\l__fontspec_tmpc_dim=\dimen161

(C:\Users\aned.esquerra\AppData\Local\Programs\MiKTeX\tex/latex/base\fontenc.st
y
Package: fontenc 2025/07/18 v2.1d Standard LaTeX package
)
(C:\Users\aned.esquerra\AppData\Local\Programs\MiKTeX\tex/latex/fontspec\fontsp
ec.cfg)))
(C:\Users\aned.esquerra\AppData\Local\Programs\MiKTeX\tex/generic/babel\babel.s
ty
Package: babel 2026/06/14 v26.9 The multilingual framework for LuaLaTeX, pdfLaT
eX and XeLaTeX
\babel@savecnt=\count298
LaTeX Encoding Info:    Redeclaring text command \ij (encoding OT1) on input li
ne 2084.
LaTeX Encoding Info:    Redeclaring text command \IJ (encoding OT1) on input li
ne 2086.
LaTeX Encoding Info:    Redeclaring text command \ij (encoding T1) on input lin
e 2088.
LaTeX Encoding Info:    Redeclaring text command \IJ (encoding T1) on input lin
e 2089.
LaTeX Encoding Info:    Ignoring declaration for text command \ij (encoding ?) 
on input line 2090.
LaTeX Encoding Info:    Ignoring declaration for text command \IJ (encoding ?) 
on input line 2092.
LaTeX Encoding Info:    Ignoring declaration for text command \SS (encoding ?) 
on input line 2117.
\U@D=\dimen162
\l@unhyphenated=\language79

(C:\Users\aned.esquerra\AppData\Local\Programs\MiKTeX\tex/generic/babel\xebabel
.def)
\bbl@readstream=\read2

(C:\Users\aned.esquerra\AppData\Local\Programs\MiKTeX\tex/generic/babel\errbabe
l.def)

! Package babel Error: The bidi method 'basic' is available only in
(babel)                luatex. I'll continue with 'bidi=default', so
(babel)                expect wrong results.
(babel)                Suggested actions:
(babel)                * If possible, switch to luatex, as xetex is not
(babel)                recommend anymore.
(babel)                 * If you can’t, try 'bidi=bidi' with xetex.
(babel)                * With pdftex, only 'bidi=default' is available..

See the babel package documentation for explanation.
Type  H <return>  for immediate help.
 ...                                              
                                                  
l.4006     \bbl@error{bidi-only-lua}{}{}{}
                                          %
See the manual for further details.

\bbl@dirlevel=\count299
Package babel Info: Configuration files are deprecated, as
(babel)             they can break document portability.
(babel)             Reported on input line 4252.
*************************************
* Local config file bblopts.cfg used
*

(C:\Users\aned.esquerra\AppData\Local\Programs\MiKTeX\tex/latex/arabi\bblopts.c
fg
File: bblopts.cfg 2005/09/08 v0.1 add Arabic and Farsi to "declared" options of
 babel
)
(C:\Users\aned.esquerra\AppData\Local\Programs\MiKTeX\tex/generic/babel/locale/
en\babel-english.tex)
Package babel Info: Importing data for 'english'
(babel)             from babel-en.ini. Reported on input line 4380.
)
(C:\Users\aned.esquerra\AppData\Local\Programs\MiKTeX\tex/generic/babel/locale/
en\babel-english.tex)
Package babel Info: Importing data for 'english'
(babel)             from babel-en.ini. Reported on input line 9.

Package fontspec Info: 
(fontspec)             Language 'English' not explicitly supported within font
(fontspec)             'Noto Sans' with script 'Latin'. Check the typeset
(fontspec)             output, and if it is okay then ignore this warning.
(fontspec)             Otherwise a different font should be chosen.


Package fontspec Info: 
(fontspec)             Font family 'NotoSans(0)' created for font 'Noto Sans'
(fontspec)             with options
(fontspec)             [Ligatures=TeX,Script=Latin,Language=English].
(fontspec)              
(fontspec)              This font family consists of the following NFSS
(fontspec)             series/shapes:
(fontspec)              
(fontspec)             - 'normal' (m/n) with NFSS spec.: <->"Noto
(fontspec)             Sans/OT:script=latn;language=ENG;mapping=tex-text;"
(fontspec)             - 'small caps'  (m/sc) with NFSS spec.: <->"Noto
(fontspec)             Sans/OT:script=latn;language=ENG;+smcp;mapping=tex-text;
"
(fontspec)             - 'bold' (b/n) with NFSS spec.: <->"Noto
(fontspec)             Sans/B/OT:script=latn;language=ENG;mapping=tex-text;"
(fontspec)             - 'bold small caps'  (b/sc) with NFSS spec.: <->"Noto
(fontspec)             Sans/B/OT:script=latn;language=ENG;+smcp;mapping=tex-tex
t;"
(fontspec)             - 'italic' (m/it) with NFSS spec.: <->"Noto
(fontspec)             Sans/I/OT:script=latn;language=ENG;mapping=tex-text;"
(fontspec)             - 'italic small caps'  (m/scit) with NFSS spec.:
(fontspec)             <->"Noto
(fontspec)             Sans/I/OT:script=latn;language=ENG;+smcp;mapping=tex-tex
t;"
(fontspec)             - 'bold italic' (b/it) with NFSS spec.: <->"Noto
(fontspec)             Sans/BI/OT:script=latn;language=ENG;mapping=tex-text;"
(fontspec)             - 'bold italic small caps'  (b/scit) with NFSS spec.:
(fontspec)             <->"Noto
(fontspec)             Sans/BI/OT:script=latn;language=ENG;+smcp;mapping=tex-te
xt;"


(C:\Users\aned.esquerra\AppData\Local\Programs\MiKTeX\tex/latex/amsfonts\amssym
b.sty
Package: amssymb 2013/01/14 v3.01 AMS font symbols

(C:\Users\aned.esquerra\AppData\Local\Programs\MiKTeX\tex/latex/amsfonts\amsfon
ts.sty
Package: amsfonts 2013/01/14 v3.01 Basic AMSFonts support
\@emptytoks=\toks19
\symAMSa=\mathgroup4
\symAMSb=\mathgroup5
LaTeX Font Info:    Redeclaring math symbol \hbar on input line 98.
LaTeX Font Info:    Overwriting math alphabet `\mathfrak' in version `bold'
(Font)                  U/euf/m/n --> U/euf/b/n on input line 106.
))
(C:\Users\aned.esquerra\AppData\Local\Programs\MiKTeX\tex/latex/amsmath\amsmath
.sty
Package: amsmath 2026/05/19 v2.18d AMS math features
\@mathmargin=\skip51

For additional information on amsmath, use the `?' option.

(C:\Users\aned.esquerra\AppData\Local\Programs\MiKTeX\tex/latex/amsmath\amstext
.sty
Package: amstext 2024/11/17 v2.01 AMS text

(C:\Users\aned.esquerra\AppData\Local\Programs\MiKTeX\tex/latex/amsmath\amsgen.
sty
File: amsgen.sty 1999/11/30 v2.0 generic functions
\@emptytoks=\toks20
\ex@=\dimen163
))
(C:\Users\aned.esquerra\AppData\Local\Programs\MiKTeX\tex/latex/amsmath\amsbsy.
sty
Package: amsbsy 1999/11/29 v1.2d Bold Symbols
\pmbraise@=\dimen164
)
(C:\Users\aned.esquerra\AppData\Local\Programs\MiKTeX\tex/latex/amsmath\amsopn.
sty
Package: amsopn 2022/04/08 v2.04 operator names
)
\inf@bad=\count300
LaTeX Info: Redefining \frac on input line 233.
\uproot@=\count301
\leftroot@=\count302
LaTeX Info: Redefining \overline on input line 398.
LaTeX Info: Redefining \colon on input line 409.
\classnum@=\count303
\DOTSCASE@=\count304
LaTeX Info: Redefining \ldots on input line 495.
LaTeX Info: Redefining \dots on input line 498.
LaTeX Info: Redefining \cdots on input line 619.
\Mathstrutbox@=\box53
\strutbox@=\box54
LaTeX Info: Redefining \big on input line 721.
LaTeX Info: Redefining \Big on input line 722.
LaTeX Info: Redefining \bigg on input line 723.
LaTeX Info: Redefining \Bigg on input line 724.
\big@size=\dimen165
LaTeX Font Info:    Redeclaring font encoding OML on input line 742.
LaTeX Font Info:    Redeclaring font encoding OMS on input line 743.
\macc@depth=\count305
LaTeX Info: Redefining \bmod on input line 904.
LaTeX Info: Redefining \pmod on input line 909.
LaTeX Info: Redefining \smash on input line 939.
LaTeX Info: Redefining \relbar on input line 969.
LaTeX Info: Redefining \Relbar on input line 970.
\c@MaxMatrixCols=\count306
\dotsspace@=\muskip17
\c@parentequation=\count307
\dspbrk@lvl=\count308
\tag@help=\toks21
\row@=\count309
\column@=\count310
\maxfields@=\count311
\andhelp@=\toks22
\eqnshift@=\dimen166
\alignsep@=\dimen167
\tagshift@=\dimen168
\tagwidth@=\dimen169
\totwidth@=\dimen170
\lineht@=\dimen171
\@envbody=\toks23
\multlinegap=\skip52
\multlinetaggap=\skip53
\mathdisplay@stack=\toks24
LaTeX Info: Redefining \[ on input line 2965.
LaTeX Info: Redefining \] on input line 2966.
)
(C:\Users\aned.esquerra\AppData\Local\Programs\MiKTeX\tex/latex/booktabs\bookta
bs.sty
Package: booktabs 2020/01/12 v1.61803398 Publication quality tables
\heavyrulewidth=\dimen172
\lightrulewidth=\dimen173
\cmidrulewidth=\dimen174
\belowrulesep=\dimen175
\belowbottomsep=\dimen176
\aboverulesep=\dimen177
\abovetopsep=\dimen178
\cmidrulesep=\dimen179
\cmidrulekern=\dimen180
\defaultaddspace=\dimen181
\@cmidla=\count312
\@cmidlb=\count313
\@aboverulesep=\dimen182
\@belowrulesep=\dimen183
\@thisruleclass=\count314
\@lastruleclass=\count315
\@thisrulewidth=\dimen184
)
(C:\Users\aned.esquerra\AppData\Local\Programs\MiKTeX\tex/latex/tools\longtable
.sty
Package: longtable 2026-01-28 v4.27 Multi-page Table package (DPC)
\LTleft=\skip54
\LTright=\skip55
\LTpre=\skip56
\LTpost=\skip57
\LTchunksize=\count316
\LTcapwidth=\dimen185
\LT@head=\box55
\LT@firsthead=\box56
\LT@foot=\box57
\LT@lastfoot=\box58
\LT@gbox=\box59
\LT@cols=\count317
\LT@rows=\count318
\c@LT@tables=\count319
\c@LT@chunks=\count320
\LT@p@ftn=\toks25
)
(C:\Users\aned.esquerra\AppData\Local\Programs\MiKTeX\tex/latex/enumitem\enumit
em.sty
Package: enumitem 2025/02/06 v3.11 Customized lists
\labelindent=\skip58
\enit@outerparindent=\dimen186
\enit@toks=\toks26
\enit@inbox=\box60
\enit@count@id=\count321
\enitdp@description=\count322
)
(C:\Users\aned.esquerra\AppData\Local\Programs\MiKTeX\tex/latex/xcolor\xcolor.s
ty
Package: xcolor 2024/09/29 v3.02 LaTeX color extensions (UK)

(C:\Users\aned.esquerra\AppData\Local\Programs\MiKTeX\tex/latex/graphics-cfg\co
lor.cfg
File: color.cfg 2016/01/02 v1.6 sample color configuration
)
Package xcolor Info: Driver file: xetex.def on input line 274.

(C:\Users\aned.esquerra\AppData\Local\Programs\MiKTeX\tex/latex/graphics-def\xe
tex.def
File: xetex.def 2025/11/01 v5.0p Graphics/color driver for xetex
)
(C:\Users\aned.esquerra\AppData\Local\Programs\MiKTeX\tex/latex/graphics\mathco
lor.ltx)
Package xcolor Info: Model `cmy' substituted by `cmy0' on input line 1349.
Package xcolor Info: Model `RGB' extended on input line 1365.
Package xcolor Info: Model `HTML' substituted by `rgb' on input line 1367.
Package xcolor Info: Model `Hsb' substituted by `hsb' on input line 1368.
Package xcolor Info: Model `tHsb' substituted by `hsb' on input line 1369.
Package xcolor Info: Model `HSB' substituted by `hsb' on input line 1370.
Package xcolor Info: Model `Gray' substituted by `gray' on input line 1371.
Package xcolor Info: Model `wave' substituted by `hsb' on input line 1372.
)
(C:\Users\aned.esquerra\AppData\Local\Programs\MiKTeX\tex/latex/hyperref\hyperr
ef.sty
Package: hyperref 2026-06-17 v7.01r Hypertext links for LaTeX

(C:\Users\aned.esquerra\AppData\Local\Programs\MiKTeX\tex/latex/kvsetkeys\kvset
keys.sty
Package: kvsetkeys 2022-10-05 v1.19 Key value parser (HO)
)
(C:\Users\aned.esquerra\AppData\Local\Programs\MiKTeX\tex/generic/kvdefinekeys\
kvdefinekeys.sty
Package: kvdefinekeys 2019-12-19 v1.6 Define keys (HO)
)
(C:\Users\aned.esquerra\AppData\Local\Programs\MiKTeX\tex/generic/pdfescape\pdf
escape.sty
Package: pdfescape 2019/12/09 v1.15 Implements pdfTeX's escape features (HO)

(C:\Users\aned.esquerra\AppData\Local\Programs\MiKTeX\tex/generic/ltxcmds\ltxcm
ds.sty
Package: ltxcmds 2023-12-04 v1.26 LaTeX kernel commands for general use (HO)
)
(C:\Users\aned.esquerra\AppData\Local\Programs\MiKTeX\tex/generic/pdftexcmds\pd
ftexcmds.sty
Package: pdftexcmds 2020-06-27 v0.33 Utility functions of pdfTeX for LuaTeX (HO
)

(C:\Users\aned.esquerra\AppData\Local\Programs\MiKTeX\tex/generic/infwarerr\inf
warerr.sty
Package: infwarerr 2019/12/03 v1.5 Providing info/warning/error messages (HO)
)
Package pdftexcmds Info: \pdf@primitive is available.
Package pdftexcmds Info: \pdf@ifprimitive is available.
Package pdftexcmds Info: \pdfdraftmode not found.
))
(C:\Users\aned.esquerra\AppData\Local\Programs\MiKTeX\tex/latex/hycolor\hycolor
.sty
Package: hycolor 2020-01-27 v1.10 Color options for hyperref/bookmark (HO)
)
(C:\Users\aned.esquerra\AppData\Local\Programs\MiKTeX\tex/latex/hyperref\namere
f.sty
Package: nameref 2026-01-29 v2.58 Cross-referencing by name of section

(C:\Users\aned.esquerra\AppData\Local\Programs\MiKTeX\tex/latex/refcount\refcou
nt.sty
Package: refcount 2019/12/15 v3.6 Data extraction from label references (HO)
)
(C:\Users\aned.esquerra\AppData\Local\Programs\MiKTeX\tex/generic/gettitlestrin
g\gettitlestring.sty
Package: gettitlestring 2019/12/15 v1.6 Cleanup title references (HO)

(C:\Users\aned.esquerra\AppData\Local\Programs\MiKTeX\tex/latex/kvoptions\kvopt
ions.sty
Package: kvoptions 2022-06-15 v3.15 Key value format for package options (HO)
))
\c@section@level=\count323
)
(C:\Users\aned.esquerra\AppData\Local\Programs\MiKTeX\tex/latex/etoolbox\etoolb
ox.sty
Package: etoolbox 2025/10/02 v2.5m e-TeX tools for LaTeX (JAW)
\etb@tempcnta=\count324
)
(C:\Users\aned.esquerra\AppData\Local\Programs\MiKTeX\tex/generic/stringenc\str
ingenc.sty
Package: stringenc 2019/11/29 v1.12 Convert strings between diff. encodings (HO
)
)
\@linkdim=\dimen187
\Hy@linkcounter=\count325
\Hy@pagecounter=\count326

(C:\Users\aned.esquerra\AppData\Local\Programs\MiKTeX\tex/latex/hyperref\pd1enc
.def
File: pd1enc.def 2026-06-17 v7.01r Hyperref: PDFDocEncoding definition (HO)
)
(C:\Users\aned.esquerra\AppData\Local\Programs\MiKTeX\tex/generic/intcalc\intca
lc.sty
Package: intcalc 2019/12/15 v1.3 Expandable calculations with integers (HO)
)
\Hy@SavedSpaceFactor=\count327

(C:\Users\aned.esquerra\AppData\Local\Programs\MiKTeX\tex/latex/hyperref\puenc.
def
File: puenc.def 2026-06-17 v7.01r Hyperref: PDF Unicode definition (HO)
)
Package hyperref Info: Option `colorlinks' set `true' on input line 4070.
Package hyperref Info: Hyper figures OFF on input line 4199.
Package hyperref Info: Link nesting OFF on input line 4204.
Package hyperref Info: Hyper index ON on input line 4207.
Package hyperref Info: Plain pages OFF on input line 4214.
Package hyperref Info: Backreferencing OFF on input line 4219.
Package hyperref Info: Implicit mode ON; LaTeX internals redefined.
Package hyperref Info: Bookmarks ON on input line 4466.
\c@Hy@tempcnt=\count328

(C:\Users\aned.esquerra\AppData\Local\Programs\MiKTeX\tex/latex/url\url.sty
\Urlmuskip=\muskip18
Package: url 2013/09/16  ver 3.4  Verb mode for urls, etc.
)
LaTeX Info: Redefining \url on input line 4805.
\XeTeXLinkMargin=\dimen188

(C:\Users\aned.esquerra\AppData\Local\Programs\MiKTeX\tex/generic/bitset\bitset
.sty
Package: bitset 2019/12/09 v1.3 Handle bit-vector datatype (HO)

(C:\Users\aned.esquerra\AppData\Local\Programs\MiKTeX\tex/generic/bigintcalc\bi
gintcalc.sty
Package: bigintcalc 2019/12/15 v1.5 Expandable calculations on big integers (HO
)
))
\Fld@menulength=\count329
\Field@Width=\dimen189
\Fld@charsize=\dimen190
Package hyperref Info: Hyper figures OFF on input line 6091.
Package hyperref Info: Link nesting OFF on input line 6096.
Package hyperref Info: Hyper index ON on input line 6099.
Package hyperref Info: backreferencing OFF on input line 6106.
Package hyperref Info: Link coloring ON on input line 6109.
Package hyperref Info: Link coloring with OCG OFF on input line 6116.
Package hyperref Info: PDF/A mode OFF on input line 6121.
\Hy@abspage=\count330
\c@Item=\count331
\c@Hfootnote=\count332
)
Package hyperref Info: Driver (autodetected): hxetex.

(C:\Users\aned.esquerra\AppData\Local\Programs\MiKTeX\tex/latex/hyperref\hxetex
.def
File: hxetex.def 2026-06-17 v7.01r Hyperref driver for XeTeX
\pdfm@box=\box61
\c@Hy@AnnotLevel=\count333
\HyField@AnnotCount=\count334
\Fld@listcount=\count335
\c@bookmark@seq@number=\count336

(C:\Users\aned.esquerra\AppData\Local\Programs\MiKTeX\tex/latex/rerunfilecheck\
rerunfilecheck.sty
Package: rerunfilecheck 2025-06-21 v1.11 Rerun checks for auxiliary files (HO)

(C:\Users\aned.esquerra\AppData\Local\Programs\MiKTeX\tex/generic/uniquecounter
\uniquecounter.sty
Package: uniquecounter 2019/12/15 v1.4 Provide unlimited unique counter (HO)
)
Package uniquecounter Info: New unique counter `rerunfilecheck' on input line 2
84.
)
\Hy@SectionHShift=\skip59
)
(C:\Users\aned.esquerra\AppData\Local\Programs\MiKTeX\tex/latex/pgf/frontendlay
er\tikz.sty
(C:\Users\aned.esquerra\AppData\Local\Programs\MiKTeX\tex/latex/pgf/basiclayer\
pgf.sty
(C:\Users\aned.esquerra\AppData\Local\Programs\MiKTeX\tex/latex/pgf/utilities\p
gfrcs.sty
(C:\Users\aned.esquerra\AppData\Local\Programs\MiKTeX\tex/generic/pgf/utilities
\pgfutil-common.tex
\pgfutil@everybye=\toks27
\pgfutil@tempdima=\dimen191
\pgfutil@tempdimb=\dimen192
)
(C:\Users\aned.esquerra\AppData\Local\Programs\MiKTeX\tex/generic/pgf/utilities
\pgfutil-latex.def
\pgfutil@abb=\box62
)
(C:\Users\aned.esquerra\AppData\Local\Programs\MiKTeX\tex/generic/pgf/utilities
\pgfrcs.code.tex
(C:\Users\aned.esquerra\AppData\Local\Programs\MiKTeX\tex/generic/pgf\pgf.revis
ion.tex)
Package: pgfrcs 2025-08-29 v3.1.11a (3.1.11a)
))
Package: pgf 2025-08-29 v3.1.11a (3.1.11a)

(C:\Users\aned.esquerra\AppData\Local\Programs\MiKTeX\tex/latex/pgf/basiclayer\
pgfcore.sty
(C:\Users\aned.esquerra\AppData\Local\Programs\MiKTeX\tex/latex/graphics\graphi
cx.sty
Package: graphicx 2026-05-17 v1.2e Enhanced LaTeX Graphics (DPC,SPQR)

(C:\Users\aned.esquerra\AppData\Local\Programs\MiKTeX\tex/latex/graphics\graphi
cs.sty
Package: graphics 2026-05-17 v1.4h Standard LaTeX Graphics (DPC,SPQR)

(C:\Users\aned.esquerra\AppData\Local\Programs\MiKTeX\tex/latex/graphics\trig.s
ty
Package: trig 2023/12/02 v1.11 sin cos tan (DPC)
)
(C:\Users\aned.esquerra\AppData\Local\Programs\MiKTeX\tex/latex/graphics-cfg\gr
aphics.cfg
File: graphics.cfg 2016/06/04 v1.11 sample graphics configuration
)
Package graphics Info: Driver file: xetex.def on input line 106.
)
\Gin@req@height=\dimen193
\Gin@req@width=\dimen194
)
(C:\Users\aned.esquerra\AppData\Local\Programs\MiKTeX\tex/latex/pgf/systemlayer
\pgfsys.sty
(C:\Users\aned.esquerra\AppData\Local\Programs\MiKTeX\tex/generic/pgf/systemlay
er\pgfsys.code.tex
Package: pgfsys 2025-08-29 v3.1.11a (3.1.11a)

(C:\Users\aned.esquerra\AppData\Local\Programs\MiKTeX\tex/generic/pgf/utilities
\pgfkeys.code.tex
\pgfkeys@pathtoks=\toks28
\pgfkeys@temptoks=\toks29

(C:\Users\aned.esquerra\AppData\Local\Programs\MiKTeX\tex/generic/pgf/utilities
\pgfkeyslibraryfiltered.code.tex
\pgfkeys@tmptoks=\toks30
))
\pgf@x=\dimen195
\pgf@y=\dimen196
\pgf@xa=\dimen197
\pgf@ya=\dimen198
\pgf@xb=\dimen199
\pgf@yb=\dimen256
\pgf@xc=\dimen257
\pgf@yc=\dimen258
\pgf@xd=\dimen259
\pgf@yd=\dimen260
\w@pgf@writea=\write3
\r@pgf@reada=\read3
\c@pgf@counta=\count337
\c@pgf@countb=\count338
\c@pgf@countc=\count339
\c@pgf@countd=\count340
\t@pgf@toka=\toks31
\t@pgf@tokb=\toks32
\t@pgf@tokc=\toks33
\pgf@sys@id@count=\count341

(C:\Users\aned.esquerra\AppData\Local\Programs\MiKTeX\tex/generic/pgf/systemlay
er\pgf.cfg
File: pgf.cfg 2025-08-29 v3.1.11a (3.1.11a)
)
Driver file for pgf: pgfsys-xetex.def

(C:\Users\aned.esquerra\AppData\Local\Programs\MiKTeX\tex/generic/pgf/systemlay
er\pgfsys-xetex.def
File: pgfsys-xetex.def 2025-08-29 v3.1.11a (3.1.11a)

(C:\Users\aned.esquerra\AppData\Local\Programs\MiKTeX\tex/generic/pgf/systemlay
er\pgfsys-dvipdfmx.def
File: pgfsys-dvipdfmx.def 2025-08-29 v3.1.11a (3.1.11a)

(C:\Users\aned.esquerra\AppData\Local\Programs\MiKTeX\tex/generic/pgf/systemlay
er\pgfsys-common-pdf.def
File: pgfsys-common-pdf.def 2025-08-29 v3.1.11a (3.1.11a)
)
\pgfsys@objnum=\count342
)))
(C:\Users\aned.esquerra\AppData\Local\Programs\MiKTeX\tex/generic/pgf/systemlay
er\pgfsyssoftpath.code.tex
File: pgfsyssoftpath.code.tex 2025-08-29 v3.1.11a (3.1.11a)
\pgfsyssoftpath@smallbuffer@items=\count343
\pgfsyssoftpath@bigbuffer@items=\count344
)
(C:\Users\aned.esquerra\AppData\Local\Programs\MiKTeX\tex/generic/pgf/systemlay
er\pgfsysprotocol.code.tex
File: pgfsysprotocol.code.tex 2025-08-29 v3.1.11a (3.1.11a)
))
(C:\Users\aned.esquerra\AppData\Local\Programs\MiKTeX\tex/generic/pgf/basiclaye
r\pgfcore.code.tex
Package: pgfcore 2025-08-29 v3.1.11a (3.1.11a)

(C:\Users\aned.esquerra\AppData\Local\Programs\MiKTeX\tex/generic/pgf/math\pgfm
ath.code.tex
(C:\Users\aned.esquerra\AppData\Local\Programs\MiKTeX\tex/generic/pgf/math\pgfm
athutil.code.tex)
(C:\Users\aned.esquerra\AppData\Local\Programs\MiKTeX\tex/generic/pgf/math\pgfm
athparser.code.tex
\pgfmath@dimen=\dimen261
\pgfmath@count=\count345
\pgfmath@box=\box63
\pgfmath@toks=\toks34
\pgfmath@stack@operand=\toks35
\pgfmath@stack@operation=\toks36
)
(C:\Users\aned.esquerra\AppData\Local\Programs\MiKTeX\tex/generic/pgf/math\pgfm
athfunctions.code.tex)
(C:\Users\aned.esquerra\AppData\Local\Programs\MiKTeX\tex/generic/pgf/math\pgfm
athfunctions.basic.code.tex)
(C:\Users\aned.esquerra\AppData\Local\Programs\MiKTeX\tex/generic/pgf/math\pgfm
athfunctions.trigonometric.code.tex)
(C:\Users\aned.esquerra\AppData\Local\Programs\MiKTeX\tex/generic/pgf/math\pgfm
athfunctions.random.code.tex)
(C:\Users\aned.esquerra\AppData\Local\Programs\MiKTeX\tex/generic/pgf/math\pgfm
athfunctions.comparison.code.tex)
(C:\Users\aned.esquerra\AppData\Local\Programs\MiKTeX\tex/generic/pgf/math\pgfm
athfunctions.base.code.tex)
(C:\Users\aned.esquerra\AppData\Local\Programs\MiKTeX\tex/generic/pgf/math\pgfm
athfunctions.round.code.tex)
(C:\Users\aned.esquerra\AppData\Local\Programs\MiKTeX\tex/generic/pgf/math\pgfm
athfunctions.misc.code.tex)
(C:\Users\aned.esquerra\AppData\Local\Programs\MiKTeX\tex/generic/pgf/math\pgfm
athfunctions.integerarithmetics.code.tex)
(C:\Users\aned.esquerra\AppData\Local\Programs\MiKTeX\tex/generic/pgf/math\pgfm
athcalc.code.tex)
(C:\Users\aned.esquerra\AppData\Local\Programs\MiKTeX\tex/generic/pgf/math\pgfm
athfloat.code.tex
\c@pgfmathroundto@lastzeros=\count346
))
(C:\Users\aned.esquerra\AppData\Local\Programs\MiKTeX\tex/generic/pgf/math\pgfi
nt.code.tex)
(C:\Users\aned.esquerra\AppData\Local\Programs\MiKTeX\tex/generic/pgf/basiclaye
r\pgfcorepoints.code.tex
File: pgfcorepoints.code.tex 2025-08-29 v3.1.11a (3.1.11a)
\pgf@picminx=\dimen262
\pgf@picmaxx=\dimen263
\pgf@picminy=\dimen264
\pgf@picmaxy=\dimen265
\pgf@pathminx=\dimen266
\pgf@pathmaxx=\dimen267
\pgf@pathminy=\dimen268
\pgf@pathmaxy=\dimen269
\pgf@xx=\dimen270
\pgf@xy=\dimen271
\pgf@yx=\dimen272
\pgf@yy=\dimen273
\pgf@zx=\dimen274
\pgf@zy=\dimen275
)
(C:\Users\aned.esquerra\AppData\Local\Programs\MiKTeX\tex/generic/pgf/basiclaye
r\pgfcorepathconstruct.code.tex
File: pgfcorepathconstruct.code.tex 2025-08-29 v3.1.11a (3.1.11a)
\pgf@path@lastx=\dimen276
\pgf@path@lasty=\dimen277
)
(C:\Users\aned.esquerra\AppData\Local\Programs\MiKTeX\tex/generic/pgf/basiclaye
r\pgfcorepathusage.code.tex
File: pgfcorepathusage.code.tex 2025-08-29 v3.1.11a (3.1.11a)
\pgf@shorten@end@additional=\dimen278
\pgf@shorten@start@additional=\dimen279
)
(C:\Users\aned.esquerra\AppData\Local\Programs\MiKTeX\tex/generic/pgf/basiclaye
r\pgfcorescopes.code.tex
File: pgfcorescopes.code.tex 2025-08-29 v3.1.11a (3.1.11a)
\pgfpic=\box64
\pgf@hbox=\box65
\pgf@layerbox@main=\box66
\pgf@picture@serial@count=\count347
)
(C:\Users\aned.esquerra\AppData\Local\Programs\MiKTeX\tex/generic/pgf/basiclaye
r\pgfcoregraphicstate.code.tex
File: pgfcoregraphicstate.code.tex 2025-08-29 v3.1.11a (3.1.11a)
\pgflinewidth=\dimen280
)
(C:\Users\aned.esquerra\AppData\Local\Programs\MiKTeX\tex/generic/pgf/basiclaye
r\pgfcoretransformations.code.tex
File: pgfcoretransformations.code.tex 2025-08-29 v3.1.11a (3.1.11a)
\pgf@pt@x=\dimen281
\pgf@pt@y=\dimen282
\pgf@pt@temp=\dimen283
)
(C:\Users\aned.esquerra\AppData\Local\Programs\MiKTeX\tex/generic/pgf/basiclaye
r\pgfcorequick.code.tex
File: pgfcorequick.code.tex 2025-08-29 v3.1.11a (3.1.11a)
)
(C:\Users\aned.esquerra\AppData\Local\Programs\MiKTeX\tex/generic/pgf/basiclaye
r\pgfcoreobjects.code.tex
File: pgfcoreobjects.code.tex 2025-08-29 v3.1.11a (3.1.11a)
)
(C:\Users\aned.esquerra\AppData\Local\Programs\MiKTeX\tex/generic/pgf/basiclaye
r\pgfcorepathprocessing.code.tex
File: pgfcorepathprocessing.code.tex 2025-08-29 v3.1.11a (3.1.11a)
)
(C:\Users\aned.esquerra\AppData\Local\Programs\MiKTeX\tex/generic/pgf/basiclaye
r\pgfcorearrows.code.tex
File: pgfcorearrows.code.tex 2025-08-29 v3.1.11a (3.1.11a)
\pgfarrowsep=\dimen284
)
(C:\Users\aned.esquerra\AppData\Local\Programs\MiKTeX\tex/generic/pgf/basiclaye
r\pgfcoreshade.code.tex
File: pgfcoreshade.code.tex 2025-08-29 v3.1.11a (3.1.11a)
\pgf@max=\dimen285
\pgf@sys@shading@range@num=\count348
\pgf@shadingcount=\count349
)
(C:\Users\aned.esquerra\AppData\Local\Programs\MiKTeX\tex/generic/pgf/basiclaye
r\pgfcoreimage.code.tex
File: pgfcoreimage.code.tex 2025-08-29 v3.1.11a (3.1.11a)
)
(C:\Users\aned.esquerra\AppData\Local\Programs\MiKTeX\tex/generic/pgf/basiclaye
r\pgfcoreexternal.code.tex
File: pgfcoreexternal.code.tex 2025-08-29 v3.1.11a (3.1.11a)
\pgfexternal@startupbox=\box67
)
(C:\Users\aned.esquerra\AppData\Local\Programs\MiKTeX\tex/generic/pgf/basiclaye
r\pgfcorelayers.code.tex
File: pgfcorelayers.code.tex 2025-08-29 v3.1.11a (3.1.11a)
)
(C:\Users\aned.esquerra\AppData\Local\Programs\MiKTeX\tex/generic/pgf/basiclaye
r\pgfcoretransparency.code.tex
File: pgfcoretransparency.code.tex 2025-08-29 v3.1.11a (3.1.11a)
)
(C:\Users\aned.esquerra\AppData\Local\Programs\MiKTeX\tex/generic/pgf/basiclaye
r\pgfcorepatterns.code.tex
File: pgfcorepatterns.code.tex 2025-08-29 v3.1.11a (3.1.11a)
)
(C:\Users\aned.esquerra\AppData\Local\Programs\MiKTeX\tex/generic/pgf/basiclaye
r\pgfcorerdf.code.tex
File: pgfcorerdf.code.tex 2025-08-29 v3.1.11a (3.1.11a)
)))
(C:\Users\aned.esquerra\AppData\Local\Programs\MiKTeX\tex/generic/pgf/modules\p
gfmoduleshapes.code.tex
File: pgfmoduleshapes.code.tex 2025-08-29 v3.1.11a (3.1.11a)
\pgfnodeparttextbox=\box68
)
(C:\Users\aned.esquerra\AppData\Local\Programs\MiKTeX\tex/generic/pgf/modules\p
gfmoduleplot.code.tex
File: pgfmoduleplot.code.tex 2025-08-29 v3.1.11a (3.1.11a)
)
(C:\Users\aned.esquerra\AppData\Local\Programs\MiKTeX\tex/latex/pgf/compatibili
ty\pgfcomp-version-0-65.sty
Package: pgfcomp-version-0-65 2025-08-29 v3.1.11a (3.1.11a)
\pgf@nodesepstart=\dimen286
\pgf@nodesepend=\dimen287
)
(C:\Users\aned.esquerra\AppData\Local\Programs\MiKTeX\tex/latex/pgf/compatibili
ty\pgfcomp-version-1-18.sty
Package: pgfcomp-version-1-18 2025-08-29 v3.1.11a (3.1.11a)
))
(C:\Users\aned.esquerra\AppData\Local\Programs\MiKTeX\tex/latex/pgf/utilities\p
gffor.sty
(C:\Users\aned.esquerra\AppData\Local\Programs\MiKTeX\tex/latex/pgf/utilities\p
gfkeys.sty
(C:\Users\aned.esquerra\AppData\Local\Programs\MiKTeX\tex/generic/pgf/utilities
\pgfkeys.code.tex))
(C:\Users\aned.esquerra\AppData\Local\Programs\MiKTeX\tex/latex/pgf/math\pgfmat
h.sty
(C:\Users\aned.esquerra\AppData\Local\Programs\MiKTeX\tex/generic/pgf/math\pgfm
ath.code.tex))
(C:\Users\aned.esquerra\AppData\Local\Programs\MiKTeX\tex/generic/pgf/utilities
\pgffor.code.tex
Package: pgffor 2025-08-29 v3.1.11a (3.1.11a)
\pgffor@iter=\dimen288
\pgffor@skip=\dimen289
\pgffor@stack=\toks37
\pgffor@toks=\toks38
))
(C:\Users\aned.esquerra\AppData\Local\Programs\MiKTeX\tex/generic/pgf/frontendl
ayer/tikz\tikz.code.tex
Package: tikz 2025-08-29 v3.1.11a (3.1.11a)

(C:\Users\aned.esquerra\AppData\Local\Programs\MiKTeX\tex/generic/pgf/libraries
\pgflibraryplothandlers.code.tex
File: pgflibraryplothandlers.code.tex 2025-08-29 v3.1.11a (3.1.11a)
\pgf@plot@mark@count=\count350
\pgfplotmarksize=\dimen290
)
\tikz@lastx=\dimen291
\tikz@lasty=\dimen292
\tikz@lastxsaved=\dimen293
\tikz@lastysaved=\dimen294
\tikz@lastmovetox=\dimen295
\tikz@lastmovetoy=\dimen296
\tikzleveldistance=\dimen297
\tikzsiblingdistance=\dimen298
\tikz@figbox=\box69
\tikz@figbox@bg=\box70
\tikz@tempbox=\box71
\tikz@tempbox@bg=\box72
\tikztreelevel=\count351
\tikznumberofchildren=\count352
\tikznumberofcurrentchild=\count353
\tikz@fig@count=\count354

(C:\Users\aned.esquerra\AppData\Local\Programs\MiKTeX\tex/generic/pgf/modules\p
gfmodulematrix.code.tex
File: pgfmodulematrix.code.tex 2025-08-29 v3.1.11a (3.1.11a)
\pgfmatrixcurrentrow=\count355
\pgfmatrixcurrentcolumn=\count356
\pgf@matrix@numberofcolumns=\count357
)
\tikz@expandcount=\count358

(C:\Users\aned.esquerra\AppData\Local\Programs\MiKTeX\tex/generic/pgf/frontendl
ayer/tikz/libraries\tikzlibrarytopaths.code.tex
File: tikzlibrarytopaths.code.tex 2025-08-29 v3.1.11a (3.1.11a)
)))
(C:\Users\aned.esquerra\AppData\Local\Programs\MiKTeX\tex/generic/pgf/libraries
\pgflibraryarrows.meta.code.tex
File: pgflibraryarrows.meta.code.tex 2025-08-29 v3.1.11a (3.1.11a)
\pgfarrowinset=\dimen299
\pgfarrowlength=\dimen300
\pgfarrowwidth=\dimen301
\pgfarrowlinewidth=\dimen302
)
(C:\Users\aned.esquerra\AppData\Local\Programs\MiKTeX\tex/generic/pgf/frontendl
ayer/tikz/libraries\tikzlibrarypositioning.code.tex
File: tikzlibrarypositioning.code.tex 2025-08-29 v3.1.11a (3.1.11a)
)
(C:\Users\aned.esquerra\AppData\Local\Programs\MiKTeX\tex/generic/pgf/frontendl
ayer/tikz/libraries\tikzlibraryshapes.geometric.code.tex
File: tikzlibraryshapes.geometric.code.tex 2025-08-29 v3.1.11a (3.1.11a)

(C:\Users\aned.esquerra\AppData\Local\Programs\MiKTeX\tex/generic/pgf/libraries
/shapes\pgflibraryshapes.geometric.code.tex
File: pgflibraryshapes.geometric.code.tex 2025-08-29 v3.1.11a (3.1.11a)
))
(C:\Users\aned.esquerra\AppData\Local\Programs\MiKTeX\tex/generic/pgf/frontendl
ayer/tikz/libraries\tikzlibrarybackgrounds.code.tex
File: tikzlibrarybackgrounds.code.tex 2025-08-29 v3.1.11a (3.1.11a)
\pgf@layerbox@background=\box73
\pgf@layerboxsaved@background=\box74
)
(C:\Users\aned.esquerra\AppData\Local\Programs\MiKTeX\tex/generic/pgf/frontendl
ayer/tikz/libraries\tikzlibraryfit.code.tex
File: tikzlibraryfit.code.tex 2025-08-29 v3.1.11a (3.1.11a)
)
(C:\Users\aned.esquerra\AppData\Local\Programs\MiKTeX\tex/latex/listings\listin
gs.sty
\lst@mode=\count359
\lst@gtempboxa=\box75
\lst@token=\toks39
\lst@length=\count360
\lst@currlwidth=\dimen303
\lst@column=\count361
\lst@pos=\count362
\lst@lostspace=\dimen304
\lst@width=\dimen305
\lst@newlines=\count363
\lst@lineno=\count364
\lst@maxwidth=\dimen306

(C:\Users\aned.esquerra\AppData\Local\Programs\MiKTeX\tex/latex/listings\lstpat
ch.sty
File: lstpatch.sty 2025/11/14 1.11b (Carsten Heinz)
)
(C:\Users\aned.esquerra\AppData\Local\Programs\MiKTeX\tex/latex/listings\lstmis
c.sty
File: lstmisc.sty 2025/11/14 1.11b (Carsten Heinz)
\c@lstnumber=\count365
\lst@skipnumbers=\count366
\lst@framebox=\box76
)
(C:\Users\aned.esquerra\AppData\Local\Programs\MiKTeX\tex/latex/listings\listin
gs.cfg
File: listings.cfg 2025/11/14 1.11b listings configuration
))
Package: listings 2025/11/14 1.11b (Carsten Heinz)
 (main.aux

Package babel Info: The following font families will use the default
(babel)             settings for all or some languages:
(babel)             * \sffamily = lmss
(babel)               "[lmsans10-regular]:mapping=tex-text;" at 10.95pt
(babel)             * \ttfamily = lmtt
(babel)               "[lmmono10-regular]:" at 10.95pt
(babel)             There is nothing intrinsically wrong with it, but
(babel)             'babel' will no set Script and Language, which could
(babel)             be relevant in some languages. If your document uses
(babel)             these families, consider redefining them with \babelfont.
(babel)             Reported on input line 3.

)
\openout1 = `main.aux'.

LaTeX Font Info:    Checking defaults for OML/cmm/m/it on input line 79.
LaTeX Font Info:    ... okay on input line 79.
LaTeX Font Info:    Checking defaults for OMS/cmsy/m/n on input line 79.
LaTeX Font Info:    ... okay on input line 79.
LaTeX Font Info:    Checking defaults for OT1/cmr/m/n on input line 79.
LaTeX Font Info:    ... okay on input line 79.
LaTeX Font Info:    Checking defaults for T1/cmr/m/n on input line 79.
LaTeX Font Info:    ... okay on input line 79.
LaTeX Font Info:    Checking defaults for TS1/cmr/m/n on input line 79.
LaTeX Font Info:    ... okay on input line 79.
LaTeX Font Info:    Checking defaults for TU/lmr/m/n on input line 79.
LaTeX Font Info:    ... okay on input line 79.
LaTeX Font Info:    Checking defaults for OMX/cmex/m/n on input line 79.
LaTeX Font Info:    ... okay on input line 79.
LaTeX Font Info:    Checking defaults for U/cmr/m/n on input line 79.
LaTeX Font Info:    ... okay on input line 79.
LaTeX Font Info:    Checking defaults for PD1/pdf/m/n on input line 79.
LaTeX Font Info:    ... okay on input line 79.
LaTeX Font Info:    Checking defaults for PU/pdf/m/n on input line 79.
LaTeX Font Info:    ... okay on input line 79.

*geometry* driver: auto-detecting
*geometry* detected driver: xetex
*geometry* verbose mode - [ preamble ] result:
* driver: xetex
* paper: a4paper
* layout: <same size as paper>
* layoutoffset:(h,v)=(0.0pt,0.0pt)
* modes: 
* h-part:(L,W,R)=(56.9055pt, 483.69687pt, 56.9055pt)
* v-part:(T,H,B)=(71.13188pt, 702.78308pt, 71.13188pt)
* \paperwidth=597.50787pt
* \paperheight=845.04684pt
* \textwidth=483.69687pt
* \textheight=702.78308pt
* \oddsidemargin=-15.36449pt
* \evensidemargin=-15.36449pt
* \topmargin=-38.1381pt
* \headheight=12.0pt
* \headsep=25.0pt
* \topskip=11.0pt
* \footskip=30.0pt
* \marginparwidth=50.0pt
* \marginparsep=10.0pt
* \columnsep=10.0pt
* \skip\footins=10.0pt plus 4.0pt minus 2.0pt
* \hoffset=0.0pt
* \voffset=0.0pt
* \mag=1000
* \@twocolumnfalse
* \@twosidefalse
* \@mparswitchfalse
* \@reversemarginfalse
* (1in=72.27pt=25.4mm, 1cm=28.453pt)


Package fontspec Info: 
(fontspec)             Adjusting the maths setup (use [no-math] to avoid
(fontspec)             this).

\symlegacymaths=\mathgroup6
LaTeX Font Info:    Overwriting symbol font `legacymaths' in version `bold'
(Font)                  OT1/cmr/m/n --> OT1/cmr/bx/n on input line 79.
LaTeX Font Info:    Redeclaring math accent \acute on input line 79.
LaTeX Font Info:    Redeclaring math accent \grave on input line 79.
LaTeX Font Info:    Redeclaring math accent \ddot on input line 79.
LaTeX Font Info:    Redeclaring math accent \tilde on input line 79.
LaTeX Font Info:    Redeclaring math accent \bar on input line 79.
LaTeX Font Info:    Redeclaring math accent \breve on input line 79.
LaTeX Font Info:    Redeclaring math accent \check on input line 79.
LaTeX Font Info:    Redeclaring math accent \hat on input line 79.
LaTeX Font Info:    Redeclaring math accent \dot on input line 79.
LaTeX Font Info:    Redeclaring math accent \mathring on input line 79.
LaTeX Font Info:    Redeclaring math symbol \Gamma on input line 79.
LaTeX Font Info:    Redeclaring math symbol \Delta on input line 79.
LaTeX Font Info:    Redeclaring math symbol \Theta on input line 79.
LaTeX Font Info:    Redeclaring math symbol \Lambda on input line 79.
LaTeX Font Info:    Redeclaring math symbol \Xi on input line 79.
LaTeX Font Info:    Redeclaring math symbol \Pi on input line 79.
LaTeX Font Info:    Redeclaring math symbol \Sigma on input line 79.
LaTeX Font Info:    Redeclaring math symbol \Upsilon on input line 79.
LaTeX Font Info:    Redeclaring math symbol \Phi on input line 79.
LaTeX Font Info:    Redeclaring math symbol \Psi on input line 79.
LaTeX Font Info:    Redeclaring math symbol \Omega on input line 79.
LaTeX Font Info:    Redeclaring math symbol \mathdollar on input line 79.
LaTeX Font Info:    Redeclaring symbol font `operators' on input line 79.
LaTeX Font Info:    Encoding `OT1' has changed to `TU' for symbol font
(Font)              `operators' in the math version `normal' on input line 79.
LaTeX Font Info:    Overwriting symbol font `operators' in version `normal'
(Font)                  OT1/cmr/m/n --> TU/NotoSans(0)/m/n on input line 79.
LaTeX Font Info:    Encoding `OT1' has changed to `TU' for symbol font
(Font)              `operators' in the math version `bold' on input line 79.
LaTeX Font Info:    Overwriting symbol font `operators' in version `bold'
(Font)                  OT1/cmr/bx/n --> TU/NotoSans(0)/m/n on input line 79.
LaTeX Font Info:    Overwriting symbol font `operators' in version `normal'
(Font)                  TU/NotoSans(0)/m/n --> TU/NotoSans(0)/m/n on input line
 79.
LaTeX Font Info:    Overwriting math alphabet `\mathit' in version `normal'
(Font)                  OT1/cmr/m/it --> TU/NotoSans(0)/m/it on input line 79.
LaTeX Font Info:    Overwriting math alphabet `\mathbf' in version `normal'
(Font)                  OT1/cmr/bx/n --> TU/NotoSans(0)/b/n on input line 79.
LaTeX Font Info:    Overwriting math alphabet `\mathsf' in version `normal'
(Font)                  OT1/cmss/m/n --> TU/lmss/m/n on input line 79.
LaTeX Font Info:    Overwriting math alphabet `\mathtt' in version `normal'
(Font)                  OT1/cmtt/m/n --> TU/lmtt/m/n on input line 79.
LaTeX Font Info:    Overwriting symbol font `operators' in version `bold'
(Font)                  TU/NotoSans(0)/m/n --> TU/NotoSans(0)/b/n on input line
 79.
LaTeX Font Info:    Overwriting math alphabet `\mathit' in version `bold'
(Font)                  OT1/cmr/bx/it --> TU/NotoSans(0)/b/it on input line 79.

LaTeX Font Info:    Overwriting math alphabet `\mathsf' in version `bold'
(Font)                  OT1/cmss/bx/n --> TU/lmss/b/n on input line 79.
LaTeX Font Info:    Overwriting math alphabet `\mathtt' in version `bold'
(Font)                  OT1/cmtt/m/n --> TU/lmtt/b/n on input line 79.
Package hyperref Info: Link coloring ON on input line 79.
(main.out) (main.out)
\@outlinefile=\write4
\openout4 = `main.out'.

\c@lstlisting=\count367
Package babel Info: Main language set to 'english'.
 (main.toc)
\tf@toc=\write5
\openout5 = `main.toc'.

 [1

]
Overfull \hbox (3.2377pt too wide) in paragraph at lines 92--93
[]\TU/NotoSans(0)/b/n/10.95 Prerequisite skills: \TU/NotoSans(0)/m/n/10.95 inte
rmediate Python, solid SQL fundamentals, Git workflows, Linux/CLI
 []


Overfull \hbox (13.34552pt too wide) in paragraph at lines 111--112
\TU/NotoSans(0)/m/it/10.95 Objective: Master the WiredTiger engine, document da
ta modeling patterns, and relational-to-document
 []


Overfull \hbox (199.87259pt too wide) in paragraph at lines 120--121
[]\TU/NotoSans(0)/b/n/10.95 Thursday: []Hands-on Project:[] \TU/NotoSans(0)/m/n
/10.95 Configure a local WiredTiger deployment. Modify \TU/lmtt/m/n/10.95 stora
ge.wiredTiger.engineConfig.cacheSizeGB\TU/NotoSans(0)/m/n/10.95 ,
 []


Overfull \hbox (102.7194pt too wide) in paragraph at lines 120--121
\TU/NotoSans(0)/m/n/10.95 generate 10 million inserts using \TU/lmtt/m/n/10.95 
mgeneratejs\TU/NotoSans(0)/m/n/10.95 , and analyze eviction metrics via \TU/lmt
t/m/n/10.95 db.serverStatus().wiredTiger\TU/NotoSans(0)/m/n/10.95 . 
 []

[2]
LaTeX Font Info:    Trying to load font information for U+msa on input line 123
.

(C:\Users\aned.esquerra\AppData\Local\Programs\MiKTeX\tex/latex/amsfonts\umsa.f
d
File: umsa.fd 2013/01/14 v3.01 AMS symbols A
)
LaTeX Font Info:    Trying to load font information for U+msb on input line 123
.

(C:\Users\aned.esquerra\AppData\Local\Programs\MiKTeX\tex/latex/amsfonts\umsb.f
d
File: umsb.fd 2013/01/14 v3.01 AMS symbols B
)
Overfull \hbox (10.10698pt too wide) in paragraph at lines 123--130
[]\TU/NotoSans(0)/b/n/10.95 Resources:[] \TU/NotoSans(0)/m/n/10.95 MongoDB Wire
dTiger documentation ([][]$[][][][][] [] [] [] [][][] [] [][][][][][][] [] [][]
[] [] [][][][] [] [][][][][][] [] [][][][] []$
 []


Overfull \hbox (82.33646pt too wide) in paragraph at lines 123--130
$[][][][][][][][][][][]$[][]\TU/NotoSans(0)/m/n/10.95 ); Data Engineering Zoomc
amp ([][]$[][][][][] [] [] [] [][][][][][] [] [][][] [] [][][][][][][][][][][][
][] [] [][][][][][][][][][][][][][][][][][][][][][][][][][][]$[][]).
 []


Overfull \hbox (7.83887pt too wide) in paragraph at lines 136--137
\TU/NotoSans(0)/m/n/10.95 sioning Patterns. \TU/NotoSans(0)/b/n/10.95 Modeling 
for analytics: \TU/NotoSans(0)/m/n/10.95 star-schema-style collections and read
-optimized
 []


Overfull \hbox (1.9958pt too wide) in paragraph at lines 136--137
\TU/NotoSans(0)/m/n/10.95 views for the Atlas SQL Interface / BI Connector, gra
in declaration for aggregation pipelines,
 []


(C:\Users\aned.esquerra\AppData\Local\Programs\MiKTeX\tex/latex/listings\lstlan
g1.sty
File: lstlang1.sty 2025/11/14 1.11b listings language file
)
LaTeX Font Info:    Font shape `TU/lmtt/bx/n' in size <9> not available
(Font)              Font shape `TU/lmtt/b/n' tried instead on input line 140.
 [3]
Overfull \hbox (5.27806pt too wide) in paragraph at lines 161--162
[]\TU/NotoSans(0)/b/n/10.95 Friday: []Real-World Architecture:[] \TU/NotoSans(0
)/m/n/10.95 Design an IoT device metrics schema processing 100,000
 []


Overfull \hbox (62.50586pt too wide) in paragraph at lines 163--170
$[][][][] [] [][][][][][][][][][][][][][][][][][][][][][][][][][][][][][][][][]
[][][]$[][]\TU/NotoSans(0)/m/n/10.95 ); Data Engineer Handbook ([][]$[][][][][]
 [] [] [] [][][][][][] [] [][][] [] [][][][][][][][][][][][][][] []$
 []


Overfull \hbox (8.12239pt too wide) in paragraph at lines 178--179
\TU/NotoSans(0)/m/n/10.95 Restrict document sizes, mandate required fields, and
 use \TU/lmtt/m/n/10.95 $jsonSchema \TU/NotoSans(0)/m/n/10.95 in \TU/lmtt/m/n/1
0.95 createCollection\TU/NotoSans(0)/m/n/10.95 . 
 []

[4]
Overfull \hbox (0.88312pt too wide) in paragraph at lines 204--211
$[][][][] [] [][][][][][][][][][][][][][][][][][][]$[][]\TU/NotoSans(0)/m/n/10.
95 ); Data Engineering Zoomcamp ([][]$[][][][][] [] [] [] [][][][][][] [] [][][
] [] [][][][][][][][][][][][][] []$
 []


Overfull \hbox (0.91173pt too wide) in paragraph at lines 217--218
[]\TU/NotoSans(0)/b/n/10.95 Monday: \TU/NotoSans(0)/m/n/10.95 Analyzing RDBMS s
chemas: Identifying Third Normal Form (3NF) tables to merge
 []


Overfull \hbox (1.99573pt too wide) in paragraph at lines 218--219
[]\TU/NotoSans(0)/b/n/10.95 Tuesday: \TU/NotoSans(0)/m/n/10.95 MongoDB Relation
al Migrator: Mapping, transformation rules, and CDC (Change
 []


Overfull \hbox (49.30792pt too wide) in paragraph at lines 223--230
[]\TU/NotoSans(0)/b/n/10.95 Resources:[] \TU/NotoSans(0)/m/n/10.95 MongoDB Rela
tional Migrator docs ([][]$[][][][][] [] [] [] [][][] [] [][][][][][][] [] [][]
[] [] [][][][] [] [][][][][][][][][][][][][][][][][][][][][]$[][]);
 []


Overfull \hbox (0.1153pt too wide) in paragraph at lines 223--230
\TU/NotoSans(0)/m/n/10.95 Data Engineer Handbook ([][]$[][][][][] [] [] [] [][]
[][][][] [] [][][] [] [][][][][][][][][][][][][][] [] [][][][][][][][][][][][][
][][][][][][][][][][][]$[][]).   []\TU/NotoSans(0)/b/n/10.95 Self-
 []

[5]
Overfull \hbox (481.5622pt too wide) in paragraph at lines 233--242
[]     []
 []


LaTeX Warning: `h' float specifier changed to `ht'.


LaTeX Warning: `h' float specifier changed to `ht'.

[6]
Overfull \hbox (5.72437pt too wide) in paragraph at lines 311--312
\TU/NotoSans(0)/m/n/10.95 bility targets, design shard keys and refine them liv
e, implement zone sharding for data-residency
 []


Overfull \hbox (5.60753pt too wide) in paragraph at lines 318--319
[]\TU/NotoSans(0)/b/n/10.95 Wednesday: \TU/NotoSans(0)/m/n/10.95 Write Concerns
 (\TU/lmtt/m/n/10.95 w:1\TU/NotoSans(0)/m/n/10.95 , \TU/lmtt/m/n/10.95 w:majori
ty\TU/NotoSans(0)/m/n/10.95 , \TU/lmtt/m/n/10.95 j:true\TU/NotoSans(0)/m/n/10.9
5 ) and Read Concerns (\TU/lmtt/m/n/10.95 local\TU/NotoSans(0)/m/n/10.95 , \TU/
lmtt/m/n/10.95 majority\TU/NotoSans(0)/m/n/10.95 ,
 []


Overfull \hbox (54.15614pt too wide) in paragraph at lines 319--320
\TU/NotoSans(0)/m/n/10.95 firewall-based partition equivalent is \TU/lmtt/m/n/1
0.95 netsh advfirewall \TU/NotoSans(0)/m/n/10.95 (block the mongod port inbound
/outbound);
 []


Overfull \hbox (1.97113pt too wide) in paragraph at lines 322--329
[]\TU/NotoSans(0)/b/n/10.95 Resources:[] \TU/NotoSans(0)/m/n/10.95 MongoDB Repl
ication docs ([][]$[][][][][] [] [] [] [][][] [] [][][][][][][] [] [][][] [] []
[][][] [] [][][][][][] [] [][][][][][][][][][][][]$[][]);
 []


Overfull \hbox (10.66628pt too wide) in paragraph at lines 322--329
\TU/NotoSans(0)/m/n/10.95 Data Engineering Zoomcamp ([][]$[][][][][] [] [] [] [
][][][][][] [] [][][] [] [][][][][][][][][][][][][] [] [][][][][][][][][][][][]
[][][][][][][][][][][][][][][]$[][]).
 []

[7]
Overfull \hbox (0.51723pt too wide) in paragraph at lines 341--348
[]\TU/NotoSans(0)/b/n/10.95 Resources:[] \TU/NotoSans(0)/m/n/10.95 MongoDB Shar
ding docs ([][]$[][][][][] [] [] [] [][][] [] [][][][][][][] [] [][][] [] [][][
][] [] [][][][][][] [] [][][][][][][][][]$[][]); Data
 []


Overfull \hbox (8.80592pt too wide) in paragraph at lines 341--348
\TU/NotoSans(0)/m/n/10.95 Engineer Handbook ([][]$[][][][][] [] [] [] [][][][][
][] [] [][][] [] [][][][][][][][][][][][][][] [] [][][][][][][][][][][][][][][]
[][][][][][][][][]$[][]).   []\TU/NotoSans(0)/b/n/10.95 Self-check:[] 
 []


Overfull \hbox (1.35524pt too wide) in paragraph at lines 352--353
\TU/NotoSans(0)/m/n/10.95 with \TU/lmtt/m/n/10.95 refineCollectionShardKey\TU/N
otoSans(0)/m/n/10.95 , distinguish targeted from scatter-gather queries via \TU
/lmtt/m/n/10.95 explain()\TU/NotoSans(0)/m/n/10.95 . 
 []

[8]
Overfull \hbox (87.03792pt too wide) in paragraph at lines 360--367
[]\TU/NotoSans(0)/b/n/10.95 Resources:[] \TU/NotoSans(0)/m/n/10.95 MongoDB shar
d key guidance ([][]$[][][][][] [] [] [] [][][] [] [][][][][][][] [] [][][] [] 
[][][][] [] [][][][][][] [] [][][][] [] [][][][][][][][][][][][][][][][][][][][
][]$[][]);
 []


Overfull \hbox (10.66628pt too wide) in paragraph at lines 360--367
\TU/NotoSans(0)/m/n/10.95 Data Engineering Zoomcamp ([][]$[][][][][] [] [] [] [
][][][][][] [] [][][] [] [][][][][][][][][][][][][] [] [][][][][][][][][][][][]
[][][][][][][][][][][][][][][]$[][]).
 []


Overfull \hbox (108.4667pt too wide) in paragraph at lines 378--385
$[][][][][] [] [][][][][][][][][][][][][][][][][]$[][]\TU/NotoSans(0)/m/n/10.95
 ); Data Engineer Handbook ([][]$[][][][][] [] [] [] [][][][][][] [] [][][] [] 
[][][][][][][][][][][][][][] [] [][][][][][][][][][][][][][][][][][][][][][][][
]$[][]).
 []


Overfull \hbox (481.5622pt too wide) in paragraph at lines 387--396
[]     []
 []

[9]
Overfull \hbox (97.46706pt too wide) in paragraph at lines 413--414
[]\TU/NotoSans(0)/b/n/10.95 Pitfall: \TU/NotoSans(0)/m/n/10.95 measuring scatte
r-gather only by latency hides cost — count shards hit in \TU/lmtt/m/n/10.95 ex
plain("executionStats")\TU/NotoSans(0)/m/n/10.95 . 
 []


LaTeX Warning: `h' float specifier changed to `ht'.


LaTeX Warning: `h' float specifier changed to `ht'.


Overfull \hbox (8.38939pt too wide) in paragraph at lines 461--461
[]\TU/NotoSans(0)/b/n/14.4 Milestone 3: Aggregation Framework, Indexes & Perfor
mance Tun-
 []

[10]
Overfull \hbox (18.877pt too wide) in paragraph at lines 474--481
[]\TU/NotoSans(0)/b/n/10.95 Resources:[] \TU/NotoSans(0)/m/n/10.95 MongoDB inde
xing docs & ESR rule ([][]$[][][][][] [] [] [] [][][] [] [][][][][][][] [] [][]
[] [] [][][][] [] [][][][][][] [] [][][][][][][][] []$
 []


Overfull \hbox (13.38062pt too wide) in paragraph at lines 474--481
$[][][][][][][][][][][][][][][][][][][][][][][][][][][][]$[][]\TU/NotoSans(0)/m
/n/10.95 ); Data Engineering Zoomcamp ([][]$[][][][][] [] [] [] [][][][][][] []
 [][][] [] [][][][][][][][][][][][][] []$
 []

[11]
Overfull \hbox (41.1877pt too wide) in paragraph at lines 489--490
[]\TU/NotoSans(0)/b/n/10.95 Wednesday: \TU/NotoSans(0)/m/n/10.95 Joins in Mongo
DB: \TU/lmtt/m/n/10.95 $lookup \TU/NotoSans(0)/m/n/10.95 (Uncorrelated, Correla
ted, Subqueries) and \TU/lmtt/m/n/10.95 $graphLookup\TU/NotoSans(0)/m/n/10.95 .
 
 []


Overfull \hbox (4.66847pt too wide) in paragraph at lines 520--527
[]\TU/NotoSans(0)/b/n/10.95 Resources:[] \TU/NotoSans(0)/m/n/10.95 MongoDB aggr
egation pipeline docs ([][]$[][][][][] [] [] [] [][][] [] [][][][][][][] [] [][
][] [] [][][][] [] [][][][][][] [] [][][][] []$
 []


Overfull \hbox (102.71796pt too wide) in paragraph at lines 520--527
$[][][][][][][][][][][][][][][][][][][][][][]$[][]\TU/NotoSans(0)/m/n/10.95 ); 
Data Engineer Handbook ([][]$[][][][][] [] [] [] [][][][][][] [] [][][] [] [][]
[][][][][][][][][][][][] [] [][][][][][][][][][][][][][][][][][][][][][][][]$[]
[]).
 []

[12]
Overfull \hbox (89.6268pt too wide) in paragraph at lines 532--533
[]\TU/NotoSans(0)/b/n/10.95 Monday: \TU/NotoSans(0)/m/n/10.95 Window Functions:
 \TU/lmtt/m/n/10.95 $setWindowFields\TU/NotoSans(0)/m/n/10.95 , \TU/lmtt/m/n/10
.95 $denseRank\TU/NotoSans(0)/m/n/10.95 , \TU/lmtt/m/n/10.95 $derivative\TU/Not
oSans(0)/m/n/10.95 , and \TU/lmtt/m/n/10.95 $exponentialMovingAverage\TU/NotoSa
ns(0)/m/n/10.95 . 
 []


Overfull \hbox (19.96196pt too wide) in paragraph at lines 538--545
[]\TU/NotoSans(0)/b/n/10.95 Resources:[] \TU/NotoSans(0)/m/n/10.95 MongoDB $set
WindowFields docs ([][]$[][][][][] [] [] [] [][][] [] [][][][][][][] [] [][][] 
[] [][][][] [] [][][][][][] [] [][][][][][][][][] []$
 []


Underfull \hbox (badness 3407) in paragraph at lines 546--546
[][]\TU/NotoSans(0)/b/n/10.95 Production Note:[] \TU/NotoSans(0)/m/it/10.95 Pip
elines that exceed the 100MB per-stage RAM limit abort unless
 []


Overfull \hbox (27.48926pt too wide) in paragraph at lines 551--552
[]\TU/NotoSans(0)/b/n/10.95 Monday: \TU/NotoSans(0)/m/n/10.95 Database Profiler
 (\TU/lmtt/m/n/10.95 db.setProfilingLevel\TU/NotoSans(0)/m/n/10.95 ), System Pr
ofile Collection (\TU/lmtt/m/n/10.95 system.profile\TU/NotoSans(0)/m/n/10.95 ).
 
 []


Overfull \hbox (19.003pt too wide) in paragraph at lines 553--554
[]\TU/NotoSans(0)/b/n/10.95 Wednesday: \TU/NotoSans(0)/m/n/10.95 Identifying bo
ttlenecks: WiredTiger tickets, Slow Logs, Index Stats (\TU/lmtt/m/n/10.95 $inde
xStats\TU/NotoSans(0)/m/n/10.95 ). 
 []


Overfull \hbox (12.25534pt too wide) in paragraph at lines 554--555
[]\TU/NotoSans(0)/b/n/10.95 Thursday: []Hands-on Project:[] \TU/NotoSans(0)/m/n
/10.95 Profile an un-optimized database. Identify unindexed queries,
 []


Overfull \hbox (12.19844pt too wide) in paragraph at lines 557--564
[]\TU/NotoSans(0)/b/n/10.95 Resources:[] \TU/NotoSans(0)/m/n/10.95 MongoDB data
base profiler & explain() docs ([][]$[][][][][] [] [] [] [][][] [] [][][][][][]
[] [] [][][] [] [][][][] [] [][][][][][] []$
 []


Overfull \hbox (0.19223pt too wide) in paragraph at lines 557--564
$[][][][][][][][] [] [][][][][][][][][][][][][][][][][][][][][][][][][][][][][]
[][][]$[][]\TU/NotoSans(0)/m/n/10.95 ); DuckDB repo for analytical benchmarking
 compar-
 []

[13]
Overfull \hbox (481.5622pt too wide) in paragraph at lines 566--575
[]     []
 []

[14]
Overfull \hbox (6.14043pt too wide) in paragraph at lines 648--649
\TU/NotoSans(0)/b/n/10.95 Learning outcomes: \TU/NotoSans(0)/m/n/10.95 build At
las Search indexes with custom analyzers, implement Hybrid Search
 []


Overfull \hbox (3.55989pt too wide) in paragraph at lines 648--649
\TU/NotoSans(0)/m/n/10.95 (BM25 + vectors), author windowed Atlas Stream Proces
sing pipelines, consume Change Streams
 []


Overfull \hbox (2.24583pt too wide) in paragraph at lines 653--654
[]\TU/NotoSans(0)/b/n/10.95 Monday: \TU/NotoSans(0)/m/n/10.95 Atlas Search Arch
itecture: Apache Lucene integration and \TU/lmtt/m/n/10.95 $search \TU/NotoSans
(0)/m/n/10.95 pipeline stage. 
 []

[15]
Overfull \hbox (34.83214pt too wide) in paragraph at lines 669--670
\TU/NotoSans(0)/b/n/10.95 Outcomes: \TU/NotoSans(0)/m/n/10.95 explain embedding
s and distance metrics, create HNSW vector indexes, run \TU/lmtt/m/n/10.95 $vec
torSearch
 []


Overfull \hbox (22.86093pt too wide) in paragraph at lines 677--684
[]\TU/NotoSans(0)/b/n/10.95 Resources:[] \TU/NotoSans(0)/m/n/10.95 Atlas Vector
 Search docs ([][]$[][][][][] [] [] [] [][][] [] [][][][][][][] [] [][][] [] []
[][][] [] [][][][][] [] [][][][][][][][][][][][][][][][][][][][][] []$
 []


Overfull \hbox (114.71545pt too wide) in paragraph at lines 677--684
$[][][][][][][][][][][][][][][][][][][][][][][][][]$[][]\TU/NotoSans(0)/m/n/10.
95 ); Data Engineer Handbook ([][]$[][][][][] [] [] [] [][][][][][] [] [][][] [
] [][][][][][][][][][][][][][] [] [][][][][][][][][][][][][][][][][][][][][][][
][]$[][]).
 []


Overfull \hbox (5.18048pt too wide) in paragraph at lines 687--688
\TU/NotoSans(0)/m/n/10.95 tumbling/hopping window aggregations, manage window/c
heckpoint state growth, join streams
 []

[16]
(C:\Users\aned.esquerra\AppData\Local\Programs\MiKTeX\tex/latex/listings\lstlan
g1.sty
File: lstlang1.sty 2025/11/14 1.11b listings language file
)
Overfull \hbox (77.16197pt too wide) in paragraph at lines 709--716
[]\TU/NotoSans(0)/b/n/10.95 Resources:[] \TU/NotoSans(0)/m/n/10.95 Atlas Stream
 Processing docs ([][]$[][][][][] [] [] [] [][][] [] [][][][][][][] [] [][][] [
] [][][][] [] [][][][][] [] [][][][][][][][][][][][][][][][][][][][][][][][][][
]$[][]);
 []


Overfull \hbox (481.5622pt too wide) in paragraph at lines 717--719
[]     []
 []

[17]
Overfull \hbox (40.00414pt too wide) in paragraph at lines 750--757
[]\TU/NotoSans(0)/b/n/10.95 Resources:[] \TU/NotoSans(0)/m/n/10.95 MongoDB Chan
ge Streams docs ([][]$[][][][][] [] [] [] [][][] [] [][][][][][][] [] [][][] []
 [][][][] [] [][][][][][] [] [][][][][][][][][][][][][][]$[][]);
 []


Overfull \hbox (10.66628pt too wide) in paragraph at lines 750--757
\TU/NotoSans(0)/m/n/10.95 Data Engineering Zoomcamp ([][]$[][][][][] [] [] [] [
][][][][][] [] [][][] [] [][][][][][][][][][][][][] [] [][][][][][][][][][][][]
[][][][][][][][][][][][][][][]$[][]).
 []

[18]
Underfull \hbox (badness 6510) in paragraph at lines 766--766
[]\TU/NotoSans(0)/m/n/10.95 Dev/test, small apps,
 []


Underfull \hbox (badness 7832) in paragraph at lines 766--767
[]\TU/NotoSans(0)/m/n/10.95 5GB storage cap; lim-
 []


Underfull \hbox (badness 10000) in paragraph at lines 768--768
[]\TU/NotoSans(0)/m/n/10.95 Baseline production:
 []


Underfull \hbox (badness 3838) in paragraph at lines 768--768
\TU/NotoSans(0)/m/n/10.95 full metrics, backups,
 []


Underfull \hbox (badness 10000) in paragraph at lines 768--769
[]\TU/NotoSans(0)/m/n/10.95 Paying for idle capac-
 []


Underfull \hbox (badness 10000) in paragraph at lines 768--769
\TU/NotoSans(0)/m/n/10.95 ity off-peak; limited
 []


Underfull \hbox (badness 10000) in paragraph at lines 769--769
[]\TU/NotoSans(0)/m/n/10.95 Sharded/heavy work-
 []


Underfull \hbox (badness 3209) in paragraph at lines 769--769
\TU/NotoSans(0)/m/n/10.95 loads, NVMe storage,
 []


Underfull \hbox (badness 10000) in paragraph at lines 769--770
[]\TU/NotoSans(0)/m/n/10.95 Cost scales fast multi-
 []


Overfull \hbox (99.71712pt too wide) in paragraph at lines 762--772
 [] 
 []


Overfull \hbox (481.5622pt too wide) in paragraph at lines 774--783
[]     []
 []

[19] [20]
Overfull \hbox (9.16997pt too wide) in paragraph at lines 858--859
\TU/NotoSans(0)/m/n/10.95 per collection and action, restrict service accounts 
to specific pipeline stages, detect authorization-
 []


Overfull \hbox (3.51237pt too wide) in paragraph at lines 860--861
[]\TU/NotoSans(0)/b/n/10.95 Monday: \TU/NotoSans(0)/m/n/10.95 Authentication Me
chanisms: SCRAM-SHA-256, x.509 Certificates, LDAP, Kerberos,
 []


Overfull \hbox (7.55203pt too wide) in paragraph at lines 863--864
\TU/NotoSans(0)/m/n/10.95 custom RBAC roles using \TU/lmtt/m/n/10.95 grantPrivi
legesToRole \TU/NotoSans(0)/m/n/10.95 to restrict a service user to specific pi
peline
 []


Overfull \hbox (64.11935pt too wide) in paragraph at lines 866--873
$[][][][][][][][][][][][][][] [] [][][][][][][][][][][][][][][][][][][][]$[][]\
TU/NotoSans(0)/m/n/10.95 ); Data Engineering Zoomcamp ([][]$[][][][][] [] [] []
 [][][][][][] [] [][][] [] [][][][][][][][][][][][][] []$
 []

[21]
Overfull \hbox (38.01086pt too wide) in paragraph at lines 885--892
$[][][][][][] [] [][][][] [] [][][][][][][][][][][][][][][][][][][][][][]$[][]\
TU/NotoSans(0)/m/n/10.95 ); Data Engineer Handbook ([][]$[][][][][] [] [] [] []
[][][][][] [] [][][] [] [][][][][][][][][][][][][][] []$
 []


Overfull \hbox (481.5622pt too wide) in paragraph at lines 893--895
[]     []
 []

[22]
Overfull \hbox (9.53992pt too wide) in paragraph at lines 905--912
$[][][][][][][][][][][][][][][][][][][][][][][][][][][][]$[][]\TU/NotoSans(0)/m
/n/10.95 ); MongoDB auditing docs ([][]$[][][][][] [] [] [] [][][] [] [][][][][
][][] [] [][][] [] [][][][] [] [][][][][][] []$
 []


Overfull \hbox (7.25732pt too wide) in paragraph at lines 916--917
\TU/NotoSans(0)/b/n/10.95 Outcomes: \TU/NotoSans(0)/m/n/10.95 configure Atlas O
nline Archive with partition-aligned date keys, run federated queries
 []

[23]
Overfull \hbox (481.5622pt too wide) in paragraph at lines 934--943
[]     []
 []

[24] [25]
Overfull \hbox (3.90662pt too wide) in paragraph at lines 1023--1024
[]\TU/NotoSans(0)/b/n/10.95 Tuesday: \TU/NotoSans(0)/m/n/10.95 Managing Databas
e Access, Private Endpoints, and Search Indexes via Terraform. 
 []

[26]
Overfull \hbox (32.14569pt too wide) in paragraph at lines 1056--1063
[]\TU/NotoSans(0)/b/n/10.95 Resources:[] \TU/NotoSans(0)/m/n/10.95 MongoDB Atla
s Terraform provider registry ([][]$[][][][][] [] [] [] [][][][][][][][] [] [][
][][][][][][][] [] [][] [] [][][][][][][][][] []$
 []


Overfull \hbox (52.12186pt too wide) in paragraph at lines 1056--1063
$[][][][][][][] [] [][][][][][][][][][][][] [] [][][][][][] [] [][][][]$[][]\TU
/NotoSans(0)/m/n/10.95 ); Data Engineering Zoomcamp ([][]$[][][][][] [] [] [] [
][][][][][] [] [][][] [] [][][][][][][][][][][][][] []$
 []


Overfull \hbox (481.5622pt too wide) in paragraph at lines 1064--1066
[]     []
 []


Overfull \hbox (11.91736pt too wide) in paragraph at lines 1070--1071
[]\TU/NotoSans(0)/b/n/10.95 Monday: \TU/NotoSans(0)/m/n/10.95 MongoDB Kubernete
s Operator Architecture: Custom Resource Definitions (CRDs). 
 []


Overfull \hbox (59.48047pt too wide) in paragraph at lines 1076--1083
[]\TU/NotoSans(0)/b/n/10.95 Resources:[] \TU/NotoSans(0)/m/n/10.95 MongoDB Kube
rnetes Operator docs ([][]$[][][][][] [] [] [] [][][] [] [][][][][][][] [] [][]
[] [] [][][][] [] [][][][][][][][][][][][][][][][][][][][][]$[][]);
 []

[27]
Overfull \hbox (46.20274pt too wide) in paragraph at lines 1094--1101
[]\TU/NotoSans(0)/b/n/10.95 Resources:[] \TU/NotoSans(0)/m/n/10.95 Atlas monito
ring & alerts docs ([][]$[][][][][] [] [] [] [][][] [] [][][][][][][] [] [][][]
 [] [][][][] [] [][][][][] [] [][][][][][][][][][][][][][][][][][][]$[][]);
 []

[28]
Overfull \hbox (481.5622pt too wide) in paragraph at lines 1122--1131
[]     []
 []

[29] [30]
Overfull \hbox (7.0602pt too wide) in paragraph at lines 1203--1204
\TU/NotoSans(0)/m/n/10.95 MongoDB’s default storage engine providing document-l
evel concurrency control, com-
 []


Overfull \hbox (3.22313pt too wide) in paragraph at lines 1220--1221
\TU/NotoSans(0)/m/n/10.95 A resumable, ordered stream of real-time data change 
events on a collection, database,
 []

[31]
Overfull \hbox (5.78271pt too wide) in paragraph at lines 1227--1228
   [] \TU/NotoSans(0)/m/n/10.95 Point-In-Time Recovery: restoring a cluster to 
any second within the continuous-backup
 []


Underfull \hbox (badness 7486) in paragraph at lines 1242--1243
[]\TU/NotoSans(0)/m/n/10.95 Least-privilege roles, secrets manage-
 []


Underfull \hbox (badness 3895) in paragraph at lines 1244--1245
[]\TU/NotoSans(0)/m/n/10.95 README quality, architecture diagram,
 []

[32] [33] [34] [35] [36]
Overfull \hbox (10.71928pt too wide) in paragraph at lines 1488--1489
[]\TU/NotoSans(0)/b/n/10.95 MongoDB Atlas sample datasets \TU/NotoSans(0)/m/n/1
0.95 — loadable free from the Atlas UI (“Load Sample Dataset”):
 []


Overfull \hbox (0.24445pt too wide) in paragraph at lines 1488--1489
\TU/lmtt/m/n/10.95 sample_mflix \TU/NotoSans(0)/m/n/10.95 (movies/comments; Wee
ks 9–13 aggregation and search), \TU/lmtt/m/n/10.95 sample_analytics
 []


Overfull \hbox (7.8668pt too wide) in paragraph at lines 1489--1490
[]\TU/NotoSans(0)/b/n/10.95 Olist Brazilian e-commerce dataset \TU/NotoSans(0)/
m/n/10.95 (Kaggle: [][]$[][][][][] [] [] [] [][][] [] [][][][][][] [] [][][] []
 [][][][][][][][] [] [][][][][][][] []$
 []


Overfull \hbox (5.27415pt too wide) in paragraph at lines 1489--1490
$[][][][][][][][][][][][][][][][][][][][]$[][]\TU/NotoSans(0)/m/n/10.95 ) — 9 r
elational CSVs ( 100k orders); ideal for the Milestone 1 relational-
 []


Overfull \hbox (9.12143pt too wide) in paragraph at lines 1490--1491
[]\TU/NotoSans(0)/b/n/10.95 MongoDB open datasets \TU/NotoSans(0)/m/n/10.95 ([]
[]$[][][][][] [] [] [] [][][][][][] [] [][][] [] [][][][][][][] [] [][][][][][]
[][][][][][]$[][] and [][]$[][][][][] [] [] [] [][][][][][] []$
 []

[37]
Overfull \hbox (0.32504pt too wide) in paragraph at lines 1517--1518
[]\TU/NotoSans(0)/b/n/10.95 M2: \TU/NotoSans(0)/m/n/10.95 “Refined shard keys l
ive on 20M documents, reducing scatter-gather analytical queries
 []

[38] [39]
Overfull \hbox (67.2266pt too wide) in alignment at lines 1539--1543
 [] [] [] [] 
 []


Overfull \hbox (67.2266pt too wide) in alignment at lines 1543--1548
 [] [] [] [] 
 []


Overfull \hbox (67.2266pt too wide) in alignment at lines 1548--1551
 [] [] [] [] 
 []


Overfull \hbox (67.2266pt too wide) in alignment at lines 1551--1554
 [] [] [] [] 
 []


Underfull \hbox (badness 10000) in paragraph at lines 1561--1561
[]|\TU/NotoSans(0)/m/n/10.95 Failover & Election Simulation
 []


Underfull \hbox (badness 1838) in paragraph at lines 1562--1562
[]|\TU/NotoSans(0)/m/n/10.95 Hash-based Sharded Cluster Deploy-
 []


Underfull \hbox (badness 10000) in paragraph at lines 1568--1568
[]|\TU/NotoSans(0)/m/n/10.95 Moving Averages with
 []


Underfull \hbox (badness 10000) in paragraph at lines 1571--1571
[]|\TU/NotoSans(0)/m/n/10.95 Custom Analyzer & Autocomplete
 []


Underfull \hbox (badness 1735) in paragraph at lines 1579--1579
[]|\TU/NotoSans(0)/b/n/10.95 Cap 5: Hardened Healthcare Plat-
 []


Underfull \hbox (badness 10000) in paragraph at lines 1582--1582
[]|\TU/NotoSans(0)/m/n/10.95 Minikube Operator Deployment &
 []


Underfull \hbox (badness 1852) in paragraph at lines 1584--1584
[]|\TU/NotoSans(0)/b/n/10.95 Cap 6: Production GitOps Deploy-
 []


Overfull \hbox (67.2266pt too wide) in alignment at lines 1554--1586
 [] [] [] [] 
 []

[40] [41] (main.aux)
 ***********
LaTeX2e <2026-06-01>
L3 programming layer <2026-06-18>
 ***********
Package rerunfilecheck Info: File `main.out' has not changed.
(rerunfilecheck)             Checksum: A284C3F6C7F80729FF55286B59FC6E7E;4263.
 ) 
Here is how much of TeX's memory you used:
 27514 strings out of 402629
 547106 string characters out of 5437471
 1487931 words of memory out of 5000000
 56171 multiletter control sequences out of 15000+600000
 635215 words of font info for 105 fonts, out of 8000000 for 9000
 1348 hyphenation exceptions out of 8191
 102i,8n,107p,1218b,1338s stack positions out of 10000i,1000n,20000p,200000b,200000s

Output written on main.pdf (41 pages).
